<html>
<body>
<pre>
<h1>µVision Build Log</h1>
<h2>Tool Versions:</h2>
IDE-Version: µVision V5.23.0.0
Copyright (C) 2017 ARM Ltd and ARM Germany GmbH. All rights reserved.
License Information: srk erd, s@g.com, LIC=MGX30-BZAPH-NRAXL-0NAH2-0KQDN-JEBA4
 
Tool Versions:
Toolchain:       MDK-ARM Professional  Version: 5.23
Toolchain Path:  C:\Keil5.23\ARM\ARMCC\Bin
C Compiler:      Armcc.exe V5.06 update 4 (build 422)
Assembler:       Armasm.exe V5.06 update 4 (build 422)
Linker/Locator:  ArmLink.exe V5.06 update 4 (build 422)
Library Manager: ArmAr.exe V5.06 update 4 (build 422)
Hex Converter:   FromElf.exe V5.06 update 4 (build 422)
CPU DLL:         SARMCM3.DLL V5.23
Dialog DLL:      DCM.DLL V1.15.0.0
Target DLL:      Segger\JL2CM3.dll V2.99.23.0
Dialog DLL:      TCM.DLL V1.27.0.0
 
<h2>Project:</h2>
C:\UMD\UMD_NEW_Backups\azp\SW\MDK-emWIN5xx\NXP_emWin522_LPC1788.uvprojx
Project File Date:  01/15/2019

<h2>Output:</h2>
*** Using Compiler 'V5.06 update 4 (build 422)', folder: 'C:\Keil5.23\ARM\ARMCC\Bin'
Build target 'Debug_FLASH'
compiling Strings.c...
Application\Dedector\AppCommon.h(300): warning:  #1215-D: #warning directive: "UMD DETECTOR BOARD is USED as HW"
  	#warning "UMD DETECTOR BOARD is USED as HW"
Application\Dedector\Strings.c: 1 warning, 0 errors
linking...
Program Size: Code=211124 RO-data=124668 RW-data=22276 ZI-data=74072  
FromELF: creating hex file...
".\Output\LPC1788_EA_LPC1788_KEIL_CMSIS\Debug_FLASH\Obj\MDO_EMWIN522.axf" - 0 Error(s), 1 Warning(s).

<h2>Collection of Component include folders:</h2>
  .\RTE\_Debug_FLASH
  C:\Keil5.23\ARM\PACK\Keil\LPC1700_DFP\2.3.0\Device\Include

<h2>Collection of Component Files used:</h2>
Build Time Elapsed:  00:00:02
</pre>
</body>
</html>
