<!doctype html public "-//w3c//dtd html 4.0 transitional//en">
<html><head>
<title>Static Call Graph - [.\Output\LPC1788_EA_LPC1788_KEIL_CMSIS\Debug_FLASH\Obj\MDO_EMWIN522.axf]</title></head>
<body><HR>
<H1>Static Call Graph for image .\Output\LPC1788_EA_LPC1788_KEIL_CMSIS\Debug_FLASH\Obj\MDO_EMWIN522.axf</H1><HR>
<BR><P>#&#060CALLGRAPH&#062# ARM Linker, 5060422: Last Updated: Wed Jan 16 00:31:59 2019
<BR><P>
<H3>Maximum Stack Usage =       1548 bytes + Unknown(Cycles, Untraceable Function Pointers)</H3><H3>
Call chain for Maximum Stack Depth:</H3>
vGUITask &rArr; AZP_Menu &rArr; SB_init &rArr; InitGroupRes &rArr; GUI_PNG_Draw &rArr; GUI_PNG_DrawEx &rArr; _GetImageHeader &rArr; png_create_read_struct_2 &rArr; png_create_struct_2 &rArr; malloc
<P>
<H3>
Mutually Recursive functions
</H3> <LI><a href="#[11]">NMI_Handler</a>&nbsp;&nbsp;&nbsp;&rArr;&nbsp;&nbsp;&nbsp;<a href="#[11]">NMI_Handler</a><BR>
 <LI><a href="#[12]">HardFault_Handler</a>&nbsp;&nbsp;&nbsp;&rArr;&nbsp;&nbsp;&nbsp;<a href="#[12]">HardFault_Handler</a><BR>
 <LI><a href="#[13]">MemManage_Handler</a>&nbsp;&nbsp;&nbsp;&rArr;&nbsp;&nbsp;&nbsp;<a href="#[13]">MemManage_Handler</a><BR>
 <LI><a href="#[14]">BusFault_Handler</a>&nbsp;&nbsp;&nbsp;&rArr;&nbsp;&nbsp;&nbsp;<a href="#[14]">BusFault_Handler</a><BR>
 <LI><a href="#[15]">UsageFault_Handler</a>&nbsp;&nbsp;&nbsp;&rArr;&nbsp;&nbsp;&nbsp;<a href="#[15]">UsageFault_Handler</a><BR>
 <LI><a href="#[17]">DebugMon_Handler</a>&nbsp;&nbsp;&nbsp;&rArr;&nbsp;&nbsp;&nbsp;<a href="#[17]">DebugMon_Handler</a><BR>
 <LI><a href="#[31]">BOD_IRQHandler</a>&nbsp;&nbsp;&nbsp;&rArr;&nbsp;&nbsp;&nbsp;<a href="#[31]">BOD_IRQHandler</a><BR>
 <LI><a href="#[2bf]">_ReorderLevel</a>&nbsp;&nbsp;&nbsp;&rArr;&nbsp;&nbsp;&nbsp;<a href="#[2bf]">_ReorderLevel</a><BR>
 <LI><a href="#[2b7]">_BiDiResolveExplicit</a>&nbsp;&nbsp;&nbsp;&rArr;&nbsp;&nbsp;&nbsp;<a href="#[2b7]">_BiDiResolveExplicit</a><BR>
 <LI><a href="#[258]">_Findx1</a>&nbsp;&nbsp;&nbsp;&rArr;&nbsp;&nbsp;&nbsp;<a href="#[258]">_Findx1</a><BR>
 <LI><a href="#[257]">_Findx0</a>&nbsp;&nbsp;&nbsp;&rArr;&nbsp;&nbsp;&nbsp;<a href="#[257]">_Findx0</a><BR>
 <LI><a href="#[256]">_Findy1</a>&nbsp;&nbsp;&nbsp;&rArr;&nbsp;&nbsp;&nbsp;<a href="#[256]">_Findy1</a><BR>
 <LI><a href="#[267]">WM_SendToParent</a>&nbsp;&nbsp;&nbsp;&rArr;&nbsp;&nbsp;&nbsp;<a href="#[248]">WM__SendMessage</a><BR>
 <LI><a href="#[24e]">WM__InvalidateDrawAndDescs</a>&nbsp;&nbsp;&nbsp;&rArr;&nbsp;&nbsp;&nbsp;<a href="#[24e]">WM__InvalidateDrawAndDescs</a><BR>
 <LI><a href="#[237]">WM__InvalidateRect</a>&nbsp;&nbsp;&nbsp;&rArr;&nbsp;&nbsp;&nbsp;<a href="#[237]">WM__InvalidateRect</a><BR>
 <LI><a href="#[232]">WM_InvalidateWindowAndDescsEx</a>&nbsp;&nbsp;&nbsp;&rArr;&nbsp;&nbsp;&nbsp;<a href="#[232]">WM_InvalidateWindowAndDescsEx</a><BR>
 <LI><a href="#[365]">WM__UpdateChildPositions</a>&nbsp;&nbsp;&nbsp;&rArr;&nbsp;&nbsp;&nbsp;<a href="#[273]">WM_ResizeWindow</a><BR>
 <LI><a href="#[3aa]">_MoveDescendents</a>&nbsp;&nbsp;&nbsp;&rArr;&nbsp;&nbsp;&nbsp;<a href="#[3aa]">_MoveDescendents</a><BR>
 <LI><a href="#[131]">_Alloc</a>&nbsp;&nbsp;&nbsp;&rArr;&nbsp;&nbsp;&nbsp;<a href="#[130]">_EnlargeBlocks</a><BR>
 <LI><a href="#[3d1]">App_ReloadSettings</a>&nbsp;&nbsp;&nbsp;&rArr;&nbsp;&nbsp;&nbsp;<a href="#[3d1]">App_ReloadSettings</a><BR>
 <LI><a href="#[3e7]">SB_setget_component</a>&nbsp;&nbsp;&nbsp;&rArr;&nbsp;&nbsp;&nbsp;<a href="#[3d1]">App_ReloadSettings</a><BR>
 <LI><a href="#[406]">AppSettings_StoreDefaults</a>&nbsp;&nbsp;&nbsp;&rArr;&nbsp;&nbsp;&nbsp;<a href="#[3d1]">App_ReloadSettings</a><BR>
 <LI><a href="#[2ed]">png_free_data</a>&nbsp;&nbsp;&nbsp;&rArr;&nbsp;&nbsp;&nbsp;<a href="#[2ed]">png_free_data</a><BR>
 <LI><a href="#[24d]">_DeleteAllChildren</a>&nbsp;&nbsp;&nbsp;&rArr;&nbsp;&nbsp;&nbsp;<a href="#[24a]">WM_DeleteWindow</a><BR>
 <LI><a href="#[25d]">_PaintTransChildren</a>&nbsp;&nbsp;&nbsp;&rArr;&nbsp;&nbsp;&nbsp;<a href="#[25d]">_PaintTransChildren</a><BR>
 <LI><a href="#[6c]">_png_cexcept_error</a>&nbsp;&nbsp;&nbsp;&rArr;&nbsp;&nbsp;&nbsp;<a href="#[6c]">_png_cexcept_error</a><BR>
</UL>
<P>
<H3>
Function Pointers
</H3><UL>
 <LI><a href="#[30]">ADC_IRQHandler</a> from bsp.o(i.ADC_IRQHandler) referenced from startup_lpc177x_8x.o(RESET)
 <LI><a href="#[99]">AZPDisc_on_comm_timeout</a> from azpdisc.o(i.AZPDisc_on_comm_timeout) referenced from azpdisc.o(i._cbMidDraw)
 <LI><a href="#[9a]">AZPFast_on_comm_timeout</a> from azpfast.o(i.AZPFast_on_comm_timeout) referenced from azpfast.o(i._cbMidDraw)
 <LI><a href="#[82]">AZPMenu_on_comm_timeout</a> from azpmenu.o(i.AZPMenu_on_comm_timeout) referenced from azpmenu.o(i.AZPMenu_on_msg_ready)
 <LI><a href="#[82]">AZPMenu_on_comm_timeout</a> from azpmenu.o(i.AZPMenu_on_comm_timeout) referenced 2 times from azpmenu.o(i._cbMidDraw)
 <LI><a href="#[98]">AllMetal_on_comm_timeout</a> from azpallmetal.o(i.AllMetal_on_comm_timeout) referenced from azpallmetal.o(i._cbMidDraw)
 <LI><a href="#[31]">BOD_IRQHandler</a> from startup_lpc177x_8x.o(.text) referenced from startup_lpc177x_8x.o(RESET)
 <LI><a href="#[14]">BusFault_Handler</a> from startup_lpc177x_8x.o(.text) referenced from startup_lpc177x_8x.o(RESET)
 <LI><a href="#[3c]">CANActivity_IRQHandler</a> from startup_lpc177x_8x.o(.text) referenced from startup_lpc177x_8x.o(RESET)
 <LI><a href="#[33]">CAN_IRQHandler</a> from startup_lpc177x_8x.o(.text) referenced from startup_lpc177x_8x.o(RESET)
 <LI><a href="#[34]">DMA_IRQHandler</a> from appcommon.o(i.DMA_IRQHandler) referenced from startup_lpc177x_8x.o(RESET)
 <LI><a href="#[17]">DebugMon_Handler</a> from startup_lpc177x_8x.o(.text) referenced from startup_lpc177x_8x.o(RESET)
 <LI><a href="#[42]">EEPROM_IRQHandler</a> from startup_lpc177x_8x.o(.text) referenced from startup_lpc177x_8x.o(RESET)
 <LI><a href="#[2c]">EINT0_IRQHandler</a> from startup_lpc177x_8x.o(.text) referenced from startup_lpc177x_8x.o(RESET)
 <LI><a href="#[2d]">EINT1_IRQHandler</a> from startup_lpc177x_8x.o(.text) referenced from startup_lpc177x_8x.o(RESET)
 <LI><a href="#[2e]">EINT2_IRQHandler</a> from startup_lpc177x_8x.o(.text) referenced from startup_lpc177x_8x.o(RESET)
 <LI><a href="#[2f]">EINT3_IRQHandler</a> from startup_lpc177x_8x.o(.text) referenced from startup_lpc177x_8x.o(RESET)
 <LI><a href="#[36]">ENET_IRQHandler</a> from startup_lpc177x_8x.o(.text) referenced from startup_lpc177x_8x.o(RESET)
 <LI><a href="#[40]">GPIO_IRQHandler</a> from startup_lpc177x_8x.o(.text) referenced from startup_lpc177x_8x.o(RESET)
 <LI><a href="#[f6]">GUIMONO_DispChar</a> from GUI_CharM.o(.text) referenced from F6x8.o(.constdata)
 <LI><a href="#[f7]">GUIMONO_GetCharDistX</a> from GUI_CharM.o(.text) referenced from F6x8.o(.constdata)
 <LI><a href="#[f8]">GUIMONO_GetFontInfo</a> from GUI_CharM.o(.text) referenced from F6x8.o(.constdata)
 <LI><a href="#[f9]">GUIMONO_IsInFont</a> from GUI_CharM.o(.text) referenced from F6x8.o(.constdata)
 <LI><a href="#[d1]">GUIPROP_DispChar</a> from GUI_CharP.o(.text) referenced 7 times from F16B_ASCII.o(.constdata)
 <LI><a href="#[d2]">GUIPROP_GetCharDistX</a> from GUI_CharP.o(.text) referenced 7 times from F16B_ASCII.o(.constdata)
 <LI><a href="#[d3]">GUIPROP_GetFontInfo</a> from GUI_CharP.o(.text) referenced 7 times from F16B_ASCII.o(.constdata)
 <LI><a href="#[d4]">GUIPROP_IsInFont</a> from GUI_CharP.o(.text) referenced 7 times from F16B_ASCII.o(.constdata)
 <LI><a href="#[14b]">GUI_BMP__GetData</a> from GUI_BMP.o(.text) referenced from GUI_BMP.o(.text)
 <LI><a href="#[6e]">GUI_MEMDEV_Paint1Static</a> from GUIDEV_StaticDevices.o(.text) referenced 2 times from WM.o(.text)
 <LI><a href="#[67]">GUI_MEMDEV__WriteToActiveAlpha</a> from GUIDEV_WriteToActiveAlpha.o(.text) referenced from GUIDEV_32.o(.text)
 <LI><a href="#[68]">GUI_MEMDEV__WriteToActiveOpaque</a> from GUIDEV_WriteToActiveOpaque.o(.text) referenced 2 times from GUIDEV_8.o(.text)
 <LI><a href="#[ed]">GUI_MULTIBUF_Begin</a> from GUI_MULTIBUF.o(.text) referenced from WM_MULTIBUF.o(.constdata)
 <LI><a href="#[ee]">GUI_MULTIBUF_End</a> from GUI_MULTIBUF.o(.text) referenced from WM_MULTIBUF.o(.constdata)
 <LI><a href="#[69]">GUI_PNG__GetData</a> from GUI_PNG.o(.text) referenced 2 times from GUI_PNG.o(.text)
 <LI><a href="#[be]">GUI_SIF__GetCharDistX</a> from GUI_SIF.o(.text) referenced from GUI_SIF_Prop.o(.constdata)
 <LI><a href="#[bf]">GUI_SIF__GetFontInfo</a> from GUI_SIF.o(.text) referenced from GUI_SIF_Prop.o(.constdata)
 <LI><a href="#[c0]">GUI_SIF__IsInFont</a> from GUI_SIF.o(.text) referenced from GUI_SIF_Prop.o(.constdata)
 <LI><a href="#[36e]">GUI_SetAlpha</a> from GUI_SetAlpha.o(.text) referenced from GUI_SetAlpha.o(.text)
 <LI><a href="#[2a9]">GUI_TIMER_Exec</a> from GUI_Timer.o(.text) referenced from GUI_Timer.o(.text)
 <LI><a href="#[107]">GUI_USAGE_BM_AddHLine</a> from GUIDEV_UsageBM.o(.text) referenced from GUIDEV_UsageBM.o(.constdata)
 <LI><a href="#[106]">GUI_USAGE_BM_AddPixel</a> from GUIDEV_UsageBM.o(.text) referenced from GUIDEV_UsageBM.o(.constdata)
 <LI><a href="#[108]">GUI_USAGE_BM_Clear</a> from GUIDEV_UsageBM.o(.text) referenced from GUIDEV_UsageBM.o(.constdata)
 <LI><a href="#[10a]">GUI_USAGE_BM_GetNextDirty</a> from GUIDEV_UsageBM.o(.text) referenced from GUIDEV_UsageBM.o(.constdata)
 <LI><a href="#[b]">GUI_X_ExecIdle</a> from gui_x.o(i.GUI_X_ExecIdle) referenced 2 times from GUI_WaitEvent.o(.data)
 <LI><a href="#[51]">GUI__BIDI_GetCharDir</a> from GUI__BiDi.o(.text) referenced from GUI_UC_EnableBIDI.o(.text)
 <LI><a href="#[55]">GUI__BIDI_GetCharWrap</a> from GUI__BiDi.o(.text) referenced from GUI_UC_EnableBIDI.o(.text)
 <LI><a href="#[53]">GUI__BIDI_GetCursorCharacter</a> from GUI__BiDi.o(.text) referenced from GUI_UC_EnableBIDI.o(.text)
 <LI><a href="#[4f]">GUI__BIDI_GetCursorPosChar</a> from GUI__BiDi.o(.text) referenced from GUI_UC_EnableBIDI.o(.text)
 <LI><a href="#[4e]">GUI__BIDI_GetCursorPosX</a> from GUI__BiDi.o(.text) referenced from GUI_UC_EnableBIDI.o(.text)
 <LI><a href="#[50]">GUI__BIDI_GetLogChar</a> from GUI__BiDi.o(.text) referenced from GUI_UC_EnableBIDI.o(.text)
 <LI><a href="#[54]">GUI__BIDI_GetWordWrap</a> from GUI__BiDi.o(.text) referenced from GUI_UC_EnableBIDI.o(.text)
 <LI><a href="#[52]">GUI__BIDI_IsNSM</a> from GUI__BiDi.o(.text) referenced from GUI_UC_EnableBIDI.o(.text)
 <LI><a href="#[4d]">GUI__BIDI_Log2Vis</a> from GUI__BiDi.o(.text) referenced from GUI_UC_EnableBIDI.o(.text)
 <LI><a href="#[1b4]">GUI__BIDI_Log2VisBuffered</a> from GUI_UC_EnableBIDI.o(.text) referenced from GUI_UC_EnableBIDI.o(.text)
 <LI><a href="#[c]">GUI__MixColors</a> from GUI__Alpha.o(.text) referenced 2 times from GUI__Alpha.o(.data)
 <LI><a href="#[d]">GUI__MixColorsBulk</a> from GUI__Alpha.o(.text) referenced 2 times from GUI__Alpha.o(.data)
 <LI><a href="#[8d]">Handshake_comm_fail</a> from azploading.o(i.Handshake_comm_fail) referenced from azploading.o(i.AZP_Loading)
 <LI><a href="#[8d]">Handshake_comm_fail</a> from azploading.o(i.Handshake_comm_fail) referenced from azploading.o(i.HandShake_on_msg_ready)
 <LI><a href="#[12]">HardFault_Handler</a> from startup_lpc177x_8x.o(.text) referenced from startup_lpc177x_8x.o(RESET)
 <LI><a href="#[24]">I2C0_IRQHandler</a> from startup_lpc177x_8x.o(.text) referenced from startup_lpc177x_8x.o(RESET)
 <LI><a href="#[25]">I2C1_IRQHandler</a> from startup_lpc177x_8x.o(.text) referenced from startup_lpc177x_8x.o(RESET)
 <LI><a href="#[26]">I2C2_IRQHandler</a> from startup_lpc177x_8x.o(.text) referenced from startup_lpc177x_8x.o(RESET)
 <LI><a href="#[35]">I2S_IRQHandler</a> from startup_lpc177x_8x.o(.text) referenced from startup_lpc177x_8x.o(RESET)
 <LI><a href="#[4b]">LCD_DrawHLine</a> from LCD.o(.text) referenced from GUI_Core.o(.constdata)
 <LI><a href="#[4b]">LCD_DrawHLine</a> from LCD.o(.text) referenced from GUI_DrawGradientRounded.o(.text)
 <LI><a href="#[bc]">LCD_DrawPixel</a> from LCD.o(.text) referenced from GUI_Core.o(.constdata)
 <LI><a href="#[4c]">LCD_DrawVLine</a> from LCD.o(.text) referenced from GUI_DrawGradientRounded.o(.text)
 <LI><a href="#[a]">LCD_GetpPalConvTableBM</a> from LCD_Color.o(.text) referenced 2 times from GUI_Core.o(.data)
 <LI><a href="#[3f]">LCD_IRQHandler</a> from lcdconf_multiplebuffer.o(i.LCD_IRQHandler) referenced from startup_lpc177x_8x.o(RESET)
 <LI><a href="#[77]">LCD_Index2Color_888</a> from GUICC_888_Index2Color.o(.text) referenced from GUI__Alpha.o(.text)
 <LI><a href="#[76]">LCD_Index2Color_8888</a> from GUICC_8888_Index2Color.o(.text) referenced from GUICC_8888.o(.constdata)
 <LI><a href="#[76]">LCD_Index2Color_8888</a> from GUICC_8888_Index2Color.o(.text) referenced 2 times from GUI__Alpha.o(.text)
 <LI><a href="#[48]">LCD_Index2Color_M555</a> from GUICC_M555_Index2Color.o(.text) referenced from GUI_BMP.o(.text)
 <LI><a href="#[b1]">LCD_Index2Color_M565</a> from GUICC_M565_Index2Color.o(.text) referenced from GUICC_M565.o(.constdata)
 <LI><a href="#[37]">MCI_IRQHandler</a> from lpc177x_8x_mci.o(i.MCI_IRQHandler) referenced from startup_lpc177x_8x.o(RESET)
 <LI><a href="#[38]">MCPWM_IRQHandler</a> from startup_lpc177x_8x.o(.text) referenced from startup_lpc177x_8x.o(RESET)
 <LI><a href="#[13]">MemManage_Handler</a> from startup_lpc177x_8x.o(.text) referenced from startup_lpc177x_8x.o(RESET)
 <LI><a href="#[11]">NMI_Handler</a> from startup_lpc177x_8x.o(.text) referenced from startup_lpc177x_8x.o(RESET)
 <LI><a href="#[2a]">PLL0_IRQHandler</a> from startup_lpc177x_8x.o(.text) referenced from startup_lpc177x_8x.o(RESET)
 <LI><a href="#[3a]">PLL1_IRQHandler</a> from startup_lpc177x_8x.o(.text) referenced from startup_lpc177x_8x.o(RESET)
 <LI><a href="#[41]">PWM0_IRQHandler</a> from startup_lpc177x_8x.o(.text) referenced from startup_lpc177x_8x.o(RESET)
 <LI><a href="#[23]">PWM1_IRQHandler</a> from startup_lpc177x_8x.o(.text) referenced from startup_lpc177x_8x.o(RESET)
 <LI><a href="#[18]">PendSV_Handler</a> from port.o(.emb_text) referenced from startup_lpc177x_8x.o(RESET)
 <LI><a href="#[39]">QEI_IRQHandler</a> from startup_lpc177x_8x.o(.text) referenced from startup_lpc177x_8x.o(RESET)
 <LI><a href="#[2b]">RTC_IRQHandler</a> from startup_lpc177x_8x.o(.text) referenced from startup_lpc177x_8x.o(RESET)
 <LI><a href="#[10]">Reset_Handler</a> from startup_lpc177x_8x.o(.text) referenced from startup_lpc177x_8x.o(RESET)
 <LI><a href="#[27]">SPIFI_IRQHandler</a> from startup_lpc177x_8x.o(.text) referenced from startup_lpc177x_8x.o(RESET)
 <LI><a href="#[28]">SSP0_IRQHandler</a> from startup_lpc177x_8x.o(.text) referenced from startup_lpc177x_8x.o(RESET)
 <LI><a href="#[29]">SSP1_IRQHandler</a> from startup_lpc177x_8x.o(.text) referenced from startup_lpc177x_8x.o(RESET)
 <LI><a href="#[3e]">SSP2_IRQHandler</a> from startup_lpc177x_8x.o(.text) referenced from startup_lpc177x_8x.o(RESET)
 <LI><a href="#[16]">SVC_Handler</a> from port.o(.emb_text) referenced from startup_lpc177x_8x.o(RESET)
 <LI><a href="#[19]">SysTick_Handler</a> from port.o(i.SysTick_Handler) referenced from startup_lpc177x_8x.o(RESET)
 <LI><a href="#[44]">SystemInit</a> from system_lpc177x_8x.o(i.SystemInit) referenced from startup_lpc177x_8x.o(.text)
 <LI><a href="#[1b]">TIMER0_IRQHandler</a> from startup_lpc177x_8x.o(.text) referenced from startup_lpc177x_8x.o(RESET)
 <LI><a href="#[1c]">TIMER1_IRQHandler</a> from startup_lpc177x_8x.o(.text) referenced from startup_lpc177x_8x.o(RESET)
 <LI><a href="#[1d]">TIMER2_IRQHandler</a> from dac.o(i.TIMER2_IRQHandler) referenced from startup_lpc177x_8x.o(RESET)
 <LI><a href="#[1e]">TIMER3_IRQHandler</a> from startup_lpc177x_8x.o(.text) referenced from startup_lpc177x_8x.o(RESET)
 <LI><a href="#[1f]">UART0_IRQHandler</a> from startup_lpc177x_8x.o(.text) referenced from startup_lpc177x_8x.o(RESET)
 <LI><a href="#[20]">UART1_IRQHandler</a> from uartint.o(i.UART1_IRQHandler) referenced from startup_lpc177x_8x.o(RESET)
 <LI><a href="#[21]">UART2_IRQHandler</a> from startup_lpc177x_8x.o(.text) referenced from startup_lpc177x_8x.o(RESET)
 <LI><a href="#[22]">UART3_IRQHandler</a> from startup_lpc177x_8x.o(.text) referenced from startup_lpc177x_8x.o(RESET)
 <LI><a href="#[3d]">UART4_IRQHandler</a> from startup_lpc177x_8x.o(.text) referenced from startup_lpc177x_8x.o(RESET)
 <LI><a href="#[a7]">UARTGetChar</a> from debug_frmwrk.o(i.UARTGetChar) referenced from debug_frmwrk.o(i.debug_frmwrk_init)
 <LI><a href="#[a9]">UARTGetCharInNonBlock</a> from debug_frmwrk.o(i.UARTGetCharInNonBlock) referenced from debug_frmwrk.o(i.debug_frmwrk_init)
 <LI><a href="#[a8]">UARTGetValue</a> from debug_frmwrk.o(i.UARTGetValue) referenced from debug_frmwrk.o(i.debug_frmwrk_init)
 <LI><a href="#[9d]">UARTPutChar</a> from debug_frmwrk.o(i.UARTPutChar) referenced from debug_frmwrk.o(i.debug_frmwrk_init)
 <LI><a href="#[a4]">UARTPutDec</a> from debug_frmwrk.o(i.UARTPutDec) referenced from debug_frmwrk.o(i.debug_frmwrk_init)
 <LI><a href="#[a5]">UARTPutDec16</a> from debug_frmwrk.o(i.UARTPutDec16) referenced from debug_frmwrk.o(i.debug_frmwrk_init)
 <LI><a href="#[a6]">UARTPutDec32</a> from debug_frmwrk.o(i.UARTPutDec32) referenced from debug_frmwrk.o(i.debug_frmwrk_init)
 <LI><a href="#[9e]">UARTPutHex</a> from debug_frmwrk.o(i.UARTPutHex) referenced from debug_frmwrk.o(i.debug_frmwrk_init)
 <LI><a href="#[9f]">UARTPutHex16</a> from debug_frmwrk.o(i.UARTPutHex16) referenced from debug_frmwrk.o(i.debug_frmwrk_init)
 <LI><a href="#[a2]">UARTPutHex16_</a> from debug_frmwrk.o(i.UARTPutHex16_) referenced from debug_frmwrk.o(i.debug_frmwrk_init)
 <LI><a href="#[a0]">UARTPutHex32</a> from debug_frmwrk.o(i.UARTPutHex32) referenced from debug_frmwrk.o(i.debug_frmwrk_init)
 <LI><a href="#[a3]">UARTPutHex32_</a> from debug_frmwrk.o(i.UARTPutHex32_) referenced from debug_frmwrk.o(i.debug_frmwrk_init)
 <LI><a href="#[a1]">UARTPutHex_</a> from debug_frmwrk.o(i.UARTPutHex_) referenced from debug_frmwrk.o(i.debug_frmwrk_init)
 <LI><a href="#[9b]">UARTPuts</a> from debug_frmwrk.o(i.UARTPuts) referenced from debug_frmwrk.o(i.debug_frmwrk_init)
 <LI><a href="#[9c]">UARTPuts_</a> from debug_frmwrk.o(i.UARTPuts_) referenced from debug_frmwrk.o(i.debug_frmwrk_init)
 <LI><a href="#[3b]">USBActivity_IRQHandler</a> from startup_lpc177x_8x.o(.text) referenced from startup_lpc177x_8x.o(RESET)
 <LI><a href="#[32]">USB_IRQHandler</a> from lpc177x_8x_usbhost.o(i.USB_IRQHandler) referenced from startup_lpc177x_8x.o(RESET)
 <LI><a href="#[15]">UsageFault_Handler</a> from startup_lpc177x_8x.o(.text) referenced from startup_lpc177x_8x.o(RESET)
 <LI><a href="#[1a]">WDT_IRQHandler</a> from startup_lpc177x_8x.o(.text) referenced from startup_lpc177x_8x.o(RESET)
 <LI><a href="#[25b]">WM__Paint1</a> from WM.o(.text) referenced 3 times from WM.o(.text)
 <LI><a href="#[c3]">_CalcSizeOfChar</a> from GUI_UC_EncodeUTF8.o(.text) referenced 2 times from GUI_UC_EncodeUTF8.o(.constdata)
 <LI><a href="#[10e]">_Color2Index</a> from GUI_SetAlpha.o(.text) referenced from GUI_SetAlpha.o(.constdata)
 <LI><a href="#[b3]">_Color2IndexBulk</a> from GUICC_M565.o(.text) referenced 3 times from GUICC_M565.o(.constdata)
 <LI><a href="#[10b]">_Color2Index_0</a> from GUICC_0.o(.text) referenced from GUICC_0.o(.constdata)
 <LI><a href="#[b5]">_Color2Index_8</a> from GUICC_8.o(.text) referenced from GUICC_8.o(.constdata)
 <LI><a href="#[b8]">_Color2Index_8888</a> from GUICC_8888.o(.text) referenced from GUICC_8888.o(.constdata)
 <LI><a href="#[b0]">_Color2Index_M565</a> from GUICC_M565.o(.text) referenced from GUICC_M565.o(.constdata)
 <LI><a href="#[63]">_CopyBuffer</a> from GUIDRV_Lin_16.o(.text) referenced from GUIDRV_Lin_16.o(.text)
 <LI><a href="#[bd]">_DispChar</a> from GUI_SIF_Prop.o(.text) referenced from GUI_SIF_Prop.o(.constdata)
 <LI><a href="#[c5]">_DrawBitmap</a> from GUIDRV_Lin_16.o(.text) referenced 5 times from GUIDRV_Lin_16.o(.constdata)
 <LI><a href="#[c6]">_DrawHLine</a> from GUIDRV_Lin_16.o(.text) referenced 5 times from GUIDRV_Lin_16.o(.constdata)
 <LI><a href="#[1]">_DrawLine_RGB</a> from GUI_BMP.o(.text) referenced 2 times from GUI_BMP.o(.data)
 <LI><a href="#[1]">_DrawLine_RGB</a> from GUI_BMP.o(.text) referenced from GUI_BMP.o(.text)
 <LI><a href="#[c7]">_DrawVLine</a> from GUIDRV_Lin_16.o(.text) referenced 5 times from GUIDRV_Lin_16.o(.constdata)
 <LI><a href="#[c4]">_Encode</a> from GUI_UC_EncodeUTF8.o(.text) referenced 2 times from GUI_UC_EncodeUTF8.o(.constdata)
 <LI><a href="#[c8]">_FillRect</a> from GUIDRV_Lin_16.o(.text) referenced 5 times from GUIDRV_Lin_16.o(.constdata)
 <LI><a href="#[109]">_GUI_USAGE_BM_Delete</a> from GUIDEV_UsageBM.o(.text) referenced from GUIDEV_UsageBM.o(.constdata)
 <LI><a href="#[c1]">_GetCharCode</a> from GUI_UC_EncodeUTF8.o(.text) referenced 2 times from GUI_UC_EncodeUTF8.o(.constdata)
 <LI><a href="#[c2]">_GetCharSize</a> from GUI_UC_EncodeUTF8.o(.text) referenced 2 times from GUI_UC_EncodeUTF8.o(.constdata)
 <LI><a href="#[f]">_GetCharWrap</a> from GUI__Wrap.o(.text) referenced 2 times from GUI__Wrap.o(.data)
 <LI><a href="#[9]">_GetCursorCharacter</a> from GUI__GetCursorPos.o(.text) referenced 2 times from GUI__GetCursorPos.o(.data)
 <LI><a href="#[8]">_GetCursorPosChar</a> from GUI__GetCursorPos.o(.text) referenced 2 times from GUI__GetCursorPos.o(.data)
 <LI><a href="#[7]">_GetCursorPosX</a> from GUI__GetCursorPos.o(.text) referenced 2 times from GUI__GetCursorPos.o(.data)
 <LI><a href="#[cf]">_GetDevData</a> from GUIDRV_Lin_16.o(.text) referenced 5 times from GUIDRV_Lin_16.o(.constdata)
 <LI><a href="#[cd]">_GetDevFunc</a> from GUIDRV_Lin_16.o(.text) referenced 5 times from GUIDRV_Lin_16.o(.constdata)
 <LI><a href="#[ce]">_GetDevProp</a> from GUIDRV_Lin_16.o(.text) referenced 5 times from GUIDRV_Lin_16.o(.constdata)
 <LI><a href="#[110]">_GetIndexMask</a> from GUI_SetAlpha.o(.text) referenced from GUI_SetAlpha.o(.constdata)
 <LI><a href="#[10d]">_GetIndexMask_0</a> from GUICC_0.o(.text) referenced from GUICC_0.o(.constdata)
 <LI><a href="#[b7]">_GetIndexMask_8</a> from GUICC_8.o(.text) referenced from GUICC_8.o(.constdata)
 <LI><a href="#[b9]">_GetIndexMask_8888</a> from GUICC_8888.o(.text) referenced from GUICC_8888.o(.constdata)
 <LI><a href="#[b2]">_GetIndexMask_M565</a> from GUICC_M565.o(.text) referenced from GUICC_M565.o(.constdata)
 <LI><a href="#[c9]">_GetPixelIndex</a> from GUIDRV_Lin_16.o(.text) referenced 5 times from GUIDRV_Lin_16.o(.constdata)
 <LI><a href="#[5a]">_GetPos</a> from GUIDRV_Lin_16.o(.text) referenced from GUIDRV_Lin_16.o(.text)
 <LI><a href="#[d0]">_GetRect</a> from GUIDRV_Lin_16.o(.text) referenced 5 times from GUIDRV_Lin_16.o(.constdata)
 <LI><a href="#[e]">_GetWordWrap</a> from GUI__Wrap.o(.text) referenced 2 times from GUI__Wrap.o(.data)
 <LI><a href="#[10f]">_Index2Color</a> from GUI_SetAlpha.o(.text) referenced from GUI_SetAlpha.o(.constdata)
 <LI><a href="#[49]">_Index2ColorBitfields</a> from GUI_BMP.o(.text) referenced from GUI_BMP.o(.text)
 <LI><a href="#[b4]">_Index2ColorBulk</a> from GUICC_M565.o(.text) referenced 3 times from GUICC_M565.o(.constdata)
 <LI><a href="#[10c]">_Index2Color_0</a> from GUICC_0.o(.text) referenced from GUICC_0.o(.constdata)
 <LI><a href="#[b6]">_Index2Color_8</a> from GUICC_8.o(.text) referenced from GUICC_8.o(.constdata)
 <LI><a href="#[5d]">_Init</a> from GUIDRV_Lin_16.o(.text) referenced from GUIDRV_Lin_16.o(.text)
 <LI><a href="#[92]">_LCD_CopyBuffer</a> from lcdconf_multiplebuffer.o(i._LCD_CopyBuffer) referenced from lcdconf_multiplebuffer.o(i.LCD_X_Config)
 <LI><a href="#[6]">_Log2VisBuffered</a> from GUI_CharLine.o(.text) referenced 2 times from GUI_CharLine.o(.data)
 <LI><a href="#[5]">_NextPixel_End</a> from GUI_BMP.o(.text) referenced 2 times from GUI_BMP.o(.data)
 <LI><a href="#[4]">_NextPixel_NextLine</a> from GUI_BMP.o(.text) referenced 2 times from GUI_BMP.o(.data)
 <LI><a href="#[3]">_NextPixel_SetPixel</a> from GUI_BMP.o(.text) referenced 2 times from GUI_BMP.o(.data)
 <LI><a href="#[2]">_NextPixel_Start</a> from GUI_BMP.o(.text) referenced 2 times from GUI_BMP.o(.data)
 <LI><a href="#[5f]">_Off</a> from GUIDRV_Lin_16.o(.text) referenced from GUIDRV_Lin_16.o(.text)
 <LI><a href="#[5e]">_On</a> from GUIDRV_Lin_16.o(.text) referenced from GUIDRV_Lin_16.o(.text)
 <LI><a href="#[47]">_OnExit</a> from GUI_Alloc.o(.text) referenced 8 times from GUI_Alloc.o(.text)
 <LI><a href="#[66]">_ReadRect</a> from GUIDRV_Lin_16.o(.text) referenced from GUIDRV_Lin_16.o(.text)
 <LI><a href="#[7b]">_ReadRectFromMemdev</a> from GUI_SetAlpha.o(.text) referenced from GUI_SetAlpha.o(.text)
 <LI><a href="#[5b]">_SetAlpha</a> from GUIDRV_Lin_16.o(.text) referenced from GUIDRV_Lin_16.o(.text)
 <LI><a href="#[60]">_SetAlphaMode</a> from GUIDRV_Lin_16.o(.text) referenced from GUIDRV_Lin_16.o(.text)
 <LI><a href="#[f4]">_SetBkColor</a> from LCD.o(.text) referenced from LCD.o(.constdata)
 <LI><a href="#[62]">_SetChroma</a> from GUIDRV_Lin_16.o(.text) referenced from GUIDRV_Lin_16.o(.text)
 <LI><a href="#[61]">_SetChromaMode</a> from GUIDRV_Lin_16.o(.text) referenced from GUIDRV_Lin_16.o(.text)
 <LI><a href="#[f3]">_SetColor</a> from LCD.o(.text) referenced from LCD.o(.constdata)
 <LI><a href="#[65]">_SetDevFunc</a> from GUIDRV_Lin_16.o(.text) referenced from GUIDRV_Lin_16.o(.text)
 <LI><a href="#[f5]">_SetDrawMode</a> from LCD.o(.text) referenced from LCD.o(.constdata)
 <LI><a href="#[cc]">_SetOrg</a> from GUIDRV_Lin_16.o(.text) referenced 5 times from GUIDRV_Lin_16.o(.constdata)
 <LI><a href="#[ca]">_SetPixelIndex</a> from GUIDRV_Lin_16.o(.text) referenced 5 times from GUIDRV_Lin_16.o(.constdata)
 <LI><a href="#[59]">_SetPos</a> from GUIDRV_Lin_16.o(.text) referenced from GUIDRV_Lin_16.o(.text)
 <LI><a href="#[58]">_SetSize</a> from GUIDRV_Lin_16.o(.text) referenced from GUIDRV_Lin_16.o(.text)
 <LI><a href="#[56]">_SetVRAMAddr</a> from GUIDRV_Lin_16.o(.text) referenced from GUIDRV_Lin_16.o(.text)
 <LI><a href="#[57]">_SetVSize</a> from GUIDRV_Lin_16.o(.text) referenced from GUIDRV_Lin_16.o(.text)
 <LI><a href="#[5c]">_SetVis</a> from GUIDRV_Lin_16.o(.text) referenced from GUIDRV_Lin_16.o(.text)
 <LI><a href="#[64]">_ShowBuffer</a> from GUIDRV_Lin_16.o(.text) referenced from GUIDRV_Lin_16.o(.text)
 <LI><a href="#[cb]">_XorPixel</a> from GUIDRV_Lin_16.o(.text) referenced 5 times from GUIDRV_Lin_16.o(.constdata)
 <LI><a href="#[ac]">__get_char</a> from monitor.o(i.__get_char) referenced from monitor.o(i.monitor_init)
 <LI><a href="#[45]">__low_level_init</a> from bsp.o(i.__low_level_init) referenced from startup_lpc177x_8x.o(.text)
 <LI><a href="#[46]">__main</a> from entry.o(.ARM.Collect$$$$00000000) referenced from startup_lpc177x_8x.o(.text)
 <LI><a href="#[ab]">__put_char</a> from monitor.o(i.__put_char) referenced from monitor.o(i.monitor_init)
 <LI><a href="#[91]">__task_BSP_processKS</a> from bsp.o(i.__task_BSP_processKS) referenced from bsp.o(i.KS_init)
 <LI><a href="#[90]">__task_Communication</a> from communication.o(i.__task_Communication) referenced from communication.o(i.CommInit)
 <LI><a href="#[94]">__task_Serial_DbgFRMWRK</a> from serial.o(i.__task_Serial_DbgFRMWRK) referenced from serial.o(i.SerialInit)
 <LI><a href="#[83]">_cbBk_Desktop</a> from azpallmetal.o(i._cbBk_Desktop) referenced from azpallmetal.o(i.AZP_AllMetal)
 <LI><a href="#[87]">_cbBk_Desktop</a> from azpdisc.o(i._cbBk_Desktop) referenced from azpdisc.o(i.AZP_Disc)
 <LI><a href="#[89]">_cbBk_Desktop</a> from azpfast.o(i._cbBk_Desktop) referenced from azpfast.o(i.AZP_Fast)
 <LI><a href="#[8b]">_cbBk_Desktop</a> from azploading.o(i._cbBk_Desktop) referenced from azploading.o(i.AZP_Loading)
 <LI><a href="#[8e]">_cbBk_Desktop</a> from azpmenu.o(i._cbBk_Desktop) referenced from azpmenu.o(i.AZP_Menu)
 <LI><a href="#[8c]">_cbDraw_MidWin</a> from azploading.o(i._cbDraw_MidWin) referenced from azploading.o(i.AZP_Loading)
 <LI><a href="#[85]">_cbLDraw</a> from azpallmetal.o(i._cbLDraw) referenced from azpallmetal.o(i.AZP_AllMetal)
 <LI><a href="#[84]">_cbMidDraw</a> from azpallmetal.o(i._cbMidDraw) referenced from azpallmetal.o(i.AZP_AllMetal)
 <LI><a href="#[88]">_cbMidDraw</a> from azpdisc.o(i._cbMidDraw) referenced from azpdisc.o(i.AZP_Disc)
 <LI><a href="#[8a]">_cbMidDraw</a> from azpfast.o(i._cbMidDraw) referenced from azpfast.o(i.AZP_Fast)
 <LI><a href="#[8f]">_cbMidDraw</a> from azpmenu.o(i._cbMidDraw) referenced from azpmenu.o(i.AZP_Menu)
 <LI><a href="#[6f]">_cbPaintMemDev</a> from WM.o(.text) referenced 2 times from WM.o(.text)
 <LI><a href="#[86]">_cbRDraw</a> from azpallmetal.o(i._cbRDraw) referenced from azpallmetal.o(i.AZP_AllMetal)
 <LI><a href="#[93]">_cbStatus</a> from statusbar.o(i._cbStatus) referenced from statusbar.o(i.SB_init)
 <LI><a href="#[72]">_cbTimer</a> from WM_Timer.o(.text) referenced from WM_Timer.o(.text)
 <LI><a href="#[6a]">_free_fn</a> from GUI_PNG.o(.text) referenced from GUI_PNG.o(.text)
 <LI><a href="#[6b]">_malloc_fn</a> from GUI_PNG.o(.text) referenced from GUI_PNG.o(.text)
 <LI><a href="#[6c]">_png_cexcept_error</a> from GUI_PNG.o(.text) referenced from GUI_PNG.o(.text)
 <LI><a href="#[6d]">_png_read_data</a> from GUI_PNG.o(.text) referenced from GUI_PNG.o(.text)
 <LI><a href="#[80]">_sbackspace</a> from _sgetc.o(.text) referenced from strtod.o(.text)
 <LI><a href="#[7f]">_sgetc</a> from _sgetc.o(.text) referenced from strtod.o(.text)
 <LI><a href="#[96]">_snputc</a> from printfa.o(i._snputc) referenced from printfa.o(i.__0snprintf)
 <LI><a href="#[97]">_sputc</a> from printfa.o(i._sputc) referenced from printfa.o(i.__0sprintf)
 <LI><a href="#[70]">cbBackWin</a> from WM.o(.text) referenced from WM.o(.text)
 <LI><a href="#[81]">isspace</a> from isspace_c.o(.text) referenced from strtod.o(.text)
 <LI><a href="#[43]">main</a> from guidemo_start.o(i.main) referenced from entry9a.o(.ARM.Collect$$$$0000000B)
 <LI><a href="#[79]">png_zalloc</a> from png.o(.text) referenced from pngread.o(.text)
 <LI><a href="#[7a]">png_zfree</a> from png.o(.text) referenced from pngread.o(.text)
 <LI><a href="#[ae]">prvIdleTask</a> from tasks.o(i.prvIdleTask) referenced from tasks.o(i.vTaskStartScheduler)
 <LI><a href="#[ad]">prvTaskExitError</a> from port.o(i.prvTaskExitError) referenced from port.o(i.pxPortInitialiseStack)
 <LI><a href="#[af]">prvTimerTask</a> from timers.o(i.prvTimerTask) referenced from timers.o(i.xTimerCreateTimerTask)
 <LI><a href="#[aa]">vGUITask</a> from guidemo_start.o(i.vGUITask) referenced from guidemo_start.o(i.main)
 <LI><a href="#[95]">vTimerCallback</a> from uartint.o(i.vTimerCallback) referenced from uartint.o(i.UartInt_init)
 <LI><a href="#[7d]">zcalloc</a> from zutil.o(.text) referenced from inflate.o(.text)
 <LI><a href="#[7e]">zcfree</a> from zutil.o(.text) referenced from inflate.o(.text)
</UL>
<P>
<H3>
Global Symbols
</H3>
<P><STRONG><a name="[46]"></a>__main</STRONG> (Thumb, 0 bytes, Stack size unknown bytes, entry.o(.ARM.Collect$$$$00000000))
<BR>[Address Reference Count : 1]<UL><LI> startup_lpc177x_8x.o(.text)
</UL>
<P><STRONG><a name="[6a3]"></a>_main_stk</STRONG> (Thumb, 0 bytes, Stack size unknown bytes, entry2.o(.ARM.Collect$$$$00000001))

<P><STRONG><a name="[11f]"></a>_main_scatterload</STRONG> (Thumb, 0 bytes, Stack size unknown bytes, entry5.o(.ARM.Collect$$$$00000004))
<BR><BR>[Calls]<UL><LI><a href="#[120]">&gt;&gt;</a>&nbsp;&nbsp;&nbsp;__scatterload
</UL>

<P><STRONG><a name="[3be]"></a>__main_after_scatterload</STRONG> (Thumb, 0 bytes, Stack size unknown bytes, entry5.o(.ARM.Collect$$$$00000004))
<BR><BR>[Called By]<UL><LI><a href="#[120]">&gt;&gt;</a>&nbsp;&nbsp;&nbsp;__scatterload
</UL>

<P><STRONG><a name="[6a4]"></a>_main_clock</STRONG> (Thumb, 0 bytes, Stack size unknown bytes, entry7b.o(.ARM.Collect$$$$00000008))

<P><STRONG><a name="[6a5]"></a>_main_cpp_init</STRONG> (Thumb, 0 bytes, Stack size unknown bytes, entry8b.o(.ARM.Collect$$$$0000000A))

<P><STRONG><a name="[6a6]"></a>_main_init</STRONG> (Thumb, 0 bytes, Stack size unknown bytes, entry9a.o(.ARM.Collect$$$$0000000B))

<P><STRONG><a name="[6a7]"></a>__rt_final_cpp</STRONG> (Thumb, 0 bytes, Stack size unknown bytes, entry10a.o(.ARM.Collect$$$$0000000D))

<P><STRONG><a name="[6a8]"></a>__rt_final_exit</STRONG> (Thumb, 0 bytes, Stack size unknown bytes, entry11a.o(.ARM.Collect$$$$0000000F))

<P><STRONG><a name="[16]"></a>SVC_Handler</STRONG> (Thumb, 32 bytes, Stack size 0 bytes, port.o(.emb_text))
<BR>[Address Reference Count : 1]<UL><LI> startup_lpc177x_8x.o(RESET)
</UL>
<P><STRONG><a name="[51c]"></a>__asm___6_port_c_39a90d8d__prvStartFirstTask</STRONG> (Thumb, 24 bytes, Stack size 0 bytes, port.o(.emb_text))
<BR><BR>[Called By]<UL><LI><a href="#[517]">&gt;&gt;</a>&nbsp;&nbsp;&nbsp;xPortStartScheduler
</UL>

<P><STRONG><a name="[18]"></a>PendSV_Handler</STRONG> (Thumb, 64 bytes, Stack size 0 bytes, port.o(.emb_text))
<BR><BR>[Calls]<UL><LI><a href="#[121]">&gt;&gt;</a>&nbsp;&nbsp;&nbsp;vTaskSwitchContext
</UL>
<BR>[Address Reference Count : 1]<UL><LI> startup_lpc177x_8x.o(RESET)
</UL>
<P><STRONG><a name="[477]"></a>ulPortSetInterruptMask</STRONG> (Thumb, 14 bytes, Stack size 0 bytes, port.o(.emb_text))
<BR><BR>[Called By]<UL><LI><a href="#[4f1]">&gt;&gt;</a>&nbsp;&nbsp;&nbsp;vTaskStartScheduler
<LI><a href="#[504]">&gt;&gt;</a>&nbsp;&nbsp;&nbsp;vPortEnterCritical
<LI><a href="#[490]">&gt;&gt;</a>&nbsp;&nbsp;&nbsp;xQueueGenericSendFromISR
<LI><a href="#[19]">&gt;&gt;</a>&nbsp;&nbsp;&nbsp;SysTick_Handler
<LI><a href="#[ad]">&gt;&gt;</a>&nbsp;&nbsp;&nbsp;prvTaskExitError
</UL>

<P><STRONG><a name="[479]"></a>vPortClearInterruptMask</STRONG> (Thumb, 6 bytes, Stack size 0 bytes, port.o(.emb_text))
<BR><BR>[Called By]<UL><LI><a href="#[507]">&gt;&gt;</a>&nbsp;&nbsp;&nbsp;vPortExitCritical
<LI><a href="#[490]">&gt;&gt;</a>&nbsp;&nbsp;&nbsp;xQueueGenericSendFromISR
<LI><a href="#[19]">&gt;&gt;</a>&nbsp;&nbsp;&nbsp;SysTick_Handler
</UL>

<P><STRONG><a name="[6a9]"></a>vPortGetIPSR</STRONG> (Thumb, 6 bytes, Stack size 0 bytes, port.o(.emb_text), UNUSED)

<P><STRONG><a name="[10]"></a>Reset_Handler</STRONG> (Thumb, 12 bytes, Stack size 0 bytes, startup_lpc177x_8x.o(.text))
<BR>[Address Reference Count : 1]<UL><LI> startup_lpc177x_8x.o(RESET)
</UL>
<P><STRONG><a name="[11]"></a>NMI_Handler</STRONG> (Thumb, 2 bytes, Stack size 0 bytes, startup_lpc177x_8x.o(.text))
<BR><BR>[Calls]<UL><LI><a href="#[11]">&gt;&gt;</a>&nbsp;&nbsp;&nbsp;NMI_Handler
</UL>
<BR>[Called By]<UL><LI><a href="#[11]">&gt;&gt;</a>&nbsp;&nbsp;&nbsp;NMI_Handler
</UL>
<BR>[Address Reference Count : 1]<UL><LI> startup_lpc177x_8x.o(RESET)
</UL>
<P><STRONG><a name="[12]"></a>HardFault_Handler</STRONG> (Thumb, 2 bytes, Stack size 0 bytes, startup_lpc177x_8x.o(.text))
<BR><BR>[Calls]<UL><LI><a href="#[12]">&gt;&gt;</a>&nbsp;&nbsp;&nbsp;HardFault_Handler
</UL>
<BR>[Called By]<UL><LI><a href="#[12]">&gt;&gt;</a>&nbsp;&nbsp;&nbsp;HardFault_Handler
</UL>
<BR>[Address Reference Count : 1]<UL><LI> startup_lpc177x_8x.o(RESET)
</UL>
<P><STRONG><a name="[13]"></a>MemManage_Handler</STRONG> (Thumb, 2 bytes, Stack size 0 bytes, startup_lpc177x_8x.o(.text))
<BR><BR>[Calls]<UL><LI><a href="#[13]">&gt;&gt;</a>&nbsp;&nbsp;&nbsp;MemManage_Handler
</UL>
<BR>[Called By]<UL><LI><a href="#[13]">&gt;&gt;</a>&nbsp;&nbsp;&nbsp;MemManage_Handler
</UL>
<BR>[Address Reference Count : 1]<UL><LI> startup_lpc177x_8x.o(RESET)
</UL>
<P><STRONG><a name="[14]"></a>BusFault_Handler</STRONG> (Thumb, 2 bytes, Stack size 0 bytes, startup_lpc177x_8x.o(.text))
<BR><BR>[Calls]<UL><LI><a href="#[14]">&gt;&gt;</a>&nbsp;&nbsp;&nbsp;BusFault_Handler
</UL>
<BR>[Called By]<UL><LI><a href="#[14]">&gt;&gt;</a>&nbsp;&nbsp;&nbsp;BusFault_Handler
</UL>
<BR>[Address Reference Count : 1]<UL><LI> startup_lpc177x_8x.o(RESET)
</UL>
<P><STRONG><a name="[15]"></a>UsageFault_Handler</STRONG> (Thumb, 2 bytes, Stack size 0 bytes, startup_lpc177x_8x.o(.text))
<BR><BR>[Calls]<UL><LI><a href="#[15]">&gt;&gt;</a>&nbsp;&nbsp;&nbsp;UsageFault_Handler
</UL>
<BR>[Called By]<UL><LI><a href="#[15]">&gt;&gt;</a>&nbsp;&nbsp;&nbsp;UsageFault_Handler
</UL>
<BR>[Address Reference Count : 1]<UL><LI> startup_lpc177x_8x.o(RESET)
</UL>
<P><STRONG><a name="[17]"></a>DebugMon_Handler</STRONG> (Thumb, 2 bytes, Stack size 0 bytes, startup_lpc177x_8x.o(.text))
<BR><BR>[Calls]<UL><LI><a href="#[17]">&gt;&gt;</a>&nbsp;&nbsp;&nbsp;DebugMon_Handler
</UL>
<BR>[Called By]<UL><LI><a href="#[17]">&gt;&gt;</a>&nbsp;&nbsp;&nbsp;DebugMon_Handler
</UL>
<BR>[Address Reference Count : 1]<UL><LI> startup_lpc177x_8x.o(RESET)
</UL>
<P><STRONG><a name="[31]"></a>BOD_IRQHandler</STRONG> (Thumb, 0 bytes, Stack size 0 bytes, startup_lpc177x_8x.o(.text))
<BR><BR>[Calls]<UL><LI><a href="#[31]">&gt;&gt;</a>&nbsp;&nbsp;&nbsp;BOD_IRQHandler
</UL>
<BR>[Called By]<UL><LI><a href="#[31]">&gt;&gt;</a>&nbsp;&nbsp;&nbsp;BOD_IRQHandler
</UL>
<BR>[Address Reference Count : 1]<UL><LI> startup_lpc177x_8x.o(RESET)
</UL>
<P><STRONG><a name="[3c]"></a>CANActivity_IRQHandler</STRONG> (Thumb, 0 bytes, Stack size 0 bytes, startup_lpc177x_8x.o(.text))
<BR>[Address Reference Count : 1]<UL><LI> startup_lpc177x_8x.o(RESET)
</UL>
<P><STRONG><a name="[33]"></a>CAN_IRQHandler</STRONG> (Thumb, 0 bytes, Stack size 0 bytes, startup_lpc177x_8x.o(.text))
<BR>[Address Reference Count : 1]<UL><LI> startup_lpc177x_8x.o(RESET)
</UL>
<P><STRONG><a name="[42]"></a>EEPROM_IRQHandler</STRONG> (Thumb, 0 bytes, Stack size 0 bytes, startup_lpc177x_8x.o(.text))
<BR>[Address Reference Count : 1]<UL><LI> startup_lpc177x_8x.o(RESET)
</UL>
<P><STRONG><a name="[2c]"></a>EINT0_IRQHandler</STRONG> (Thumb, 0 bytes, Stack size 0 bytes, startup_lpc177x_8x.o(.text))
<BR>[Address Reference Count : 1]<UL><LI> startup_lpc177x_8x.o(RESET)
</UL>
<P><STRONG><a name="[2d]"></a>EINT1_IRQHandler</STRONG> (Thumb, 0 bytes, Stack size 0 bytes, startup_lpc177x_8x.o(.text))
<BR>[Address Reference Count : 1]<UL><LI> startup_lpc177x_8x.o(RESET)
</UL>
<P><STRONG><a name="[2e]"></a>EINT2_IRQHandler</STRONG> (Thumb, 0 bytes, Stack size 0 bytes, startup_lpc177x_8x.o(.text))
<BR>[Address Reference Count : 1]<UL><LI> startup_lpc177x_8x.o(RESET)
</UL>
<P><STRONG><a name="[2f]"></a>EINT3_IRQHandler</STRONG> (Thumb, 0 bytes, Stack size 0 bytes, startup_lpc177x_8x.o(.text))
<BR>[Address Reference Count : 1]<UL><LI> startup_lpc177x_8x.o(RESET)
</UL>
<P><STRONG><a name="[36]"></a>ENET_IRQHandler</STRONG> (Thumb, 0 bytes, Stack size 0 bytes, startup_lpc177x_8x.o(.text))
<BR>[Address Reference Count : 1]<UL><LI> startup_lpc177x_8x.o(RESET)
</UL>
<P><STRONG><a name="[40]"></a>GPIO_IRQHandler</STRONG> (Thumb, 0 bytes, Stack size 0 bytes, startup_lpc177x_8x.o(.text))
<BR>[Address Reference Count : 1]<UL><LI> startup_lpc177x_8x.o(RESET)
</UL>
<P><STRONG><a name="[24]"></a>I2C0_IRQHandler</STRONG> (Thumb, 0 bytes, Stack size 0 bytes, startup_lpc177x_8x.o(.text))
<BR>[Address Reference Count : 1]<UL><LI> startup_lpc177x_8x.o(RESET)
</UL>
<P><STRONG><a name="[25]"></a>I2C1_IRQHandler</STRONG> (Thumb, 0 bytes, Stack size 0 bytes, startup_lpc177x_8x.o(.text))
<BR>[Address Reference Count : 1]<UL><LI> startup_lpc177x_8x.o(RESET)
</UL>
<P><STRONG><a name="[26]"></a>I2C2_IRQHandler</STRONG> (Thumb, 0 bytes, Stack size 0 bytes, startup_lpc177x_8x.o(.text))
<BR>[Address Reference Count : 1]<UL><LI> startup_lpc177x_8x.o(RESET)
</UL>
<P><STRONG><a name="[35]"></a>I2S_IRQHandler</STRONG> (Thumb, 0 bytes, Stack size 0 bytes, startup_lpc177x_8x.o(.text))
<BR>[Address Reference Count : 1]<UL><LI> startup_lpc177x_8x.o(RESET)
</UL>
<P><STRONG><a name="[38]"></a>MCPWM_IRQHandler</STRONG> (Thumb, 0 bytes, Stack size 0 bytes, startup_lpc177x_8x.o(.text))
<BR>[Address Reference Count : 1]<UL><LI> startup_lpc177x_8x.o(RESET)
</UL>
<P><STRONG><a name="[2a]"></a>PLL0_IRQHandler</STRONG> (Thumb, 0 bytes, Stack size 0 bytes, startup_lpc177x_8x.o(.text))
<BR>[Address Reference Count : 1]<UL><LI> startup_lpc177x_8x.o(RESET)
</UL>
<P><STRONG><a name="[3a]"></a>PLL1_IRQHandler</STRONG> (Thumb, 0 bytes, Stack size 0 bytes, startup_lpc177x_8x.o(.text))
<BR>[Address Reference Count : 1]<UL><LI> startup_lpc177x_8x.o(RESET)
</UL>
<P><STRONG><a name="[41]"></a>PWM0_IRQHandler</STRONG> (Thumb, 0 bytes, Stack size 0 bytes, startup_lpc177x_8x.o(.text))
<BR>[Address Reference Count : 1]<UL><LI> startup_lpc177x_8x.o(RESET)
</UL>
<P><STRONG><a name="[23]"></a>PWM1_IRQHandler</STRONG> (Thumb, 0 bytes, Stack size 0 bytes, startup_lpc177x_8x.o(.text))
<BR>[Address Reference Count : 1]<UL><LI> startup_lpc177x_8x.o(RESET)
</UL>
<P><STRONG><a name="[39]"></a>QEI_IRQHandler</STRONG> (Thumb, 0 bytes, Stack size 0 bytes, startup_lpc177x_8x.o(.text))
<BR>[Address Reference Count : 1]<UL><LI> startup_lpc177x_8x.o(RESET)
</UL>
<P><STRONG><a name="[2b]"></a>RTC_IRQHandler</STRONG> (Thumb, 0 bytes, Stack size 0 bytes, startup_lpc177x_8x.o(.text))
<BR>[Address Reference Count : 1]<UL><LI> startup_lpc177x_8x.o(RESET)
</UL>
<P><STRONG><a name="[27]"></a>SPIFI_IRQHandler</STRONG> (Thumb, 0 bytes, Stack size 0 bytes, startup_lpc177x_8x.o(.text))
<BR>[Address Reference Count : 1]<UL><LI> startup_lpc177x_8x.o(RESET)
</UL>
<P><STRONG><a name="[28]"></a>SSP0_IRQHandler</STRONG> (Thumb, 0 bytes, Stack size 0 bytes, startup_lpc177x_8x.o(.text))
<BR>[Address Reference Count : 1]<UL><LI> startup_lpc177x_8x.o(RESET)
</UL>
<P><STRONG><a name="[29]"></a>SSP1_IRQHandler</STRONG> (Thumb, 0 bytes, Stack size 0 bytes, startup_lpc177x_8x.o(.text))
<BR>[Address Reference Count : 1]<UL><LI> startup_lpc177x_8x.o(RESET)
</UL>
<P><STRONG><a name="[3e]"></a>SSP2_IRQHandler</STRONG> (Thumb, 0 bytes, Stack size 0 bytes, startup_lpc177x_8x.o(.text))
<BR>[Address Reference Count : 1]<UL><LI> startup_lpc177x_8x.o(RESET)
</UL>
<P><STRONG><a name="[1b]"></a>TIMER0_IRQHandler</STRONG> (Thumb, 0 bytes, Stack size 0 bytes, startup_lpc177x_8x.o(.text))
<BR>[Address Reference Count : 1]<UL><LI> startup_lpc177x_8x.o(RESET)
</UL>
<P><STRONG><a name="[1c]"></a>TIMER1_IRQHandler</STRONG> (Thumb, 0 bytes, Stack size 0 bytes, startup_lpc177x_8x.o(.text))
<BR>[Address Reference Count : 1]<UL><LI> startup_lpc177x_8x.o(RESET)
</UL>
<P><STRONG><a name="[1e]"></a>TIMER3_IRQHandler</STRONG> (Thumb, 0 bytes, Stack size 0 bytes, startup_lpc177x_8x.o(.text))
<BR>[Address Reference Count : 1]<UL><LI> startup_lpc177x_8x.o(RESET)
</UL>
<P><STRONG><a name="[1f]"></a>UART0_IRQHandler</STRONG> (Thumb, 0 bytes, Stack size 0 bytes, startup_lpc177x_8x.o(.text))
<BR>[Address Reference Count : 1]<UL><LI> startup_lpc177x_8x.o(RESET)
</UL>
<P><STRONG><a name="[21]"></a>UART2_IRQHandler</STRONG> (Thumb, 0 bytes, Stack size 0 bytes, startup_lpc177x_8x.o(.text))
<BR>[Address Reference Count : 1]<UL><LI> startup_lpc177x_8x.o(RESET)
</UL>
<P><STRONG><a name="[22]"></a>UART3_IRQHandler</STRONG> (Thumb, 0 bytes, Stack size 0 bytes, startup_lpc177x_8x.o(.text))
<BR>[Address Reference Count : 1]<UL><LI> startup_lpc177x_8x.o(RESET)
</UL>
<P><STRONG><a name="[3d]"></a>UART4_IRQHandler</STRONG> (Thumb, 0 bytes, Stack size 0 bytes, startup_lpc177x_8x.o(.text))
<BR>[Address Reference Count : 1]<UL><LI> startup_lpc177x_8x.o(RESET)
</UL>
<P><STRONG><a name="[3b]"></a>USBActivity_IRQHandler</STRONG> (Thumb, 0 bytes, Stack size 0 bytes, startup_lpc177x_8x.o(.text))
<BR>[Address Reference Count : 1]<UL><LI> startup_lpc177x_8x.o(RESET)
</UL>
<P><STRONG><a name="[1a]"></a>WDT_IRQHandler</STRONG> (Thumb, 0 bytes, Stack size 0 bytes, startup_lpc177x_8x.o(.text))
<BR>[Address Reference Count : 1]<UL><LI> startup_lpc177x_8x.o(RESET)
</UL>
<P><STRONG><a name="[122]"></a>GUI_DispStringAt</STRONG> (Thumb, 34 bytes, Stack size 16 bytes, GUI_DispStringAt.o(.text))
<BR><BR>[Stack]<UL><LI>Max Depth = 312<LI>Call Chain = GUI_DispStringAt &rArr; GUI_DispString &rArr; GUI__DispLine &rArr; WM__InitIVRSearch &rArr; WM__GetNextIVR &rArr; WM__ActivateClipRect &rArr; LCD_SetClipRectEx &rArr; GUI__IntersectRects
</UL>
<BR>[Calls]<UL><LI><a href="#[124]">&gt;&gt;</a>&nbsp;&nbsp;&nbsp;GUI_DispString
<LI><a href="#[125]">&gt;&gt;</a>&nbsp;&nbsp;&nbsp;GUI_Unlock
<LI><a href="#[123]">&gt;&gt;</a>&nbsp;&nbsp;&nbsp;GUI_Lock
</UL>
<BR>[Called By]<UL><LI><a href="#[4c1]">&gt;&gt;</a>&nbsp;&nbsp;&nbsp;draw_mangb
<LI><a href="#[4c0]">&gt;&gt;</a>&nbsp;&nbsp;&nbsp;draw_autogb
</UL>

<P><STRONG><a name="[126]"></a>GUI_SetBkColor</STRONG> (Thumb, 22 bytes, Stack size 8 bytes, GUI_SetColor.o(.text))
<BR><BR>[Stack]<UL><LI>Max Depth = 36<LI>Call Chain = GUI_SetBkColor &rArr; GUI_Lock &rArr; GUI_DEVICE_UnlinkTaskDevices
</UL>
<BR>[Calls]<UL><LI><a href="#[127]">&gt;&gt;</a>&nbsp;&nbsp;&nbsp;LCD_SetBkColor
<LI><a href="#[125]">&gt;&gt;</a>&nbsp;&nbsp;&nbsp;GUI_Unlock
<LI><a href="#[123]">&gt;&gt;</a>&nbsp;&nbsp;&nbsp;GUI_Lock
</UL>
<BR>[Called By]<UL><LI><a href="#[400]">&gt;&gt;</a>&nbsp;&nbsp;&nbsp;InitGroupRes
<LI><a href="#[402]">&gt;&gt;</a>&nbsp;&nbsp;&nbsp;AZP_Menu
<LI><a href="#[3ff]">&gt;&gt;</a>&nbsp;&nbsp;&nbsp;AZP_Loading
<LI><a href="#[3fe]">&gt;&gt;</a>&nbsp;&nbsp;&nbsp;AZP_Fast
<LI><a href="#[3fd]">&gt;&gt;</a>&nbsp;&nbsp;&nbsp;AZP_Disc
<LI><a href="#[3f3]">&gt;&gt;</a>&nbsp;&nbsp;&nbsp;AZP_AllMetal
<LI><a href="#[8f]">&gt;&gt;</a>&nbsp;&nbsp;&nbsp;_cbMidDraw
<LI><a href="#[8e]">&gt;&gt;</a>&nbsp;&nbsp;&nbsp;_cbBk_Desktop
<LI><a href="#[8a]">&gt;&gt;</a>&nbsp;&nbsp;&nbsp;_cbMidDraw
<LI><a href="#[89]">&gt;&gt;</a>&nbsp;&nbsp;&nbsp;_cbBk_Desktop
<LI><a href="#[88]">&gt;&gt;</a>&nbsp;&nbsp;&nbsp;_cbMidDraw
<LI><a href="#[87]">&gt;&gt;</a>&nbsp;&nbsp;&nbsp;_cbBk_Desktop
<LI><a href="#[86]">&gt;&gt;</a>&nbsp;&nbsp;&nbsp;_cbRDraw
<LI><a href="#[84]">&gt;&gt;</a>&nbsp;&nbsp;&nbsp;_cbMidDraw
<LI><a href="#[85]">&gt;&gt;</a>&nbsp;&nbsp;&nbsp;_cbLDraw
<LI><a href="#[192]">&gt;&gt;</a>&nbsp;&nbsp;&nbsp;WM_Exec
<LI><a href="#[25a]">&gt;&gt;</a>&nbsp;&nbsp;&nbsp;GL_SetDefault
<LI><a href="#[70]">&gt;&gt;</a>&nbsp;&nbsp;&nbsp;cbBackWin
<LI><a href="#[29e]">&gt;&gt;</a>&nbsp;&nbsp;&nbsp;GUI_SetDefault
</UL>

<P><STRONG><a name="[128]"></a>GUI_SetColor</STRONG> (Thumb, 22 bytes, Stack size 8 bytes, GUI_SetColor.o(.text))
<BR><BR>[Stack]<UL><LI>Max Depth = 36<LI>Call Chain = GUI_SetColor &rArr; GUI_Lock &rArr; GUI_DEVICE_UnlinkTaskDevices
</UL>
<BR>[Calls]<UL><LI><a href="#[129]">&gt;&gt;</a>&nbsp;&nbsp;&nbsp;LCD_SetColor
<LI><a href="#[125]">&gt;&gt;</a>&nbsp;&nbsp;&nbsp;GUI_Unlock
<LI><a href="#[123]">&gt;&gt;</a>&nbsp;&nbsp;&nbsp;GUI_Lock
</UL>
<BR>[Called By]<UL><LI><a href="#[400]">&gt;&gt;</a>&nbsp;&nbsp;&nbsp;InitGroupRes
<LI><a href="#[93]">&gt;&gt;</a>&nbsp;&nbsp;&nbsp;_cbStatus
<LI><a href="#[d1]">&gt;&gt;</a>&nbsp;&nbsp;&nbsp;GUIPROP_DispChar
<LI><a href="#[4bc]">&gt;&gt;</a>&nbsp;&nbsp;&nbsp;draw_submenu
<LI><a href="#[4dd]">&gt;&gt;</a>&nbsp;&nbsp;&nbsp;draw_slider
<LI><a href="#[4bd]">&gt;&gt;</a>&nbsp;&nbsp;&nbsp;draw_setting_val
<LI><a href="#[4c1]">&gt;&gt;</a>&nbsp;&nbsp;&nbsp;draw_mangb
<LI><a href="#[4bf]">&gt;&gt;</a>&nbsp;&nbsp;&nbsp;draw_lang
<LI><a href="#[4be]">&gt;&gt;</a>&nbsp;&nbsp;&nbsp;draw_depth
<LI><a href="#[4c0]">&gt;&gt;</a>&nbsp;&nbsp;&nbsp;draw_autogb
<LI><a href="#[8f]">&gt;&gt;</a>&nbsp;&nbsp;&nbsp;_cbMidDraw
<LI><a href="#[8c]">&gt;&gt;</a>&nbsp;&nbsp;&nbsp;_cbDraw_MidWin
<LI><a href="#[8b]">&gt;&gt;</a>&nbsp;&nbsp;&nbsp;_cbBk_Desktop
<LI><a href="#[8a]">&gt;&gt;</a>&nbsp;&nbsp;&nbsp;_cbMidDraw
<LI><a href="#[89]">&gt;&gt;</a>&nbsp;&nbsp;&nbsp;_cbBk_Desktop
<LI><a href="#[88]">&gt;&gt;</a>&nbsp;&nbsp;&nbsp;_cbMidDraw
<LI><a href="#[87]">&gt;&gt;</a>&nbsp;&nbsp;&nbsp;_cbBk_Desktop
<LI><a href="#[86]">&gt;&gt;</a>&nbsp;&nbsp;&nbsp;_cbRDraw
<LI><a href="#[84]">&gt;&gt;</a>&nbsp;&nbsp;&nbsp;_cbMidDraw
<LI><a href="#[85]">&gt;&gt;</a>&nbsp;&nbsp;&nbsp;_cbLDraw
<LI><a href="#[83]">&gt;&gt;</a>&nbsp;&nbsp;&nbsp;_cbBk_Desktop
<LI><a href="#[bd]">&gt;&gt;</a>&nbsp;&nbsp;&nbsp;_DispChar
<LI><a href="#[192]">&gt;&gt;</a>&nbsp;&nbsp;&nbsp;WM_Exec
<LI><a href="#[25a]">&gt;&gt;</a>&nbsp;&nbsp;&nbsp;GL_SetDefault
<LI><a href="#[29e]">&gt;&gt;</a>&nbsp;&nbsp;&nbsp;GUI_SetDefault
</UL>

<P><STRONG><a name="[4ef]"></a>WM_SetCreateFlags</STRONG> (Thumb, 10 bytes, Stack size 0 bytes, WM_SetCreateFlags.o(.text))
<BR><BR>[Called By]<UL><LI><a href="#[43]">&gt;&gt;</a>&nbsp;&nbsp;&nbsp;main
</UL>

<P><STRONG><a name="[6aa]"></a>GUICC_M565_SetCustColorConv</STRONG> (Thumb, 8 bytes, Stack size 0 bytes, GUICC_M565.o(.text), UNUSED)

<P><STRONG><a name="[12d]"></a>GUI_ALLOC_Free</STRONG> (Thumb, 74 bytes, Stack size 16 bytes, GUI_Alloc.o(.text))
<BR><BR>[Stack]<UL><LI>Max Depth = 44<LI>Call Chain = GUI_ALLOC_Free &rArr; GUI_Lock &rArr; GUI_DEVICE_UnlinkTaskDevices
</UL>
<BR>[Calls]<UL><LI><a href="#[125]">&gt;&gt;</a>&nbsp;&nbsp;&nbsp;GUI_Unlock
<LI><a href="#[123]">&gt;&gt;</a>&nbsp;&nbsp;&nbsp;GUI_Lock
<LI><a href="#[12a]">&gt;&gt;</a>&nbsp;&nbsp;&nbsp;_AddFreeMemory
</UL>
<BR>[Called By]<UL><LI><a href="#[24a]">&gt;&gt;</a>&nbsp;&nbsp;&nbsp;WM_DeleteWindow
<LI><a href="#[274]">&gt;&gt;</a>&nbsp;&nbsp;&nbsp;WM_DeleteTimer
<LI><a href="#[279]">&gt;&gt;</a>&nbsp;&nbsp;&nbsp;WM_CreateTimer
<LI><a href="#[1f6]">&gt;&gt;</a>&nbsp;&nbsp;&nbsp;GUI_MEMDEV_Delete
<LI><a href="#[5]">&gt;&gt;</a>&nbsp;&nbsp;&nbsp;_NextPixel_End
<LI><a href="#[275]">&gt;&gt;</a>&nbsp;&nbsp;&nbsp;GUI_TIMER_Delete
<LI><a href="#[24b]">&gt;&gt;</a>&nbsp;&nbsp;&nbsp;WM__DeleteAssocTimer
<LI><a href="#[214]">&gt;&gt;</a>&nbsp;&nbsp;&nbsp;GUI_PNG_DrawEx
<LI><a href="#[6a]">&gt;&gt;</a>&nbsp;&nbsp;&nbsp;_free_fn
<LI><a href="#[1f8]">&gt;&gt;</a>&nbsp;&nbsp;&nbsp;GUI_USAGE_DecUseCnt
<LI><a href="#[68]">&gt;&gt;</a>&nbsp;&nbsp;&nbsp;GUI_MEMDEV__WriteToActiveOpaque
<LI><a href="#[1f1]">&gt;&gt;</a>&nbsp;&nbsp;&nbsp;GUI_MEMDEV__CreateFixed
<LI><a href="#[109]">&gt;&gt;</a>&nbsp;&nbsp;&nbsp;_GUI_USAGE_BM_Delete
</UL>

<P><STRONG><a name="[224]"></a>GUI_ALLOC_p2h</STRONG> (Thumb, 6 bytes, Stack size 0 bytes, GUI_Alloc.o(.text))
<BR><BR>[Called By]<UL><LI><a href="#[214]">&gt;&gt;</a>&nbsp;&nbsp;&nbsp;GUI_PNG_DrawEx
<LI><a href="#[6a]">&gt;&gt;</a>&nbsp;&nbsp;&nbsp;_free_fn
</UL>

<P><STRONG><a name="[173]"></a>GUI_ALLOC_FreeFixedBlock</STRONG> (Thumb, 22 bytes, Stack size 0 bytes, GUI_Alloc.o(.text))
<BR><BR>[Called By]<UL><LI><a href="#[172]">&gt;&gt;</a>&nbsp;&nbsp;&nbsp;GUI_DEVICE_Delete
<LI><a href="#[78]">&gt;&gt;</a>&nbsp;&nbsp;&nbsp;_OnExit
<LI><a href="#[75]">&gt;&gt;</a>&nbsp;&nbsp;&nbsp;_OnExit
<LI><a href="#[73]">&gt;&gt;</a>&nbsp;&nbsp;&nbsp;_OnExit
<LI><a href="#[36e]">&gt;&gt;</a>&nbsp;&nbsp;&nbsp;GUI_SetAlpha
<LI><a href="#[7c]">&gt;&gt;</a>&nbsp;&nbsp;&nbsp;_OnExit
</UL>

<P><STRONG><a name="[134]"></a>GUI_ALLOC_GetFixedBlock</STRONG> (Thumb, 204 bytes, Stack size 24 bytes, GUI_Alloc.o(.text))
<BR><BR>[Stack]<UL><LI>Max Depth = 168<LI>Call Chain = GUI_ALLOC_GetFixedBlock &rArr; _InitOnce &rArr; _EnlargeBlocks &rArr; _Alloc &rArr;  _EnlargeBlocks (Cycle)
</UL>
<BR>[Calls]<UL><LI><a href="#[135]">&gt;&gt;</a>&nbsp;&nbsp;&nbsp;_RemoveHoles
<LI><a href="#[12b]">&gt;&gt;</a>&nbsp;&nbsp;&nbsp;_GetMinIndex
<LI><a href="#[12e]">&gt;&gt;</a>&nbsp;&nbsp;&nbsp;_InitOnce
<LI><a href="#[12a]">&gt;&gt;</a>&nbsp;&nbsp;&nbsp;_AddFreeMemory
</UL>
<BR>[Called By]<UL><LI><a href="#[175]">&gt;&gt;</a>&nbsp;&nbsp;&nbsp;GUI_DEVICE_CreateAndLink
<LI><a href="#[65]">&gt;&gt;</a>&nbsp;&nbsp;&nbsp;_SetDevFunc
<LI><a href="#[58]">&gt;&gt;</a>&nbsp;&nbsp;&nbsp;_SetSize
<LI><a href="#[57]">&gt;&gt;</a>&nbsp;&nbsp;&nbsp;_SetVSize
<LI><a href="#[56]">&gt;&gt;</a>&nbsp;&nbsp;&nbsp;_SetVRAMAddr
<LI><a href="#[64]">&gt;&gt;</a>&nbsp;&nbsp;&nbsp;_ShowBuffer
<LI><a href="#[63]">&gt;&gt;</a>&nbsp;&nbsp;&nbsp;_CopyBuffer
<LI><a href="#[5d]">&gt;&gt;</a>&nbsp;&nbsp;&nbsp;_Init
<LI><a href="#[5c]">&gt;&gt;</a>&nbsp;&nbsp;&nbsp;_SetVis
<LI><a href="#[5b]">&gt;&gt;</a>&nbsp;&nbsp;&nbsp;_SetAlpha
<LI><a href="#[5a]">&gt;&gt;</a>&nbsp;&nbsp;&nbsp;_GetPos
<LI><a href="#[59]">&gt;&gt;</a>&nbsp;&nbsp;&nbsp;_SetPos
<LI><a href="#[174]">&gt;&gt;</a>&nbsp;&nbsp;&nbsp;GUI_DEVICE_Create
<LI><a href="#[16d]">&gt;&gt;</a>&nbsp;&nbsp;&nbsp;GUITASK_Init
<LI><a href="#[2c3]">&gt;&gt;</a>&nbsp;&nbsp;&nbsp;LCD_InitColors
<LI><a href="#[2b0]">&gt;&gt;</a>&nbsp;&nbsp;&nbsp;GUI__GetAlphaBuffer
<LI><a href="#[36e]">&gt;&gt;</a>&nbsp;&nbsp;&nbsp;GUI_SetAlpha
</UL>

<P><STRONG><a name="[136]"></a>GUI_ALLOC_AllocNoInit</STRONG> (Thumb, 30 bytes, Stack size 8 bytes, GUI_Alloc.o(.text))
<BR><BR>[Stack]<UL><LI>Max Depth = 80<LI>Call Chain = GUI_ALLOC_AllocNoInit &rArr; _Alloc &rArr;  _EnlargeBlocks (Cycle)
</UL>
<BR>[Calls]<UL><LI><a href="#[125]">&gt;&gt;</a>&nbsp;&nbsp;&nbsp;GUI_Unlock
<LI><a href="#[123]">&gt;&gt;</a>&nbsp;&nbsp;&nbsp;GUI_Lock
<LI><a href="#[131]">&gt;&gt;</a>&nbsp;&nbsp;&nbsp;_Alloc
</UL>
<BR>[Called By]<UL><LI><a href="#[2]">&gt;&gt;</a>&nbsp;&nbsp;&nbsp;_NextPixel_Start
<LI><a href="#[214]">&gt;&gt;</a>&nbsp;&nbsp;&nbsp;GUI_PNG_DrawEx
<LI><a href="#[6b]">&gt;&gt;</a>&nbsp;&nbsp;&nbsp;_malloc_fn
<LI><a href="#[68]">&gt;&gt;</a>&nbsp;&nbsp;&nbsp;GUI_MEMDEV__WriteToActiveOpaque
<LI><a href="#[1f4]">&gt;&gt;</a>&nbsp;&nbsp;&nbsp;GUI_ALLOC_AllocZero
<LI><a href="#[1f1]">&gt;&gt;</a>&nbsp;&nbsp;&nbsp;GUI_MEMDEV__CreateFixed
</UL>

<P><STRONG><a name="[236]"></a>GUI_ALLOC_h2p</STRONG> (Thumb, 22 bytes, Stack size 0 bytes, GUI_Alloc.o(.text))
<BR><BR>[Called By]<UL><LI><a href="#[24a]">&gt;&gt;</a>&nbsp;&nbsp;&nbsp;WM_DeleteWindow
<LI><a href="#[252]">&gt;&gt;</a>&nbsp;&nbsp;&nbsp;WM_CreateWindowAsChild
<LI><a href="#[192]">&gt;&gt;</a>&nbsp;&nbsp;&nbsp;WM_Exec
<LI><a href="#[155]">&gt;&gt;</a>&nbsp;&nbsp;&nbsp;WM__GetNextIVR
<LI><a href="#[72]">&gt;&gt;</a>&nbsp;&nbsp;&nbsp;_cbTimer
<LI><a href="#[270]">&gt;&gt;</a>&nbsp;&nbsp;&nbsp;WM_GetParent
<LI><a href="#[248]">&gt;&gt;</a>&nbsp;&nbsp;&nbsp;WM__SendMessage
<LI><a href="#[24b]">&gt;&gt;</a>&nbsp;&nbsp;&nbsp;WM__DeleteAssocTimer
<LI><a href="#[261]">&gt;&gt;</a>&nbsp;&nbsp;&nbsp;WM__DeleteSecure
<LI><a href="#[250]">&gt;&gt;</a>&nbsp;&nbsp;&nbsp;WM_InvalidateRect
<LI><a href="#[24e]">&gt;&gt;</a>&nbsp;&nbsp;&nbsp;WM__InvalidateDrawAndDescs
<LI><a href="#[249]">&gt;&gt;</a>&nbsp;&nbsp;&nbsp;WM__IsWindow
<LI><a href="#[246]">&gt;&gt;</a>&nbsp;&nbsp;&nbsp;WM__RemoveFromLinList
<LI><a href="#[244]">&gt;&gt;</a>&nbsp;&nbsp;&nbsp;WM__SelectTopLevelLayer
<LI><a href="#[243]">&gt;&gt;</a>&nbsp;&nbsp;&nbsp;WM__GetTopLevelLayer
<LI><a href="#[242]">&gt;&gt;</a>&nbsp;&nbsp;&nbsp;WM__DetachWindow
<LI><a href="#[240]">&gt;&gt;</a>&nbsp;&nbsp;&nbsp;WM__RemoveWindowFromList
<LI><a href="#[23f]">&gt;&gt;</a>&nbsp;&nbsp;&nbsp;WM__InsertWindowIntoList
<LI><a href="#[238]">&gt;&gt;</a>&nbsp;&nbsp;&nbsp;WM__InvalidateParent
<LI><a href="#[237]">&gt;&gt;</a>&nbsp;&nbsp;&nbsp;WM__InvalidateRect
<LI><a href="#[232]">&gt;&gt;</a>&nbsp;&nbsp;&nbsp;WM_InvalidateWindowAndDescsEx
<LI><a href="#[25e]">&gt;&gt;</a>&nbsp;&nbsp;&nbsp;WM__PaintWinAndOverlays
<LI><a href="#[258]">&gt;&gt;</a>&nbsp;&nbsp;&nbsp;_Findx1
<LI><a href="#[257]">&gt;&gt;</a>&nbsp;&nbsp;&nbsp;_Findx0
<LI><a href="#[256]">&gt;&gt;</a>&nbsp;&nbsp;&nbsp;_Findy1
<LI><a href="#[234]">&gt;&gt;</a>&nbsp;&nbsp;&nbsp;_Invalidate1Abs
<LI><a href="#[25d]">&gt;&gt;</a>&nbsp;&nbsp;&nbsp;_PaintTransChildren
<LI><a href="#[245]">&gt;&gt;</a>&nbsp;&nbsp;&nbsp;WM_SelectWindow
<LI><a href="#[2d8]">&gt;&gt;</a>&nbsp;&nbsp;&nbsp;WM_GetWindowRectEx
<LI><a href="#[235]">&gt;&gt;</a>&nbsp;&nbsp;&nbsp;WM_GetFirstChild
<LI><a href="#[366]">&gt;&gt;</a>&nbsp;&nbsp;&nbsp;WM__SendMessageNoPara
<LI><a href="#[364]">&gt;&gt;</a>&nbsp;&nbsp;&nbsp;WM_GetWindowRect
<LI><a href="#[360]">&gt;&gt;</a>&nbsp;&nbsp;&nbsp;WM__GetPrevSibling
<LI><a href="#[39e]">&gt;&gt;</a>&nbsp;&nbsp;&nbsp;WM__GetFirstSibling
</UL>

<P><STRONG><a name="[13c]"></a>GUI_ALLOC_LockH</STRONG> (Thumb, 40 bytes, Stack size 0 bytes, GUI_Alloc.o(.text))
<BR><BR>[Called By]<UL><LI><a href="#[27c]">&gt;&gt;</a>&nbsp;&nbsp;&nbsp;WM_RestartTimer
<LI><a href="#[26d]">&gt;&gt;</a>&nbsp;&nbsp;&nbsp;WM_GetWindowSizeY
<LI><a href="#[26b]">&gt;&gt;</a>&nbsp;&nbsp;&nbsp;WM_GetWindowSizeX
<LI><a href="#[27e]">&gt;&gt;</a>&nbsp;&nbsp;&nbsp;WM_GetTimerId
<LI><a href="#[24a]">&gt;&gt;</a>&nbsp;&nbsp;&nbsp;WM_DeleteWindow
<LI><a href="#[274]">&gt;&gt;</a>&nbsp;&nbsp;&nbsp;WM_DeleteTimer
<LI><a href="#[252]">&gt;&gt;</a>&nbsp;&nbsp;&nbsp;WM_CreateWindowAsChild
<LI><a href="#[279]">&gt;&gt;</a>&nbsp;&nbsp;&nbsp;WM_CreateTimer
<LI><a href="#[20c]">&gt;&gt;</a>&nbsp;&nbsp;&nbsp;GUI_MEMDEV_WriteAt
<LI><a href="#[1fb]">&gt;&gt;</a>&nbsp;&nbsp;&nbsp;GUI_MEMDEV_Select
<LI><a href="#[1f6]">&gt;&gt;</a>&nbsp;&nbsp;&nbsp;GUI_MEMDEV_Delete
<LI><a href="#[283]">&gt;&gt;</a>&nbsp;&nbsp;&nbsp;WM_SetUserData
<LI><a href="#[282]">&gt;&gt;</a>&nbsp;&nbsp;&nbsp;WM_GetUserData
<LI><a href="#[272]">&gt;&gt;</a>&nbsp;&nbsp;&nbsp;WM_SetSize
<LI><a href="#[26e]">&gt;&gt;</a>&nbsp;&nbsp;&nbsp;WM_SetCallback
<LI><a href="#[192]">&gt;&gt;</a>&nbsp;&nbsp;&nbsp;WM_Exec
<LI><a href="#[152]">&gt;&gt;</a>&nbsp;&nbsp;&nbsp;WM__InitIVRSearch
<LI><a href="#[155]">&gt;&gt;</a>&nbsp;&nbsp;&nbsp;WM__GetNextIVR
<LI><a href="#[2]">&gt;&gt;</a>&nbsp;&nbsp;&nbsp;_NextPixel_Start
<LI><a href="#[278]">&gt;&gt;</a>&nbsp;&nbsp;&nbsp;GUI_TIMER__GetNextTimerLin
<LI><a href="#[276]">&gt;&gt;</a>&nbsp;&nbsp;&nbsp;GUI_TIMER__GetFirstTimer
<LI><a href="#[27b]">&gt;&gt;</a>&nbsp;&nbsp;&nbsp;GUI_TIMER_SetPeriod
<LI><a href="#[27d]">&gt;&gt;</a>&nbsp;&nbsp;&nbsp;GUI_TIMER_Restart
<LI><a href="#[277]">&gt;&gt;</a>&nbsp;&nbsp;&nbsp;GUI_TIMER_GetFlag
<LI><a href="#[275]">&gt;&gt;</a>&nbsp;&nbsp;&nbsp;GUI_TIMER_Delete
<LI><a href="#[27a]">&gt;&gt;</a>&nbsp;&nbsp;&nbsp;GUI_TIMER_Create
<LI><a href="#[273]">&gt;&gt;</a>&nbsp;&nbsp;&nbsp;WM_ResizeWindow
<LI><a href="#[266]">&gt;&gt;</a>&nbsp;&nbsp;&nbsp;WM__GetClientRectEx
<LI><a href="#[24b]">&gt;&gt;</a>&nbsp;&nbsp;&nbsp;WM__DeleteAssocTimer
<LI><a href="#[253]">&gt;&gt;</a>&nbsp;&nbsp;&nbsp;WM_BringToBottom
<LI><a href="#[25f]">&gt;&gt;</a>&nbsp;&nbsp;&nbsp;WM__Paint
<LI><a href="#[25b]">&gt;&gt;</a>&nbsp;&nbsp;&nbsp;WM__Paint1
<LI><a href="#[250]">&gt;&gt;</a>&nbsp;&nbsp;&nbsp;WM_InvalidateRect
<LI><a href="#[24e]">&gt;&gt;</a>&nbsp;&nbsp;&nbsp;WM__InvalidateDrawAndDescs
<LI><a href="#[242]">&gt;&gt;</a>&nbsp;&nbsp;&nbsp;WM__DetachWindow
<LI><a href="#[23f]">&gt;&gt;</a>&nbsp;&nbsp;&nbsp;WM__InsertWindowIntoList
<LI><a href="#[23d]">&gt;&gt;</a>&nbsp;&nbsp;&nbsp;WM__ActivateClipRect
<LI><a href="#[23a]">&gt;&gt;</a>&nbsp;&nbsp;&nbsp;WM__ClipAtParentBorders
<LI><a href="#[237]">&gt;&gt;</a>&nbsp;&nbsp;&nbsp;WM__InvalidateRect
<LI><a href="#[232]">&gt;&gt;</a>&nbsp;&nbsp;&nbsp;WM_InvalidateWindowAndDescsEx
<LI><a href="#[25e]">&gt;&gt;</a>&nbsp;&nbsp;&nbsp;WM__PaintWinAndOverlays
<LI><a href="#[258]">&gt;&gt;</a>&nbsp;&nbsp;&nbsp;_Findx1
<LI><a href="#[257]">&gt;&gt;</a>&nbsp;&nbsp;&nbsp;_Findx0
<LI><a href="#[256]">&gt;&gt;</a>&nbsp;&nbsp;&nbsp;_Findy1
<LI><a href="#[234]">&gt;&gt;</a>&nbsp;&nbsp;&nbsp;_Invalidate1Abs
<LI><a href="#[6f]">&gt;&gt;</a>&nbsp;&nbsp;&nbsp;_cbPaintMemDev
<LI><a href="#[25d]">&gt;&gt;</a>&nbsp;&nbsp;&nbsp;_PaintTransChildren
<LI><a href="#[363]">&gt;&gt;</a>&nbsp;&nbsp;&nbsp;WM_GetClientRect
<LI><a href="#[281]">&gt;&gt;</a>&nbsp;&nbsp;&nbsp;WM__SetUserDataEx
<LI><a href="#[27f]">&gt;&gt;</a>&nbsp;&nbsp;&nbsp;WM__GetUserDataEx
<LI><a href="#[214]">&gt;&gt;</a>&nbsp;&nbsp;&nbsp;GUI_PNG_DrawEx
<LI><a href="#[6b]">&gt;&gt;</a>&nbsp;&nbsp;&nbsp;_malloc_fn
<LI><a href="#[20a]">&gt;&gt;</a>&nbsp;&nbsp;&nbsp;GUI_MEMDEV_GetColorConv
<LI><a href="#[20d]">&gt;&gt;</a>&nbsp;&nbsp;&nbsp;GUI_MEMDEV_Write
<LI><a href="#[209]">&gt;&gt;</a>&nbsp;&nbsp;&nbsp;GUI_MEMDEV_GetYSize
<LI><a href="#[2d4]">&gt;&gt;</a>&nbsp;&nbsp;&nbsp;GUI_MEMDEV_GetYPos
<LI><a href="#[208]">&gt;&gt;</a>&nbsp;&nbsp;&nbsp;GUI_MEMDEV_GetXSize
<LI><a href="#[2d3]">&gt;&gt;</a>&nbsp;&nbsp;&nbsp;GUI_MEMDEV_GetXPos
<LI><a href="#[20b]">&gt;&gt;</a>&nbsp;&nbsp;&nbsp;GUI_MEMDEV_GetDataPtr
<LI><a href="#[2da]">&gt;&gt;</a>&nbsp;&nbsp;&nbsp;GUI_MEMDEV_CreateStatic
<LI><a href="#[ec]">&gt;&gt;</a>&nbsp;&nbsp;&nbsp;_GetRect
<LI><a href="#[e5]">&gt;&gt;</a>&nbsp;&nbsp;&nbsp;_GetPixelIndex
<LI><a href="#[e7]">&gt;&gt;</a>&nbsp;&nbsp;&nbsp;_XorPixel
<LI><a href="#[e6]">&gt;&gt;</a>&nbsp;&nbsp;&nbsp;_SetPixelIndex
<LI><a href="#[e3]">&gt;&gt;</a>&nbsp;&nbsp;&nbsp;_DrawVLine
<LI><a href="#[e4]">&gt;&gt;</a>&nbsp;&nbsp;&nbsp;_FillRect
<LI><a href="#[e1]">&gt;&gt;</a>&nbsp;&nbsp;&nbsp;_DrawBitmap
<LI><a href="#[67]">&gt;&gt;</a>&nbsp;&nbsp;&nbsp;GUI_MEMDEV__WriteToActiveAlpha
<LI><a href="#[e0]">&gt;&gt;</a>&nbsp;&nbsp;&nbsp;_GetRect
<LI><a href="#[d9]">&gt;&gt;</a>&nbsp;&nbsp;&nbsp;_GetPixelIndex
<LI><a href="#[db]">&gt;&gt;</a>&nbsp;&nbsp;&nbsp;_XorPixel
<LI><a href="#[da]">&gt;&gt;</a>&nbsp;&nbsp;&nbsp;_SetPixelIndex
<LI><a href="#[d7]">&gt;&gt;</a>&nbsp;&nbsp;&nbsp;_DrawVLine
<LI><a href="#[d8]">&gt;&gt;</a>&nbsp;&nbsp;&nbsp;_FillRect
<LI><a href="#[d5]">&gt;&gt;</a>&nbsp;&nbsp;&nbsp;_DrawBitmap
<LI><a href="#[1f8]">&gt;&gt;</a>&nbsp;&nbsp;&nbsp;GUI_USAGE_DecUseCnt
<LI><a href="#[1f3]">&gt;&gt;</a>&nbsp;&nbsp;&nbsp;GUI_USAGE_BM_Create
<LI><a href="#[68]">&gt;&gt;</a>&nbsp;&nbsp;&nbsp;GUI_MEMDEV__WriteToActiveOpaque
<LI><a href="#[1f4]">&gt;&gt;</a>&nbsp;&nbsp;&nbsp;GUI_ALLOC_AllocZero
<LI><a href="#[204]">&gt;&gt;</a>&nbsp;&nbsp;&nbsp;GUI_MEMDEV_MarkDirty
<LI><a href="#[1ff]">&gt;&gt;</a>&nbsp;&nbsp;&nbsp;GUI_MEMDEV_CopyToLCDAt
<LI><a href="#[1f5]">&gt;&gt;</a>&nbsp;&nbsp;&nbsp;GUI_MEMDEV_GetBitsPerPixel
<LI><a href="#[1f1]">&gt;&gt;</a>&nbsp;&nbsp;&nbsp;GUI_MEMDEV__CreateFixed
<LI><a href="#[1f0]">&gt;&gt;</a>&nbsp;&nbsp;&nbsp;GUI_MEMDEV__WriteToActiveAt
<LI><a href="#[362]">&gt;&gt;</a>&nbsp;&nbsp;&nbsp;WM_GetClientRectEx
<LI><a href="#[365]">&gt;&gt;</a>&nbsp;&nbsp;&nbsp;WM__UpdateChildPositions
<LI><a href="#[2de]">&gt;&gt;</a>&nbsp;&nbsp;&nbsp;GUI_USAGE_Select
<LI><a href="#[2d6]">&gt;&gt;</a>&nbsp;&nbsp;&nbsp;GUI_MEMDEV_GetStaticDevice
<LI><a href="#[2db]">&gt;&gt;</a>&nbsp;&nbsp;&nbsp;_CreateStatic
<LI><a href="#[2d9]">&gt;&gt;</a>&nbsp;&nbsp;&nbsp;_CreateStaticDevice
<LI><a href="#[2d7]">&gt;&gt;</a>&nbsp;&nbsp;&nbsp;_GetWindowDevice
<LI><a href="#[2d5]">&gt;&gt;</a>&nbsp;&nbsp;&nbsp;GUI_MEMDEV_SetColorConv
<LI><a href="#[2d1]">&gt;&gt;</a>&nbsp;&nbsp;&nbsp;GUI_MEMDEV_SetOrg
<LI><a href="#[2d0]">&gt;&gt;</a>&nbsp;&nbsp;&nbsp;GUI_MEMDEV_ReduceYSize
<LI><a href="#[2d2]">&gt;&gt;</a>&nbsp;&nbsp;&nbsp;GUI_MEMDEV_Clear
<LI><a href="#[105]">&gt;&gt;</a>&nbsp;&nbsp;&nbsp;_GetRect
<LI><a href="#[fe]">&gt;&gt;</a>&nbsp;&nbsp;&nbsp;_GetPixelIndex
<LI><a href="#[100]">&gt;&gt;</a>&nbsp;&nbsp;&nbsp;_XorPixel
<LI><a href="#[ff]">&gt;&gt;</a>&nbsp;&nbsp;&nbsp;_SetPixelIndex
<LI><a href="#[fc]">&gt;&gt;</a>&nbsp;&nbsp;&nbsp;_DrawVLine
<LI><a href="#[fd]">&gt;&gt;</a>&nbsp;&nbsp;&nbsp;_FillRect
<LI><a href="#[fa]">&gt;&gt;</a>&nbsp;&nbsp;&nbsp;_DrawBitmap
<LI><a href="#[2ad]">&gt;&gt;</a>&nbsp;&nbsp;&nbsp;GUI_TIMER_SetDelay
<LI><a href="#[2ac]">&gt;&gt;</a>&nbsp;&nbsp;&nbsp;GUI_TIMER_SetTime
<LI><a href="#[2ab]">&gt;&gt;</a>&nbsp;&nbsp;&nbsp;GUI_TIMER_GetPeriod
<LI><a href="#[2a9]">&gt;&gt;</a>&nbsp;&nbsp;&nbsp;GUI_TIMER_Exec
<LI><a href="#[2a8]">&gt;&gt;</a>&nbsp;&nbsp;&nbsp;GUI_TIMER__GetNextTimer
<LI><a href="#[2a7]">&gt;&gt;</a>&nbsp;&nbsp;&nbsp;GUI_TIMER__GetPeriod
<LI><a href="#[2aa]">&gt;&gt;</a>&nbsp;&nbsp;&nbsp;_Link
<LI><a href="#[3ac]">&gt;&gt;</a>&nbsp;&nbsp;&nbsp;WM_MoveTo
<LI><a href="#[3ab]">&gt;&gt;</a>&nbsp;&nbsp;&nbsp;WM__MoveTo
<LI><a href="#[3a9]">&gt;&gt;</a>&nbsp;&nbsp;&nbsp;WM__MoveWindow
<LI><a href="#[3aa]">&gt;&gt;</a>&nbsp;&nbsp;&nbsp;_MoveDescendents
</UL>

<P><STRONG><a name="[13e]"></a>GUI_ALLOC_UnlockH</STRONG> (Thumb, 44 bytes, Stack size 0 bytes, GUI_Alloc.o(.text))
<BR><BR>[Called By]<UL><LI><a href="#[27c]">&gt;&gt;</a>&nbsp;&nbsp;&nbsp;WM_RestartTimer
<LI><a href="#[26d]">&gt;&gt;</a>&nbsp;&nbsp;&nbsp;WM_GetWindowSizeY
<LI><a href="#[26b]">&gt;&gt;</a>&nbsp;&nbsp;&nbsp;WM_GetWindowSizeX
<LI><a href="#[27e]">&gt;&gt;</a>&nbsp;&nbsp;&nbsp;WM_GetTimerId
<LI><a href="#[24a]">&gt;&gt;</a>&nbsp;&nbsp;&nbsp;WM_DeleteWindow
<LI><a href="#[274]">&gt;&gt;</a>&nbsp;&nbsp;&nbsp;WM_DeleteTimer
<LI><a href="#[252]">&gt;&gt;</a>&nbsp;&nbsp;&nbsp;WM_CreateWindowAsChild
<LI><a href="#[279]">&gt;&gt;</a>&nbsp;&nbsp;&nbsp;WM_CreateTimer
<LI><a href="#[20c]">&gt;&gt;</a>&nbsp;&nbsp;&nbsp;GUI_MEMDEV_WriteAt
<LI><a href="#[1fb]">&gt;&gt;</a>&nbsp;&nbsp;&nbsp;GUI_MEMDEV_Select
<LI><a href="#[1f6]">&gt;&gt;</a>&nbsp;&nbsp;&nbsp;GUI_MEMDEV_Delete
<LI><a href="#[283]">&gt;&gt;</a>&nbsp;&nbsp;&nbsp;WM_SetUserData
<LI><a href="#[282]">&gt;&gt;</a>&nbsp;&nbsp;&nbsp;WM_GetUserData
<LI><a href="#[272]">&gt;&gt;</a>&nbsp;&nbsp;&nbsp;WM_SetSize
<LI><a href="#[26e]">&gt;&gt;</a>&nbsp;&nbsp;&nbsp;WM_SetCallback
<LI><a href="#[192]">&gt;&gt;</a>&nbsp;&nbsp;&nbsp;WM_Exec
<LI><a href="#[152]">&gt;&gt;</a>&nbsp;&nbsp;&nbsp;WM__InitIVRSearch
<LI><a href="#[155]">&gt;&gt;</a>&nbsp;&nbsp;&nbsp;WM__GetNextIVR
<LI><a href="#[5]">&gt;&gt;</a>&nbsp;&nbsp;&nbsp;_NextPixel_End
<LI><a href="#[278]">&gt;&gt;</a>&nbsp;&nbsp;&nbsp;GUI_TIMER__GetNextTimerLin
<LI><a href="#[276]">&gt;&gt;</a>&nbsp;&nbsp;&nbsp;GUI_TIMER__GetFirstTimer
<LI><a href="#[27b]">&gt;&gt;</a>&nbsp;&nbsp;&nbsp;GUI_TIMER_SetPeriod
<LI><a href="#[27d]">&gt;&gt;</a>&nbsp;&nbsp;&nbsp;GUI_TIMER_Restart
<LI><a href="#[277]">&gt;&gt;</a>&nbsp;&nbsp;&nbsp;GUI_TIMER_GetFlag
<LI><a href="#[275]">&gt;&gt;</a>&nbsp;&nbsp;&nbsp;GUI_TIMER_Delete
<LI><a href="#[27a]">&gt;&gt;</a>&nbsp;&nbsp;&nbsp;GUI_TIMER_Create
<LI><a href="#[273]">&gt;&gt;</a>&nbsp;&nbsp;&nbsp;WM_ResizeWindow
<LI><a href="#[266]">&gt;&gt;</a>&nbsp;&nbsp;&nbsp;WM__GetClientRectEx
<LI><a href="#[24b]">&gt;&gt;</a>&nbsp;&nbsp;&nbsp;WM__DeleteAssocTimer
<LI><a href="#[253]">&gt;&gt;</a>&nbsp;&nbsp;&nbsp;WM_BringToBottom
<LI><a href="#[25f]">&gt;&gt;</a>&nbsp;&nbsp;&nbsp;WM__Paint
<LI><a href="#[25b]">&gt;&gt;</a>&nbsp;&nbsp;&nbsp;WM__Paint1
<LI><a href="#[250]">&gt;&gt;</a>&nbsp;&nbsp;&nbsp;WM_InvalidateRect
<LI><a href="#[24e]">&gt;&gt;</a>&nbsp;&nbsp;&nbsp;WM__InvalidateDrawAndDescs
<LI><a href="#[242]">&gt;&gt;</a>&nbsp;&nbsp;&nbsp;WM__DetachWindow
<LI><a href="#[23f]">&gt;&gt;</a>&nbsp;&nbsp;&nbsp;WM__InsertWindowIntoList
<LI><a href="#[23d]">&gt;&gt;</a>&nbsp;&nbsp;&nbsp;WM__ActivateClipRect
<LI><a href="#[23a]">&gt;&gt;</a>&nbsp;&nbsp;&nbsp;WM__ClipAtParentBorders
<LI><a href="#[237]">&gt;&gt;</a>&nbsp;&nbsp;&nbsp;WM__InvalidateRect
<LI><a href="#[232]">&gt;&gt;</a>&nbsp;&nbsp;&nbsp;WM_InvalidateWindowAndDescsEx
<LI><a href="#[25e]">&gt;&gt;</a>&nbsp;&nbsp;&nbsp;WM__PaintWinAndOverlays
<LI><a href="#[258]">&gt;&gt;</a>&nbsp;&nbsp;&nbsp;_Findx1
<LI><a href="#[257]">&gt;&gt;</a>&nbsp;&nbsp;&nbsp;_Findx0
<LI><a href="#[256]">&gt;&gt;</a>&nbsp;&nbsp;&nbsp;_Findy1
<LI><a href="#[234]">&gt;&gt;</a>&nbsp;&nbsp;&nbsp;_Invalidate1Abs
<LI><a href="#[6f]">&gt;&gt;</a>&nbsp;&nbsp;&nbsp;_cbPaintMemDev
<LI><a href="#[25d]">&gt;&gt;</a>&nbsp;&nbsp;&nbsp;_PaintTransChildren
<LI><a href="#[363]">&gt;&gt;</a>&nbsp;&nbsp;&nbsp;WM_GetClientRect
<LI><a href="#[281]">&gt;&gt;</a>&nbsp;&nbsp;&nbsp;WM__SetUserDataEx
<LI><a href="#[27f]">&gt;&gt;</a>&nbsp;&nbsp;&nbsp;WM__GetUserDataEx
<LI><a href="#[214]">&gt;&gt;</a>&nbsp;&nbsp;&nbsp;GUI_PNG_DrawEx
<LI><a href="#[6a]">&gt;&gt;</a>&nbsp;&nbsp;&nbsp;_free_fn
<LI><a href="#[20a]">&gt;&gt;</a>&nbsp;&nbsp;&nbsp;GUI_MEMDEV_GetColorConv
<LI><a href="#[20d]">&gt;&gt;</a>&nbsp;&nbsp;&nbsp;GUI_MEMDEV_Write
<LI><a href="#[209]">&gt;&gt;</a>&nbsp;&nbsp;&nbsp;GUI_MEMDEV_GetYSize
<LI><a href="#[2d4]">&gt;&gt;</a>&nbsp;&nbsp;&nbsp;GUI_MEMDEV_GetYPos
<LI><a href="#[208]">&gt;&gt;</a>&nbsp;&nbsp;&nbsp;GUI_MEMDEV_GetXSize
<LI><a href="#[2d3]">&gt;&gt;</a>&nbsp;&nbsp;&nbsp;GUI_MEMDEV_GetXPos
<LI><a href="#[20b]">&gt;&gt;</a>&nbsp;&nbsp;&nbsp;GUI_MEMDEV_GetDataPtr
<LI><a href="#[2da]">&gt;&gt;</a>&nbsp;&nbsp;&nbsp;GUI_MEMDEV_CreateStatic
<LI><a href="#[ec]">&gt;&gt;</a>&nbsp;&nbsp;&nbsp;_GetRect
<LI><a href="#[e5]">&gt;&gt;</a>&nbsp;&nbsp;&nbsp;_GetPixelIndex
<LI><a href="#[e7]">&gt;&gt;</a>&nbsp;&nbsp;&nbsp;_XorPixel
<LI><a href="#[e6]">&gt;&gt;</a>&nbsp;&nbsp;&nbsp;_SetPixelIndex
<LI><a href="#[e3]">&gt;&gt;</a>&nbsp;&nbsp;&nbsp;_DrawVLine
<LI><a href="#[e4]">&gt;&gt;</a>&nbsp;&nbsp;&nbsp;_FillRect
<LI><a href="#[e1]">&gt;&gt;</a>&nbsp;&nbsp;&nbsp;_DrawBitmap
<LI><a href="#[67]">&gt;&gt;</a>&nbsp;&nbsp;&nbsp;GUI_MEMDEV__WriteToActiveAlpha
<LI><a href="#[e0]">&gt;&gt;</a>&nbsp;&nbsp;&nbsp;_GetRect
<LI><a href="#[d9]">&gt;&gt;</a>&nbsp;&nbsp;&nbsp;_GetPixelIndex
<LI><a href="#[db]">&gt;&gt;</a>&nbsp;&nbsp;&nbsp;_XorPixel
<LI><a href="#[da]">&gt;&gt;</a>&nbsp;&nbsp;&nbsp;_SetPixelIndex
<LI><a href="#[d7]">&gt;&gt;</a>&nbsp;&nbsp;&nbsp;_DrawVLine
<LI><a href="#[d8]">&gt;&gt;</a>&nbsp;&nbsp;&nbsp;_FillRect
<LI><a href="#[d5]">&gt;&gt;</a>&nbsp;&nbsp;&nbsp;_DrawBitmap
<LI><a href="#[1f8]">&gt;&gt;</a>&nbsp;&nbsp;&nbsp;GUI_USAGE_DecUseCnt
<LI><a href="#[1f3]">&gt;&gt;</a>&nbsp;&nbsp;&nbsp;GUI_USAGE_BM_Create
<LI><a href="#[68]">&gt;&gt;</a>&nbsp;&nbsp;&nbsp;GUI_MEMDEV__WriteToActiveOpaque
<LI><a href="#[1f4]">&gt;&gt;</a>&nbsp;&nbsp;&nbsp;GUI_ALLOC_AllocZero
<LI><a href="#[204]">&gt;&gt;</a>&nbsp;&nbsp;&nbsp;GUI_MEMDEV_MarkDirty
<LI><a href="#[1ff]">&gt;&gt;</a>&nbsp;&nbsp;&nbsp;GUI_MEMDEV_CopyToLCDAt
<LI><a href="#[1f5]">&gt;&gt;</a>&nbsp;&nbsp;&nbsp;GUI_MEMDEV_GetBitsPerPixel
<LI><a href="#[1f1]">&gt;&gt;</a>&nbsp;&nbsp;&nbsp;GUI_MEMDEV__CreateFixed
<LI><a href="#[1f0]">&gt;&gt;</a>&nbsp;&nbsp;&nbsp;GUI_MEMDEV__WriteToActiveAt
<LI><a href="#[362]">&gt;&gt;</a>&nbsp;&nbsp;&nbsp;WM_GetClientRectEx
<LI><a href="#[365]">&gt;&gt;</a>&nbsp;&nbsp;&nbsp;WM__UpdateChildPositions
<LI><a href="#[2de]">&gt;&gt;</a>&nbsp;&nbsp;&nbsp;GUI_USAGE_Select
<LI><a href="#[2d6]">&gt;&gt;</a>&nbsp;&nbsp;&nbsp;GUI_MEMDEV_GetStaticDevice
<LI><a href="#[2db]">&gt;&gt;</a>&nbsp;&nbsp;&nbsp;_CreateStatic
<LI><a href="#[2d9]">&gt;&gt;</a>&nbsp;&nbsp;&nbsp;_CreateStaticDevice
<LI><a href="#[2d7]">&gt;&gt;</a>&nbsp;&nbsp;&nbsp;_GetWindowDevice
<LI><a href="#[2d5]">&gt;&gt;</a>&nbsp;&nbsp;&nbsp;GUI_MEMDEV_SetColorConv
<LI><a href="#[2d1]">&gt;&gt;</a>&nbsp;&nbsp;&nbsp;GUI_MEMDEV_SetOrg
<LI><a href="#[2d0]">&gt;&gt;</a>&nbsp;&nbsp;&nbsp;GUI_MEMDEV_ReduceYSize
<LI><a href="#[2d2]">&gt;&gt;</a>&nbsp;&nbsp;&nbsp;GUI_MEMDEV_Clear
<LI><a href="#[105]">&gt;&gt;</a>&nbsp;&nbsp;&nbsp;_GetRect
<LI><a href="#[fe]">&gt;&gt;</a>&nbsp;&nbsp;&nbsp;_GetPixelIndex
<LI><a href="#[100]">&gt;&gt;</a>&nbsp;&nbsp;&nbsp;_XorPixel
<LI><a href="#[ff]">&gt;&gt;</a>&nbsp;&nbsp;&nbsp;_SetPixelIndex
<LI><a href="#[fc]">&gt;&gt;</a>&nbsp;&nbsp;&nbsp;_DrawVLine
<LI><a href="#[fd]">&gt;&gt;</a>&nbsp;&nbsp;&nbsp;_FillRect
<LI><a href="#[fa]">&gt;&gt;</a>&nbsp;&nbsp;&nbsp;_DrawBitmap
<LI><a href="#[2ad]">&gt;&gt;</a>&nbsp;&nbsp;&nbsp;GUI_TIMER_SetDelay
<LI><a href="#[2ac]">&gt;&gt;</a>&nbsp;&nbsp;&nbsp;GUI_TIMER_SetTime
<LI><a href="#[2ab]">&gt;&gt;</a>&nbsp;&nbsp;&nbsp;GUI_TIMER_GetPeriod
<LI><a href="#[2a9]">&gt;&gt;</a>&nbsp;&nbsp;&nbsp;GUI_TIMER_Exec
<LI><a href="#[2a8]">&gt;&gt;</a>&nbsp;&nbsp;&nbsp;GUI_TIMER__GetNextTimer
<LI><a href="#[2a7]">&gt;&gt;</a>&nbsp;&nbsp;&nbsp;GUI_TIMER__GetPeriod
<LI><a href="#[2aa]">&gt;&gt;</a>&nbsp;&nbsp;&nbsp;_Link
<LI><a href="#[3ac]">&gt;&gt;</a>&nbsp;&nbsp;&nbsp;WM_MoveTo
<LI><a href="#[3ab]">&gt;&gt;</a>&nbsp;&nbsp;&nbsp;WM__MoveTo
<LI><a href="#[3a9]">&gt;&gt;</a>&nbsp;&nbsp;&nbsp;WM__MoveWindow
<LI><a href="#[3aa]">&gt;&gt;</a>&nbsp;&nbsp;&nbsp;_MoveDescendents
</UL>

<P><STRONG><a name="[46e]"></a>GUI_ALLOC_GetNumFreeBytes</STRONG> (Thumb, 14 bytes, Stack size 0 bytes, GUI_Alloc.o(.text))
<BR><BR>[Called By]<UL><LI><a href="#[3fb]">&gt;&gt;</a>&nbsp;&nbsp;&nbsp;Print_Mem_Data
</UL>

<P><STRONG><a name="[6ab]"></a>GUI_ALLOC_GetNumFreeBlocks</STRONG> (Thumb, 6 bytes, Stack size 0 bytes, GUI_Alloc.o(.text), UNUSED)

<P><STRONG><a name="[6ac]"></a>GUI_ALLOC_GetNumUsedBytes</STRONG> (Thumb, 10 bytes, Stack size 0 bytes, GUI_Alloc.o(.text), UNUSED)

<P><STRONG><a name="[6ad]"></a>GUI_ALLOC_GetNumUsedBlocks</STRONG> (Thumb, 10 bytes, Stack size 0 bytes, GUI_Alloc.o(.text), UNUSED)

<P><STRONG><a name="[137]"></a>GUI_ALLOC_GetMaxSize</STRONG> (Thumb, 68 bytes, Stack size 8 bytes, GUI_Alloc.o(.text))
<BR><BR>[Stack]<UL><LI>Max Depth = 152<LI>Call Chain = GUI_ALLOC_GetMaxSize &rArr; _InitOnce &rArr; _EnlargeBlocks &rArr; _Alloc &rArr;  _EnlargeBlocks (Cycle)
</UL>
<BR>[Calls]<UL><LI><a href="#[12e]">&gt;&gt;</a>&nbsp;&nbsp;&nbsp;_InitOnce
</UL>
<BR>[Called By]<UL><LI><a href="#[2]">&gt;&gt;</a>&nbsp;&nbsp;&nbsp;_NextPixel_Start
</UL>

<P><STRONG><a name="[138]"></a>GUI_ALLOC_RequestSize</STRONG> (Thumb, 116 bytes, Stack size 8 bytes, GUI_Alloc.o(.text))
<BR><BR>[Stack]<UL><LI>Max Depth = 152<LI>Call Chain = GUI_ALLOC_RequestSize &rArr; _InitOnce &rArr; _EnlargeBlocks &rArr; _Alloc &rArr;  _EnlargeBlocks (Cycle)
</UL>
<BR>[Calls]<UL><LI><a href="#[125]">&gt;&gt;</a>&nbsp;&nbsp;&nbsp;GUI_Unlock
<LI><a href="#[123]">&gt;&gt;</a>&nbsp;&nbsp;&nbsp;GUI_Lock
<LI><a href="#[12e]">&gt;&gt;</a>&nbsp;&nbsp;&nbsp;_InitOnce
</UL>
<BR>[Called By]<UL><LI><a href="#[1f1]">&gt;&gt;</a>&nbsp;&nbsp;&nbsp;GUI_MEMDEV__CreateFixed
</UL>

<P><STRONG><a name="[1b1]"></a>GUI_ALLOC_Lock</STRONG> (Thumb, 10 bytes, Stack size 0 bytes, GUI_Alloc.o(.text))
<BR><BR>[Called By]<UL><LI><a href="#[229]">&gt;&gt;</a>&nbsp;&nbsp;&nbsp;GUI_PNG_Draw
<LI><a href="#[1b0]">&gt;&gt;</a>&nbsp;&nbsp;&nbsp;GUI_Delay
<LI><a href="#[214]">&gt;&gt;</a>&nbsp;&nbsp;&nbsp;GUI_PNG_DrawEx
<LI><a href="#[213]">&gt;&gt;</a>&nbsp;&nbsp;&nbsp;GUI_PNG_GetYSize
<LI><a href="#[212]">&gt;&gt;</a>&nbsp;&nbsp;&nbsp;GUI_PNG_GetYSizeEx
<LI><a href="#[211]">&gt;&gt;</a>&nbsp;&nbsp;&nbsp;GUI_PNG_GetXSize
<LI><a href="#[20e]">&gt;&gt;</a>&nbsp;&nbsp;&nbsp;GUI_PNG_GetXSizeEx
<LI><a href="#[2af]">&gt;&gt;</a>&nbsp;&nbsp;&nbsp;GUI_WaitEvent
</UL>

<P><STRONG><a name="[1b3]"></a>GUI_ALLOC_Unlock</STRONG> (Thumb, 10 bytes, Stack size 0 bytes, GUI_Alloc.o(.text))
<BR><BR>[Called By]<UL><LI><a href="#[229]">&gt;&gt;</a>&nbsp;&nbsp;&nbsp;GUI_PNG_Draw
<LI><a href="#[1b0]">&gt;&gt;</a>&nbsp;&nbsp;&nbsp;GUI_Delay
<LI><a href="#[214]">&gt;&gt;</a>&nbsp;&nbsp;&nbsp;GUI_PNG_DrawEx
<LI><a href="#[213]">&gt;&gt;</a>&nbsp;&nbsp;&nbsp;GUI_PNG_GetYSize
<LI><a href="#[212]">&gt;&gt;</a>&nbsp;&nbsp;&nbsp;GUI_PNG_GetYSizeEx
<LI><a href="#[211]">&gt;&gt;</a>&nbsp;&nbsp;&nbsp;GUI_PNG_GetXSize
<LI><a href="#[20e]">&gt;&gt;</a>&nbsp;&nbsp;&nbsp;GUI_PNG_GetXSizeEx
<LI><a href="#[2af]">&gt;&gt;</a>&nbsp;&nbsp;&nbsp;GUI_WaitEvent
</UL>

<P><STRONG><a name="[433]"></a>GUI_ALLOC_AssignMemory</STRONG> (Thumb, 12 bytes, Stack size 0 bytes, GUI_Alloc.o(.text))
<BR><BR>[Called By]<UL><LI><a href="#[168]">&gt;&gt;</a>&nbsp;&nbsp;&nbsp;GUI_X_Config
</UL>

<P><STRONG><a name="[434]"></a>GUI_ALLOC_SetAvBlockSize</STRONG> (Thumb, 24 bytes, Stack size 0 bytes, GUI_Alloc.o(.text))
<BR><BR>[Called By]<UL><LI><a href="#[168]">&gt;&gt;</a>&nbsp;&nbsp;&nbsp;GUI_X_Config
</UL>

<P><STRONG><a name="[280]"></a>GUI_ALLOC_GetSize</STRONG> (Thumb, 26 bytes, Stack size 0 bytes, GUI_Alloc.o(.text))
<BR><BR>[Called By]<UL><LI><a href="#[283]">&gt;&gt;</a>&nbsp;&nbsp;&nbsp;WM_SetUserData
<LI><a href="#[282]">&gt;&gt;</a>&nbsp;&nbsp;&nbsp;WM_GetUserData
<LI><a href="#[281]">&gt;&gt;</a>&nbsp;&nbsp;&nbsp;WM__SetUserDataEx
<LI><a href="#[27f]">&gt;&gt;</a>&nbsp;&nbsp;&nbsp;WM__GetUserDataEx
</UL>

<P><STRONG><a name="[139]"></a>GUI_ALLOC_FreePtr</STRONG> (Thumb, 102 bytes, Stack size 24 bytes, GUI_Alloc.o(.text), UNUSED)
<BR><BR>[Calls]<UL><LI><a href="#[125]">&gt;&gt;</a>&nbsp;&nbsp;&nbsp;GUI_Unlock
<LI><a href="#[123]">&gt;&gt;</a>&nbsp;&nbsp;&nbsp;GUI_Lock
<LI><a href="#[12a]">&gt;&gt;</a>&nbsp;&nbsp;&nbsp;_AddFreeMemory
</UL>
<BR>[Called By]<UL></UL>

<P><STRONG><a name="[13a]"></a>GUI_ALLOC_FreePtrArray</STRONG> (Thumb, 116 bytes, Stack size 40 bytes, GUI_Alloc.o(.text), UNUSED)
<BR><BR>[Calls]<UL><LI><a href="#[125]">&gt;&gt;</a>&nbsp;&nbsp;&nbsp;GUI_Unlock
<LI><a href="#[123]">&gt;&gt;</a>&nbsp;&nbsp;&nbsp;GUI_Lock
<LI><a href="#[12a]">&gt;&gt;</a>&nbsp;&nbsp;&nbsp;_AddFreeMemory
</UL>

<P><STRONG><a name="[6ae]"></a>GUI_ALLOC_SetMaxPercentage</STRONG> (Thumb, 20 bytes, Stack size 0 bytes, GUI_Alloc.o(.text), UNUSED)

<P><STRONG><a name="[6af]"></a>GUI_BMP__ReadData</STRONG> (Thumb, 48 bytes, Stack size 16 bytes, GUI_BMP.o(.text), UNUSED)

<P><STRONG><a name="[13f]"></a>GUI_BMP__ReadPalette</STRONG> (Thumb, 80 bytes, Stack size 24 bytes, GUI_BMP.o(.text), UNUSED)
<BR><BR>[Calls]<UL><LI><a href="#[140]">&gt;&gt;</a>&nbsp;&nbsp;&nbsp;LCD_Color2Index
</UL>

<P><STRONG><a name="[147]"></a>GUI_BMP__Init</STRONG> (Thumb, 220 bytes, Stack size 40 bytes, GUI_BMP.o(.text))
<BR><BR>[Stack]<UL><LI>Max Depth = 40<LI>Call Chain = GUI_BMP__Init
</UL>
<BR>[Calls]<UL><LI><a href="#[141]">&gt;&gt;</a>&nbsp;&nbsp;&nbsp;GUI__Read32
<LI><a href="#[148]">&gt;&gt;</a>&nbsp;&nbsp;&nbsp;GUI__Read16
</UL>
<BR>[Called By]<UL><LI><a href="#[14f]">&gt;&gt;</a>&nbsp;&nbsp;&nbsp;_Draw
</UL>

<P><STRONG><a name="[14b]"></a>GUI_BMP__GetData</STRONG> (Thumb, 10 bytes, Stack size 0 bytes, GUI_BMP.o(.text))
<BR><BR>[Called By]<UL><LI><a href="#[14d]">&gt;&gt;</a>&nbsp;&nbsp;&nbsp;GUI_BMP_GetYSize
<LI><a href="#[14a]">&gt;&gt;</a>&nbsp;&nbsp;&nbsp;GUI_BMP_GetXSize
</UL>
<BR>[Address Reference Count : 1]<UL><LI> GUI_BMP.o(.text)
</UL>
<P><STRONG><a name="[149]"></a>GUI_BMP_GetXSizeEx</STRONG> (Thumb, 36 bytes, Stack size 8 bytes, GUI_BMP.o(.text), UNUSED)
<BR><BR>[Calls]<UL><LI><a href="#[141]">&gt;&gt;</a>&nbsp;&nbsp;&nbsp;GUI__Read32
</UL>

<P><STRONG><a name="[14a]"></a>GUI_BMP_GetXSize</STRONG> (Thumb, 44 bytes, Stack size 16 bytes, GUI_BMP.o(.text), UNUSED)
<BR><BR>[Calls]<UL><LI><a href="#[141]">&gt;&gt;</a>&nbsp;&nbsp;&nbsp;GUI__Read32
<LI><a href="#[14b]">&gt;&gt;</a>&nbsp;&nbsp;&nbsp;GUI_BMP__GetData
</UL>

<P><STRONG><a name="[14c]"></a>GUI_BMP_GetYSizeEx</STRONG> (Thumb, 42 bytes, Stack size 8 bytes, GUI_BMP.o(.text), UNUSED)
<BR><BR>[Calls]<UL><LI><a href="#[141]">&gt;&gt;</a>&nbsp;&nbsp;&nbsp;GUI__Read32
</UL>

<P><STRONG><a name="[14d]"></a>GUI_BMP_GetYSize</STRONG> (Thumb, 50 bytes, Stack size 16 bytes, GUI_BMP.o(.text), UNUSED)
<BR><BR>[Calls]<UL><LI><a href="#[141]">&gt;&gt;</a>&nbsp;&nbsp;&nbsp;GUI__Read32
<LI><a href="#[14b]">&gt;&gt;</a>&nbsp;&nbsp;&nbsp;GUI_BMP__GetData
</UL>

<P><STRONG><a name="[14e]"></a>GUI_BMP_DrawEx</STRONG> (Thumb, 24 bytes, Stack size 16 bytes, GUI_BMP.o(.text), UNUSED)
<BR><BR>[Calls]<UL><LI><a href="#[14f]">&gt;&gt;</a>&nbsp;&nbsp;&nbsp;_Draw
</UL>

<P><STRONG><a name="[150]"></a>GUI_BMP_Draw</STRONG> (Thumb, 32 bytes, Stack size 24 bytes, GUI_BMP.o(.text))
<BR><BR>[Stack]<UL><LI>Max Depth = 416<LI>Call Chain = GUI_BMP_Draw &rArr; _Draw &rArr; WM__InitIVRSearch &rArr; WM__GetNextIVR &rArr; WM__ActivateClipRect &rArr; LCD_SetClipRectEx &rArr; GUI__IntersectRects
</UL>
<BR>[Calls]<UL><LI><a href="#[14f]">&gt;&gt;</a>&nbsp;&nbsp;&nbsp;_Draw
</UL>
<BR>[Called By]<UL><LI><a href="#[400]">&gt;&gt;</a>&nbsp;&nbsp;&nbsp;InitGroupRes
</UL>

<P><STRONG><a name="[6b0]"></a>GUI_BMP_DisableAlpha</STRONG> (Thumb, 8 bytes, Stack size 0 bytes, GUI_BMP.o(.text), UNUSED)

<P><STRONG><a name="[6b1]"></a>GUIPROP__FindChar</STRONG> (Thumb, 28 bytes, Stack size 0 bytes, GUI_CharP.o(.text), UNUSED)

<P><STRONG><a name="[d1]"></a>GUIPROP_DispChar</STRONG> (Thumb, 234 bytes, Stack size 56 bytes, GUI_CharP.o(.text))
<BR><BR>[Stack]<UL><LI>Max Depth = 152<LI>Call Chain = GUIPROP_DispChar &rArr; LCD_DrawBitmap &rArr; LCD_FillRect
</UL>
<BR>[Calls]<UL><LI><a href="#[128]">&gt;&gt;</a>&nbsp;&nbsp;&nbsp;GUI_SetColor
<LI><a href="#[158]">&gt;&gt;</a>&nbsp;&nbsp;&nbsp;GUI_GetColor
<LI><a href="#[157]">&gt;&gt;</a>&nbsp;&nbsp;&nbsp;LCD_SetDrawMode
<LI><a href="#[159]">&gt;&gt;</a>&nbsp;&nbsp;&nbsp;GUI_GetBkColor
[...]
<BR>[Address Reference Count : 1]<UL><LI> GUIDEV_16.o(.constdata)
</UL>
<P><STRONG><a name="[2d7]"></a>_GetWindowDevice</STRONG> (Thumb, 770 bytes, Stack size 104 bytes, GUIDEV_StaticDevices.o(.text), UNUSED)
<BR><BR>[Calls]<UL><LI><a href="#[1f6]">&gt;&gt;</a>&nbsp;&nbsp;&nbsp;GUI_MEMDEV_Delete
<LI><a href="#[206]">&gt;&gt;</a>&nbsp;&nbsp;&nbsp;GUI_MEMDEV_CreateFixed
<LI><a href="#[125]">&gt;&gt;</a>&nbsp;&nbsp;&nbsp;GUI_Unlock
<LI><a href="#[123]">&gt;&gt;</a>&nbsp;&nbsp;&nbsp;GUI_Lock
<LI><a href="#[13e]">&gt;&gt;</a>&nbsp;&nbsp;&nbsp;GUI_ALLOC_UnlockH
<LI><a href="#[13c]">&gt;&gt;</a>&nbsp;&nbsp;&nbsp;GUI_ALLOC_LockH
<LI><a href="#[23a]">&gt;&gt;</a>&nbsp;&nbsp;&nbsp;WM__ClipAtParentBorders
<LI><a href="#[2d8]">&gt;&gt;</a>&nbsp;&nbsp;&nbsp;WM_GetWindowRectEx
<LI><a href="#[209]">&gt;&gt;</a>&nbsp;&nbsp;&nbsp;GUI_MEMDEV_GetYSize
<LI><a href="#[2d4]">&gt;&gt;</a>&nbsp;&nbsp;&nbsp;GUI_MEMDEV_GetYPos
<LI><a href="#[208]">&gt;&gt;</a>&nbsp;&nbsp;&nbsp;GUI_MEMDEV_GetXSize
<LI><a href="#[2d3]">&gt;&gt;</a>&nbsp;&nbsp;&nbsp;GUI_MEMDEV_GetXPos
<LI><a href="#[20b]">&gt;&gt;</a>&nbsp;&nbsp;&nbsp;GUI_MEMDEV_GetDataPtr
<LI><a href="#[c]">&gt;&gt;</a>&nbsp;&nbsp;&nbsp;GUI__MixColors
<LI><a href="#[2d7]">&gt;&gt;</a>&nbsp;&nbsp;&nbsp;_GetWindowDevice
<LI><a href="#[133]">&gt;&gt;</a>&nbsp;&nbsp;&nbsp;__aeabi_memcpy4
<LI><a href="#[1ef]">&gt;&gt;</a>&nbsp;&nbsp;&nbsp;__aeabi_memcpy
</UL>
<BR>[Called By]<UL><LI><a href="#[2dc]">&gt;&gt;</a>&nbsp;&nbsp;&nbsp;GUI_MEMDEV_GetWindowDevice
<LI><a href="#[2d7]">&gt;&gt;</a>&nbsp;&nbsp;&nbsp;_GetWindowDevice
</UL>

<P><STRONG><a name="[2d9]"></a>_CreateStaticDevice</STRONG> (Thumb, 286 bytes, Stack size 48 bytes, GUIDEV_StaticDevices.o(.text))
<BR><BR>[Stack]<UL><LI>Max Depth = 600<LI>Call Chain = _CreateStaticDevice &rArr; WM_SetSize &rArr; WM_ResizeWindow &rArr; WM__UpdateChildPositions &rArr;  WM_ResizeWindow (Cycle)
</UL>
<BR>[Calls]<UL><LI><a href="#[16c]">&gt;&gt;</a>&nbsp;&nbsp;&nbsp;WM_GetDesktopWindow
<LI><a href="#[1c3]">&gt;&gt;</a>&nbsp;&nbsp;&nbsp;LCD_GetYSize
<LI><a href="#[1fb]">&gt;&gt;</a>&nbsp;&nbsp;&nbsp;GUI_MEMDEV_Select
<LI><a href="#[1c2]">&gt;&gt;</a>&nbsp;&nbsp;&nbsp;LCD_GetXSize
<LI><a href="#[272]">&gt;&gt;</a>&nbsp;&nbsp;&nbsp;WM_SetSize
<LI><a href="#[12c]">&gt;&gt;</a>&nbsp;&nbsp;&nbsp;GUI__memset
<LI><a href="#[13e]">&gt;&gt;</a>&nbsp;&nbsp;&nbsp;GUI_ALLOC_UnlockH
<LI><a href="#[13c]">&gt;&gt;</a>&nbsp;&nbsp;&nbsp;GUI_ALLOC_LockH
<LI><a href="#[25b]">&gt;&gt;</a>&nbsp;&nbsp;&nbsp;WM__Paint1
<LI><a href="#[20b]">&gt;&gt;</a>&nbsp;&nbsp;&nbsp;GUI_MEMDEV_GetDataPtr
<LI><a href="#[1f1]">&gt;&gt;</a>&nbsp;&nbsp;&nbsp;GUI_MEMDEV__CreateFixed
<LI><a href="#[2dd]">&gt;&gt;</a>&nbsp;&nbsp;&nbsp;GUI__AlphaSuppressMixing
<LI><a href="#[2d1]">&gt;&gt;</a>&nbsp;&nbsp;&nbsp;GUI_MEMDEV_SetOrg
</UL>
<BR>[Called By]<UL><LI><a href="#[6e]">&gt;&gt;</a>&nbsp;&nbsp;&nbsp;GUI_MEMDEV_Paint1Static
<LI><a href="#[2da]">&gt;&gt;</a>&nbsp;&nbsp;&nbsp;GUI_MEMDEV_CreateStatic
<LI><a href="#[2db]">&gt;&gt;</a>&nbsp;&nbsp;&nbsp;_CreateStatic
</UL>

<P><STRONG><a name="[2db]"></a>_CreateStatic</STRONG> (Thumb, 130 bytes, Stack size 48 bytes, GUIDEV_StaticDevices.o(.text), UNUSED)
<BR><BR>[Calls]<UL><LI><a href="#[166]">&gt;&gt;</a>&nbsp;&nbsp;&nbsp;GUI_GotoXY
<LI><a href="#[13e]">&gt;&gt;</a>&nbsp;&nbsp;&nbsp;GUI_ALLOC_UnlockH
<LI><a href="#[13c]">&gt;&gt;</a>&nbsp;&nbsp;&nbsp;GUI_ALLOC_LockH
<LI><a href="#[259]">&gt;&gt;</a>&nbsp;&nbsp;&nbsp;WM_SetDefault
<LI><a href="#[23a]">&gt;&gt;</a>&nbsp;&nbsp;&nbsp;WM__ClipAtParentBorders
<LI><a href="#[245]">&gt;&gt;</a>&nbsp;&nbsp;&nbsp;WM_SelectWindow
<LI><a href="#[2db]">&gt;&gt;</a>&nbsp;&nbsp;&nbsp;_CreateStatic
<LI><a href="#[2d9]">&gt;&gt;</a>&nbsp;&nbsp;&nbsp;_CreateStaticDevice
</UL>
<BR>[Called By]<UL><LI><a href="#[2da]">&gt;&gt;</a>&nbsp;&nbsp;&nbsp;GUI_MEMDEV_CreateStatic
<LI><a href="#[2db]">&gt;&gt;</a>&nbsp;&nbsp;&nbsp;_CreateStatic
</UL>

<P><STRONG><a name="[106]"></a>GUI_USAGE_BM_AddPixel</STRONG> (Thumb, 46 bytes, Stack size 0 bytes, GUIDEV_UsageBM.o(.text))
<BR>[Address Reference Count : 1]<UL><LI> GUIDEV_UsageBM.o(.constdata)
</UL>
<P><STRONG><a name="[107]"></a>GUI_USAGE_BM_AddHLine</STRONG> (Thumb, 120 bytes, Stack size 16 bytes, GUIDEV_UsageBM.o(.text))
<BR><BR>[Stack]<UL><LI>Max Depth = 16<LI>Call Chain = GUI_USAGE_BM_AddHLine
</UL>
<BR>[Calls]<UL><LI><a href="#[2df]">&gt;&gt;</a>&nbsp;&nbsp;&nbsp;__aeabi_memset
</UL>
<BR>[Address Reference Count : 1]<UL><LI> GUIDEV_UsageBM.o(.constdata)
</UL>
<P><STRONG><a name="[108]"></a>GUI_USAGE_BM_Clear</STRONG> (Thumb, 14 bytes, Stack size 0 bytes, GUIDEV_UsageBM.o(.text))
<BR><BR>[Calls]<UL><LI><a href="#[2b9]">&gt;&gt;</a>&nbsp;&nbsp;&nbsp;__aeabi_memclr4
</UL>
<BR>[Address Reference Count : 1]<UL><LI> GUIDEV_UsageBM.o(.constdata)
</UL>
<P><STRONG><a name="[10a]"></a>GUI_USAGE_BM_GetNextDirty</STRONG> (Thumb, 206 bytes, Stack size 8 bytes, GUIDEV_UsageBM.o(.text))
<BR><BR>[Stack]<UL><LI>Max Depth = 8<LI>Call Chain = GUI_USAGE_BM_GetNextDirty
</UL>
<BR>[Address Reference Count : 1]<UL><LI> GUIDEV_UsageBM.o(.constdata)
</UL>
<P><STRONG><a name="[109]"></a>_GUI_USAGE_BM_Delete</STRONG> (Thumb, 4 bytes, Stack size 0 bytes, GUIDEV_UsageBM.o(.text))
<BR><BR>[Stack]<UL><LI>Max Depth = 44<LI>Call Chain = _GUI_USAGE_BM_Delete &rArr; GUI_ALLOC_Free &rArr; GUI_Lock &rArr; GUI_DEVICE_UnlinkTaskDevices
</UL>
<BR>[Calls]<UL><LI><a href="#[12d]">&gt;&gt;</a>&nbsp;&nbsp;&nbsp;GUI_ALLOC_Free
</UL>
<BR>[Address Reference Count : 1]<UL><LI> GUIDEV_UsageBM.o(.constdata)
</UL>
<P><STRONG><a name="[10b]"></a>_Color2Index_0</STRONG> (Thumb, 106 bytes, Stack size 32 bytes, GUICC_0.o(.text))
<BR><BR>[Stack]<UL><LI>Max Depth = 48<LI>Call Chain = _Color2Index_0 &rArr; LCD_GetNumColors
</UL>
<BR>[Calls]<UL><LI><a href="#[1ce]">&gt;&gt;</a>&nbsp;&nbsp;&nbsp;LCD_GetPalette
<LI><a href="#[1c7]">&gt;&gt;</a>&nbsp;&nbsp;&nbsp;LCD_GetNumColors
<LI><a href="#[367]">&gt;&gt;</a>&nbsp;&nbsp;&nbsp;GUI_CalcColorDist
</UL>
<BR>[Address Reference Count : 1]<UL><LI> GUICC_0.o(.constdata)
</UL>
<P><STRONG><a name="[10c]"></a>_Index2Color_0</STRONG> (Thumb, 32 bytes, Stack size 16 bytes, GUICC_0.o(.text))
<BR><BR>[Stack]<UL><LI>Max Depth = 32<LI>Call Chain = _Index2Color_0 &rArr; LCD_GetNumColors
</UL>
<BR>[Calls]<UL><LI><a href="#[1ce]">&gt;&gt;</a>&nbsp;&nbsp;&nbsp;LCD_GetPalette
<LI><a href="#[1c7]">&gt;&gt;</a>&nbsp;&nbsp;&nbsp;LCD_GetNumColors
</UL>
<BR>[Address Reference Count : 1]<UL><LI> GUICC_0.o(.constdata)
</UL>
<P><STRONG><a name="[10d]"></a>_GetIndexMask_0</STRONG> (Thumb, 82 bytes, Stack size 8 bytes, GUICC_0.o(.text))
<BR><BR>[Stack]<UL><LI>Max Depth = 24<LI>Call Chain = _GetIndexMask_0 &rArr; LCD_GetNumColors
</UL>
<BR>[Calls]<UL><LI><a href="#[1c7]">&gt;&gt;</a>&nbsp;&nbsp;&nbsp;LCD_GetNumColors
</UL>
<BR>[Address Reference Count : 1]<UL><LI> GUICC_0.o(.constdata)
</UL>
<P><STRONG><a name="[10e]"></a>_Color2Index</STRONG> (Thumb, 20 bytes, Stack size 0 bytes, GUI_SetAlpha.o(.text))
<BR>[Address Reference Count : 1]<UL><LI> GUI_SetAlpha.o(.constdata)
</UL>
<P><STRONG><a name="[10f]"></a>_Index2Color</STRONG> (Thumb, 20 bytes, Stack size 0 bytes, GUI_SetAlpha.o(.text))
<BR>[Address Reference Count : 1]<UL><LI> GUI_SetAlpha.o(.constdata)
</UL>
<P><STRONG><a name="[110]"></a>_GetIndexMask</STRONG> (Thumb, 20 bytes, Stack size 0 bytes, GUI_SetAlpha.o(.text))
<BR>[Address Reference Count : 1]<UL><LI> GUI_SetAlpha.o(.constdata)
</UL>
<P><STRONG><a name="[111]"></a>_Color2IndexBulk</STRONG> (Thumb, 166 bytes, Stack size 24 bytes, GUI_SetAlpha.o(.text))
<BR><BR>[Stack]<UL><LI>Max Depth = 24<LI>Call Chain = _Color2IndexBulk
</UL>
<BR>[Address Reference Count : 1]<UL><LI> GUI_SetAlpha.o(.constdata)
</UL>
<P><STRONG><a name="[112]"></a>_Index2ColorBulk</STRONG> (Thumb, 168 bytes, Stack size 24 bytes, GUI_SetAlpha.o(.text))
<BR><BR>[Stack]<UL><LI>Max Depth = 24<LI>Call Chain = _Index2ColorBulk
</UL>
<BR>[Address Reference Count : 1]<UL><LI> GUI_SetAlpha.o(.constdata)
</UL>
<P><STRONG><a name="[7b]"></a>_ReadRectFromMemdev</STRONG> (Thumb, 144 bytes, Stack size 40 bytes, GUI_SetAlpha.o(.text))
<BR><BR>[Stack]<UL><LI>Max Depth = 84<LI>Call Chain = _ReadRectFromMemdev &rArr; GUI_MEMDEV_GetYPos &rArr; GUI_Lock &rArr; GUI_DEVICE_UnlinkTaskDevices
</UL>
<BR>[Calls]<UL><LI><a href="#[227]">&gt;&gt;</a>&nbsp;&nbsp;&nbsp;GUI__ExpandPixelIndices
<LI><a href="#[2d4]">&gt;&gt;</a>&nbsp;&nbsp;&nbsp;GUI_MEMDEV_GetYPos
<LI><a href="#[208]">&gt;&gt;</a>&nbsp;&nbsp;&nbsp;GUI_MEMDEV_GetXSize
<LI><a href="#[2d3]">&gt;&gt;</a>&nbsp;&nbsp;&nbsp;GUI_MEMDEV_GetXPos
<LI><a href="#[20b]">&gt;&gt;</a>&nbsp;&nbsp;&nbsp;GUI_MEMDEV_GetDataPtr
<LI><a href="#[1f5]">&gt;&gt;</a>&nbsp;&nbsp;&nbsp;GUI_MEMDEV_GetBitsPerPixel
<LI><a href="#[1ef]">&gt;&gt;</a>&nbsp;&nbsp;&nbsp;__aeabi_memcpy
</UL>
<BR>[Address Reference Count : 1]<UL><LI> GUI_SetAlpha.o(.text)
</UL>
<P><STRONG><a name="[36a]"></a>_GetLine</STRONG> (Thumb, 172 bytes, Stack size 64 bytes, GUI_SetAlpha.o(.text))
<BR><BR>[Stack]<UL><LI>Max Depth = 80<LI>Call Chain = _GetLine &rArr; LCD_GetBitsPerPixelEx
</UL>
<BR>[Calls]<UL><LI><a href="#[1bb]">&gt;&gt;</a>&nbsp;&nbsp;&nbsp;LCD_GetBitsPerPixelEx
<LI><a href="#[227]">&gt;&gt;</a>&nbsp;&nbsp;&nbsp;GUI__ExpandPixelIndices
</UL>
<BR>[Called By]<UL><LI><a href="#[116]">&gt;&gt;</a>&nbsp;&nbsp;&nbsp;_FillRect
<LI><a href="#[114]">&gt;&gt;</a>&nbsp;&nbsp;&nbsp;_DrawHLine
<LI><a href="#[113]">&gt;&gt;</a>&nbsp;&nbsp;&nbsp;_DrawBitmap
</UL>

<P><STRONG><a name="[117]"></a>_GetPixelIndex</STRONG> (Thumb, 8 bytes, Stack size 0 bytes, GUI_SetAlpha.o(.text))
<BR>[Address Reference Count : 1]<UL><LI> GUI_SetAlpha.o(.constdata)
</UL>
<P><STRONG><a name="[118]"></a>_SetPixelIndex</STRONG> (Thumb, 70 bytes, Stack size 24 bytes, GUI_SetAlpha.o(.text))
<BR><BR>[Stack]<UL><LI>Max Depth = 44<LI>Call Chain = _SetPixelIndex &rArr; _MixColors &rArr; GUI__MixColors
</UL>
<BR>[Calls]<UL><LI><a href="#[36b]">&gt;&gt;</a>&nbsp;&nbsp;&nbsp;_MixColors
</UL>
<BR>[Called By]<UL><LI><a href="#[115]">&gt;&gt;</a>&nbsp;&nbsp;&nbsp;_DrawVLine
<LI><a href="#[113]">&gt;&gt;</a>&nbsp;&nbsp;&nbsp;_DrawBitmap
<LI><a href="#[119]">&gt;&gt;</a>&nbsp;&nbsp;&nbsp;_XorPixel
</UL>
<BR>[Address Reference Count : 1]<UL><LI> GUI_SetAlpha.o(.constdata)
</UL>
<P><STRONG><a name="[119]"></a>_XorPixel</STRONG> (Thumb, 44 bytes, Stack size 24 bytes, GUI_SetAlpha.o(.text))
<BR><BR>[Stack]<UL><LI>Max Depth = 68<LI>Call Chain = _XorPixel &rArr; _SetPixelIndex &rArr; _MixColors &rArr; GUI__MixColors
</UL>
<BR>[Calls]<UL><LI><a href="#[118]">&gt;&gt;</a>&nbsp;&nbsp;&nbsp;_SetPixelIndex
</UL>
<BR>[Address Reference Count : 1]<UL><LI> GUI_SetAlpha.o(.constdata)
</UL>
<P><STRONG><a name="[113]"></a>_DrawBitmap</STRONG> (Thumb, 1704 bytes, Stack size 88 bytes, GUI_SetAlpha.o(.text))
<BR><BR>[Stack]<UL><LI>Max Depth = 168<LI>Call Chain = _DrawBitmap &rArr; _GetLine &rArr; LCD_GetBitsPerPixelEx
</UL>
<BR>[Calls]<UL><LI><a href="#[c]">&gt;&gt;</a>&nbsp;&nbsp;&nbsp;GUI__MixColors
<LI><a href="#[36c]">&gt;&gt;</a>&nbsp;&nbsp;&nbsp;_DrawBitmapLine
<LI><a href="#[118]">&gt;&gt;</a>&nbsp;&nbsp;&nbsp;_SetPixelIndex
<LI><a href="#[36a]">&gt;&gt;</a>&nbsp;&nbsp;&nbsp;_GetLine
</UL>
<BR>[Address Reference Count : 1]<UL><LI> GUI_SetAlpha.o(.constdata)
</UL>
<P><STRONG><a name="[114]"></a>_DrawHLine</STRONG> (Thumb, 174 bytes, Stack size 64 bytes, GUI_SetAlpha.o(.text))
<BR><BR>[Stack]<UL><LI>Max Depth = 144<LI>Call Chain = _DrawHLine &rArr; _GetLine &rArr; LCD_GetBitsPerPixelEx
</UL>
<BR>[Calls]<UL><LI><a href="#[199]">&gt;&gt;</a>&nbsp;&nbsp;&nbsp;LCD_Index2Color
<LI><a href="#[c]">&gt;&gt;</a>&nbsp;&nbsp;&nbsp;GUI__MixColors
<LI><a href="#[36c]">&gt;&gt;</a>&nbsp;&nbsp;&nbsp;_DrawBitmapLine
<LI><a href="#[36a]">&gt;&gt;</a>&nbsp;&nbsp;&nbsp;_GetLine
</UL>
<BR>[Address Reference Count : 1]<UL><LI> GUI_SetAlpha.o(.constdata)
</UL>
<P><STRONG><a name="[115]"></a>_DrawVLine</STRONG> (Thumb, 118 bytes, Stack size 24 bytes, GUI_SetAlpha.o(.text))
<BR><BR>[Stack]<UL><LI>Max Depth = 68<LI>Call Chain = _DrawVLine &rArr; _SetPixelIndex &rArr; _MixColors &rArr; GUI__MixColors
</UL>
<BR>[Calls]<UL><LI><a href="#[118]">&gt;&gt;</a>&nbsp;&nbsp;&nbsp;_SetPixelIndex
</UL>
<BR>[Address Reference Count : 1]<UL><LI> GUI_SetAlpha.o(.constdata)
</UL>
<P><STRONG><a name="[116]"></a>_FillRect</STRONG> (Thumb, 206 bytes, Stack size 80 bytes, GUI_SetAlpha.o(.text))
<BR><BR>[Stack]<UL><LI>Max Depth = 160<LI>Call Chain = _FillRect &rArr; _GetLine &rArr; LCD_GetBitsPerPixelEx
</UL>
<BR>[Calls]<UL><LI><a href="#[199]">&gt;&gt;</a>&nbsp;&nbsp;&nbsp;LCD_Index2Color
<LI><a href="#[c]">&gt;&gt;</a>&nbsp;&nbsp;&nbsp;GUI__MixColors
<LI><a href="#[36c]">&gt;&gt;</a>&nbsp;&nbsp;&nbsp;_DrawBitmapLine
<LI><a href="#[36a]">&gt;&gt;</a>&nbsp;&nbsp;&nbsp;_GetLine
</UL>
<BR>[Address Reference Count : 1]<UL><LI> GUI_SetAlpha.o(.constdata)
</UL>
<P><STRONG><a name="[11d]"></a>_GetDevData</STRONG> (Thumb, 4 bytes, Stack size 0 bytes, GUI_SetAlpha.o(.text))
<BR>[Address Reference Count : 1]<UL><LI> GUI_SetAlpha.o(.constdata)
</UL>
<P><STRONG><a name="[11a]"></a>_SetOrg</STRONG> (Thumb, 8 bytes, Stack size 0 bytes, GUI_SetAlpha.o(.text))
<BR>[Address Reference Count : 1]<UL><LI> GUI_SetAlpha.o(.constdata)
</UL>
<P><STRONG><a name="[11b]"></a>_GetDevFunc</STRONG> (Thumb, 12 bytes, Stack size 0 bytes, GUI_SetAlpha.o(.text))
<BR>[Address Reference Count : 1]<UL><LI> GUI_SetAlpha.o(.constdata)
</UL>
<P><STRONG><a name="[11c]"></a>_GetDevProp</STRONG> (Thumb, 8 bytes, Stack size 0 bytes, GUI_SetAlpha.o(.text))
<BR>[Address Reference Count : 1]<UL><LI> GUI_SetAlpha.o(.constdata)
</UL>
<P><STRONG><a name="[11e]"></a>_GetRect</STRONG> (Thumb, 8 bytes, Stack size 0 bytes, GUI_SetAlpha.o(.text))
<BR>[Address Reference Count : 1]<UL><LI> GUI_SetAlpha.o(.constdata)
</UL>
<P><STRONG><a name="[7c]"></a>_OnExit</STRONG> (Thumb, 48 bytes, Stack size 16 bytes, GUI_SetAlpha.o(.text))
<BR><BR>[Stack]<UL><LI>Max Depth = 16<LI>Call Chain = _OnExit
</UL>
<BR>[Calls]<UL><LI><a href="#[172]">&gt;&gt;</a>&nbsp;&nbsp;&nbsp;GUI_DEVICE_Delete
<LI><a href="#[173]">&gt;&gt;</a>&nbsp;&nbsp;&nbsp;GUI_ALLOC_FreeFixedBlock
</UL>
<BR>[Address Reference Count : 1]<UL><LI> GUI_SetAlpha.o(.text)
</UL>
<P><STRONG><a name="[36b]"></a>_MixColors</STRONG> (Thumb, 52 bytes, Stack size 8 bytes, GUI_SetAlpha.o(.text))
<BR><BR>[Stack]<UL><LI>Max Depth = 20<LI>Call Chain = _MixColors &rArr; GUI__MixColors
</UL>
<BR>[Calls]<UL><LI><a href="#[c]">&gt;&gt;</a>&nbsp;&nbsp;&nbsp;GUI__MixColors
</UL>
<BR>[Called By]<UL><LI><a href="#[118]">&gt;&gt;</a>&nbsp;&nbsp;&nbsp;_SetPixelIndex
</UL>

<P><STRONG><a name="[36c]"></a>_DrawBitmapLine</STRONG> (Thumb, 92 bytes, Stack size 56 bytes, GUI_SetAlpha.o(.text))
<BR><BR>[Stack]<UL><LI>Max Depth = 72<LI>Call Chain = _DrawBitmapLine &rArr; LCD_GetBitsPerPixelEx
</UL>
<BR>[Calls]<UL><LI><a href="#[1bb]">&gt;&gt;</a>&nbsp;&nbsp;&nbsp;LCD_GetBitsPerPixelEx
<LI><a href="#[228]">&gt;&gt;</a>&nbsp;&nbsp;&nbsp;GUI__CompactPixelIndices
</UL>
<BR>[Called By]<UL><LI><a href="#[116]">&gt;&gt;</a>&nbsp;&nbsp;&nbsp;_FillRect
<LI><a href="#[114]">&gt;&gt;</a>&nbsp;&nbsp;&nbsp;_DrawHLine
<LI><a href="#[113]">&gt;&gt;</a>&nbsp;&nbsp;&nbsp;_DrawBitmap
</UL>

<P><STRONG><a name="[373]"></a>crc32_big</STRONG> (Thumb, 1034 bytes, Stack size 16 bytes, crc32.o(.text))
<BR><BR>[Stack]<UL><LI>Max Depth = 16<LI>Call Chain = crc32_big
</UL>
<BR>[Called By]<UL><LI><a href="#[2e7]">&gt;&gt;</a>&nbsp;&nbsp;&nbsp;crc32
</UL>

<P><STRONG><a name="[378]"></a>updatewindow</STRONG> (Thumb, 178 bytes, Stack size 24 bytes, inflate.o(.text))
<BR><BR>[Stack]<UL><LI>Max Depth = 32<LI>Call Chain = updatewindow &rArr; __aeabi_memcpy
</UL>
<BR>[Calls]<UL><LI><a href="#[1ef]">&gt;&gt;</a>&nbsp;&nbsp;&nbsp;__aeabi_memcpy
</UL>
<BR>[Called By]<UL><LI><a href="#[325]">&gt;&gt;</a>&nbsp;&nbsp;&nbsp;inflate
<LI><a href="#[379]">&gt;&gt;</a>&nbsp;&nbsp;&nbsp;inflateSetDictionary
</UL>

<P><STRONG><a name="[3aa]"></a>_MoveDescendents</STRONG> (Thumb, 122 bytes, Stack size 72 bytes, WM_Move.o(.text))
<BR><BR>[Stack]<UL><LI>Max Depth = 280 + In Cycle
<LI>Call Chain = _MoveDescendents &rArr;  _MoveDescendents (Cycle)
</UL>
<BR>[Calls]<UL><LI><a href="#[13e]">&gt;&gt;</a>&nbsp;&nbsp;&nbsp;GUI_ALLOC_UnlockH
<LI><a href="#[13c]">&gt;&gt;</a>&nbsp;&nbsp;&nbsp;GUI_ALLOC_LockH
<LI><a href="#[248]">&gt;&gt;</a>&nbsp;&nbsp;&nbsp;WM__SendMessage
<LI><a href="#[231]">&gt;&gt;</a>&nbsp;&nbsp;&nbsp;GUI_MoveRect
<LI><a href="#[3aa]">&gt;&gt;</a>&nbsp;&nbsp;&nbsp;_MoveDescendents
</UL>
<BR>[Called By]<UL><LI><a href="#[3a9]">&gt;&gt;</a>&nbsp;&nbsp;&nbsp;WM__MoveWindow
<LI><a href="#[3aa]">&gt;&gt;</a>&nbsp;&nbsp;&nbsp;_MoveDescendents
</UL>

<P><STRONG><a name="[4c2]"></a>_fp_digits</STRONG> (Thumb, 366 bytes, Stack size 64 bytes, printfa.o(i._fp_digits), UNUSED)
<BR><BR>[Calls]<UL><LI><a href="#[33e]">&gt;&gt;</a>&nbsp;&nbsp;&nbsp;__aeabi_dmul
<LI><a href="#[347]">&gt;&gt;</a>&nbsp;&nbsp;&nbsp;__aeabi_ddiv
<LI><a href="#[343]">&gt;&gt;</a>&nbsp;&nbsp;&nbsp;__aeabi_dadd
<LI><a href="#[340]">&gt;&gt;</a>&nbsp;&nbsp;&nbsp;__aeabi_cdrcmple
<LI><a href="#[3af]">&gt;&gt;</a>&nbsp;&nbsp;&nbsp;__aeabi_uldivmod
<LI><a href="#[3bd]">&gt;&gt;</a>&nbsp;&nbsp;&nbsp;__aeabi_d2ulz
</UL>
<BR>[Called By]<UL><LI><a href="#[4a6]">&gt;&gt;</a>&nbsp;&nbsp;&nbsp;_printf_core
</UL>

<P><STRONG><a name="[4a6]"></a>_printf_core</STRONG> (Thumb, 1744 bytes, Stack size 136 bytes, printfa.o(i._printf_core), UNUSED)
<BR><BR>[Calls]<UL><LI><a href="#[3af]">&gt;&gt;</a>&nbsp;&nbsp;&nbsp;__aeabi_uldivmod
<LI><a href="#[4c5]">&gt;&gt;</a>&nbsp;&nbsp;&nbsp;__aeabi_uidivmod
<LI><a href="#[4c3]">&gt;&gt;</a>&nbsp;&nbsp;&nbsp;_printf_pre_padding
<LI><a href="#[4c4]">&gt;&gt;</a>&nbsp;&nbsp;&nbsp;_printf_post_padding
<LI><a href="#[4c2]">&gt;&gt;</a>&nbsp;&nbsp;&nbsp;_fp_digits
</UL>
<BR>[Called By]<UL><LI><a href="#[4a7]">&gt;&gt;</a>&nbsp;&nbsp;&nbsp;__0sprintf
<LI><a href="#[4a5]">&gt;&gt;</a>&nbsp;&nbsp;&nbsp;__0snprintf
</UL>

<P><STRONG><a name="[4c4]"></a>_printf_post_padding</STRONG> (Thumb, 36 bytes, Stack size 24 bytes, printfa.o(i._printf_post_padding), UNUSED)
<BR><BR>[Called By]<UL><LI><a href="#[4a6]">&gt;&gt;</a>&nbsp;&nbsp;&nbsp;_printf_core
</UL>

<P><STRONG><a name="[4c3]"></a>_printf_pre_padding</STRONG> (Thumb, 46 bytes, Stack size 24 bytes, printfa.o(i._printf_pre_padding), UNUSED)
<BR><BR>[Called By]<UL><LI><a href="#[4a6]">&gt;&gt;</a>&nbsp;&nbsp;&nbsp;_printf_core
</UL>

<P><STRONG><a name="[96]"></a>_snputc</STRONG> (Thumb, 22 bytes, Stack size 0 bytes, printfa.o(i._snputc))
<BR>[Address Reference Count : 1]<UL><LI> printfa.o(i.__0snprintf)
</UL>
<P><STRONG><a name="[97]"></a>_sputc</STRONG> (Thumb, 10 bytes, Stack size 0 bytes, printfa.o(i._sputc))
<BR><BR>[Called By]<UL><LI><a href="#[4a7]">&gt;&gt;</a>&nbsp;&nbsp;&nbsp;__0sprintf
</UL>
<BR>[Address Reference Count : 1]<UL><LI> printfa.o(i.__0sprintf)
</UL>
<P><STRONG><a name="[3b9]"></a>_local_sscanf</STRONG> (Thumb, 54 bytes, Stack size 56 bytes, strtod.o(.text))
<BR><BR>[Stack]<UL><LI>Max Depth = 160<LI>Call Chain = _local_sscanf &rArr; _scanf_real
</UL>
<BR>[Calls]<UL><LI><a href="#[3ba]">&gt;&gt;</a>&nbsp;&nbsp;&nbsp;_scanf_real
</UL>
<BR>[Called By]<UL><LI><a href="#[3bb]">&gt;&gt;</a>&nbsp;&nbsp;&nbsp;__strtod_int
</UL>

<P><STRONG><a name="[3c0]"></a>_fp_value</STRONG> (Thumb, 256 bytes, Stack size 56 bytes, scanf_fp.o(.text), UNUSED)
<BR><BR>[Calls]<UL><LI><a href="#[33e]">&gt;&gt;</a>&nbsp;&nbsp;&nbsp;__aeabi_dmul
<LI><a href="#[347]">&gt;&gt;</a>&nbsp;&nbsp;&nbsp;__aeabi_ddiv
<LI><a href="#[3c1]">&gt;&gt;</a>&nbsp;&nbsp;&nbsp;__aeabi_ul2d
</UL>
<BR>[Called By]<UL><LI><a href="#[3c2]">&gt;&gt;</a>&nbsp;&nbsp;&nbsp;_scanf_really_real
</UL>
<P>
<H3>
Undefined Global Symbols
</H3><HR></body></html>
