ARM Linker, 5.03 [Build 24] [MDK-ARM Professional]

==============================================================================

Section Cross References

    startup_lpc177x_8x.o(RESET) refers to startup_lpc177x_8x.o(STACK) for __initial_sp
    startup_lpc177x_8x.o(RESET) refers to startup_lpc177x_8x.o(.text) for Reset_Handler
    startup_lpc177x_8x.o(RESET) refers to uart_interrupt.o(.text) for UART0_IRQHandler
    startup_lpc177x_8x.o(.text) refers to system_lpc177x_8x.o(.text) for SystemInit
    startup_lpc177x_8x.o(.text) refers to uart_interrupt.o(.text) for __low_level_init
    startup_lpc177x_8x.o(.text) refers to entry.o(.ARM.Collect$$$$00000000) for __main
    system_lpc177x_8x.o(.text) refers to system_lpc177x_8x.o(.data) for SystemCoreClock
    debug_frmwrk.o(.text) refers to lpc177x_8x_uart.o(.text) for UART_Send
    debug_frmwrk.o(.text) refers to debug_frmwrk.o(.constdata) for .constdata
    debug_frmwrk.o(.text) refers to lpc177x_8x_pinsel.o(.text) for PINSEL_ConfigPin
    debug_frmwrk.o(.text) refers to debug_frmwrk.o(.data) for _db_msg
    lpc177x_8x_clkpwr.o(.text) refers to system_lpc177x_8x.o(.text) for SystemCoreClockUpdate
    lpc177x_8x_clkpwr.o(.text) refers to system_lpc177x_8x.o(.data) for SystemCoreClock
    lpc177x_8x_gpdma.o(.text) refers to lpc177x_8x_clkpwr.o(.text) for CLKPWR_ConfigPPWR
    lpc177x_8x_gpdma.o(.text) refers to lpc177x_8x_gpdma.o(.data) for pGPDMACh
    lpc177x_8x_gpdma.o(.text) refers to lpc177x_8x_gpdma.o(.constdata) for GPDMA_LUTPerBurst
    lpc177x_8x_uart.o(.text) refers to lpc177x_8x_clkpwr.o(.text) for CLKPWR_GetCLK
    lpc177x_8x_uart.o(.text) refers to uldiv.o(.text) for __aeabi_uldivmod
    uart_interrupt.o(.text) refers to lpc177x_8x_uart.o(.text) for UART_IntConfig
    uart_interrupt.o(.text) refers to lpc177x_8x_pinsel.o(.text) for PINSEL_ConfigPin
    uart_interrupt.o(.text) refers to uart_interrupt.o(.bss) for rb
    uart_interrupt.o(.text) refers to uart_interrupt.o(.data) for TxIntStat
    entry.o(.ARM.Collect$$$$00000000) refers (Special) to entry10a.o(.ARM.Collect$$$$0000000D) for __rt_final_cpp
    entry.o(.ARM.Collect$$$$00000000) refers (Special) to entry11a.o(.ARM.Collect$$$$0000000F) for __rt_final_exit
    entry.o(.ARM.Collect$$$$00000000) refers (Special) to entry7b.o(.ARM.Collect$$$$00000008) for _main_clock
    entry.o(.ARM.Collect$$$$00000000) refers (Special) to entry8b.o(.ARM.Collect$$$$0000000A) for _main_cpp_init
    entry.o(.ARM.Collect$$$$00000000) refers (Special) to entry9a.o(.ARM.Collect$$$$0000000B) for _main_init
    entry.o(.ARM.Collect$$$$00000000) refers (Special) to entry5.o(.ARM.Collect$$$$00000004) for _main_scatterload
    entry.o(.ARM.Collect$$$$00000000) refers (Special) to entry2.o(.ARM.Collect$$$$00000001) for _main_stk
    uldiv.o(.text) refers to llushr.o(.text) for __aeabi_llsr
    uldiv.o(.text) refers to llshl.o(.text) for __aeabi_llsl
    entry2.o(.ARM.Collect$$$$00000001) refers to entry2.o(.ARM.Collect$$$$00002712) for __lit__00000000
    entry2.o(.ARM.Collect$$$$00002712) refers to startup_lpc177x_8x.o(STACK) for __initial_sp
    entry2.o(__vectab_stack_and_reset_area) refers to startup_lpc177x_8x.o(STACK) for __initial_sp
    entry2.o(__vectab_stack_and_reset_area) refers to entry.o(.ARM.Collect$$$$00000000) for __main
    entry5.o(.ARM.Collect$$$$00000004) refers to init.o(.text) for __scatterload
    entry9a.o(.ARM.Collect$$$$0000000B) refers to uart_interrupt.o(.text) for main
    entry9b.o(.ARM.Collect$$$$0000000C) refers to uart_interrupt.o(.text) for main
    init.o(.text) refers to entry5.o(.ARM.Collect$$$$00000004) for __main_after_scatterload


==============================================================================

Removing Unused input sections from the image.

    Removing startup_lpc177x_8x.o(HEAP), (10752 bytes).
    Removing system_lpc177x_8x.o(.emb_text), (8 bytes).
    Removing debug_frmwrk.o(.emb_text), (8 bytes).
    Removing debug_frmwrk.o(.text), (1860 bytes).
    Removing debug_frmwrk.o(.constdata), (89 bytes).
    Removing debug_frmwrk.o(.data), (60 bytes).
    Removing lpc177x_8x_clkpwr.o(.emb_text), (8 bytes).
    Removing lpc177x_8x_clkpwr.o(.data), (4 bytes).
    Removing lpc177x_8x_gpdma.o(.emb_text), (8 bytes).
    Removing lpc177x_8x_gpdma.o(.text), (908 bytes).
    Removing lpc177x_8x_gpdma.o(.constdata), (64 bytes).
    Removing lpc177x_8x_gpdma.o(.data), (160 bytes).
    Removing lpc177x_8x_pinsel.o(.emb_text), (8 bytes).
    Removing lpc177x_8x_uart.o(.emb_text), (8 bytes).
    Removing uart_interrupt.o(.emb_text), (8 bytes).

15 unused section(s) (total 13953 bytes) removed from the image.

==============================================================================

Image Symbol Table

    Local Symbols

    Symbol Name                              Value     Ov Type        Size  Object(Section)

    RESET                                    0x00000000   Section      228  startup_lpc177x_8x.o(RESET)
    ../clib/../cmprslib/lz77c.c              0x00000000   Number         0  __dclz77c.o ABSOLUTE
    ../clib/microlib/division.c              0x00000000   Number         0  uldiv.o ABSOLUTE
    ../clib/microlib/init/entry.s            0x00000000   Number         0  entry.o ABSOLUTE
    ../clib/microlib/init/entry.s            0x00000000   Number         0  entry5.o ABSOLUTE
    ../clib/microlib/init/entry.s            0x00000000   Number         0  entry2.o ABSOLUTE
    ../clib/microlib/init/entry.s            0x00000000   Number         0  entry11b.o ABSOLUTE
    ../clib/microlib/init/entry.s            0x00000000   Number         0  entry11a.o ABSOLUTE
    ../clib/microlib/init/entry.s            0x00000000   Number         0  entry10b.o ABSOLUTE
    ../clib/microlib/init/entry.s            0x00000000   Number         0  entry10a.o ABSOLUTE
    ../clib/microlib/init/entry.s            0x00000000   Number         0  entry9b.o ABSOLUTE
    ../clib/microlib/init/entry.s            0x00000000   Number         0  entry9a.o ABSOLUTE
    ../clib/microlib/init/entry.s            0x00000000   Number         0  entry7b.o ABSOLUTE
    ../clib/microlib/init/entry.s            0x00000000   Number         0  entry8b.o ABSOLUTE
    ../clib/microlib/init/entry.s            0x00000000   Number         0  entry8a.o ABSOLUTE
    ../clib/microlib/init/entry.s            0x00000000   Number         0  entry7a.o ABSOLUTE
    ../clib/microlib/longlong.c              0x00000000   Number         0  llushr.o ABSOLUTE
    ../clib/microlib/longlong.c              0x00000000   Number         0  llshl.o ABSOLUTE
    ..\..\..\..\Core\Device\NXP\LPC177x_8x\Source\Templates\ARM\startup_LPC177x_8x.s 0x00000000   Number         0  startup_lpc177x_8x.o ABSOLUTE
    ..\..\..\..\Core\Device\NXP\LPC177x_8x\Source\Templates\system_LPC177x_8x.c 0x00000000   Number         0  system_lpc177x_8x.o ABSOLUTE
    ..\..\..\..\Drivers\source\debug_frmwrk.c 0x00000000   Number         0  debug_frmwrk.o ABSOLUTE
    ..\..\..\..\Drivers\source\lpc177x_8x_clkpwr.c 0x00000000   Number         0  lpc177x_8x_clkpwr.o ABSOLUTE
    ..\..\..\..\Drivers\source\lpc177x_8x_gpdma.c 0x00000000   Number         0  lpc177x_8x_gpdma.o ABSOLUTE
    ..\..\..\..\Drivers\source\lpc177x_8x_pinsel.c 0x00000000   Number         0  lpc177x_8x_pinsel.o ABSOLUTE
    ..\..\..\..\Drivers\source\lpc177x_8x_uart.c 0x00000000   Number         0  lpc177x_8x_uart.o ABSOLUTE
    ..\Uart_Interrupt.c                      0x00000000   Number         0  uart_interrupt.o ABSOLUTE
    ..\\..\\..\\..\\Core\\Device\\NXP\\LPC177x_8x\\Source\\Templates\\system_LPC177x_8x.c 0x00000000   Number         0  system_lpc177x_8x.o ABSOLUTE
    ..\\..\\..\\..\\Drivers\\source\\debug_frmwrk.c 0x00000000   Number         0  debug_frmwrk.o ABSOLUTE
    ..\\..\\..\\..\\Drivers\\source\\lpc177x_8x_clkpwr.c 0x00000000   Number         0  lpc177x_8x_clkpwr.o ABSOLUTE
    ..\\..\\..\\..\\Drivers\\source\\lpc177x_8x_gpdma.c 0x00000000   Number         0  lpc177x_8x_gpdma.o ABSOLUTE
    ..\\..\\..\\..\\Drivers\\source\\lpc177x_8x_pinsel.c 0x00000000   Number         0  lpc177x_8x_pinsel.o ABSOLUTE
    ..\\..\\..\\..\\Drivers\\source\\lpc177x_8x_uart.c 0x00000000   Number         0  lpc177x_8x_uart.o ABSOLUTE
    ..\\Uart_Interrupt.c                     0x00000000   Number         0  uart_interrupt.o ABSOLUTE
    dc.s                                     0x00000000   Number         0  dc.o ABSOLUTE
    handlers.s                               0x00000000   Number         0  handlers.o ABSOLUTE
    init.s                                   0x00000000   Number         0  init.o ABSOLUTE
    .ARM.Collect$$$$00000000                 0x000000e4   Section        0  entry.o(.ARM.Collect$$$$00000000)
    .ARM.Collect$$$$00000001                 0x000000e4   Section        4  entry2.o(.ARM.Collect$$$$00000001)
    .ARM.Collect$$$$00000004                 0x000000e8   Section        4  entry5.o(.ARM.Collect$$$$00000004)
    .ARM.Collect$$$$00000008                 0x000000ec   Section        0  entry7b.o(.ARM.Collect$$$$00000008)
    .ARM.Collect$$$$0000000A                 0x000000ec   Section        0  entry8b.o(.ARM.Collect$$$$0000000A)
    .ARM.Collect$$$$0000000B                 0x000000ec   Section        8  entry9a.o(.ARM.Collect$$$$0000000B)
    .ARM.Collect$$$$0000000D                 0x000000f4   Section        0  entry10a.o(.ARM.Collect$$$$0000000D)
    .ARM.Collect$$$$0000000F                 0x000000f4   Section        0  entry11a.o(.ARM.Collect$$$$0000000F)
    .ARM.Collect$$$$00002712                 0x000000f4   Section        4  entry2.o(.ARM.Collect$$$$00002712)
    __lit__00000000                          0x000000f4   Data           4  entry2.o(.ARM.Collect$$$$00002712)
    .text                                    0x000000f8   Section       44  startup_lpc177x_8x.o(.text)
    .text                                    0x00000124   Section        0  lpc177x_8x_clkpwr.o(.text)
    .text                                    0x0000027c   Section        0  uldiv.o(.text)
    .text                                    0x000002de   Section        0  llshl.o(.text)
    .ARM.__at_0x02FC                         0x000002fc   Section        4  startup_lpc177x_8x.o(.ARM.__at_0x02FC)
    .text                                    0x00000300   Section        0  system_lpc177x_8x.o(.text)
    .text                                    0x000006bc   Section        0  lpc177x_8x_pinsel.o(.text)
    PIN_GetPointer                           0x000006bd   Thumb Code    18  lpc177x_8x_pinsel.o(.text)
    .text                                    0x00000b0c   Section        0  lpc177x_8x_uart.o(.text)
    uart_get_pointer                         0x00000b0d   Thumb Code    34  lpc177x_8x_uart.o(.text)
    uart_set_divisors                        0x00000b2f   Thumb Code   478  lpc177x_8x_uart.o(.text)
    .text                                    0x0000187c   Section        0  uart_interrupt.o(.text)
    .text                                    0x00001b94   Section        0  llushr.o(.text)
    .text                                    0x00001bb4   Section       36  init.o(.text)
    .text                                    0x00001bd8   Section        0  __dclz77c.o(.text)
    i.__scatterload_copy                     0x00001c38   Section       14  handlers.o(i.__scatterload_copy)
    i.__scatterload_null                     0x00001c46   Section        2  handlers.o(i.__scatterload_null)
    i.__scatterload_zeroinit                 0x00001c48   Section       14  handlers.o(i.__scatterload_zeroinit)
    .data                                    0x10000000   Section       16  system_lpc177x_8x.o(.data)
    .data                                    0x10000010   Section      520  uart_interrupt.o(.data)
    .bss                                     0x10000218   Section      528  uart_interrupt.o(.bss)
    STACK                                    0x10000428   Section     8192  startup_lpc177x_8x.o(STACK)

    Global Symbols

    Symbol Name                              Value     Ov Type        Size  Object(Section)

    BuildAttributes$$THM_ISAv4$P$D$K$B$S$PE$A:L22UL41UL21$X:L11$S22US41US21$IEEE1$IW$USESV6$~STKCKD$USESV7$~SHL$OSPACE$EBA8$MICROLIB$REQ8$PRES8$EABIv2 0x00000000   Number         0  anon$$obj.o ABSOLUTE
    __ARM_use_no_argv                        0x00000000   Number         0  uart_interrupt.o ABSOLUTE
    __Vectors                                0x00000000   Data           4  startup_lpc177x_8x.o(RESET)
    __cpp_initialize__aeabi_                  - Undefined Weak Reference
    __cxa_finalize                            - Undefined Weak Reference
    _clock_init                               - Undefined Weak Reference
    _microlib_exit                            - Undefined Weak Reference
    __main                                   0x000000e5   Thumb Code     0  entry.o(.ARM.Collect$$$$00000000)
    _main_stk                                0x000000e5   Thumb Code     0  entry2.o(.ARM.Collect$$$$00000001)
    _main_scatterload                        0x000000e9   Thumb Code     0  entry5.o(.ARM.Collect$$$$00000004)
    __main_after_scatterload                 0x000000ed   Thumb Code     0  entry5.o(.ARM.Collect$$$$00000004)
    _main_clock                              0x000000ed   Thumb Code     0  entry7b.o(.ARM.Collect$$$$00000008)
    _main_cpp_init                           0x000000ed   Thumb Code     0  entry8b.o(.ARM.Collect$$$$0000000A)
    _main_init                               0x000000ed   Thumb Code     0  entry9a.o(.ARM.Collect$$$$0000000B)
    __rt_final_cpp                           0x000000f5   Thumb Code     0  entry10a.o(.ARM.Collect$$$$0000000D)
    __rt_final_exit                          0x000000f5   Thumb Code     0  entry11a.o(.ARM.Collect$$$$0000000F)
    Reset_Handler                            0x000000f9   Thumb Code    12  startup_lpc177x_8x.o(.text)
    NMI_Handler                              0x00000105   Thumb Code     2  startup_lpc177x_8x.o(.text)
    HardFault_Handler                        0x00000107   Thumb Code     2  startup_lpc177x_8x.o(.text)
    MemManage_Handler                        0x00000109   Thumb Code     2  startup_lpc177x_8x.o(.text)
    BusFault_Handler                         0x0000010b   Thumb Code     2  startup_lpc177x_8x.o(.text)
    UsageFault_Handler                       0x0000010d   Thumb Code     2  startup_lpc177x_8x.o(.text)
    SVC_Handler                              0x0000010f   Thumb Code     2  startup_lpc177x_8x.o(.text)
    DebugMon_Handler                         0x00000111   Thumb Code     2  startup_lpc177x_8x.o(.text)
    PendSV_Handler                           0x00000113   Thumb Code     2  startup_lpc177x_8x.o(.text)
    SysTick_Handler                          0x00000115   Thumb Code     2  startup_lpc177x_8x.o(.text)
    ADC_IRQHandler                           0x00000117   Thumb Code     0  startup_lpc177x_8x.o(.text)
    BOD_IRQHandler                           0x00000117   Thumb Code     0  startup_lpc177x_8x.o(.text)
    CANActivity_IRQHandler                   0x00000117   Thumb Code     0  startup_lpc177x_8x.o(.text)
    CAN_IRQHandler                           0x00000117   Thumb Code     0  startup_lpc177x_8x.o(.text)
    DMA_IRQHandler                           0x00000117   Thumb Code     0  startup_lpc177x_8x.o(.text)
    EEPROM_IRQHandler                        0x00000117   Thumb Code     0  startup_lpc177x_8x.o(.text)
    EINT0_IRQHandler                         0x00000117   Thumb Code     0  startup_lpc177x_8x.o(.text)
    EINT1_IRQHandler                         0x00000117   Thumb Code     0  startup_lpc177x_8x.o(.text)
    EINT2_IRQHandler                         0x00000117   Thumb Code     0  startup_lpc177x_8x.o(.text)
    EINT3_IRQHandler                         0x00000117   Thumb Code     0  startup_lpc177x_8x.o(.text)
    ENET_IRQHandler                          0x00000117   Thumb Code     0  startup_lpc177x_8x.o(.text)
    GPIO_IRQHandler                          0x00000117   Thumb Code     0  startup_lpc177x_8x.o(.text)
    I2C0_IRQHandler                          0x00000117   Thumb Code     0  startup_lpc177x_8x.o(.text)
    I2C1_IRQHandler                          0x00000117   Thumb Code     0  startup_lpc177x_8x.o(.text)
    I2C2_IRQHandler                          0x00000117   Thumb Code     0  startup_lpc177x_8x.o(.text)
    I2S_IRQHandler                           0x00000117   Thumb Code     0  startup_lpc177x_8x.o(.text)
    LCD_IRQHandler                           0x00000117   Thumb Code     0  startup_lpc177x_8x.o(.text)
    MCI_IRQHandler                           0x00000117   Thumb Code     0  startup_lpc177x_8x.o(.text)
    MCPWM_IRQHandler                         0x00000117   Thumb Code     0  startup_lpc177x_8x.o(.text)
    PLL0_IRQHandler                          0x00000117   Thumb Code     0  startup_lpc177x_8x.o(.text)
    PLL1_IRQHandler                          0x00000117   Thumb Code     0  startup_lpc177x_8x.o(.text)
    PWM0_IRQHandler                          0x00000117   Thumb Code     0  startup_lpc177x_8x.o(.text)
    PWM1_IRQHandler                          0x00000117   Thumb Code     0  startup_lpc177x_8x.o(.text)
    QEI_IRQHandler                           0x00000117   Thumb Code     0  startup_lpc177x_8x.o(.text)
    RTC_IRQHandler                           0x00000117   Thumb Code     0  startup_lpc177x_8x.o(.text)
    SPIFI_IRQHandler                         0x00000117   Thumb Code     0  startup_lpc177x_8x.o(.text)
    SSP0_IRQHandler                          0x00000117   Thumb Code     0  startup_lpc177x_8x.o(.text)
    SSP1_IRQHandler                          0x00000117   Thumb Code     0  startup_lpc177x_8x.o(.text)
    SSP2_IRQHandler                          0x00000117   Thumb Code     0  startup_lpc177x_8x.o(.text)
    TIMER0_IRQHandler                        0x00000117   Thumb Code     0  startup_lpc177x_8x.o(.text)
    TIMER1_IRQHandler                        0x00000117   Thumb Code     0  startup_lpc177x_8x.o(.text)
    TIMER2_IRQHandler                        0x00000117   Thumb Code     0  startup_lpc177x_8x.o(.text)
    TIMER3_IRQHandler                        0x00000117   Thumb Code     0  startup_lpc177x_8x.o(.text)
    UART1_IRQHandler                         0x00000117   Thumb Code     0  startup_lpc177x_8x.o(.text)
    UART2_IRQHandler                         0x00000117   Thumb Code     0  startup_lpc177x_8x.o(.text)
    UART3_IRQHandler                         0x00000117   Thumb Code     0  startup_lpc177x_8x.o(.text)
    UART4_IRQHandler                         0x00000117   Thumb Code     0  startup_lpc177x_8x.o(.text)
    USBActivity_IRQHandler                   0x00000117   Thumb Code     0  startup_lpc177x_8x.o(.text)
    USB_IRQHandler                           0x00000117   Thumb Code     0  startup_lpc177x_8x.o(.text)
    WDT_IRQHandler                           0x00000117   Thumb Code     0  startup_lpc177x_8x.o(.text)
    CLKPWR_SetCLKDiv                         0x00000125   Thumb Code   154  lpc177x_8x_clkpwr.o(.text)
    CLKPWR_GetCLK                            0x000001bf   Thumb Code    46  lpc177x_8x_clkpwr.o(.text)
    CLKPWR_ConfigPPWR                        0x000001ed   Thumb Code    38  lpc177x_8x_clkpwr.o(.text)
    CLKPWR_Sleep                             0x00000213   Thumb Code    10  lpc177x_8x_clkpwr.o(.text)
    CLKPWR_DeepSleep                         0x0000021d   Thumb Code    16  lpc177x_8x_clkpwr.o(.text)
    CLKPWR_PowerDown                         0x0000022d   Thumb Code    16  lpc177x_8x_clkpwr.o(.text)
    CLKPWR_DeepPowerDown                     0x0000023d   Thumb Code    16  lpc177x_8x_clkpwr.o(.text)
    __aeabi_uldivmod                         0x0000027d   Thumb Code    98  uldiv.o(.text)
    __aeabi_llsl                             0x000002df   Thumb Code    30  llshl.o(.text)
    _ll_shift_l                              0x000002df   Thumb Code     0  llshl.o(.text)
    SystemCoreClockUpdate                    0x00000301   Thumb Code   664  system_lpc177x_8x.o(.text)
    SystemInit                               0x00000599   Thumb Code   202  system_lpc177x_8x.o(.text)
    PINSEL_GetPinType                        0x000006cf   Thumb Code   164  lpc177x_8x_pinsel.o(.text)
    PINSEL_ConfigPin                         0x00000773   Thumb Code    66  lpc177x_8x_pinsel.o(.text)
    PINSEL_SetPinMode                        0x000007b5   Thumb Code    82  lpc177x_8x_pinsel.o(.text)
    PINSEL_SetHysMode                        0x00000807   Thumb Code    78  lpc177x_8x_pinsel.o(.text)
    PINSEL_SetInvertInput                    0x00000855   Thumb Code    76  lpc177x_8x_pinsel.o(.text)
    PINSEL_SetSlewMode                       0x000008a1   Thumb Code    78  lpc177x_8x_pinsel.o(.text)
    PINSEL_SetI2CFilter                      0x000008ef   Thumb Code    76  lpc177x_8x_pinsel.o(.text)
    PINSEL_SetI2CMode                        0x0000093b   Thumb Code   136  lpc177x_8x_pinsel.o(.text)
    PINSEL_SetOpenDrainMode                  0x000009c3   Thumb Code    82  lpc177x_8x_pinsel.o(.text)
    PINSEL_SetAnalogPinMode                  0x00000a15   Thumb Code    76  lpc177x_8x_pinsel.o(.text)
    PINSEL_DacEnable                         0x00000a61   Thumb Code    88  lpc177x_8x_pinsel.o(.text)
    PINSEL_SetFilter                         0x00000ab9   Thumb Code    80  lpc177x_8x_pinsel.o(.text)
    UART_Init                                0x00000d0d   Thumb Code   550  lpc177x_8x_uart.o(.text)
    UART_TxCmd                               0x00000f33   Thumb Code   128  lpc177x_8x_uart.o(.text)
    UART_DeInit                              0x00000fb3   Thumb Code    82  lpc177x_8x_uart.o(.text)
    UART_ConfigStructInit                    0x00001005   Thumb Code    18  lpc177x_8x_uart.o(.text)
    UART_SendByte                            0x00001017   Thumb Code    48  lpc177x_8x_uart.o(.text)
    UART_ReceiveByte                         0x00001047   Thumb Code    52  lpc177x_8x_uart.o(.text)
    UART_Send                                0x0000107b   Thumb Code   218  lpc177x_8x_uart.o(.text)
    UART_Receive                             0x00001155   Thumb Code   190  lpc177x_8x_uart.o(.text)
    UART_ForceBreak                          0x00001213   Thumb Code    88  lpc177x_8x_uart.o(.text)
    UART_IntConfig                           0x0000126b   Thumb Code   182  lpc177x_8x_uart.o(.text)
    UART_GetLineStatus                       0x00001321   Thumb Code    52  lpc177x_8x_uart.o(.text)
    UART_GetIntId                            0x00001355   Thumb Code    80  lpc177x_8x_uart.o(.text)
    UART_CheckBusy                           0x000013a5   Thumb Code    84  lpc177x_8x_uart.o(.text)
    UART_FIFOConfig                          0x000013f9   Thumb Code   152  lpc177x_8x_uart.o(.text)
    UART_FIFOConfigStructInit                0x00001491   Thumb Code    14  lpc177x_8x_uart.o(.text)
    UART_ABCmd                               0x0000149f   Thumb Code   210  lpc177x_8x_uart.o(.text)
    UART_ABClearIntPending                   0x00001571   Thumb Code    56  lpc177x_8x_uart.o(.text)
    UART_IrDAInvtInputCmd                    0x000015a9   Thumb Code    42  lpc177x_8x_uart.o(.text)
    UART_IrDACmd                             0x000015d3   Thumb Code    40  lpc177x_8x_uart.o(.text)
    UART_IrDAPulseDivConfig                  0x000015fb   Thumb Code    38  lpc177x_8x_uart.o(.text)
    UART_FullModemForcePinState              0x00001621   Thumb Code    64  lpc177x_8x_uart.o(.text)
    UART_FullModemConfigMode                 0x00001661   Thumb Code    72  lpc177x_8x_uart.o(.text)
    UART_FullModemGetStatus                  0x000016a9   Thumb Code    16  lpc177x_8x_uart.o(.text)
    UART_RS485Config                         0x000016b9   Thumb Code   200  lpc177x_8x_uart.o(.text)
    UART_RS485ReceiverCmd                    0x00001781   Thumb Code    64  lpc177x_8x_uart.o(.text)
    UART_RS485Send                           0x000017c1   Thumb Code   138  lpc177x_8x_uart.o(.text)
    UART_RS485SendSlvAddr                    0x0000184b   Thumb Code    18  lpc177x_8x_uart.o(.text)
    UART_RS485SendData                       0x0000185d   Thumb Code    22  lpc177x_8x_uart.o(.text)
    UART_IntTransmit                         0x0000187d   Thumb Code   132  uart_interrupt.o(.text)
    UART_IntReceive                          0x00001901   Thumb Code    74  uart_interrupt.o(.text)
    UART_IntErr                              0x0000194b   Thumb Code     4  uart_interrupt.o(.text)
    UART0_IRQHandler                         0x0000194f   Thumb Code    60  uart_interrupt.o(.text)
    UARTSend                                 0x0000198b   Thumb Code   102  uart_interrupt.o(.text)
    UARTReceive                              0x000019f1   Thumb Code    90  uart_interrupt.o(.text)
    print_menu                               0x00001a4b   Thumb Code    34  uart_interrupt.o(.text)
    __low_level_init                         0x00001a6d   Thumb Code     4  uart_interrupt.o(.text)
    c_entry                                  0x00001a71   Thumb Code   264  uart_interrupt.o(.text)
    main                                     0x00001b79   Thumb Code     4  uart_interrupt.o(.text)
    __aeabi_llsr                             0x00001b95   Thumb Code    32  llushr.o(.text)
    _ll_ushift_r                             0x00001b95   Thumb Code     0  llushr.o(.text)
    __scatterload                            0x00001bb5   Thumb Code    28  init.o(.text)
    __scatterload_rt2                        0x00001bb5   Thumb Code     0  init.o(.text)
    __decompress                             0x00001bd9   Thumb Code     0  __dclz77c.o(.text)
    __decompress2                            0x00001bd9   Thumb Code    96  __dclz77c.o(.text)
    __scatterload_copy                       0x00001c39   Thumb Code    14  handlers.o(i.__scatterload_copy)
    __scatterload_null                       0x00001c47   Thumb Code     2  handlers.o(i.__scatterload_null)
    __scatterload_zeroinit                   0x00001c49   Thumb Code    14  handlers.o(i.__scatterload_zeroinit)
    Region$$Table$$Base                      0x00001c58   Number         0  anon$$obj.o(Region$$Table)
    Region$$Table$$Limit                     0x00001c78   Number         0  anon$$obj.o(Region$$Table)
    Stack_Size                               0x00002000   Number         0  startup_lpc177x_8x.o ABSOLUTE
    SystemCoreClock                          0x10000000   Data           4  system_lpc177x_8x.o(.data)
    PeripheralClock                          0x10000004   Data           4  system_lpc177x_8x.o(.data)
    EMCClock                                 0x10000008   Data           4  system_lpc177x_8x.o(.data)
    USBClock                                 0x1000000c   Data           4  system_lpc177x_8x.o(.data)
    menu1                                    0x10000010   Data         485  uart_interrupt.o(.data)
    menu2                                    0x100001f5   Data          34  uart_interrupt.o(.data)
    TxIntStat                                0x10000217   Data           1  uart_interrupt.o(.data)
    rb                                       0x10000218   Data         528  uart_interrupt.o(.bss)
    Stack_Mem                                0x10000428   Data        8192  startup_lpc177x_8x.o(STACK)
    Stack_Limit                              0x10002428   Data           0  startup_lpc177x_8x.o(STACK)
    __initial_sp                             0x10002428   Data           0  startup_lpc177x_8x.o(STACK)



==============================================================================

Memory Map of the image

  Image Entry point : 0x000000e5

  Load Region LR_IROM1 (Base: 0x00000000, Size: 0x00001e90, Max: 0x00080000, ABSOLUTE, COMPRESSED[0x00001dac])

    Execution Region ER_IROM1 (Base: 0x00000000, Size: 0x00001c78, Max: 0x00080000, ABSOLUTE)

    Base Addr    Size         Type   Attr      Idx    E Section Name        Object

    0x00000000   0x000000e4   Data   RO            3    RESET               startup_lpc177x_8x.o
    0x000000e4   0x00000000   Code   RO          192  * .ARM.Collect$$$$00000000  mc_w.l(entry.o)
    0x000000e4   0x00000004   Code   RO          197    .ARM.Collect$$$$00000001  mc_w.l(entry2.o)
    0x000000e8   0x00000004   Code   RO          200    .ARM.Collect$$$$00000004  mc_w.l(entry5.o)
    0x000000ec   0x00000000   Code   RO          202    .ARM.Collect$$$$00000008  mc_w.l(entry7b.o)
    0x000000ec   0x00000000   Code   RO          204    .ARM.Collect$$$$0000000A  mc_w.l(entry8b.o)
    0x000000ec   0x00000008   Code   RO          205    .ARM.Collect$$$$0000000B  mc_w.l(entry9a.o)
    0x000000f4   0x00000000   Code   RO          207    .ARM.Collect$$$$0000000D  mc_w.l(entry10a.o)
    0x000000f4   0x00000000   Code   RO          209    .ARM.Collect$$$$0000000F  mc_w.l(entry11a.o)
    0x000000f4   0x00000004   Code   RO          198    .ARM.Collect$$$$00002712  mc_w.l(entry2.o)
    0x000000f8   0x0000002c   Code   RO            5    .text               startup_lpc177x_8x.o
    0x00000124   0x00000158   Code   RO           88    .text               lpc177x_8x_clkpwr.o
    0x0000027c   0x00000062   Code   RO          195    .text               mc_w.l(uldiv.o)
    0x000002de   0x0000001e   Code   RO          211    .text               mc_w.l(llshl.o)
    0x000002fc   0x00000004   Code   RO            4    .ARM.__at_0x02FC    startup_lpc177x_8x.o
    0x00000300   0x000003bc   Code   RO           14    .text               system_lpc177x_8x.o
    0x000006bc   0x00000450   Code   RO          137    .text               lpc177x_8x_pinsel.o
    0x00000b0c   0x00000d70   Code   RO          153    .text               lpc177x_8x_uart.o
    0x0000187c   0x00000318   Code   RO          169    .text               uart_interrupt.o
    0x00001b94   0x00000020   Code   RO          213    .text               mc_w.l(llushr.o)
    0x00001bb4   0x00000024   Code   RO          215    .text               mc_w.l(init.o)
    0x00001bd8   0x00000060   Code   RO          225    .text               mc_w.l(__dclz77c.o)
    0x00001c38   0x0000000e   Code   RO          219    i.__scatterload_copy  mc_w.l(handlers.o)
    0x00001c46   0x00000002   Code   RO          220    i.__scatterload_null  mc_w.l(handlers.o)
    0x00001c48   0x0000000e   Code   RO          221    i.__scatterload_zeroinit  mc_w.l(handlers.o)
    0x00001c56   0x00000002   PAD
    0x00001c58   0x00000020   Data   RO          217    Region$$Table       anon$$obj.o


    Execution Region RW_IRAM1 (Base: 0x10000000, Size: 0x00002428, Max: 0x00010000, ABSOLUTE, COMPRESSED[0x00000134])

    Base Addr    Size         Type   Attr      Idx    E Section Name        Object

    0x10000000   0x00000010   Data   RW           15    .data               system_lpc177x_8x.o
    0x10000010   0x00000208   Data   RW          171    .data               uart_interrupt.o
    0x10000218   0x00000210   Zero   RW          170    .bss                uart_interrupt.o
    0x10000428   0x00002000   Zero   RW            1    STACK               startup_lpc177x_8x.o


    Execution Region RW_IRAM2 (Base: 0x20000000, Size: 0x00000000, Max: 0x00008000, ABSOLUTE)

    **** No section assigned to this execution region ****


==============================================================================

Image component sizes


      Code (inc. data)   RO Data    RW Data    ZI Data      Debug   Object Name

         0          0          0          0          0      10636   debug_frmwrk.o
       344         48          0          0          0       1691   lpc177x_8x_clkpwr.o
      1104         18          0          0          0       6194   lpc177x_8x_pinsel.o
      3440        158          0          0          0      11809   lpc177x_8x_uart.o
        48         16        228          0       8192       1312   startup_lpc177x_8x.o
       956         90          0         16          0      28015   system_lpc177x_8x.o
       792         24          0        520        528      19920   uart_interrupt.o

    ----------------------------------------------------------------------
      6684        354        260        536       8720      79577   Object Totals
         0          0         32          0          0          0   (incl. Generated)
         0          0          0          0          0          0   (incl. Padding)

    ----------------------------------------------------------------------

      Code (inc. data)   RO Data    RW Data    ZI Data      Debug   Library Member Name

        96          0          0          0          0          0   __dclz77c.o
         0          0          0          0          0          0   entry.o
         0          0          0          0          0          0   entry10a.o
         0          0          0          0          0          0   entry11a.o
         8          4          0          0          0          0   entry2.o
         4          0          0          0          0          0   entry5.o
         0          0          0          0          0          0   entry7b.o
         0          0          0          0          0          0   entry8b.o
         8          4          0          0          0          0   entry9a.o
        30          0          0          0          0          0   handlers.o
        36          8          0          0          0         68   init.o
        30          0          0          0          0         68   llshl.o
        32          0          0          0          0         68   llushr.o
        98          0          0          0          0         92   uldiv.o

    ----------------------------------------------------------------------
       344         16          0          0          0        296   Library Totals
         2          0          0          0          0          0   (incl. Padding)

    ----------------------------------------------------------------------

      Code (inc. data)   RO Data    RW Data    ZI Data      Debug   Library Name

       342         16          0          0          0        296   mc_w.l

    ----------------------------------------------------------------------
       344         16          0          0          0        296   Library Totals

    ----------------------------------------------------------------------

==============================================================================


      Code (inc. data)   RO Data    RW Data    ZI Data      Debug   

      7028        370        260        536       8720      79457   Grand Totals
      7028        370        260        308       8720      79457   ELF Image Totals (compressed)
      7028        370        260        308          0          0   ROM Totals

==============================================================================

    Total RO  Size (Code + RO Data)                 7288 (   7.12kB)
    Total RW  Size (RW Data + ZI Data)              9256 (   9.04kB)
    Total ROM Size (Code + RO Data + RW Data)       7596 (   7.42kB)

==============================================================================

