<!doctype html public "-//w3c//dtd html 4.0 transitional//en">
<html><head>
<title>Static Call Graph - [.\Flash\Adc_Burst.axf]</title></head>
<body><HR>
<H1>Static Call Graph for image .\Flash\Adc_Burst.axf</H1><HR>
<BR><P>#&#060CALLGRAPH&#062# ARM Linker, 5050041: Last Updated: Sun Jul 31 00:48:37 2016
<BR><P>
<H3>Maximum Stack Usage =        200 bytes + Unknown(Cycles, Untraceable Function Pointers)</H3><H3>
Call chain for Maximum Stack Depth:</H3>
main &rArr; c_entry &rArr; debug_frmwrk_init &rArr; UART_Init &rArr; uart_set_divisors &rArr; __aeabi_uldivmod
<P>
<H3>
Mutually Recursive functions
</H3> <LI><a href="#[1]">NMI_Handler</a>&nbsp;&nbsp;&nbsp;&rArr;&nbsp;&nbsp;&nbsp;<a href="#[1]">NMI_Handler</a><BR>
 <LI><a href="#[2]">HardFault_Handler</a>&nbsp;&nbsp;&nbsp;&rArr;&nbsp;&nbsp;&nbsp;<a href="#[2]">HardFault_Handler</a><BR>
 <LI><a href="#[3]">MemManage_Handler</a>&nbsp;&nbsp;&nbsp;&rArr;&nbsp;&nbsp;&nbsp;<a href="#[3]">MemManage_Handler</a><BR>
 <LI><a href="#[4]">BusFault_Handler</a>&nbsp;&nbsp;&nbsp;&rArr;&nbsp;&nbsp;&nbsp;<a href="#[4]">BusFault_Handler</a><BR>
 <LI><a href="#[5]">UsageFault_Handler</a>&nbsp;&nbsp;&nbsp;&rArr;&nbsp;&nbsp;&nbsp;<a href="#[5]">UsageFault_Handler</a><BR>
 <LI><a href="#[6]">SVC_Handler</a>&nbsp;&nbsp;&nbsp;&rArr;&nbsp;&nbsp;&nbsp;<a href="#[6]">SVC_Handler</a><BR>
 <LI><a href="#[7]">DebugMon_Handler</a>&nbsp;&nbsp;&nbsp;&rArr;&nbsp;&nbsp;&nbsp;<a href="#[7]">DebugMon_Handler</a><BR>
 <LI><a href="#[8]">PendSV_Handler</a>&nbsp;&nbsp;&nbsp;&rArr;&nbsp;&nbsp;&nbsp;<a href="#[8]">PendSV_Handler</a><BR>
 <LI><a href="#[9]">SysTick_Handler</a>&nbsp;&nbsp;&nbsp;&rArr;&nbsp;&nbsp;&nbsp;<a href="#[9]">SysTick_Handler</a><BR>
 <LI><a href="#[20]">ADC_IRQHandler</a>&nbsp;&nbsp;&nbsp;&rArr;&nbsp;&nbsp;&nbsp;<a href="#[20]">ADC_IRQHandler</a><BR>
</UL>
<P>
<H3>
Function Pointers
</H3><UL>
 <LI><a href="#[20]">ADC_IRQHandler</a> from startup_lpc177x_8x.o(.text) referenced from startup_lpc177x_8x.o(RESET)
 <LI><a href="#[21]">BOD_IRQHandler</a> from startup_lpc177x_8x.o(.text) referenced from startup_lpc177x_8x.o(RESET)
 <LI><a href="#[4]">BusFault_Handler</a> from startup_lpc177x_8x.o(.text) referenced from startup_lpc177x_8x.o(RESET)
 <LI><a href="#[2c]">CANActivity_IRQHandler</a> from startup_lpc177x_8x.o(.text) referenced from startup_lpc177x_8x.o(RESET)
 <LI><a href="#[23]">CAN_IRQHandler</a> from startup_lpc177x_8x.o(.text) referenced from startup_lpc177x_8x.o(RESET)
 <LI><a href="#[24]">DMA_IRQHandler</a> from startup_lpc177x_8x.o(.text) referenced from startup_lpc177x_8x.o(RESET)
 <LI><a href="#[7]">DebugMon_Handler</a> from startup_lpc177x_8x.o(.text) referenced from startup_lpc177x_8x.o(RESET)
 <LI><a href="#[32]">EEPROM_IRQHandler</a> from startup_lpc177x_8x.o(.text) referenced from startup_lpc177x_8x.o(RESET)
 <LI><a href="#[1c]">EINT0_IRQHandler</a> from adc_burst.o(.text) referenced from startup_lpc177x_8x.o(RESET)
 <LI><a href="#[1d]">EINT1_IRQHandler</a> from startup_lpc177x_8x.o(.text) referenced from startup_lpc177x_8x.o(RESET)
 <LI><a href="#[1e]">EINT2_IRQHandler</a> from startup_lpc177x_8x.o(.text) referenced from startup_lpc177x_8x.o(RESET)
 <LI><a href="#[1f]">EINT3_IRQHandler</a> from startup_lpc177x_8x.o(.text) referenced from startup_lpc177x_8x.o(RESET)
 <LI><a href="#[26]">ENET_IRQHandler</a> from startup_lpc177x_8x.o(.text) referenced from startup_lpc177x_8x.o(RESET)
 <LI><a href="#[30]">GPIO_IRQHandler</a> from startup_lpc177x_8x.o(.text) referenced from startup_lpc177x_8x.o(RESET)
 <LI><a href="#[2]">HardFault_Handler</a> from startup_lpc177x_8x.o(.text) referenced from startup_lpc177x_8x.o(RESET)
 <LI><a href="#[14]">I2C0_IRQHandler</a> from startup_lpc177x_8x.o(.text) referenced from startup_lpc177x_8x.o(RESET)
 <LI><a href="#[15]">I2C1_IRQHandler</a> from startup_lpc177x_8x.o(.text) referenced from startup_lpc177x_8x.o(RESET)
 <LI><a href="#[16]">I2C2_IRQHandler</a> from startup_lpc177x_8x.o(.text) referenced from startup_lpc177x_8x.o(RESET)
 <LI><a href="#[25]">I2S_IRQHandler</a> from startup_lpc177x_8x.o(.text) referenced from startup_lpc177x_8x.o(RESET)
 <LI><a href="#[2f]">LCD_IRQHandler</a> from startup_lpc177x_8x.o(.text) referenced from startup_lpc177x_8x.o(RESET)
 <LI><a href="#[27]">MCI_IRQHandler</a> from startup_lpc177x_8x.o(.text) referenced from startup_lpc177x_8x.o(RESET)
 <LI><a href="#[28]">MCPWM_IRQHandler</a> from startup_lpc177x_8x.o(.text) referenced from startup_lpc177x_8x.o(RESET)
 <LI><a href="#[3]">MemManage_Handler</a> from startup_lpc177x_8x.o(.text) referenced from startup_lpc177x_8x.o(RESET)
 <LI><a href="#[1]">NMI_Handler</a> from startup_lpc177x_8x.o(.text) referenced from startup_lpc177x_8x.o(RESET)
 <LI><a href="#[1a]">PLL0_IRQHandler</a> from startup_lpc177x_8x.o(.text) referenced from startup_lpc177x_8x.o(RESET)
 <LI><a href="#[2a]">PLL1_IRQHandler</a> from startup_lpc177x_8x.o(.text) referenced from startup_lpc177x_8x.o(RESET)
 <LI><a href="#[31]">PWM0_IRQHandler</a> from startup_lpc177x_8x.o(.text) referenced from startup_lpc177x_8x.o(RESET)
 <LI><a href="#[13]">PWM1_IRQHandler</a> from startup_lpc177x_8x.o(.text) referenced from startup_lpc177x_8x.o(RESET)
 <LI><a href="#[8]">PendSV_Handler</a> from startup_lpc177x_8x.o(.text) referenced from startup_lpc177x_8x.o(RESET)
 <LI><a href="#[29]">QEI_IRQHandler</a> from startup_lpc177x_8x.o(.text) referenced from startup_lpc177x_8x.o(RESET)
 <LI><a href="#[1b]">RTC_IRQHandler</a> from startup_lpc177x_8x.o(.text) referenced from startup_lpc177x_8x.o(RESET)
 <LI><a href="#[0]">Reset_Handler</a> from startup_lpc177x_8x.o(.text) referenced from startup_lpc177x_8x.o(RESET)
 <LI><a href="#[17]">SPIFI_IRQHandler</a> from startup_lpc177x_8x.o(.text) referenced from startup_lpc177x_8x.o(RESET)
 <LI><a href="#[18]">SSP0_IRQHandler</a> from startup_lpc177x_8x.o(.text) referenced from startup_lpc177x_8x.o(RESET)
 <LI><a href="#[19]">SSP1_IRQHandler</a> from startup_lpc177x_8x.o(.text) referenced from startup_lpc177x_8x.o(RESET)
 <LI><a href="#[2e]">SSP2_IRQHandler</a> from startup_lpc177x_8x.o(.text) referenced from startup_lpc177x_8x.o(RESET)
 <LI><a href="#[6]">SVC_Handler</a> from startup_lpc177x_8x.o(.text) referenced from startup_lpc177x_8x.o(RESET)
 <LI><a href="#[9]">SysTick_Handler</a> from startup_lpc177x_8x.o(.text) referenced from startup_lpc177x_8x.o(RESET)
 <LI><a href="#[34]">SystemInit</a> from system_lpc177x_8x.o(.text) referenced from startup_lpc177x_8x.o(.text)
 <LI><a href="#[b]">TIMER0_IRQHandler</a> from startup_lpc177x_8x.o(.text) referenced from startup_lpc177x_8x.o(RESET)
 <LI><a href="#[c]">TIMER1_IRQHandler</a> from startup_lpc177x_8x.o(.text) referenced from startup_lpc177x_8x.o(RESET)
 <LI><a href="#[d]">TIMER2_IRQHandler</a> from startup_lpc177x_8x.o(.text) referenced from startup_lpc177x_8x.o(RESET)
 <LI><a href="#[e]">TIMER3_IRQHandler</a> from startup_lpc177x_8x.o(.text) referenced from startup_lpc177x_8x.o(RESET)
 <LI><a href="#[f]">UART0_IRQHandler</a> from startup_lpc177x_8x.o(.text) referenced from startup_lpc177x_8x.o(RESET)
 <LI><a href="#[10]">UART1_IRQHandler</a> from startup_lpc177x_8x.o(.text) referenced from startup_lpc177x_8x.o(RESET)
 <LI><a href="#[11]">UART2_IRQHandler</a> from startup_lpc177x_8x.o(.text) referenced from startup_lpc177x_8x.o(RESET)
 <LI><a href="#[12]">UART3_IRQHandler</a> from startup_lpc177x_8x.o(.text) referenced from startup_lpc177x_8x.o(RESET)
 <LI><a href="#[2d]">UART4_IRQHandler</a> from startup_lpc177x_8x.o(.text) referenced from startup_lpc177x_8x.o(RESET)
 <LI><a href="#[43]">UARTGetChar</a> from debug_frmwrk.o(.text) referenced from debug_frmwrk.o(.text)
 <LI><a href="#[45]">UARTGetCharInNonBlock</a> from debug_frmwrk.o(.text) referenced from debug_frmwrk.o(.text)
 <LI><a href="#[47]">UARTGetValue</a> from debug_frmwrk.o(.text) referenced from debug_frmwrk.o(.text)
 <LI><a href="#[41]">UARTPutChar</a> from debug_frmwrk.o(.text) referenced from debug_frmwrk.o(.text)
 <LI><a href="#[49]">UARTPutDec</a> from debug_frmwrk.o(.text) referenced from debug_frmwrk.o(.text)
 <LI><a href="#[4a]">UARTPutDec16</a> from debug_frmwrk.o(.text) referenced from debug_frmwrk.o(.text)
 <LI><a href="#[4b]">UARTPutDec32</a> from debug_frmwrk.o(.text) referenced from debug_frmwrk.o(.text)
 <LI><a href="#[4d]">UARTPutHex</a> from debug_frmwrk.o(.text) referenced from debug_frmwrk.o(.text)
 <LI><a href="#[4f]">UARTPutHex16</a> from debug_frmwrk.o(.text) referenced from debug_frmwrk.o(.text)
 <LI><a href="#[4e]">UARTPutHex16_</a> from debug_frmwrk.o(.text) referenced from debug_frmwrk.o(.text)
 <LI><a href="#[51]">UARTPutHex32</a> from debug_frmwrk.o(.text) referenced from debug_frmwrk.o(.text)
 <LI><a href="#[50]">UARTPutHex32_</a> from debug_frmwrk.o(.text) referenced from debug_frmwrk.o(.text)
 <LI><a href="#[4c]">UARTPutHex_</a> from debug_frmwrk.o(.text) referenced from debug_frmwrk.o(.text)
 <LI><a href="#[46]">UARTPuts</a> from debug_frmwrk.o(.text) referenced from debug_frmwrk.o(.text)
 <LI><a href="#[48]">UARTPuts_</a> from debug_frmwrk.o(.text) referenced from debug_frmwrk.o(.text)
 <LI><a href="#[2b]">USBActivity_IRQHandler</a> from startup_lpc177x_8x.o(.text) referenced from startup_lpc177x_8x.o(RESET)
 <LI><a href="#[22]">USB_IRQHandler</a> from startup_lpc177x_8x.o(.text) referenced from startup_lpc177x_8x.o(RESET)
 <LI><a href="#[5]">UsageFault_Handler</a> from startup_lpc177x_8x.o(.text) referenced from startup_lpc177x_8x.o(RESET)
 <LI><a href="#[a]">WDT_IRQHandler</a> from startup_lpc177x_8x.o(.text) referenced from startup_lpc177x_8x.o(RESET)
 <LI><a href="#[35]">__low_level_init</a> from adc_burst.o(.text) referenced from startup_lpc177x_8x.o(.text)
 <LI><a href="#[36]">__main</a> from entry.o(.ARM.Collect$$$$00000000) referenced from startup_lpc177x_8x.o(.text)
 <LI><a href="#[33]">main</a> from adc_burst.o(.text) referenced from entry9a.o(.ARM.Collect$$$$0000000B)
</UL>
<P>
<H3>
Global Symbols
</H3>
<P><STRONG><a name="[36]"></a>__main</STRONG> (Thumb, 0 bytes, Stack size unknown bytes, entry.o(.ARM.Collect$$$$00000000))
<BR>[Address Reference Count : 1]<UL><LI> startup_lpc177x_8x.o(.text)
</UL>
<P><STRONG><a name="[9b]"></a>_main_stk</STRONG> (Thumb, 0 bytes, Stack size unknown bytes, entry2.o(.ARM.Collect$$$$00000001))

<P><STRONG><a name="[37]"></a>_main_scatterload</STRONG> (Thumb, 0 bytes, Stack size unknown bytes, entry5.o(.ARM.Collect$$$$00000004))
<BR><BR>[Calls]<UL><LI><a href="#[38]">&gt;&gt;</a>&nbsp;&nbsp;&nbsp;__scatterload
</UL>

<P><STRONG><a name="[9a]"></a>__main_after_scatterload</STRONG> (Thumb, 0 bytes, Stack size unknown bytes, entry5.o(.ARM.Collect$$$$00000004))
<BR><BR>[Called By]<UL><LI><a href="#[38]">&gt;&gt;</a>&nbsp;&nbsp;&nbsp;__scatterload
</UL>

<P><STRONG><a name="[9c]"></a>_main_clock</STRONG> (Thumb, 0 bytes, Stack size unknown bytes, entry7b.o(.ARM.Collect$$$$00000008))

<P><STRONG><a name="[9d]"></a>_main_cpp_init</STRONG> (Thumb, 0 bytes, Stack size unknown bytes, entry8b.o(.ARM.Collect$$$$0000000A))

<P><STRONG><a name="[9e]"></a>_main_init</STRONG> (Thumb, 0 bytes, Stack size unknown bytes, entry9a.o(.ARM.Collect$$$$0000000B))

<P><STRONG><a name="[9f]"></a>__rt_final_cpp</STRONG> (Thumb, 0 bytes, Stack size unknown bytes, entry10a.o(.ARM.Collect$$$$0000000D))

<P><STRONG><a name="[a0]"></a>__rt_final_exit</STRONG> (Thumb, 0 bytes, Stack size unknown bytes, entry11a.o(.ARM.Collect$$$$0000000F))

<P><STRONG><a name="[0]"></a>Reset_Handler</STRONG> (Thumb, 12 bytes, Stack size 0 bytes, startup_lpc177x_8x.o(.text))
<BR>[Address Reference Count : 1]<UL><LI> startup_lpc177x_8x.o(RESET)
</UL>
<P><STRONG><a name="[1]"></a>NMI_Handler</STRONG> (Thumb, 2 bytes, Stack size 0 bytes, startup_lpc177x_8x.o(.text))
<BR><BR>[Calls]<UL><LI><a href="#[1]">&gt;&gt;</a>&nbsp;&nbsp;&nbsp;NMI_Handler
</UL>
<BR>[Called By]<UL><LI><a href="#[1]">&gt;&gt;</a>&nbsp;&nbsp;&nbsp;NMI_Handler
</UL>
<BR>[Address Reference Count : 1]<UL><LI> startup_lpc177x_8x.o(RESET)
</UL>
<P><STRONG><a name="[2]"></a>HardFault_Handler</STRONG> (Thumb, 2 bytes, Stack size 0 bytes, startup_lpc177x_8x.o(.text))
<BR><BR>[Calls]<UL><LI><a href="#[2]">&gt;&gt;</a>&nbsp;&nbsp;&nbsp;HardFault_Handler
</UL>
<BR>[Called By]<UL><LI><a href="#[2]">&gt;&gt;</a>&nbsp;&nbsp;&nbsp;HardFault_Handler
</UL>
<BR>[Address Reference Count : 1]<UL><LI> startup_lpc177x_8x.o(RESET)
</UL>
<P><STRONG><a name="[3]"></a>MemManage_Handler</STRONG> (Thumb, 2 bytes, Stack size 0 bytes, startup_lpc177x_8x.o(.text))
<BR><BR>[Calls]<UL><LI><a href="#[3]">&gt;&gt;</a>&nbsp;&nbsp;&nbsp;MemManage_Handler
</UL>
<BR>[Called By]<UL><LI><a href="#[3]">&gt;&gt;</a>&nbsp;&nbsp;&nbsp;MemManage_Handler
</UL>
<BR>[Address Reference Count : 1]<UL><LI> startup_lpc177x_8x.o(RESET)
</UL>
<P><STRONG><a name="[4]"></a>BusFault_Handler</STRONG> (Thumb, 2 bytes, Stack size 0 bytes, startup_lpc177x_8x.o(.text))
<BR><BR>[Calls]<UL><LI><a href="#[4]">&gt;&gt;</a>&nbsp;&nbsp;&nbsp;BusFault_Handler
</UL>
<BR>[Called By]<UL><LI><a href="#[4]">&gt;&gt;</a>&nbsp;&nbsp;&nbsp;BusFault_Handler
</UL>
<BR>[Address Reference Count : 1]<UL><LI> startup_lpc177x_8x.o(RESET)
</UL>
<P><STRONG><a name="[5]"></a>UsageFault_Handler</STRONG> (Thumb, 2 bytes, Stack size 0 bytes, startup_lpc177x_8x.o(.text))
<BR><BR>[Calls]<UL><LI><a href="#[5]">&gt;&gt;</a>&nbsp;&nbsp;&nbsp;UsageFault_Handler
</UL>
<BR>[Called By]<UL><LI><a href="#[5]">&gt;&gt;</a>&nbsp;&nbsp;&nbsp;UsageFault_Handler
</UL>
<BR>[Address Reference Count : 1]<UL><LI> startup_lpc177x_8x.o(RESET)
</UL>
<P><STRONG><a name="[6]"></a>SVC_Handler</STRONG> (Thumb, 2 bytes, Stack size 0 bytes, startup_lpc177x_8x.o(.text))
<BR><BR>[Calls]<UL><LI><a href="#[6]">&gt;&gt;</a>&nbsp;&nbsp;&nbsp;SVC_Handler
</UL>
<BR>[Called By]<UL><LI><a href="#[6]">&gt;&gt;</a>&nbsp;&nbsp;&nbsp;SVC_Handler
</UL>
<BR>[Address Reference Count : 1]<UL><LI> startup_lpc177x_8x.o(RESET)
</UL>
<P><STRONG><a name="[7]"></a>DebugMon_Handler</STRONG> (Thumb, 2 bytes, Stack size 0 bytes, startup_lpc177x_8x.o(.text))
<BR><BR>[Calls]<UL><LI><a href="#[7]">&gt;&gt;</a>&nbsp;&nbsp;&nbsp;DebugMon_Handler
</UL>
<BR>[Called By]<UL><LI><a href="#[7]">&gt;&gt;</a>&nbsp;&nbsp;&nbsp;DebugMon_Handler
</UL>
<BR>[Address Reference Count : 1]<UL><LI> startup_lpc177x_8x.o(RESET)
</UL>
<P><STRONG><a name="[8]"></a>PendSV_Handler</STRONG> (Thumb, 2 bytes, Stack size 0 bytes, startup_lpc177x_8x.o(.text))
<BR><BR>[Calls]<UL><LI><a href="#[8]">&gt;&gt;</a>&nbsp;&nbsp;&nbsp;PendSV_Handler
</UL>
<BR>[Called By]<UL><LI><a href="#[8]">&gt;&gt;</a>&nbsp;&nbsp;&nbsp;PendSV_Handler
</UL>
<BR>[Address Reference Count : 1]<UL><LI> startup_lpc177x_8x.o(RESET)
</UL>
<P><STRONG><a name="[9]"></a>SysTick_Handler</STRONG> (Thumb, 2 bytes, Stack size 0 bytes, startup_lpc177x_8x.o(.text))
<BR><BR>[Calls]<UL><LI><a href="#[9]">&gt;&gt;</a>&nbsp;&nbsp;&nbsp;SysTick_Handler
</UL>
<BR>[Called By]<UL><LI><a href="#[9]">&gt;&gt;</a>&nbsp;&nbsp;&nbsp;SysTick_Handler
</UL>
<BR>[Address Reference Count : 1]<UL><LI> startup_lpc177x_8x.o(RESET)
</UL>
<P><STRONG><a name="[20]"></a>ADC_IRQHandler</STRONG> (Thumb, 0 bytes, Stack size 0 bytes, startup_lpc177x_8x.o(.text))
<BR><BR>[Calls]<UL><LI><a href="#[20]">&gt;&gt;</a>&nbsp;&nbsp;&nbsp;ADC_IRQHandler
</UL>
<BR>[Called By]<UL><LI><a href="#[20]">&gt;&gt;</a>&nbsp;&nbsp;&nbsp;ADC_IRQHandler
</UL>
<BR>[Address Reference Count : 1]<UL><LI> startup_lpc177x_8x.o(RESET)
</UL>
<P><STRONG><a name="[21]"></a>BOD_IRQHandler</STRONG> (Thumb, 0 bytes, Stack size 0 bytes, startup_lpc177x_8x.o(.text))
<BR>[Address Reference Count : 1]<UL><LI> startup_lpc177x_8x.o(RESET)
</UL>
<P><STRONG><a name="[2c]"></a>CANActivity_IRQHandler</STRONG> (Thumb, 0 bytes, Stack size 0 bytes, startup_lpc177x_8x.o(.text))
<BR>[Address Reference Count : 1]<UL><LI> startup_lpc177x_8x.o(RESET)
</UL>
<P><STRONG><a name="[23]"></a>CAN_IRQHandler</STRONG> (Thumb, 0 bytes, Stack size 0 bytes, startup_lpc177x_8x.o(.text))
<BR>[Address Reference Count : 1]<UL><LI> startup_lpc177x_8x.o(RESET)
</UL>
<P><STRONG><a name="[24]"></a>DMA_IRQHandler</STRONG> (Thumb, 0 bytes, Stack size 0 bytes, startup_lpc177x_8x.o(.text))
<BR>[Address Reference Count : 1]<UL><LI> startup_lpc177x_8x.o(RESET)
</UL>
<P><STRONG><a name="[32]"></a>EEPROM_IRQHandler</STRONG> (Thumb, 0 bytes, Stack size 0 bytes, startup_lpc177x_8x.o(.text))
<BR>[Address Reference Count : 1]<UL><LI> startup_lpc177x_8x.o(RESET)
</UL>
<P><STRONG><a name="[1d]"></a>EINT1_IRQHandler</STRONG> (Thumb, 0 bytes, Stack size 0 bytes, startup_lpc177x_8x.o(.text))
<BR>[Address Reference Count : 1]<UL><LI> startup_lpc177x_8x.o(RESET)
</UL>
<P><STRONG><a name="[1e]"></a>EINT2_IRQHandler</STRONG> (Thumb, 0 bytes, Stack size 0 bytes, startup_lpc177x_8x.o(.text))
<BR>[Address Reference Count : 1]<UL><LI> startup_lpc177x_8x.o(RESET)
</UL>
<P><STRONG><a name="[1f]"></a>EINT3_IRQHandler</STRONG> (Thumb, 0 bytes, Stack size 0 bytes, startup_lpc177x_8x.o(.text))
<BR>[Address Reference Count : 1]<UL><LI> startup_lpc177x_8x.o(RESET)
</UL>
<P><STRONG><a name="[26]"></a>ENET_IRQHandler</STRONG> (Thumb, 0 bytes, Stack size 0 bytes, startup_lpc177x_8x.o(.text))
<BR>[Address Reference Count : 1]<UL><LI> startup_lpc177x_8x.o(RESET)
</UL>
<P><STRONG><a name="[30]"></a>GPIO_IRQHandler</STRONG> (Thumb, 0 bytes, Stack size 0 bytes, startup_lpc177x_8x.o(.text))
<BR>[Address Reference Count : 1]<UL><LI> startup_lpc177x_8x.o(RESET)
</UL>
<P><STRONG><a name="[14]"></a>I2C0_IRQHandler</STRONG> (Thumb, 0 bytes, Stack size 0 bytes, startup_lpc177x_8x.o(.text))
<BR>[Address Reference Count : 1]<UL><LI> startup_lpc177x_8x.o(RESET)
</UL>
<P><STRONG><a name="[15]"></a>I2C1_IRQHandler</STRONG> (Thumb, 0 bytes, Stack size 0 bytes, startup_lpc177x_8x.o(.text))
<BR>[Address Reference Count : 1]<UL><LI> startup_lpc177x_8x.o(RESET)
</UL>
<P><STRONG><a name="[16]"></a>I2C2_IRQHandler</STRONG> (Thumb, 0 bytes, Stack size 0 bytes, startup_lpc177x_8x.o(.text))
<BR>[Address Reference Count : 1]<UL><LI> startup_lpc177x_8x.o(RESET)
</UL>
<P><STRONG><a name="[25]"></a>I2S_IRQHandler</STRONG> (Thumb, 0 bytes, Stack size 0 bytes, startup_lpc177x_8x.o(.text))
<BR>[Address Reference Count : 1]<UL><LI> startup_lpc177x_8x.o(RESET)
</UL>
<P><STRONG><a name="[2f]"></a>LCD_IRQHandler</STRONG> (Thumb, 0 bytes, Stack size 0 bytes, startup_lpc177x_8x.o(.text))
<BR>[Address Reference Count : 1]<UL><LI> startup_lpc177x_8x.o(RESET)
</UL>
<P><STRONG><a name="[27]"></a>MCI_IRQHandler</STRONG> (Thumb, 0 bytes, Stack size 0 bytes, startup_lpc177x_8x.o(.text))
<BR>[Address Reference Count : 1]<UL><LI> startup_lpc177x_8x.o(RESET)
</UL>
<P><STRONG><a name="[28]"></a>MCPWM_IRQHandler</STRONG> (Thumb, 0 bytes, Stack size 0 bytes, startup_lpc177x_8x.o(.text))
<BR>[Address Reference Count : 1]<UL><LI> startup_lpc177x_8x.o(RESET)
</UL>
<P><STRONG><a name="[1a]"></a>PLL0_IRQHandler</STRONG> (Thumb, 0 bytes, Stack size 0 bytes, startup_lpc177x_8x.o(.text))
<BR>[Address Reference Count : 1]<UL><LI> startup_lpc177x_8x.o(RESET)
</UL>
<P><STRONG><a name="[2a]"></a>PLL1_IRQHandler</STRONG> (Thumb, 0 bytes, Stack size 0 bytes, startup_lpc177x_8x.o(.text))
<BR>[Address Reference Count : 1]<UL><LI> startup_lpc177x_8x.o(RESET)
</UL>
<P><STRONG><a name="[31]"></a>PWM0_IRQHandler</STRONG> (Thumb, 0 bytes, Stack size 0 bytes, startup_lpc177x_8x.o(.text))
<BR>[Address Reference Count : 1]<UL><LI> startup_lpc177x_8x.o(RESET)
</UL>
<P><STRONG><a name="[13]"></a>PWM1_IRQHandler</STRONG> (Thumb, 0 bytes, Stack size 0 bytes, startup_lpc177x_8x.o(.text))
<BR>[Address Reference Count : 1]<UL><LI> startup_lpc177x_8x.o(RESET)
</UL>
<P><STRONG><a name="[29]"></a>QEI_IRQHandler</STRONG> (Thumb, 0 bytes, Stack size 0 bytes, startup_lpc177x_8x.o(.text))
<BR>[Address Reference Count : 1]<UL><LI> startup_lpc177x_8x.o(RESET)
</UL>
<P><STRONG><a name="[1b]"></a>RTC_IRQHandler</STRONG> (Thumb, 0 bytes, Stack size 0 bytes, startup_lpc177x_8x.o(.text))
<BR>[Address Reference Count : 1]<UL><LI> startup_lpc177x_8x.o(RESET)
</UL>
<P><STRONG><a name="[17]"></a>SPIFI_IRQHandler</STRONG> (Thumb, 0 bytes, Stack size 0 bytes, startup_lpc177x_8x.o(.text))
<BR>[Address Reference Count : 1]<UL><LI> startup_lpc177x_8x.o(RESET)
</UL>
<P><STRONG><a name="[18]"></a>SSP0_IRQHandler</STRONG> (Thumb, 0 bytes, Stack size 0 bytes, startup_lpc177x_8x.o(.text))
<BR>[Address Reference Count : 1]<UL><LI> startup_lpc177x_8x.o(RESET)
</UL>
<P><STRONG><a name="[19]"></a>SSP1_IRQHandler</STRONG> (Thumb, 0 bytes, Stack size 0 bytes, startup_lpc177x_8x.o(.text))
<BR>[Address Reference Count : 1]<UL><LI> startup_lpc177x_8x.o(RESET)
</UL>
<P><STRONG><a name="[2e]"></a>SSP2_IRQHandler</STRONG> (Thumb, 0 bytes, Stack size 0 bytes, startup_lpc177x_8x.o(.text))
<BR>[Address Reference Count : 1]<UL><LI> startup_lpc177x_8x.o(RESET)
</UL>
<P><STRONG><a name="[b]"></a>TIMER0_IRQHandler</STRONG> (Thumb, 0 bytes, Stack size 0 bytes, startup_lpc177x_8x.o(.text))
<BR>[Address Reference Count : 1]<UL><LI> startup_lpc177x_8x.o(RESET)
</UL>
<P><STRONG><a name="[c]"></a>TIMER1_IRQHandler</STRONG> (Thumb, 0 bytes, Stack size 0 bytes, startup_lpc177x_8x.o(.text))
<BR>[Address Reference Count : 1]<UL><LI> startup_lpc177x_8x.o(RESET)
</UL>
<P><STRONG><a name="[d]"></a>TIMER2_IRQHandler</STRONG> (Thumb, 0 bytes, Stack size 0 bytes, startup_lpc177x_8x.o(.text))
<BR>[Address Reference Count : 1]<UL><LI> startup_lpc177x_8x.o(RESET)
</UL>
<P><STRONG><a name="[e]"></a>TIMER3_IRQHandler</STRONG> (Thumb, 0 bytes, Stack size 0 bytes, startup_lpc177x_8x.o(.text))
<BR>[Address Reference Count : 1]<UL><LI> startup_lpc177x_8x.o(RESET)
</UL>
<P><STRONG><a name="[f]"></a>UART0_IRQHandler</STRONG> (Thumb, 0 bytes, Stack size 0 bytes, startup_lpc177x_8x.o(.text))
<BR>[Address Reference Count : 1]<UL><LI> startup_lpc177x_8x.o(RESET)
</UL>
<P><STRONG><a name="[10]"></a>UART1_IRQHandler</STRONG> (Thumb, 0 bytes, Stack size 0 bytes, startup_lpc177x_8x.o(.text))
<BR>[Address Reference Count : 1]<UL><LI> startup_lpc177x_8x.o(RESET)
</UL>
<P><STRONG><a name="[11]"></a>UART2_IRQHandler</STRONG> (Thumb, 0 bytes, Stack size 0 bytes, startup_lpc177x_8x.o(.text))
<BR>[Address Reference Count : 1]<UL><LI> startup_lpc177x_8x.o(RESET)
</UL>
<P><STRONG><a name="[12]"></a>UART3_IRQHandler</STRONG> (Thumb, 0 bytes, Stack size 0 bytes, startup_lpc177x_8x.o(.text))
<BR>[Address Reference Count : 1]<UL><LI> startup_lpc177x_8x.o(RESET)
</UL>
<P><STRONG><a name="[2d]"></a>UART4_IRQHandler</STRONG> (Thumb, 0 bytes, Stack size 0 bytes, startup_lpc177x_8x.o(.text))
<BR>[Address Reference Count : 1]<UL><LI> startup_lpc177x_8x.o(RESET)
</UL>
<P><STRONG><a name="[2b]"></a>USBActivity_IRQHandler</STRONG> (Thumb, 0 bytes, Stack size 0 bytes, startup_lpc177x_8x.o(.text))
<BR>[Address Reference Count : 1]<UL><LI> startup_lpc177x_8x.o(RESET)
</UL>
<P><STRONG><a name="[22]"></a>USB_IRQHandler</STRONG> (Thumb, 0 bytes, Stack size 0 bytes, startup_lpc177x_8x.o(.text))
<BR>[Address Reference Count : 1]<UL><LI> startup_lpc177x_8x.o(RESET)
</UL>
<P><STRONG><a name="[a]"></a>WDT_IRQHandler</STRONG> (Thumb, 0 bytes, Stack size 0 bytes, startup_lpc177x_8x.o(.text))
<BR>[Address Reference Count : 1]<UL><LI> startup_lpc177x_8x.o(RESET)
</UL>
<P><STRONG><a name="[39]"></a>ADC_Init</STRONG> (Thumb, 58 bytes, Stack size 24 bytes, lpc177x_8x_adc.o(.text))
<BR><BR>[Stack]<UL><LI>Max Depth = 24<LI>Call Chain = ADC_Init
</UL>
<BR>[Calls]<UL><LI><a href="#[3b]">&gt;&gt;</a>&nbsp;&nbsp;&nbsp;CLKPWR_GetCLK
<LI><a href="#[3a]">&gt;&gt;</a>&nbsp;&nbsp;&nbsp;CLKPWR_ConfigPPWR
</UL>
<BR>[Called By]<UL><LI><a href="#[95]">&gt;&gt;</a>&nbsp;&nbsp;&nbsp;c_entry
</UL>

<P><STRONG><a name="[3c]"></a>ADC_DeInit</STRONG> (Thumb, 48 bytes, Stack size 8 bytes, lpc177x_8x_adc.o(.text))
<BR><BR>[Stack]<UL><LI>Max Depth = 8<LI>Call Chain = ADC_DeInit
</UL>
<BR>[Calls]<UL><LI><a href="#[3a]">&gt;&gt;</a>&nbsp;&nbsp;&nbsp;CLKPWR_ConfigPPWR
</UL>
<BR>[Called By]<UL><LI><a href="#[95]">&gt;&gt;</a>&nbsp;&nbsp;&nbsp;c_entry
</UL>

<P><STRONG><a name="[a1]"></a>ADC_GetData</STRONG> (Thumb, 14 bytes, Stack size 0 bytes, lpc177x_8x_adc.o(.text), UNUSED)

<P><STRONG><a name="[a2]"></a>ADC_StartCmd</STRONG> (Thumb, 18 bytes, Stack size 0 bytes, lpc177x_8x_adc.o(.text), UNUSED)

<P><STRONG><a name="[98]"></a>ADC_BurstCmd</STRONG> (Thumb, 20 bytes, Stack size 0 bytes, lpc177x_8x_adc.o(.text))
<BR><BR>[Called By]<UL><LI><a href="#[95]">&gt;&gt;</a>&nbsp;&nbsp;&nbsp;c_entry
</UL>

<P><STRONG><a name="[a3]"></a>ADC_PowerdownCmd</STRONG> (Thumb, 20 bytes, Stack size 0 bytes, lpc177x_8x_adc.o(.text), UNUSED)

<P><STRONG><a name="[a4]"></a>ADC_EdgeStartConfig</STRONG> (Thumb, 20 bytes, Stack size 0 bytes, lpc177x_8x_adc.o(.text), UNUSED)

<P><STRONG><a name="[a5]"></a>ADC_IntConfig</STRONG> (Thumb, 26 bytes, Stack size 8 bytes, lpc177x_8x_adc.o(.text), UNUSED)

<P><STRONG><a name="[94]"></a>ADC_ChannelCmd</STRONG> (Thumb, 46 bytes, Stack size 8 bytes, lpc177x_8x_adc.o(.text))
<BR><BR>[Stack]<UL><LI>Max Depth = 8<LI>Call Chain = ADC_ChannelCmd
</UL>
<BR>[Called By]<UL><LI><a href="#[95]">&gt;&gt;</a>&nbsp;&nbsp;&nbsp;c_entry
<LI><a href="#[1c]">&gt;&gt;</a>&nbsp;&nbsp;&nbsp;EINT0_IRQHandler
</UL>

<P><STRONG><a name="[99]"></a>ADC_ChannelGetData</STRONG> (Thumb, 16 bytes, Stack size 0 bytes, lpc177x_8x_adc.o(.text))
<BR><BR>[Called By]<UL><LI><a href="#[95]">&gt;&gt;</a>&nbsp;&nbsp;&nbsp;c_entry
</UL>

<P><STRONG><a name="[a6]"></a>ADC_ChannelGetStatus</STRONG> (Thumb, 36 bytes, Stack size 8 bytes, lpc177x_8x_adc.o(.text), UNUSED)

<P><STRONG><a name="[a7]"></a>ADC_GlobalGetData</STRONG> (Thumb, 6 bytes, Stack size 0 bytes, lpc177x_8x_adc.o(.text), UNUSED)

<P><STRONG><a name="[a8]"></a>ADC_GlobalGetStatus</STRONG> (Thumb, 28 bytes, Stack size 0 bytes, lpc177x_8x_adc.o(.text), UNUSED)

<P><STRONG><a name="[3d]"></a>__aeabi_uldivmod</STRONG> (Thumb, 98 bytes, Stack size 40 bytes, uldiv.o(.text))
<BR><BR>[Stack]<UL><LI>Max Depth = 40<LI>Call Chain = __aeabi_uldivmod
</UL>
<BR>[Calls]<UL><LI><a href="#[3e]">&gt;&gt;</a>&nbsp;&nbsp;&nbsp;__aeabi_llsr
<LI><a href="#[3f]">&gt;&gt;</a>&nbsp;&nbsp;&nbsp;__aeabi_llsl
</UL>
<BR>[Called By]<UL><LI><a href="#[65]">&gt;&gt;</a>&nbsp;&nbsp;&nbsp;uart_set_divisors
</UL>

<P><STRONG><a name="[a9]"></a>__scatterload_copy</STRONG> (Thumb, 14 bytes, Stack size unknown bytes, handlers.o(i.__scatterload_copy), UNUSED)

<P><STRONG><a name="[40]"></a>SystemCoreClockUpdate</STRONG> (Thumb, 696 bytes, Stack size 12 bytes, system_lpc177x_8x.o(.text))
<BR><BR>[Stack]<UL><LI>Max Depth = 12<LI>Call Chain = SystemCoreClockUpdate
</UL>
<BR>[Called By]<UL><LI><a href="#[58]">&gt;&gt;</a>&nbsp;&nbsp;&nbsp;CLKPWR_SetCLKDiv
<LI><a href="#[34]">&gt;&gt;</a>&nbsp;&nbsp;&nbsp;SystemInit
</UL>

<P><STRONG><a name="[34]"></a>SystemInit</STRONG> (Thumb, 212 bytes, Stack size 4 bytes, system_lpc177x_8x.o(.text))
<BR><BR>[Stack]<UL><LI>Max Depth = 16<LI>Call Chain = SystemInit &rArr; SystemCoreClockUpdate
</UL>
<BR>[Calls]<UL><LI><a href="#[40]">&gt;&gt;</a>&nbsp;&nbsp;&nbsp;SystemCoreClockUpdate
</UL>
<BR>[Address Reference Count : 1]<UL><LI> startup_lpc177x_8x.o(.text)
</UL>
<P><STRONG><a name="[41]"></a>UARTPutChar</STRONG> (Thumb, 18 bytes, Stack size 16 bytes, debug_frmwrk.o(.text))
<BR><BR>[Stack]<UL><LI>Max Depth = 72<LI>Call Chain = UARTPutChar &rArr; UART_Send
</UL>
<BR>[Calls]<UL><LI><a href="#[42]">&gt;&gt;</a>&nbsp;&nbsp;&nbsp;UART_Send
</UL>
<BR>[Called By]<UL><LI><a href="#[51]">&gt;&gt;</a>&nbsp;&nbsp;&nbsp;UARTPutHex32
<LI><a href="#[50]">&gt;&gt;</a>&nbsp;&nbsp;&nbsp;UARTPutHex32_
<LI><a href="#[4f]">&gt;&gt;</a>&nbsp;&nbsp;&nbsp;UARTPutHex16
<LI><a href="#[4e]">&gt;&gt;</a>&nbsp;&nbsp;&nbsp;UARTPutHex16_
<LI><a href="#[4d]">&gt;&gt;</a>&nbsp;&nbsp;&nbsp;UARTPutHex
<LI><a href="#[4c]">&gt;&gt;</a>&nbsp;&nbsp;&nbsp;UARTPutHex_
<LI><a href="#[4b]">&gt;&gt;</a>&nbsp;&nbsp;&nbsp;UARTPutDec32
<LI><a href="#[4a]">&gt;&gt;</a>&nbsp;&nbsp;&nbsp;UARTPutDec16
<LI><a href="#[49]">&gt;&gt;</a>&nbsp;&nbsp;&nbsp;UARTPutDec
<LI><a href="#[47]">&gt;&gt;</a>&nbsp;&nbsp;&nbsp;UARTGetValue
<LI><a href="#[46]">&gt;&gt;</a>&nbsp;&nbsp;&nbsp;UARTPuts
</UL>
<BR>[Address Reference Count : 1]<UL><LI> debug_frmwrk.o(.text)
</UL>
<P><STRONG><a name="[43]"></a>UARTGetChar</STRONG> (Thumb, 26 bytes, Stack size 16 bytes, debug_frmwrk.o(.text))
<BR><BR>[Stack]<UL><LI>Max Depth = 48<LI>Call Chain = UARTGetChar &rArr; UART_Receive
</UL>
<BR>[Calls]<UL><LI><a href="#[44]">&gt;&gt;</a>&nbsp;&nbsp;&nbsp;UART_Receive
</UL>
<BR>[Address Reference Count : 1]<UL><LI> debug_frmwrk.o(.text)
</UL>
<P><STRONG><a name="[45]"></a>UARTGetCharInNonBlock</STRONG> (Thumb, 34 bytes, Stack size 16 bytes, debug_frmwrk.o(.text))
<BR><BR>[Stack]<UL><LI>Max Depth = 48<LI>Call Chain = UARTGetCharInNonBlock &rArr; UART_Receive
</UL>
<BR>[Calls]<UL><LI><a href="#[44]">&gt;&gt;</a>&nbsp;&nbsp;&nbsp;UART_Receive
</UL>
<BR>[Address Reference Count : 1]<UL><LI> debug_frmwrk.o(.text)
</UL>
<P><STRONG><a name="[46]"></a>UARTPuts</STRONG> (Thumb, 28 bytes, Stack size 16 bytes, debug_frmwrk.o(.text))
<BR><BR>[Stack]<UL><LI>Max Depth = 88<LI>Call Chain = UARTPuts &rArr; UARTPutChar &rArr; UART_Send
</UL>
<BR>[Calls]<UL><LI><a href="#[41]">&gt;&gt;</a>&nbsp;&nbsp;&nbsp;UARTPutChar
</UL>
<BR>[Called By]<UL><LI><a href="#[51]">&gt;&gt;</a>&nbsp;&nbsp;&nbsp;UARTPutHex32
<LI><a href="#[4f]">&gt;&gt;</a>&nbsp;&nbsp;&nbsp;UARTPutHex16
<LI><a href="#[4d]">&gt;&gt;</a>&nbsp;&nbsp;&nbsp;UARTPutHex
<LI><a href="#[48]">&gt;&gt;</a>&nbsp;&nbsp;&nbsp;UARTPuts_
<LI><a href="#[47]">&gt;&gt;</a>&nbsp;&nbsp;&nbsp;UARTGetValue
</UL>
<BR>[Address Reference Count : 1]<UL><LI> debug_frmwrk.o(.text)
</UL>
<P><STRONG><a name="[47]"></a>UARTGetValue</STRONG> (Thumb, 348 bytes, Stack size 64 bytes, debug_frmwrk.o(.text))
<BR><BR>[Stack]<UL><LI>Max Depth = 152<LI>Call Chain = UARTGetValue &rArr; UARTPuts &rArr; UARTPutChar &rArr; UART_Send
</UL>
<BR>[Calls]<UL><LI><a href="#[44]">&gt;&gt;</a>&nbsp;&nbsp;&nbsp;UART_Receive
<LI><a href="#[46]">&gt;&gt;</a>&nbsp;&nbsp;&nbsp;UARTPuts
<LI><a href="#[41]">&gt;&gt;</a>&nbsp;&nbsp;&nbsp;UARTPutChar
</UL>
<BR>[Address Reference Count : 1]<UL><LI> debug_frmwrk.o(.text)
</UL>
<P><STRONG><a name="[48]"></a>UARTPuts_</STRONG> (Thumb, 24 bytes, Stack size 16 bytes, debug_frmwrk.o(.text))
<BR><BR>[Stack]<UL><LI>Max Depth = 104<LI>Call Chain = UARTPuts_ &rArr; UARTPuts &rArr; UARTPutChar &rArr; UART_Send
</UL>
<BR>[Calls]<UL><LI><a href="#[46]">&gt;&gt;</a>&nbsp;&nbsp;&nbsp;UARTPuts
</UL>
<BR>[Address Reference Count : 1]<UL><LI> debug_frmwrk.o(.text)
</UL>
<P><STRONG><a name="[49]"></a>UARTPutDec</STRONG> (Thumb, 96 bytes, Stack size 24 bytes, debug_frmwrk.o(.text))
<BR><BR>[Stack]<UL><LI>Max Depth = 96<LI>Call Chain = UARTPutDec &rArr; UARTPutChar &rArr; UART_Send
</UL>
<BR>[Calls]<UL><LI><a href="#[41]">&gt;&gt;</a>&nbsp;&nbsp;&nbsp;UARTPutChar
</UL>
<BR>[Address Reference Count : 1]<UL><LI> debug_frmwrk.o(.text)
</UL>
<P><STRONG><a name="[4a]"></a>UARTPutDec16</STRONG> (Thumb, 160 bytes, Stack size 32 bytes, debug_frmwrk.o(.text))
<BR><BR>[Stack]<UL><LI>Max Depth = 104<LI>Call Chain = UARTPutDec16 &rArr; UARTPutChar &rArr; UART_Send
</UL>
<BR>[Calls]<UL><LI><a href="#[41]">&gt;&gt;</a>&nbsp;&nbsp;&nbsp;UARTPutChar
</UL>
<BR>[Address Reference Count : 1]<UL><LI> debug_frmwrk.o(.text)
</UL>
<P><STRONG><a name="[4b]"></a>UARTPutDec32</STRONG> (Thumb, 280 bytes, Stack size 56 bytes, debug_frmwrk.o(.text))
<BR><BR>[Stack]<UL><LI>Max Depth = 128<LI>Call Chain = UARTPutDec32 &rArr; UARTPutChar &rArr; UART_Send
</UL>
<BR>[Calls]<UL><LI><a href="#[41]">&gt;&gt;</a>&nbsp;&nbsp;&nbsp;UARTPutChar
</UL>
<BR>[Address Reference Count : 1]<UL><LI> debug_frmwrk.o(.text)
</UL>
<P><STRONG><a name="[4c]"></a>UARTPutHex_</STRONG> (Thumb, 58 bytes, Stack size 24 bytes, debug_frmwrk.o(.text))
<BR><BR>[Stack]<UL><LI>Max Depth = 96<LI>Call Chain = UARTPutHex_ &rArr; UARTPutChar &rArr; UART_Send
</UL>
<BR>[Calls]<UL><LI><a href="#[41]">&gt;&gt;</a>&nbsp;&nbsp;&nbsp;UARTPutChar
</UL>
<BR>[Address Reference Count : 1]<UL><LI> debug_frmwrk.o(.text)
</UL>
<P><STRONG><a name="[4d]"></a>UARTPutHex</STRONG> (Thumb, 66 bytes, Stack size 24 bytes, debug_frmwrk.o(.text))
<BR><BR>[Stack]<UL><LI>Max Depth = 112<LI>Call Chain = UARTPutHex &rArr; UARTPuts &rArr; UARTPutChar &rArr; UART_Send
</UL>
<BR>[Calls]<UL><LI><a href="#[46]">&gt;&gt;</a>&nbsp;&nbsp;&nbsp;UARTPuts
<LI><a href="#[41]">&gt;&gt;</a>&nbsp;&nbsp;&nbsp;UARTPutChar
</UL>
<BR>[Address Reference Count : 1]<UL><LI> debug_frmwrk.o(.text)
</UL>
<P><STRONG><a name="[4e]"></a>UARTPutHex16_</STRONG> (Thumb, 58 bytes, Stack size 24 bytes, debug_frmwrk.o(.text))
<BR><BR>[Stack]<UL><LI>Max Depth = 96<LI>Call Chain = UARTPutHex16_ &rArr; UARTPutChar &rArr; UART_Send
</UL>
<BR>[Calls]<UL><LI><a href="#[41]">&gt;&gt;</a>&nbsp;&nbsp;&nbsp;UARTPutChar
</UL>
<BR>[Address Reference Count : 1]<UL><LI> debug_frmwrk.o(.text)
</UL>
<P><STRONG><a name="[4f]"></a>UARTPutHex16</STRONG> (Thumb, 66 bytes, Stack size 24 bytes, debug_frmwrk.o(.text))
<BR><BR>[Stack]<UL><LI>Max Depth = 112<LI>Call Chain = UARTPutHex16 &rArr; UARTPuts &rArr; UARTPutChar &rArr; UART_Send
</UL>
<BR>[Calls]<UL><LI><a href="#[46]">&gt;&gt;</a>&nbsp;&nbsp;&nbsp;UARTPuts
<LI><a href="#[41]">&gt;&gt;</a>&nbsp;&nbsp;&nbsp;UARTPutChar
</UL>
<BR>[Address Reference Count : 1]<UL><LI> debug_frmwrk.o(.text)
</UL>
<P><STRONG><a name="[50]"></a>UARTPutHex32_</STRONG> (Thumb, 182 bytes, Stack size 24 bytes, debug_frmwrk.o(.text))
<BR><BR>[Stack]<UL><LI>Max Depth = 96<LI>Call Chain = UARTPutHex32_ &rArr; UARTPutChar &rArr; UART_Send
</UL>
<BR>[Calls]<UL><LI><a href="#[41]">&gt;&gt;</a>&nbsp;&nbsp;&nbsp;UARTPutChar
</UL>
<BR>[Address Reference Count : 1]<UL><LI> debug_frmwrk.o(.text)
</UL>
<P><STRONG><a name="[51]"></a>UARTPutHex32</STRONG> (Thumb, 68 bytes, Stack size 24 bytes, debug_frmwrk.o(.text))
<BR><BR>[Stack]<UL><LI>Max Depth = 112<LI>Call Chain = UARTPutHex32 &rArr; UARTPuts &rArr; UARTPutChar &rArr; UART_Send
</UL>
<BR>[Calls]<UL><LI><a href="#[46]">&gt;&gt;</a>&nbsp;&nbsp;&nbsp;UARTPuts
<LI><a href="#[41]">&gt;&gt;</a>&nbsp;&nbsp;&nbsp;UARTPutChar
</UL>
<BR>[Address Reference Count : 1]<UL><LI> debug_frmwrk.o(.text)
</UL>
<P><STRONG><a name="[52]"></a>Uart_PortPin_Init</STRONG> (Thumb, 136 bytes, Stack size 8 bytes, debug_frmwrk.o(.text))
<BR><BR>[Stack]<UL><LI>Max Depth = 40<LI>Call Chain = Uart_PortPin_Init &rArr; PINSEL_ConfigPin &rArr; PIN_GetPointer
</UL>
<BR>[Calls]<UL><LI><a href="#[53]">&gt;&gt;</a>&nbsp;&nbsp;&nbsp;PINSEL_ConfigPin
</UL>
<BR>[Called By]<UL><LI><a href="#[54]">&gt;&gt;</a>&nbsp;&nbsp;&nbsp;debug_frmwrk_init
</UL>

<P><STRONG><a name="[54]"></a>debug_frmwrk_init</STRONG> (Thumb, 170 bytes, Stack size 16 bytes, debug_frmwrk.o(.text))
<BR><BR>[Stack]<UL><LI>Max Depth = 168<LI>Call Chain = debug_frmwrk_init &rArr; UART_Init &rArr; uart_set_divisors &rArr; __aeabi_uldivmod
</UL>
<BR>[Calls]<UL><LI><a href="#[57]">&gt;&gt;</a>&nbsp;&nbsp;&nbsp;UART_TxCmd
<LI><a href="#[56]">&gt;&gt;</a>&nbsp;&nbsp;&nbsp;UART_Init
<LI><a href="#[55]">&gt;&gt;</a>&nbsp;&nbsp;&nbsp;UART_ConfigStructInit
<LI><a href="#[52]">&gt;&gt;</a>&nbsp;&nbsp;&nbsp;Uart_PortPin_Init
</UL>
<BR>[Called By]<UL><LI><a href="#[95]">&gt;&gt;</a>&nbsp;&nbsp;&nbsp;c_entry
</UL>

<P><STRONG><a name="[58]"></a>CLKPWR_SetCLKDiv</STRONG> (Thumb, 152 bytes, Stack size 16 bytes, lpc177x_8x_clkpwr.o(.text), UNUSED)
<BR><BR>[Calls]<UL><LI><a href="#[40]">&gt;&gt;</a>&nbsp;&nbsp;&nbsp;SystemCoreClockUpdate
</UL>

<P><STRONG><a name="[3b]"></a>CLKPWR_GetCLK</STRONG> (Thumb, 46 bytes, Stack size 0 bytes, lpc177x_8x_clkpwr.o(.text))
<BR><BR>[Called By]<UL><LI><a href="#[65]">&gt;&gt;</a>&nbsp;&nbsp;&nbsp;uart_set_divisors
<LI><a href="#[39]">&gt;&gt;</a>&nbsp;&nbsp;&nbsp;ADC_Init
</UL>

<P><STRONG><a name="[3a]"></a>CLKPWR_ConfigPPWR</STRONG> (Thumb, 38 bytes, Stack size 0 bytes, lpc177x_8x_clkpwr.o(.text))
<BR><BR>[Called By]<UL><LI><a href="#[75]">&gt;&gt;</a>&nbsp;&nbsp;&nbsp;GPIO_Deinit
<LI><a href="#[74]">&gt;&gt;</a>&nbsp;&nbsp;&nbsp;GPIO_Init
<LI><a href="#[67]">&gt;&gt;</a>&nbsp;&nbsp;&nbsp;UART_DeInit
<LI><a href="#[3c]">&gt;&gt;</a>&nbsp;&nbsp;&nbsp;ADC_DeInit
<LI><a href="#[39]">&gt;&gt;</a>&nbsp;&nbsp;&nbsp;ADC_Init
<LI><a href="#[56]">&gt;&gt;</a>&nbsp;&nbsp;&nbsp;UART_Init
</UL>

<P><STRONG><a name="[aa]"></a>CLKPWR_Sleep</STRONG> (Thumb, 12 bytes, Stack size 0 bytes, lpc177x_8x_clkpwr.o(.text), UNUSED)

<P><STRONG><a name="[ab]"></a>CLKPWR_DeepSleep</STRONG> (Thumb, 18 bytes, Stack size 0 bytes, lpc177x_8x_clkpwr.o(.text), UNUSED)

<P><STRONG><a name="[ac]"></a>CLKPWR_PowerDown</STRONG> (Thumb, 18 bytes, Stack size 0 bytes, lpc177x_8x_clkpwr.o(.text), UNUSED)

<P><STRONG><a name="[ad]"></a>CLKPWR_DeepPowerDown</STRONG> (Thumb, 18 bytes, Stack size 0 bytes, lpc177x_8x_clkpwr.o(.text), UNUSED)

<P><STRONG><a name="[5a]"></a>PIN_GetPointer</STRONG> (Thumb, 18 bytes, Stack size 8 bytes, lpc177x_8x_pinsel.o(.text))
<BR><BR>[Stack]<UL><LI>Max Depth = 8<LI>Call Chain = PIN_GetPointer
</UL>
<BR>[Called By]<UL><LI><a href="#[64]">&gt;&gt;</a>&nbsp;&nbsp;&nbsp;PINSEL_SetFilter
<LI><a href="#[63]">&gt;&gt;</a>&nbsp;&nbsp;&nbsp;PINSEL_DacEnable
<LI><a href="#[62]">&gt;&gt;</a>&nbsp;&nbsp;&nbsp;PINSEL_SetAnalogPinMode
<LI><a href="#[61]">&gt;&gt;</a>&nbsp;&nbsp;&nbsp;PINSEL_SetOpenDrainMode
<LI><a href="#[60]">&gt;&gt;</a>&nbsp;&nbsp;&nbsp;PINSEL_SetI2CMode
<LI><a href="#[5f]">&gt;&gt;</a>&nbsp;&nbsp;&nbsp;PINSEL_SetI2CFilter
<LI><a href="#[5e]">&gt;&gt;</a>&nbsp;&nbsp;&nbsp;PINSEL_SetSlewMode
<LI><a href="#[5d]">&gt;&gt;</a>&nbsp;&nbsp;&nbsp;PINSEL_SetInvertInput
<LI><a href="#[5c]">&gt;&gt;</a>&nbsp;&nbsp;&nbsp;PINSEL_SetHysMode
<LI><a href="#[5b]">&gt;&gt;</a>&nbsp;&nbsp;&nbsp;PINSEL_SetPinMode
<LI><a href="#[53]">&gt;&gt;</a>&nbsp;&nbsp;&nbsp;PINSEL_ConfigPin
</UL>

<P><STRONG><a name="[59]"></a>PINSEL_GetPinType</STRONG> (Thumb, 164 bytes, Stack size 0 bytes, lpc177x_8x_pinsel.o(.text))
<BR><BR>[Called By]<UL><LI><a href="#[64]">&gt;&gt;</a>&nbsp;&nbsp;&nbsp;PINSEL_SetFilter
<LI><a href="#[63]">&gt;&gt;</a>&nbsp;&nbsp;&nbsp;PINSEL_DacEnable
<LI><a href="#[62]">&gt;&gt;</a>&nbsp;&nbsp;&nbsp;PINSEL_SetAnalogPinMode
<LI><a href="#[61]">&gt;&gt;</a>&nbsp;&nbsp;&nbsp;PINSEL_SetOpenDrainMode
<LI><a href="#[60]">&gt;&gt;</a>&nbsp;&nbsp;&nbsp;PINSEL_SetI2CMode
<LI><a href="#[5f]">&gt;&gt;</a>&nbsp;&nbsp;&nbsp;PINSEL_SetI2CFilter
<LI><a href="#[5e]">&gt;&gt;</a>&nbsp;&nbsp;&nbsp;PINSEL_SetSlewMode
<LI><a href="#[5d]">&gt;&gt;</a>&nbsp;&nbsp;&nbsp;PINSEL_SetInvertInput
<LI><a href="#[5c]">&gt;&gt;</a>&nbsp;&nbsp;&nbsp;PINSEL_SetHysMode
<LI><a href="#[5b]">&gt;&gt;</a>&nbsp;&nbsp;&nbsp;PINSEL_SetPinMode
<LI><a href="#[53]">&gt;&gt;</a>&nbsp;&nbsp;&nbsp;PINSEL_ConfigPin
</UL>

<P><STRONG><a name="[53]"></a>PINSEL_ConfigPin</STRONG> (Thumb, 66 bytes, Stack size 24 bytes, lpc177x_8x_pinsel.o(.text))
<BR><BR>[Stack]<UL><LI>Max Depth = 32<LI>Call Chain = PINSEL_ConfigPin &rArr; PIN_GetPointer
</UL>
<BR>[Calls]<UL><LI><a href="#[59]">&gt;&gt;</a>&nbsp;&nbsp;&nbsp;PINSEL_GetPinType
<LI><a href="#[5a]">&gt;&gt;</a>&nbsp;&nbsp;&nbsp;PIN_GetPointer
</UL>
<BR>[Called By]<UL><LI><a href="#[95]">&gt;&gt;</a>&nbsp;&nbsp;&nbsp;c_entry
<LI><a href="#[52]">&gt;&gt;</a>&nbsp;&nbsp;&nbsp;Uart_PortPin_Init
</UL>

<P><STRONG><a name="[5b]"></a>PINSEL_SetPinMode</STRONG> (Thumb, 82 bytes, Stack size 24 bytes, lpc177x_8x_pinsel.o(.text), UNUSED)
<BR><BR>[Calls]<UL><LI><a href="#[59]">&gt;&gt;</a>&nbsp;&nbsp;&nbsp;PINSEL_GetPinType
<LI><a href="#[5a]">&gt;&gt;</a>&nbsp;&nbsp;&nbsp;PIN_GetPointer
</UL>

<P><STRONG><a name="[5c]"></a>PINSEL_SetHysMode</STRONG> (Thumb, 78 bytes, Stack size 24 bytes, lpc177x_8x_pinsel.o(.text), UNUSED)
<BR><BR>[Calls]<UL><LI><a href="#[59]">&gt;&gt;</a>&nbsp;&nbsp;&nbsp;PINSEL_GetPinType
<LI><a href="#[5a]">&gt;&gt;</a>&nbsp;&nbsp;&nbsp;PIN_GetPointer
</UL>

<P><STRONG><a name="[5d]"></a>PINSEL_SetInvertInput</STRONG> (Thumb, 76 bytes, Stack size 24 bytes, lpc177x_8x_pinsel.o(.text), UNUSED)
<BR><BR>[Calls]<UL><LI><a href="#[59]">&gt;&gt;</a>&nbsp;&nbsp;&nbsp;PINSEL_GetPinType
<LI><a href="#[5a]">&gt;&gt;</a>&nbsp;&nbsp;&nbsp;PIN_GetPointer
</UL>

<P><STRONG><a name="[5e]"></a>PINSEL_SetSlewMode</STRONG> (Thumb, 78 bytes, Stack size 24 bytes, lpc177x_8x_pinsel.o(.text), UNUSED)
<BR><BR>[Calls]<UL><LI><a href="#[59]">&gt;&gt;</a>&nbsp;&nbsp;&nbsp;PINSEL_GetPinType
<LI><a href="#[5a]">&gt;&gt;</a>&nbsp;&nbsp;&nbsp;PIN_GetPointer
</UL>

<P><STRONG><a name="[5f]"></a>PINSEL_SetI2CFilter</STRONG> (Thumb, 76 bytes, Stack size 24 bytes, lpc177x_8x_pinsel.o(.text), UNUSED)
<BR><BR>[Calls]<UL><LI><a href="#[59]">&gt;&gt;</a>&nbsp;&nbsp;&nbsp;PINSEL_GetPinType
<LI><a href="#[5a]">&gt;&gt;</a>&nbsp;&nbsp;&nbsp;PIN_GetPointer
</UL>
<BR>[Called By]<UL><LI><a href="#[60]">&gt;&gt;</a>&nbsp;&nbsp;&nbsp;PINSEL_SetI2CMode
</UL>

<P><STRONG><a name="[60]"></a>PINSEL_SetI2CMode</STRONG> (Thumb, 136 bytes, Stack size 24 bytes, lpc177x_8x_pinsel.o(.text), UNUSED)
<BR><BR>[Calls]<UL><LI><a href="#[5f]">&gt;&gt;</a>&nbsp;&nbsp;&nbsp;PINSEL_SetI2CFilter
<LI><a href="#[59]">&gt;&gt;</a>&nbsp;&nbsp;&nbsp;PINSEL_GetPinType
<LI><a href="#[5a]">&gt;&gt;</a>&nbsp;&nbsp;&nbsp;PIN_GetPointer
</UL>

<P><STRONG><a name="[61]"></a>PINSEL_SetOpenDrainMode</STRONG> (Thumb, 82 bytes, Stack size 24 bytes, lpc177x_8x_pinsel.o(.text), UNUSED)
<BR><BR>[Calls]<UL><LI><a href="#[59]">&gt;&gt;</a>&nbsp;&nbsp;&nbsp;PINSEL_GetPinType
<LI><a href="#[5a]">&gt;&gt;</a>&nbsp;&nbsp;&nbsp;PIN_GetPointer
</UL>

<P><STRONG><a name="[62]"></a>PINSEL_SetAnalogPinMode</STRONG> (Thumb, 76 bytes, Stack size 24 bytes, lpc177x_8x_pinsel.o(.text))
<BR><BR>[Stack]<UL><LI>Max Depth = 32<LI>Call Chain = PINSEL_SetAnalogPinMode &rArr; PIN_GetPointer
</UL>
<BR>[Calls]<UL><LI><a href="#[59]">&gt;&gt;</a>&nbsp;&nbsp;&nbsp;PINSEL_GetPinType
<LI><a href="#[5a]">&gt;&gt;</a>&nbsp;&nbsp;&nbsp;PIN_GetPointer
</UL>
<BR>[Called By]<UL><LI><a href="#[95]">&gt;&gt;</a>&nbsp;&nbsp;&nbsp;c_entry
</UL>

<P><STRONG><a name="[63]"></a>PINSEL_DacEnable</STRONG> (Thumb, 88 bytes, Stack size 24 bytes, lpc177x_8x_pinsel.o(.text), UNUSED)
<BR><BR>[Calls]<UL><LI><a href="#[59]">&gt;&gt;</a>&nbsp;&nbsp;&nbsp;PINSEL_GetPinType
<LI><a href="#[5a]">&gt;&gt;</a>&nbsp;&nbsp;&nbsp;PIN_GetPointer
</UL>

<P><STRONG><a name="[64]"></a>PINSEL_SetFilter</STRONG> (Thumb, 80 bytes, Stack size 24 bytes, lpc177x_8x_pinsel.o(.text), UNUSED)
<BR><BR>[Calls]<UL><LI><a href="#[59]">&gt;&gt;</a>&nbsp;&nbsp;&nbsp;PINSEL_GetPinType
<LI><a href="#[5a]">&gt;&gt;</a>&nbsp;&nbsp;&nbsp;PIN_GetPointer
</UL>

<P><STRONG><a name="[56]"></a>UART_Init</STRONG> (Thumb, 560 bytes, Stack size 24 bytes, lpc177x_8x_uart.o(.text))
<BR><BR>[Stack]<UL><LI>Max Depth = 152<LI>Call Chain = UART_Init &rArr; uart_set_divisors &rArr; __aeabi_uldivmod
</UL>
<BR>[Calls]<UL><LI><a href="#[65]">&gt;&gt;</a>&nbsp;&nbsp;&nbsp;uart_set_divisors
<LI><a href="#[66]">&gt;&gt;</a>&nbsp;&nbsp;&nbsp;uart_get_pointer
<LI><a href="#[3a]">&gt;&gt;</a>&nbsp;&nbsp;&nbsp;CLKPWR_ConfigPPWR
</UL>
<BR>[Called By]<UL><LI><a href="#[54]">&gt;&gt;</a>&nbsp;&nbsp;&nbsp;debug_frmwrk_init
</UL>

<P><STRONG><a name="[57]"></a>UART_TxCmd</STRONG> (Thumb, 130 bytes, Stack size 16 bytes, lpc177x_8x_uart.o(.text))
<BR><BR>[Stack]<UL><LI>Max Depth = 16<LI>Call Chain = UART_TxCmd
</UL>
<BR>[Calls]<UL><LI><a href="#[66]">&gt;&gt;</a>&nbsp;&nbsp;&nbsp;uart_get_pointer
</UL>
<BR>[Called By]<UL><LI><a href="#[67]">&gt;&gt;</a>&nbsp;&nbsp;&nbsp;UART_DeInit
<LI><a href="#[54]">&gt;&gt;</a>&nbsp;&nbsp;&nbsp;debug_frmwrk_init
</UL>

<P><STRONG><a name="[67]"></a>UART_DeInit</STRONG> (Thumb, 82 bytes, Stack size 8 bytes, lpc177x_8x_uart.o(.text), UNUSED)
<BR><BR>[Calls]<UL><LI><a href="#[3a]">&gt;&gt;</a>&nbsp;&nbsp;&nbsp;CLKPWR_ConfigPPWR
<LI><a href="#[57]">&gt;&gt;</a>&nbsp;&nbsp;&nbsp;UART_TxCmd
</UL>

<P><STRONG><a name="[55]"></a>UART_ConfigStructInit</STRONG> (Thumb, 18 bytes, Stack size 0 bytes, lpc177x_8x_uart.o(.text))
<BR><BR>[Called By]<UL><LI><a href="#[54]">&gt;&gt;</a>&nbsp;&nbsp;&nbsp;debug_frmwrk_init
</UL>

<P><STRONG><a name="[68]"></a>UART_SendByte</STRONG> (Thumb, 50 bytes, Stack size 0 bytes, lpc177x_8x_uart.o(.text))
<BR><BR>[Called By]<UL><LI><a href="#[42]">&gt;&gt;</a>&nbsp;&nbsp;&nbsp;UART_Send
</UL>

<P><STRONG><a name="[69]"></a>UART_ReceiveByte</STRONG> (Thumb, 52 bytes, Stack size 0 bytes, lpc177x_8x_uart.o(.text))
<BR><BR>[Called By]<UL><LI><a href="#[44]">&gt;&gt;</a>&nbsp;&nbsp;&nbsp;UART_Receive
</UL>

<P><STRONG><a name="[42]"></a>UART_Send</STRONG> (Thumb, 220 bytes, Stack size 56 bytes, lpc177x_8x_uart.o(.text))
<BR><BR>[Stack]<UL><LI>Max Depth = 56<LI>Call Chain = UART_Send
</UL>
<BR>[Calls]<UL><LI><a href="#[68]">&gt;&gt;</a>&nbsp;&nbsp;&nbsp;UART_SendByte
</UL>
<BR>[Called By]<UL><LI><a href="#[6e]">&gt;&gt;</a>&nbsp;&nbsp;&nbsp;UART_RS485Send
<LI><a href="#[41]">&gt;&gt;</a>&nbsp;&nbsp;&nbsp;UARTPutChar
</UL>

<P><STRONG><a name="[44]"></a>UART_Receive</STRONG> (Thumb, 192 bytes, Stack size 32 bytes, lpc177x_8x_uart.o(.text))
<BR><BR>[Stack]<UL><LI>Max Depth = 32<LI>Call Chain = UART_Receive
</UL>
<BR>[Calls]<UL><LI><a href="#[69]">&gt;&gt;</a>&nbsp;&nbsp;&nbsp;UART_ReceiveByte
</UL>
<BR>[Called By]<UL><LI><a href="#[47]">&gt;&gt;</a>&nbsp;&nbsp;&nbsp;UARTGetValue
<LI><a href="#[45]">&gt;&gt;</a>&nbsp;&nbsp;&nbsp;UARTGetCharInNonBlock
<LI><a href="#[43]">&gt;&gt;</a>&nbsp;&nbsp;&nbsp;UARTGetChar
</UL>

<P><STRONG><a name="[ae]"></a>UART_ForceBreak</STRONG> (Thumb, 88 bytes, Stack size 0 bytes, lpc177x_8x_uart.o(.text), UNUSED)

<P><STRONG><a name="[af]"></a>UART_IntConfig</STRONG> (Thumb, 178 bytes, Stack size 20 bytes, lpc177x_8x_uart.o(.text), UNUSED)

<P><STRONG><a name="[b0]"></a>UART_GetLineStatus</STRONG> (Thumb, 52 bytes, Stack size 0 bytes, lpc177x_8x_uart.o(.text), UNUSED)

<P><STRONG><a name="[b1]"></a>UART_GetIntId</STRONG> (Thumb, 80 bytes, Stack size 0 bytes, lpc177x_8x_uart.o(.text), UNUSED)

<P><STRONG><a name="[b2]"></a>UART_CheckBusy</STRONG> (Thumb, 84 bytes, Stack size 0 bytes, lpc177x_8x_uart.o(.text), UNUSED)

<P><STRONG><a name="[b3]"></a>UART_FIFOConfig</STRONG> (Thumb, 152 bytes, Stack size 8 bytes, lpc177x_8x_uart.o(.text), UNUSED)

<P><STRONG><a name="[b4]"></a>UART_FIFOConfigStructInit</STRONG> (Thumb, 14 bytes, Stack size 0 bytes, lpc177x_8x_uart.o(.text), UNUSED)

<P><STRONG><a name="[6a]"></a>UART_ABCmd</STRONG> (Thumb, 210 bytes, Stack size 24 bytes, lpc177x_8x_uart.o(.text), UNUSED)
<BR><BR>[Calls]<UL><LI><a href="#[66]">&gt;&gt;</a>&nbsp;&nbsp;&nbsp;uart_get_pointer
</UL>

<P><STRONG><a name="[6b]"></a>UART_ABClearIntPending</STRONG> (Thumb, 56 bytes, Stack size 16 bytes, lpc177x_8x_uart.o(.text), UNUSED)
<BR><BR>[Calls]<UL><LI><a href="#[66]">&gt;&gt;</a>&nbsp;&nbsp;&nbsp;uart_get_pointer
</UL>

<P><STRONG><a name="[b5]"></a>UART_IrDAInvtInputCmd</STRONG> (Thumb, 42 bytes, Stack size 0 bytes, lpc177x_8x_uart.o(.text), UNUSED)

<P><STRONG><a name="[b6]"></a>UART_IrDACmd</STRONG> (Thumb, 40 bytes, Stack size 0 bytes, lpc177x_8x_uart.o(.text), UNUSED)

<P><STRONG><a name="[b7]"></a>UART_IrDAPulseDivConfig</STRONG> (Thumb, 38 bytes, Stack size 12 bytes, lpc177x_8x_uart.o(.text), UNUSED)

<P><STRONG><a name="[b8]"></a>UART_FullModemForcePinState</STRONG> (Thumb, 64 bytes, Stack size 12 bytes, lpc177x_8x_uart.o(.text), UNUSED)

<P><STRONG><a name="[b9]"></a>UART_FullModemConfigMode</STRONG> (Thumb, 72 bytes, Stack size 12 bytes, lpc177x_8x_uart.o(.text), UNUSED)

<P><STRONG><a name="[ba]"></a>UART_FullModemGetStatus</STRONG> (Thumb, 16 bytes, Stack size 0 bytes, lpc177x_8x_uart.o(.text), UNUSED)

<P><STRONG><a name="[6c]"></a>UART_RS485Config</STRONG> (Thumb, 204 bytes, Stack size 40 bytes, lpc177x_8x_uart.o(.text), UNUSED)
<BR><BR>[Calls]<UL><LI><a href="#[66]">&gt;&gt;</a>&nbsp;&nbsp;&nbsp;uart_get_pointer
</UL>

<P><STRONG><a name="[6d]"></a>UART_RS485ReceiverCmd</STRONG> (Thumb, 64 bytes, Stack size 24 bytes, lpc177x_8x_uart.o(.text), UNUSED)
<BR><BR>[Calls]<UL><LI><a href="#[66]">&gt;&gt;</a>&nbsp;&nbsp;&nbsp;uart_get_pointer
</UL>

<P><STRONG><a name="[6e]"></a>UART_RS485Send</STRONG> (Thumb, 142 bytes, Stack size 56 bytes, lpc177x_8x_uart.o(.text), UNUSED)
<BR><BR>[Calls]<UL><LI><a href="#[66]">&gt;&gt;</a>&nbsp;&nbsp;&nbsp;uart_get_pointer
<LI><a href="#[42]">&gt;&gt;</a>&nbsp;&nbsp;&nbsp;UART_Send
</UL>
<BR>[Called By]<UL><LI><a href="#[70]">&gt;&gt;</a>&nbsp;&nbsp;&nbsp;UART_RS485SendData
<LI><a href="#[6f]">&gt;&gt;</a>&nbsp;&nbsp;&nbsp;UART_RS485SendSlvAddr
</UL>

<P><STRONG><a name="[6f]"></a>UART_RS485SendSlvAddr</STRONG> (Thumb, 18 bytes, Stack size 16 bytes, lpc177x_8x_uart.o(.text), UNUSED)
<BR><BR>[Calls]<UL><LI><a href="#[6e]">&gt;&gt;</a>&nbsp;&nbsp;&nbsp;UART_RS485Send
</UL>

<P><STRONG><a name="[70]"></a>UART_RS485SendData</STRONG> (Thumb, 22 bytes, Stack size 16 bytes, lpc177x_8x_uart.o(.text), UNUSED)
<BR><BR>[Calls]<UL><LI><a href="#[6e]">&gt;&gt;</a>&nbsp;&nbsp;&nbsp;UART_RS485Send
</UL>

<P><STRONG><a name="[97]"></a>EXTI_Init</STRONG> (Thumb, 22 bytes, Stack size 0 bytes, lpc177x_8x_exti.o(.text))
<BR><BR>[Called By]<UL><LI><a href="#[95]">&gt;&gt;</a>&nbsp;&nbsp;&nbsp;c_entry
</UL>

<P><STRONG><a name="[bb]"></a>EXTI_DeInit</STRONG> (Thumb, 2 bytes, Stack size 0 bytes, lpc177x_8x_exti.o(.text), UNUSED)

<P><STRONG><a name="[73]"></a>EXTI_SetPolarity</STRONG> (Thumb, 46 bytes, Stack size 0 bytes, lpc177x_8x_exti.o(.text))
<BR><BR>[Called By]<UL><LI><a href="#[71]">&gt;&gt;</a>&nbsp;&nbsp;&nbsp;EXTI_Config
</UL>

<P><STRONG><a name="[72]"></a>EXTI_SetMode</STRONG> (Thumb, 46 bytes, Stack size 0 bytes, lpc177x_8x_exti.o(.text))
<BR><BR>[Called By]<UL><LI><a href="#[71]">&gt;&gt;</a>&nbsp;&nbsp;&nbsp;EXTI_Config
</UL>

<P><STRONG><a name="[71]"></a>EXTI_Config</STRONG> (Thumb, 28 bytes, Stack size 8 bytes, lpc177x_8x_exti.o(.text))
<BR><BR>[Stack]<UL><LI>Max Depth = 8<LI>Call Chain = EXTI_Config
</UL>
<BR>[Calls]<UL><LI><a href="#[72]">&gt;&gt;</a>&nbsp;&nbsp;&nbsp;EXTI_SetMode
<LI><a href="#[73]">&gt;&gt;</a>&nbsp;&nbsp;&nbsp;EXTI_SetPolarity
</UL>
<BR>[Called By]<UL><LI><a href="#[95]">&gt;&gt;</a>&nbsp;&nbsp;&nbsp;c_entry
</UL>

<P><STRONG><a name="[93]"></a>EXTI_ClearEXTIFlag</STRONG> (Thumb, 18 bytes, Stack size 0 bytes, lpc177x_8x_exti.o(.text))
<BR><BR>[Called By]<UL><LI><a href="#[1c]">&gt;&gt;</a>&nbsp;&nbsp;&nbsp;EINT0_IRQHandler
</UL>

<P><STRONG><a name="[74]"></a>GPIO_Init</STRONG> (Thumb, 12 bytes, Stack size 8 bytes, lpc177x_8x_gpio.o(.text))
<BR><BR>[Stack]<UL><LI>Max Depth = 8<LI>Call Chain = GPIO_Init
</UL>
<BR>[Calls]<UL><LI><a href="#[3a]">&gt;&gt;</a>&nbsp;&nbsp;&nbsp;CLKPWR_ConfigPPWR
</UL>
<BR>[Called By]<UL><LI><a href="#[95]">&gt;&gt;</a>&nbsp;&nbsp;&nbsp;c_entry
</UL>

<P><STRONG><a name="[75]"></a>GPIO_Deinit</STRONG> (Thumb, 14 bytes, Stack size 8 bytes, lpc177x_8x_gpio.o(.text))
<BR><BR>[Stack]<UL><LI>Max Depth = 8<LI>Call Chain = GPIO_Deinit
</UL>
<BR>[Calls]<UL><LI><a href="#[3a]">&gt;&gt;</a>&nbsp;&nbsp;&nbsp;CLKPWR_ConfigPPWR
</UL>
<BR>[Called By]<UL><LI><a href="#[95]">&gt;&gt;</a>&nbsp;&nbsp;&nbsp;c_entry
</UL>

<P><STRONG><a name="[76]"></a>GPIO_SetDir</STRONG> (Thumb, 40 bytes, Stack size 24 bytes, lpc177x_8x_gpio.o(.text))
<BR><BR>[Stack]<UL><LI>Max Depth = 24<LI>Call Chain = GPIO_SetDir
</UL>
<BR>[Calls]<UL><LI><a href="#[77]">&gt;&gt;</a>&nbsp;&nbsp;&nbsp;GPIO_GetPointer
</UL>
<BR>[Called By]<UL><LI><a href="#[95]">&gt;&gt;</a>&nbsp;&nbsp;&nbsp;c_entry
<LI><a href="#[7c]">&gt;&gt;</a>&nbsp;&nbsp;&nbsp;FIO_SetDir
</UL>

<P><STRONG><a name="[78]"></a>GPIO_SetValue</STRONG> (Thumb, 20 bytes, Stack size 16 bytes, lpc177x_8x_gpio.o(.text))
<BR><BR>[Stack]<UL><LI>Max Depth = 16<LI>Call Chain = GPIO_SetValue
</UL>
<BR>[Calls]<UL><LI><a href="#[77]">&gt;&gt;</a>&nbsp;&nbsp;&nbsp;GPIO_GetPointer
</UL>
<BR>[Called By]<UL><LI><a href="#[95]">&gt;&gt;</a>&nbsp;&nbsp;&nbsp;c_entry
<LI><a href="#[1c]">&gt;&gt;</a>&nbsp;&nbsp;&nbsp;EINT0_IRQHandler
<LI><a href="#[7d]">&gt;&gt;</a>&nbsp;&nbsp;&nbsp;FIO_SetValue
<LI><a href="#[7a]">&gt;&gt;</a>&nbsp;&nbsp;&nbsp;GPIO_OutputValue
</UL>

<P><STRONG><a name="[79]"></a>GPIO_ClearValue</STRONG> (Thumb, 20 bytes, Stack size 16 bytes, lpc177x_8x_gpio.o(.text))
<BR><BR>[Stack]<UL><LI>Max Depth = 16<LI>Call Chain = GPIO_ClearValue
</UL>
<BR>[Calls]<UL><LI><a href="#[77]">&gt;&gt;</a>&nbsp;&nbsp;&nbsp;GPIO_GetPointer
</UL>
<BR>[Called By]<UL><LI><a href="#[1c]">&gt;&gt;</a>&nbsp;&nbsp;&nbsp;EINT0_IRQHandler
<LI><a href="#[7e]">&gt;&gt;</a>&nbsp;&nbsp;&nbsp;FIO_ClearValue
<LI><a href="#[7a]">&gt;&gt;</a>&nbsp;&nbsp;&nbsp;GPIO_OutputValue
</UL>

<P><STRONG><a name="[7a]"></a>GPIO_OutputValue</STRONG> (Thumb, 30 bytes, Stack size 16 bytes, lpc177x_8x_gpio.o(.text), UNUSED)
<BR><BR>[Calls]<UL><LI><a href="#[79]">&gt;&gt;</a>&nbsp;&nbsp;&nbsp;GPIO_ClearValue
<LI><a href="#[78]">&gt;&gt;</a>&nbsp;&nbsp;&nbsp;GPIO_SetValue
</UL>

<P><STRONG><a name="[7b]"></a>GPIO_ReadValue</STRONG> (Thumb, 22 bytes, Stack size 16 bytes, lpc177x_8x_gpio.o(.text), UNUSED)
<BR><BR>[Calls]<UL><LI><a href="#[77]">&gt;&gt;</a>&nbsp;&nbsp;&nbsp;GPIO_GetPointer
</UL>
<BR>[Called By]<UL><LI><a href="#[7f]">&gt;&gt;</a>&nbsp;&nbsp;&nbsp;FIO_ReadValue
</UL>

<P><STRONG><a name="[81]"></a>GPIO_IntCmd</STRONG> (Thumb, 60 bytes, Stack size 0 bytes, lpc177x_8x_gpio.o(.text), UNUSED)
<BR><BR>[Called By]<UL><LI><a href="#[80]">&gt;&gt;</a>&nbsp;&nbsp;&nbsp;FIO_IntCmd
</UL>

<P><STRONG><a name="[83]"></a>GPIO_GetIntStatus</STRONG> (Thumb, 86 bytes, Stack size 0 bytes, lpc177x_8x_gpio.o(.text), UNUSED)
<BR><BR>[Called By]<UL><LI><a href="#[82]">&gt;&gt;</a>&nbsp;&nbsp;&nbsp;FIO_GetIntStatus
</UL>

<P><STRONG><a name="[85]"></a>GPIO_ClearInt</STRONG> (Thumb, 28 bytes, Stack size 0 bytes, lpc177x_8x_gpio.o(.text), UNUSED)
<BR><BR>[Called By]<UL><LI><a href="#[84]">&gt;&gt;</a>&nbsp;&nbsp;&nbsp;FIO_ClearInt
</UL>

<P><STRONG><a name="[7c]"></a>FIO_SetDir</STRONG> (Thumb, 20 bytes, Stack size 16 bytes, lpc177x_8x_gpio.o(.text), UNUSED)
<BR><BR>[Calls]<UL><LI><a href="#[76]">&gt;&gt;</a>&nbsp;&nbsp;&nbsp;GPIO_SetDir
</UL>

<P><STRONG><a name="[7d]"></a>FIO_SetValue</STRONG> (Thumb, 16 bytes, Stack size 16 bytes, lpc177x_8x_gpio.o(.text), UNUSED)
<BR><BR>[Calls]<UL><LI><a href="#[78]">&gt;&gt;</a>&nbsp;&nbsp;&nbsp;GPIO_SetValue
</UL>

<P><STRONG><a name="[7e]"></a>FIO_ClearValue</STRONG> (Thumb, 16 bytes, Stack size 16 bytes, lpc177x_8x_gpio.o(.text), UNUSED)
<BR><BR>[Calls]<UL><LI><a href="#[79]">&gt;&gt;</a>&nbsp;&nbsp;&nbsp;GPIO_ClearValue
</UL>

<P><STRONG><a name="[7f]"></a>FIO_ReadValue</STRONG> (Thumb, 12 bytes, Stack size 8 bytes, lpc177x_8x_gpio.o(.text), UNUSED)
<BR><BR>[Calls]<UL><LI><a href="#[7b]">&gt;&gt;</a>&nbsp;&nbsp;&nbsp;GPIO_ReadValue
</UL>

<P><STRONG><a name="[80]"></a>FIO_IntCmd</STRONG> (Thumb, 20 bytes, Stack size 16 bytes, lpc177x_8x_gpio.o(.text), UNUSED)
<BR><BR>[Calls]<UL><LI><a href="#[81]">&gt;&gt;</a>&nbsp;&nbsp;&nbsp;GPIO_IntCmd
</UL>

<P><STRONG><a name="[82]"></a>FIO_GetIntStatus</STRONG> (Thumb, 20 bytes, Stack size 16 bytes, lpc177x_8x_gpio.o(.text), UNUSED)
<BR><BR>[Calls]<UL><LI><a href="#[83]">&gt;&gt;</a>&nbsp;&nbsp;&nbsp;GPIO_GetIntStatus
</UL>

<P><STRONG><a name="[84]"></a>FIO_ClearInt</STRONG> (Thumb, 16 bytes, Stack size 8 bytes, lpc177x_8x_gpio.o(.text), UNUSED)
<BR><BR>[Calls]<UL><LI><a href="#[85]">&gt;&gt;</a>&nbsp;&nbsp;&nbsp;GPIO_ClearInt
</UL>

<P><STRONG><a name="[86]"></a>FIO_SetMask</STRONG> (Thumb, 40 bytes, Stack size 24 bytes, lpc177x_8x_gpio.o(.text), UNUSED)
<BR><BR>[Calls]<UL><LI><a href="#[77]">&gt;&gt;</a>&nbsp;&nbsp;&nbsp;GPIO_GetPointer
</UL>

<P><STRONG><a name="[87]"></a>FIO_HalfWordSetDir</STRONG> (Thumb, 62 bytes, Stack size 24 bytes, lpc177x_8x_gpio.o(.text), UNUSED)
<BR><BR>[Calls]<UL><LI><a href="#[88]">&gt;&gt;</a>&nbsp;&nbsp;&nbsp;FIO_HalfWordGetPointer
</UL>

<P><STRONG><a name="[89]"></a>FIO_HalfWordSetMask</STRONG> (Thumb, 62 bytes, Stack size 24 bytes, lpc177x_8x_gpio.o(.text), UNUSED)
<BR><BR>[Calls]<UL><LI><a href="#[88]">&gt;&gt;</a>&nbsp;&nbsp;&nbsp;FIO_HalfWordGetPointer
</UL>

<P><STRONG><a name="[8a]"></a>FIO_HalfWordSetValue</STRONG> (Thumb, 32 bytes, Stack size 24 bytes, lpc177x_8x_gpio.o(.text), UNUSED)
<BR><BR>[Calls]<UL><LI><a href="#[88]">&gt;&gt;</a>&nbsp;&nbsp;&nbsp;FIO_HalfWordGetPointer
</UL>

<P><STRONG><a name="[8b]"></a>FIO_HalfWordClearValue</STRONG> (Thumb, 32 bytes, Stack size 24 bytes, lpc177x_8x_gpio.o(.text), UNUSED)
<BR><BR>[Calls]<UL><LI><a href="#[88]">&gt;&gt;</a>&nbsp;&nbsp;&nbsp;FIO_HalfWordGetPointer
</UL>

<P><STRONG><a name="[8c]"></a>FIO_HalfWordReadValue</STRONG> (Thumb, 30 bytes, Stack size 16 bytes, lpc177x_8x_gpio.o(.text), UNUSED)
<BR><BR>[Calls]<UL><LI><a href="#[88]">&gt;&gt;</a>&nbsp;&nbsp;&nbsp;FIO_HalfWordGetPointer
</UL>

<P><STRONG><a name="[8d]"></a>FIO_ByteSetDir</STRONG> (Thumb, 50 bytes, Stack size 24 bytes, lpc177x_8x_gpio.o(.text), UNUSED)
<BR><BR>[Calls]<UL><LI><a href="#[8e]">&gt;&gt;</a>&nbsp;&nbsp;&nbsp;FIO_ByteGetPointer
</UL>

<P><STRONG><a name="[8f]"></a>FIO_ByteSetMask</STRONG> (Thumb, 66 bytes, Stack size 24 bytes, lpc177x_8x_gpio.o(.text), UNUSED)
<BR><BR>[Calls]<UL><LI><a href="#[8e]">&gt;&gt;</a>&nbsp;&nbsp;&nbsp;FIO_ByteGetPointer
</UL>

<P><STRONG><a name="[90]"></a>FIO_ByteSetValue</STRONG> (Thumb, 44 bytes, Stack size 24 bytes, lpc177x_8x_gpio.o(.text), UNUSED)
<BR><BR>[Calls]<UL><LI><a href="#[8e]">&gt;&gt;</a>&nbsp;&nbsp;&nbsp;FIO_ByteGetPointer
</UL>

<P><STRONG><a name="[91]"></a>FIO_ByteClearValue</STRONG> (Thumb, 34 bytes, Stack size 24 bytes, lpc177x_8x_gpio.o(.text), UNUSED)
<BR><BR>[Calls]<UL><LI><a href="#[8e]">&gt;&gt;</a>&nbsp;&nbsp;&nbsp;FIO_ByteGetPointer
</UL>

<P><STRONG><a name="[92]"></a>FIO_ByteReadValue</STRONG> (Thumb, 32 bytes, Stack size 16 bytes, lpc177x_8x_gpio.o(.text), UNUSED)
<BR><BR>[Calls]<UL><LI><a href="#[8e]">&gt;&gt;</a>&nbsp;&nbsp;&nbsp;FIO_ByteGetPointer
</UL>

<P><STRONG><a name="[1c]"></a>EINT0_IRQHandler</STRONG> (Thumb, 76 bytes, Stack size 8 bytes, adc_burst.o(.text))
<BR><BR>[Stack]<UL><LI>Max Depth = 24<LI>Call Chain = EINT0_IRQHandler &rArr; GPIO_ClearValue
</UL>
<BR>[Calls]<UL><LI><a href="#[79]">&gt;&gt;</a>&nbsp;&nbsp;&nbsp;GPIO_ClearValue
<LI><a href="#[78]">&gt;&gt;</a>&nbsp;&nbsp;&nbsp;GPIO_SetValue
<LI><a href="#[93]">&gt;&gt;</a>&nbsp;&nbsp;&nbsp;EXTI_ClearEXTIFlag
<LI><a href="#[94]">&gt;&gt;</a>&nbsp;&nbsp;&nbsp;ADC_ChannelCmd
</UL>
<BR>[Address Reference Count : 1]<UL><LI> startup_lpc177x_8x.o(RESET)
</UL>
<P><STRONG><a name="[96]"></a>print_menu</STRONG> (Thumb, 14 bytes, Stack size 8 bytes, adc_burst.o(.text))
<BR><BR>[Stack]<UL><LI>Max Depth = 8<LI>Call Chain = print_menu
</UL>
<BR>[Called By]<UL><LI><a href="#[95]">&gt;&gt;</a>&nbsp;&nbsp;&nbsp;c_entry
</UL>

<P><STRONG><a name="[95]"></a>c_entry</STRONG> (Thumb, 346 bytes, Stack size 24 bytes, adc_burst.o(.text))
<BR><BR>[Stack]<UL><LI>Max Depth = 192<LI>Call Chain = c_entry &rArr; debug_frmwrk_init &rArr; UART_Init &rArr; uart_set_divisors &rArr; __aeabi_uldivmod
</UL>
<BR>[Calls]<UL><LI><a href="#[96]">&gt;&gt;</a>&nbsp;&nbsp;&nbsp;print_menu
<LI><a href="#[78]">&gt;&gt;</a>&nbsp;&nbsp;&nbsp;GPIO_SetValue
<LI><a href="#[76]">&gt;&gt;</a>&nbsp;&nbsp;&nbsp;GPIO_SetDir
<LI><a href="#[75]">&gt;&gt;</a>&nbsp;&nbsp;&nbsp;GPIO_Deinit
<LI><a href="#[74]">&gt;&gt;</a>&nbsp;&nbsp;&nbsp;GPIO_Init
<LI><a href="#[71]">&gt;&gt;</a>&nbsp;&nbsp;&nbsp;EXTI_Config
<LI><a href="#[97]">&gt;&gt;</a>&nbsp;&nbsp;&nbsp;EXTI_Init
<LI><a href="#[62]">&gt;&gt;</a>&nbsp;&nbsp;&nbsp;PINSEL_SetAnalogPinMode
<LI><a href="#[99]">&gt;&gt;</a>&nbsp;&nbsp;&nbsp;ADC_ChannelGetData
<LI><a href="#[94]">&gt;&gt;</a>&nbsp;&nbsp;&nbsp;ADC_ChannelCmd
<LI><a href="#[98]">&gt;&gt;</a>&nbsp;&nbsp;&nbsp;ADC_BurstCmd
<LI><a href="#[3c]">&gt;&gt;</a>&nbsp;&nbsp;&nbsp;ADC_DeInit
<LI><a href="#[39]">&gt;&gt;</a>&nbsp;&nbsp;&nbsp;ADC_Init
<LI><a href="#[53]">&gt;&gt;</a>&nbsp;&nbsp;&nbsp;PINSEL_ConfigPin
<LI><a href="#[54]">&gt;&gt;</a>&nbsp;&nbsp;&nbsp;debug_frmwrk_init
</UL>
<BR>[Called By]<UL><LI><a href="#[33]">&gt;&gt;</a>&nbsp;&nbsp;&nbsp;main
</UL>

<P><STRONG><a name="[33]"></a>main</STRONG> (Thumb, 10 bytes, Stack size 8 bytes, adc_burst.o(.text))
<BR><BR>[Stack]<UL><LI>Max Depth = 200<LI>Call Chain = main &rArr; c_entry &rArr; debug_frmwrk_init &rArr; UART_Init &rArr; uart_set_divisors &rArr; __aeabi_uldivmod
</UL>
<BR>[Calls]<UL><LI><a href="#[95]">&gt;&gt;</a>&nbsp;&nbsp;&nbsp;c_entry
</UL>
<BR>[Address Reference Count : 1]<UL><LI> entry9a.o(.ARM.Collect$$$$0000000B)
</UL>
<P><STRONG><a name="[35]"></a>__low_level_init</STRONG> (Thumb, 2 bytes, Stack size 0 bytes, adc_burst.o(.text))
<BR>[Address Reference Count : 1]<UL><LI> startup_lpc177x_8x.o(.text)
</UL>
<P><STRONG><a name="[3f]"></a>__aeabi_llsl</STRONG> (Thumb, 30 bytes, Stack size 0 bytes, llshl.o(.text))
<BR><BR>[Called By]<UL><LI><a href="#[3d]">&gt;&gt;</a>&nbsp;&nbsp;&nbsp;__aeabi_uldivmod
</UL>

<P><STRONG><a name="[bc]"></a>_ll_shift_l</STRONG> (Thumb, 0 bytes, Stack size 0 bytes, llshl.o(.text), UNUSED)

<P><STRONG><a name="[3e]"></a>__aeabi_llsr</STRONG> (Thumb, 32 bytes, Stack size 0 bytes, llushr.o(.text))
<BR><BR>[Called By]<UL><LI><a href="#[3d]">&gt;&gt;</a>&nbsp;&nbsp;&nbsp;__aeabi_uldivmod
</UL>

<P><STRONG><a name="[bd]"></a>_ll_ushift_r</STRONG> (Thumb, 0 bytes, Stack size 0 bytes, llushr.o(.text), UNUSED)

<P><STRONG><a name="[38]"></a>__scatterload</STRONG> (Thumb, 28 bytes, Stack size 0 bytes, init.o(.text))
<BR><BR>[Calls]<UL><LI><a href="#[9a]">&gt;&gt;</a>&nbsp;&nbsp;&nbsp;__main_after_scatterload
</UL>
<BR>[Called By]<UL><LI><a href="#[37]">&gt;&gt;</a>&nbsp;&nbsp;&nbsp;_main_scatterload
</UL>

<P><STRONG><a name="[be]"></a>__scatterload_rt2</STRONG> (Thumb, 0 bytes, Stack size 0 bytes, init.o(.text), UNUSED)

<P><STRONG><a name="[bf]"></a>__decompress</STRONG> (Thumb, 0 bytes, Stack size unknown bytes, __dczerorl2.o(.text), UNUSED)

<P><STRONG><a name="[c0]"></a>__decompress1</STRONG> (Thumb, 86 bytes, Stack size unknown bytes, __dczerorl2.o(.text), UNUSED)

<P><STRONG><a name="[c1]"></a>__scatterload_null</STRONG> (Thumb, 2 bytes, Stack size unknown bytes, handlers.o(i.__scatterload_null), UNUSED)

<P><STRONG><a name="[c2]"></a>__scatterload_zeroinit</STRONG> (Thumb, 14 bytes, Stack size unknown bytes, handlers.o(i.__scatterload_zeroinit), UNUSED)
<P>
<H3>
Local Symbols
</H3>
<P><STRONG><a name="[66]"></a>uart_get_pointer</STRONG> (Thumb, 34 bytes, Stack size 0 bytes, lpc177x_8x_uart.o(.text))
<BR><BR>[Called By]<UL><LI><a href="#[6e]">&gt;&gt;</a>&nbsp;&nbsp;&nbsp;UART_RS485Send
<LI><a href="#[6d]">&gt;&gt;</a>&nbsp;&nbsp;&nbsp;UART_RS485ReceiverCmd
<LI><a href="#[6c]">&gt;&gt;</a>&nbsp;&nbsp;&nbsp;UART_RS485Config
<LI><a href="#[6b]">&gt;&gt;</a>&nbsp;&nbsp;&nbsp;UART_ABClearIntPending
<LI><a href="#[6a]">&gt;&gt;</a>&nbsp;&nbsp;&nbsp;UART_ABCmd
<LI><a href="#[65]">&gt;&gt;</a>&nbsp;&nbsp;&nbsp;uart_set_divisors
<LI><a href="#[57]">&gt;&gt;</a>&nbsp;&nbsp;&nbsp;UART_TxCmd
<LI><a href="#[56]">&gt;&gt;</a>&nbsp;&nbsp;&nbsp;UART_Init
</UL>

<P><STRONG><a name="[65]"></a>uart_set_divisors</STRONG> (Thumb, 478 bytes, Stack size 88 bytes, lpc177x_8x_uart.o(.text))
<BR><BR>[Stack]<UL><LI>Max Depth = 128<LI>Call Chain = uart_set_divisors &rArr; __aeabi_uldivmod
</UL>
<BR>[Calls]<UL><LI><a href="#[3d]">&gt;&gt;</a>&nbsp;&nbsp;&nbsp;__aeabi_uldivmod
<LI><a href="#[66]">&gt;&gt;</a>&nbsp;&nbsp;&nbsp;uart_get_pointer
<LI><a href="#[3b]">&gt;&gt;</a>&nbsp;&nbsp;&nbsp;CLKPWR_GetCLK
</UL>
<BR>[Called By]<UL><LI><a href="#[56]">&gt;&gt;</a>&nbsp;&nbsp;&nbsp;UART_Init
</UL>

<P><STRONG><a name="[77]"></a>GPIO_GetPointer</STRONG> (Thumb, 58 bytes, Stack size 0 bytes, lpc177x_8x_gpio.o(.text))
<BR><BR>[Called By]<UL><LI><a href="#[86]">&gt;&gt;</a>&nbsp;&nbsp;&nbsp;FIO_SetMask
<LI><a href="#[7b]">&gt;&gt;</a>&nbsp;&nbsp;&nbsp;GPIO_ReadValue
<LI><a href="#[79]">&gt;&gt;</a>&nbsp;&nbsp;&nbsp;GPIO_ClearValue
<LI><a href="#[78]">&gt;&gt;</a>&nbsp;&nbsp;&nbsp;GPIO_SetValue
<LI><a href="#[76]">&gt;&gt;</a>&nbsp;&nbsp;&nbsp;GPIO_SetDir
</UL>

<P><STRONG><a name="[88]"></a>FIO_HalfWordGetPointer</STRONG> (Thumb, 58 bytes, Stack size 0 bytes, lpc177x_8x_gpio.o(.text), UNUSED)
<BR><BR>[Called By]<UL><LI><a href="#[8c]">&gt;&gt;</a>&nbsp;&nbsp;&nbsp;FIO_HalfWordReadValue
<LI><a href="#[8b]">&gt;&gt;</a>&nbsp;&nbsp;&nbsp;FIO_HalfWordClearValue
<LI><a href="#[8a]">&gt;&gt;</a>&nbsp;&nbsp;&nbsp;FIO_HalfWordSetValue
<LI><a href="#[89]">&gt;&gt;</a>&nbsp;&nbsp;&nbsp;FIO_HalfWordSetMask
<LI><a href="#[87]">&gt;&gt;</a>&nbsp;&nbsp;&nbsp;FIO_HalfWordSetDir
</UL>

<P><STRONG><a name="[8e]"></a>FIO_ByteGetPointer</STRONG> (Thumb, 58 bytes, Stack size 0 bytes, lpc177x_8x_gpio.o(.text), UNUSED)
<BR><BR>[Called By]<UL><LI><a href="#[92]">&gt;&gt;</a>&nbsp;&nbsp;&nbsp;FIO_ByteReadValue
<LI><a href="#[91]">&gt;&gt;</a>&nbsp;&nbsp;&nbsp;FIO_ByteClearValue
<LI><a href="#[90]">&gt;&gt;</a>&nbsp;&nbsp;&nbsp;FIO_ByteSetValue
<LI><a href="#[8f]">&gt;&gt;</a>&nbsp;&nbsp;&nbsp;FIO_ByteSetMask
<LI><a href="#[8d]">&gt;&gt;</a>&nbsp;&nbsp;&nbsp;FIO_ByteSetDir
</UL>
<P>
<H3>
Undefined Global Symbols
</H3><HR></body></html>
