Component: ARM Compiler 5.05 (build 41) Tool: armlink [4d0eb9]

==============================================================================

Section Cross References

    startup_lpc177x_8x.o(RESET) refers to startup_lpc177x_8x.o(STACK) for __initial_sp
    startup_lpc177x_8x.o(RESET) refers to startup_lpc177x_8x.o(.text) for Reset_Handler
    startup_lpc177x_8x.o(.text) refers to system_lpc177x_8x.o(.text) for SystemInit
    startup_lpc177x_8x.o(.text) refers to pwm_singleedge.o(.text) for __low_level_init
    startup_lpc177x_8x.o(.text) refers to entry.o(.ARM.Collect$$$$00000000) for __main
    system_lpc177x_8x.o(.text) refers to system_lpc177x_8x.o(.data) for SystemCoreClock
    lpc177x_8x_pwm.o(.text) refers to lpc177x_8x_clkpwr.o(.text) for CLKPWR_ConfigPPWR
    lpc177x_8x_pwm.o(.text) refers to uldiv.o(.text) for __aeabi_uldivmod
    lpc177x_8x_clkpwr.o(.text) refers to system_lpc177x_8x.o(.text) for SystemCoreClockUpdate
    lpc177x_8x_clkpwr.o(.text) refers to system_lpc177x_8x.o(.data) for SystemCoreClock
    pwm_singleedge.o(.text) refers to lpc177x_8x_pwm.o(.text) for PWM_Init
    pwm_singleedge.o(.text) refers to lpc177x_8x_pinsel.o(.text) for PINSEL_ConfigPin
    entry.o(.ARM.Collect$$$$00000000) refers (Special) to entry10a.o(.ARM.Collect$$$$0000000D) for __rt_final_cpp
    entry.o(.ARM.Collect$$$$00000000) refers (Special) to entry11a.o(.ARM.Collect$$$$0000000F) for __rt_final_exit
    entry.o(.ARM.Collect$$$$00000000) refers (Special) to entry7b.o(.ARM.Collect$$$$00000008) for _main_clock
    entry.o(.ARM.Collect$$$$00000000) refers (Special) to entry8b.o(.ARM.Collect$$$$0000000A) for _main_cpp_init
    entry.o(.ARM.Collect$$$$00000000) refers (Special) to entry9a.o(.ARM.Collect$$$$0000000B) for _main_init
    entry.o(.ARM.Collect$$$$00000000) refers (Special) to entry5.o(.ARM.Collect$$$$00000004) for _main_scatterload
    entry.o(.ARM.Collect$$$$00000000) refers (Special) to entry2.o(.ARM.Collect$$$$00000001) for _main_stk
    uldiv.o(.text) refers to llushr.o(.text) for __aeabi_llsr
    uldiv.o(.text) refers to llshl.o(.text) for __aeabi_llsl
    entry2.o(.ARM.Collect$$$$00000001) refers to entry2.o(.ARM.Collect$$$$00002712) for __lit__00000000
    entry2.o(.ARM.Collect$$$$00002712) refers to startup_lpc177x_8x.o(STACK) for __initial_sp
    entry2.o(__vectab_stack_and_reset_area) refers to startup_lpc177x_8x.o(STACK) for __initial_sp
    entry2.o(__vectab_stack_and_reset_area) refers to entry.o(.ARM.Collect$$$$00000000) for __main
    entry5.o(.ARM.Collect$$$$00000004) refers to init.o(.text) for __scatterload
    entry9a.o(.ARM.Collect$$$$0000000B) refers to pwm_singleedge.o(.text) for main
    entry9b.o(.ARM.Collect$$$$0000000C) refers to pwm_singleedge.o(.text) for main
    init.o(.text) refers to entry5.o(.ARM.Collect$$$$00000004) for __main_after_scatterload


==============================================================================

Removing Unused input sections from the image.

    Removing startup_lpc177x_8x.o(HEAP), (4096 bytes).
    Removing system_lpc177x_8x.o(.emb_text), (8 bytes).
    Removing lpc177x_8x_pwm.o(.emb_text), (8 bytes).
    Removing lpc177x_8x_pinsel.o(.emb_text), (8 bytes).
    Removing lpc177x_8x_clkpwr.o(.emb_text), (8 bytes).
    Removing lpc177x_8x_clkpwr.o(.data), (4 bytes).
    Removing pwm_singleedge.o(.emb_text), (8 bytes).

7 unused section(s) (total 4140 bytes) removed from the image.

==============================================================================

Image Symbol Table

    Local Symbols

    Symbol Name                              Value     Ov Type        Size  Object(Section)

    RESET                                    0x00000000   Section      228  startup_lpc177x_8x.o(RESET)
    ../clib/microlib/division.c              0x00000000   Number         0  uldiv.o ABSOLUTE
    ../clib/microlib/init/entry.s            0x00000000   Number         0  entry9b.o ABSOLUTE
    ../clib/microlib/init/entry.s            0x00000000   Number         0  entry9a.o ABSOLUTE
    ../clib/microlib/init/entry.s            0x00000000   Number         0  entry.o ABSOLUTE
    ../clib/microlib/init/entry.s            0x00000000   Number         0  entry8b.o ABSOLUTE
    ../clib/microlib/init/entry.s            0x00000000   Number         0  entry8a.o ABSOLUTE
    ../clib/microlib/init/entry.s            0x00000000   Number         0  entry7b.o ABSOLUTE
    ../clib/microlib/init/entry.s            0x00000000   Number         0  entry7a.o ABSOLUTE
    ../clib/microlib/init/entry.s            0x00000000   Number         0  entry2.o ABSOLUTE
    ../clib/microlib/init/entry.s            0x00000000   Number         0  entry5.o ABSOLUTE
    ../clib/microlib/init/entry.s            0x00000000   Number         0  entry11b.o ABSOLUTE
    ../clib/microlib/init/entry.s            0x00000000   Number         0  entry11a.o ABSOLUTE
    ../clib/microlib/init/entry.s            0x00000000   Number         0  entry10b.o ABSOLUTE
    ../clib/microlib/init/entry.s            0x00000000   Number         0  entry10a.o ABSOLUTE
    ../clib/microlib/longlong.c              0x00000000   Number         0  llshl.o ABSOLUTE
    ../clib/microlib/longlong.c              0x00000000   Number         0  llushr.o ABSOLUTE
    ..\..\..\..\Core\Device\NXP\LPC177x_8x\Source\Templates\ARM\startup_LPC177x_8x.s 0x00000000   Number         0  startup_lpc177x_8x.o ABSOLUTE
    ..\..\..\..\Core\Device\NXP\LPC177x_8x\Source\Templates\system_LPC177x_8x.c 0x00000000   Number         0  system_lpc177x_8x.o ABSOLUTE
    ..\..\..\..\Drivers\source\lpc177x_8x_clkpwr.c 0x00000000   Number         0  lpc177x_8x_clkpwr.o ABSOLUTE
    ..\..\..\..\Drivers\source\lpc177x_8x_pinsel.c 0x00000000   Number         0  lpc177x_8x_pinsel.o ABSOLUTE
    ..\..\..\..\Drivers\source\lpc177x_8x_pwm.c 0x00000000   Number         0  lpc177x_8x_pwm.o ABSOLUTE
    ..\Pwm_SingleEdge.c                      0x00000000   Number         0  pwm_singleedge.o ABSOLUTE
    ..\\..\\..\\..\\Core\\Device\\NXP\\LPC177x_8x\\Source\\Templates\\system_LPC177x_8x.c 0x00000000   Number         0  system_lpc177x_8x.o ABSOLUTE
    ..\\..\\..\\..\\Drivers\\source\\lpc177x_8x_clkpwr.c 0x00000000   Number         0  lpc177x_8x_clkpwr.o ABSOLUTE
    ..\\..\\..\\..\\Drivers\\source\\lpc177x_8x_pinsel.c 0x00000000   Number         0  lpc177x_8x_pinsel.o ABSOLUTE
    ..\\..\\..\\..\\Drivers\\source\\lpc177x_8x_pwm.c 0x00000000   Number         0  lpc177x_8x_pwm.o ABSOLUTE
    ..\\Pwm_SingleEdge.c                     0x00000000   Number         0  pwm_singleedge.o ABSOLUTE
    dc.s                                     0x00000000   Number         0  dc.o ABSOLUTE
    handlers.s                               0x00000000   Number         0  handlers.o ABSOLUTE
    init.s                                   0x00000000   Number         0  init.o ABSOLUTE
    .ARM.Collect$$$$00000000                 0x000000e4   Section        0  entry.o(.ARM.Collect$$$$00000000)
    .ARM.Collect$$$$00000001                 0x000000e4   Section        4  entry2.o(.ARM.Collect$$$$00000001)
    .ARM.Collect$$$$00000004                 0x000000e8   Section        4  entry5.o(.ARM.Collect$$$$00000004)
    .ARM.Collect$$$$00000008                 0x000000ec   Section        0  entry7b.o(.ARM.Collect$$$$00000008)
    .ARM.Collect$$$$0000000A                 0x000000ec   Section        0  entry8b.o(.ARM.Collect$$$$0000000A)
    .ARM.Collect$$$$0000000B                 0x000000ec   Section        8  entry9a.o(.ARM.Collect$$$$0000000B)
    .ARM.Collect$$$$0000000D                 0x000000f4   Section        0  entry10a.o(.ARM.Collect$$$$0000000D)
    .ARM.Collect$$$$0000000F                 0x000000f4   Section        0  entry11a.o(.ARM.Collect$$$$0000000F)
    .ARM.Collect$$$$00002712                 0x000000f4   Section        4  entry2.o(.ARM.Collect$$$$00002712)
    __lit__00000000                          0x000000f4   Data           4  entry2.o(.ARM.Collect$$$$00002712)
    .text                                    0x000000f8   Section       44  startup_lpc177x_8x.o(.text)
    .text                                    0x00000124   Section        0  lpc177x_8x_clkpwr.o(.text)
    .text                                    0x00000270   Section        0  uldiv.o(.text)
    .text                                    0x000002d2   Section        0  llshl.o(.text)
    i.__scatterload_null                     0x000002f0   Section        2  handlers.o(i.__scatterload_null)
    .ARM.__at_0x02FC                         0x000002fc   Section        4  startup_lpc177x_8x.o(.ARM.__at_0x02FC)
    .text                                    0x00000300   Section        0  system_lpc177x_8x.o(.text)
    .text                                    0x000006b0   Section        0  lpc177x_8x_pwm.o(.text)
    PWM_GetPointer                           0x000006b1   Thumb Code    26  lpc177x_8x_pwm.o(.text)
    .text                                    0x00000b14   Section        0  lpc177x_8x_pinsel.o(.text)
    .text                                    0x00000f64   Section        0  pwm_singleedge.o(.text)
    .text                                    0x00001058   Section        0  llushr.o(.text)
    .text                                    0x00001078   Section       36  init.o(.text)
    i.__scatterload_copy                     0x0000109c   Section       14  handlers.o(i.__scatterload_copy)
    i.__scatterload_zeroinit                 0x000010aa   Section       14  handlers.o(i.__scatterload_zeroinit)
    .data                                    0x10000000   Section       16  system_lpc177x_8x.o(.data)
    STACK                                    0x10000010   Section     5120  startup_lpc177x_8x.o(STACK)

    Global Symbols

    Symbol Name                              Value     Ov Type        Size  Object(Section)

    BuildAttributes$$THM_ISAv4$P$D$K$B$S$PE$A:L22UL41UL21$X:L11$S22US41US21$IEEE1$IW$USESV6$~STKCKD$USESV7$~SHL$OSPACE$EBA8$MICROLIB$REQ8$PRES8$EABIv2 0x00000000   Number         0  anon$$obj.o ABSOLUTE
    __ARM_use_no_argv                        0x00000000   Number         0  pwm_singleedge.o ABSOLUTE
    __Vectors                                0x00000000   Data           4  startup_lpc177x_8x.o(RESET)
    __cpp_initialize__aeabi_                  - Undefined Weak Reference
    __cxa_finalize                            - Undefined Weak Reference
    __decompress                              - Undefined Weak Reference
    _clock_init                               - Undefined Weak Reference
    _microlib_exit                            - Undefined Weak Reference
    __main                                   0x000000e5   Thumb Code     0  entry.o(.ARM.Collect$$$$00000000)
    _main_stk                                0x000000e5   Thumb Code     0  entry2.o(.ARM.Collect$$$$00000001)
    _main_scatterload                        0x000000e9   Thumb Code     0  entry5.o(.ARM.Collect$$$$00000004)
    __main_after_scatterload                 0x000000ed   Thumb Code     0  entry5.o(.ARM.Collect$$$$00000004)
    _main_clock                              0x000000ed   Thumb Code     0  entry7b.o(.ARM.Collect$$$$00000008)
    _main_cpp_init                           0x000000ed   Thumb Code     0  entry8b.o(.ARM.Collect$$$$0000000A)
    _main_init                               0x000000ed   Thumb Code     0  entry9a.o(.ARM.Collect$$$$0000000B)
    __rt_final_cpp                           0x000000f5   Thumb Code     0  entry10a.o(.ARM.Collect$$$$0000000D)
    __rt_final_exit                          0x000000f5   Thumb Code     0  entry11a.o(.ARM.Collect$$$$0000000F)
    Reset_Handler                            0x000000f9   Thumb Code    12  startup_lpc177x_8x.o(.text)
    NMI_Handler                              0x00000105   Thumb Code     2  startup_lpc177x_8x.o(.text)
    HardFault_Handler                        0x00000107   Thumb Code     2  startup_lpc177x_8x.o(.text)
    MemManage_Handler                        0x00000109   Thumb Code     2  startup_lpc177x_8x.o(.text)
    BusFault_Handler                         0x0000010b   Thumb Code     2  startup_lpc177x_8x.o(.text)
    UsageFault_Handler                       0x0000010d   Thumb Code     2  startup_lpc177x_8x.o(.text)
    SVC_Handler                              0x0000010f   Thumb Code     2  startup_lpc177x_8x.o(.text)
    DebugMon_Handler                         0x00000111   Thumb Code     2  startup_lpc177x_8x.o(.text)
    PendSV_Handler                           0x00000113   Thumb Code     2  startup_lpc177x_8x.o(.text)
    SysTick_Handler                          0x00000115   Thumb Code     2  startup_lpc177x_8x.o(.text)
    ADC_IRQHandler                           0x00000117   Thumb Code     0  startup_lpc177x_8x.o(.text)
    BOD_IRQHandler                           0x00000117   Thumb Code     0  startup_lpc177x_8x.o(.text)
    CANActivity_IRQHandler                   0x00000117   Thumb Code     0  startup_lpc177x_8x.o(.text)
    CAN_IRQHandler                           0x00000117   Thumb Code     0  startup_lpc177x_8x.o(.text)
    DMA_IRQHandler                           0x00000117   Thumb Code     0  startup_lpc177x_8x.o(.text)
    EEPROM_IRQHandler                        0x00000117   Thumb Code     0  startup_lpc177x_8x.o(.text)
    EINT0_IRQHandler                         0x00000117   Thumb Code     0  startup_lpc177x_8x.o(.text)
    EINT1_IRQHandler                         0x00000117   Thumb Code     0  startup_lpc177x_8x.o(.text)
    EINT2_IRQHandler                         0x00000117   Thumb Code     0  startup_lpc177x_8x.o(.text)
    EINT3_IRQHandler                         0x00000117   Thumb Code     0  startup_lpc177x_8x.o(.text)
    ENET_IRQHandler                          0x00000117   Thumb Code     0  startup_lpc177x_8x.o(.text)
    GPIO_IRQHandler                          0x00000117   Thumb Code     0  startup_lpc177x_8x.o(.text)
    I2C0_IRQHandler                          0x00000117   Thumb Code     0  startup_lpc177x_8x.o(.text)
    I2C1_IRQHandler                          0x00000117   Thumb Code     0  startup_lpc177x_8x.o(.text)
    I2C2_IRQHandler                          0x00000117   Thumb Code     0  startup_lpc177x_8x.o(.text)
    I2S_IRQHandler                           0x00000117   Thumb Code     0  startup_lpc177x_8x.o(.text)
    LCD_IRQHandler                           0x00000117   Thumb Code     0  startup_lpc177x_8x.o(.text)
    MCI_IRQHandler                           0x00000117   Thumb Code     0  startup_lpc177x_8x.o(.text)
    MCPWM_IRQHandler                         0x00000117   Thumb Code     0  startup_lpc177x_8x.o(.text)
    PLL0_IRQHandler                          0x00000117   Thumb Code     0  startup_lpc177x_8x.o(.text)
    PLL1_IRQHandler                          0x00000117   Thumb Code     0  startup_lpc177x_8x.o(.text)
    PWM0_IRQHandler                          0x00000117   Thumb Code     0  startup_lpc177x_8x.o(.text)
    PWM1_IRQHandler                          0x00000117   Thumb Code     0  startup_lpc177x_8x.o(.text)
    QEI_IRQHandler                           0x00000117   Thumb Code     0  startup_lpc177x_8x.o(.text)
    RTC_IRQHandler                           0x00000117   Thumb Code     0  startup_lpc177x_8x.o(.text)
    SPIFI_IRQHandler                         0x00000117   Thumb Code     0  startup_lpc177x_8x.o(.text)
    SSP0_IRQHandler                          0x00000117   Thumb Code     0  startup_lpc177x_8x.o(.text)
    SSP1_IRQHandler                          0x00000117   Thumb Code     0  startup_lpc177x_8x.o(.text)
    SSP2_IRQHandler                          0x00000117   Thumb Code     0  startup_lpc177x_8x.o(.text)
    TIMER0_IRQHandler                        0x00000117   Thumb Code     0  startup_lpc177x_8x.o(.text)
    TIMER1_IRQHandler                        0x00000117   Thumb Code     0  startup_lpc177x_8x.o(.text)
    TIMER2_IRQHandler                        0x00000117   Thumb Code     0  startup_lpc177x_8x.o(.text)
    TIMER3_IRQHandler                        0x00000117   Thumb Code     0  startup_lpc177x_8x.o(.text)
    UART0_IRQHandler                         0x00000117   Thumb Code     0  startup_lpc177x_8x.o(.text)
    UART1_IRQHandler                         0x00000117   Thumb Code     0  startup_lpc177x_8x.o(.text)
    UART2_IRQHandler                         0x00000117   Thumb Code     0  startup_lpc177x_8x.o(.text)
    UART3_IRQHandler                         0x00000117   Thumb Code     0  startup_lpc177x_8x.o(.text)
    UART4_IRQHandler                         0x00000117   Thumb Code     0  startup_lpc177x_8x.o(.text)
    USBActivity_IRQHandler                   0x00000117   Thumb Code     0  startup_lpc177x_8x.o(.text)
    USB_IRQHandler                           0x00000117   Thumb Code     0  startup_lpc177x_8x.o(.text)
    WDT_IRQHandler                           0x00000117   Thumb Code     0  startup_lpc177x_8x.o(.text)
    CLKPWR_SetCLKDiv                         0x00000125   Thumb Code   152  lpc177x_8x_clkpwr.o(.text)
    CLKPWR_GetCLK                            0x000001bd   Thumb Code    46  lpc177x_8x_clkpwr.o(.text)
    CLKPWR_ConfigPPWR                        0x000001eb   Thumb Code    38  lpc177x_8x_clkpwr.o(.text)
    CLKPWR_Sleep                             0x00000211   Thumb Code    12  lpc177x_8x_clkpwr.o(.text)
    CLKPWR_DeepSleep                         0x0000021d   Thumb Code    18  lpc177x_8x_clkpwr.o(.text)
    CLKPWR_PowerDown                         0x0000022f   Thumb Code    18  lpc177x_8x_clkpwr.o(.text)
    CLKPWR_DeepPowerDown                     0x00000241   Thumb Code    18  lpc177x_8x_clkpwr.o(.text)
    __aeabi_uldivmod                         0x00000271   Thumb Code    98  uldiv.o(.text)
    __aeabi_llsl                             0x000002d3   Thumb Code    30  llshl.o(.text)
    _ll_shift_l                              0x000002d3   Thumb Code     0  llshl.o(.text)
    __scatterload_null                       0x000002f1   Thumb Code     2  handlers.o(i.__scatterload_null)
    SystemCoreClockUpdate                    0x00000301   Thumb Code   696  system_lpc177x_8x.o(.text)
    SystemInit                               0x000005b9   Thumb Code   212  system_lpc177x_8x.o(.text)
    PWM_GetIntStatus                         0x000006cb   Thumb Code    28  lpc177x_8x_pwm.o(.text)
    PWM_ClearIntPending                      0x000006e7   Thumb Code    18  lpc177x_8x_pwm.o(.text)
    PWM_ConfigStructInit                     0x000006f9   Thumb Code    30  lpc177x_8x_pwm.o(.text)
    PWM_Init                                 0x00000717   Thumb Code   178  lpc177x_8x_pwm.o(.text)
    PWM_DeInit                               0x000007c9   Thumb Code    42  lpc177x_8x_pwm.o(.text)
    PWM_Cmd                                  0x000007f3   Thumb Code    38  lpc177x_8x_pwm.o(.text)
    PWM_CounterCmd                           0x00000819   Thumb Code    38  lpc177x_8x_pwm.o(.text)
    PWM_ResetCounter                         0x0000083f   Thumb Code    30  lpc177x_8x_pwm.o(.text)
    PWM_ConfigMatch                          0x0000085d   Thumb Code   186  lpc177x_8x_pwm.o(.text)
    PWM_ConfigCapture                        0x00000917   Thumb Code   186  lpc177x_8x_pwm.o(.text)
    PWM_GetCaptureValue                      0x000009d1   Thumb Code    34  lpc177x_8x_pwm.o(.text)
    PWM_MatchUpdate                          0x000009f3   Thumb Code   106  lpc177x_8x_pwm.o(.text)
    PWM_ChannelConfig                        0x00000a5d   Thumb Code    92  lpc177x_8x_pwm.o(.text)
    PWM_ChannelCmd                           0x00000ab9   Thumb Code    90  lpc177x_8x_pwm.o(.text)
    PIN_GetPointer                           0x00000b15   Thumb Code    18  lpc177x_8x_pinsel.o(.text)
    PINSEL_GetPinType                        0x00000b27   Thumb Code   164  lpc177x_8x_pinsel.o(.text)
    PINSEL_ConfigPin                         0x00000bcb   Thumb Code    66  lpc177x_8x_pinsel.o(.text)
    PINSEL_SetPinMode                        0x00000c0d   Thumb Code    82  lpc177x_8x_pinsel.o(.text)
    PINSEL_SetHysMode                        0x00000c5f   Thumb Code    78  lpc177x_8x_pinsel.o(.text)
    PINSEL_SetInvertInput                    0x00000cad   Thumb Code    76  lpc177x_8x_pinsel.o(.text)
    PINSEL_SetSlewMode                       0x00000cf9   Thumb Code    78  lpc177x_8x_pinsel.o(.text)
    PINSEL_SetI2CFilter                      0x00000d47   Thumb Code    76  lpc177x_8x_pinsel.o(.text)
    PINSEL_SetI2CMode                        0x00000d93   Thumb Code   136  lpc177x_8x_pinsel.o(.text)
    PINSEL_SetOpenDrainMode                  0x00000e1b   Thumb Code    82  lpc177x_8x_pinsel.o(.text)
    PINSEL_SetAnalogPinMode                  0x00000e6d   Thumb Code    76  lpc177x_8x_pinsel.o(.text)
    PINSEL_DacEnable                         0x00000eb9   Thumb Code    88  lpc177x_8x_pinsel.o(.text)
    PINSEL_SetFilter                         0x00000f11   Thumb Code    80  lpc177x_8x_pinsel.o(.text)
    c_entry                                  0x00000f65   Thumb Code   238  pwm_singleedge.o(.text)
    main                                     0x00001053   Thumb Code     4  pwm_singleedge.o(.text)
    __low_level_init                         0x00001057   Thumb Code     2  pwm_singleedge.o(.text)
    __aeabi_llsr                             0x00001059   Thumb Code    32  llushr.o(.text)
    _ll_ushift_r                             0x00001059   Thumb Code     0  llushr.o(.text)
    __scatterload                            0x00001079   Thumb Code    28  init.o(.text)
    __scatterload_rt2                        0x00001079   Thumb Code     0  init.o(.text)
    __scatterload_copy                       0x0000109d   Thumb Code    14  handlers.o(i.__scatterload_copy)
    __scatterload_zeroinit                   0x000010ab   Thumb Code    14  handlers.o(i.__scatterload_zeroinit)
    Region$$Table$$Base                      0x000010b8   Number         0  anon$$obj.o(Region$$Table)
    Region$$Table$$Limit                     0x000010d8   Number         0  anon$$obj.o(Region$$Table)
    Stack_Size                               0x00001400   Number         0  startup_lpc177x_8x.o ABSOLUTE
    SystemCoreClock                          0x10000000   Data           4  system_lpc177x_8x.o(.data)
    PeripheralClock                          0x10000004   Data           4  system_lpc177x_8x.o(.data)
    EMCClock                                 0x10000008   Data           4  system_lpc177x_8x.o(.data)
    USBClock                                 0x1000000c   Data           4  system_lpc177x_8x.o(.data)
    Stack_Mem                                0x10000010   Data        5120  startup_lpc177x_8x.o(STACK)
    Stack_Limit                              0x10001410   Data           0  startup_lpc177x_8x.o(STACK)
    __initial_sp                             0x10001410   Data           0  startup_lpc177x_8x.o(STACK)



==============================================================================

Memory Map of the image

  Image Entry point : 0x000000e5

  Load Region LR_IROM1 (Base: 0x00000000, Size: 0x000010e8, Max: 0x00080000, ABSOLUTE)

    Execution Region ER_IROM1 (Base: 0x00000000, Size: 0x000010d8, Max: 0x00080000, ABSOLUTE)

    Base Addr    Size         Type   Attr      Idx    E Section Name        Object

    0x00000000   0x000000e4   Data   RO            3    RESET               startup_lpc177x_8x.o
    0x000000e4   0x00000000   Code   RO          138  * .ARM.Collect$$$$00000000  mc_w.l(entry.o)
    0x000000e4   0x00000004   Code   RO          143    .ARM.Collect$$$$00000001  mc_w.l(entry2.o)
    0x000000e8   0x00000004   Code   RO          146    .ARM.Collect$$$$00000004  mc_w.l(entry5.o)
    0x000000ec   0x00000000   Code   RO          148    .ARM.Collect$$$$00000008  mc_w.l(entry7b.o)
    0x000000ec   0x00000000   Code   RO          150    .ARM.Collect$$$$0000000A  mc_w.l(entry8b.o)
    0x000000ec   0x00000008   Code   RO          151    .ARM.Collect$$$$0000000B  mc_w.l(entry9a.o)
    0x000000f4   0x00000000   Code   RO          153    .ARM.Collect$$$$0000000D  mc_w.l(entry10a.o)
    0x000000f4   0x00000000   Code   RO          155    .ARM.Collect$$$$0000000F  mc_w.l(entry11a.o)
    0x000000f4   0x00000004   Code   RO          144    .ARM.Collect$$$$00002712  mc_w.l(entry2.o)
    0x000000f8   0x0000002c   Code   RO            5    .text               startup_lpc177x_8x.o
    0x00000124   0x0000014c   Code   RO          104    .text               lpc177x_8x_clkpwr.o
    0x00000270   0x00000062   Code   RO          141    .text               mc_w.l(uldiv.o)
    0x000002d2   0x0000001e   Code   RO          157    .text               mc_w.l(llshl.o)
    0x000002f0   0x00000002   Code   RO          166    i.__scatterload_null  mc_w.l(handlers.o)
    0x000002f2   0x0000000a   PAD
    0x000002fc   0x00000004   Code   RO            4    .ARM.__at_0x02FC    startup_lpc177x_8x.o
    0x00000300   0x000003b0   Code   RO           14    .text               system_lpc177x_8x.o
    0x000006b0   0x00000462   Code   RO           53    .text               lpc177x_8x_pwm.o
    0x00000b12   0x00000002   PAD
    0x00000b14   0x00000450   Code   RO           85    .text               lpc177x_8x_pinsel.o
    0x00000f64   0x000000f4   Code   RO          123    .text               pwm_singleedge.o
    0x00001058   0x00000020   Code   RO          159    .text               mc_w.l(llushr.o)
    0x00001078   0x00000024   Code   RO          161    .text               mc_w.l(init.o)
    0x0000109c   0x0000000e   Code   RO          165    i.__scatterload_copy  mc_w.l(handlers.o)
    0x000010aa   0x0000000e   Code   RO          167    i.__scatterload_zeroinit  mc_w.l(handlers.o)
    0x000010b8   0x00000020   Data   RO          163    Region$$Table       anon$$obj.o


    Execution Region RW_IRAM1 (Base: 0x10000000, Size: 0x00001410, Max: 0x00010000, ABSOLUTE)

    Base Addr    Size         Type   Attr      Idx    E Section Name        Object

    0x10000000   0x00000010   Data   RW           15    .data               system_lpc177x_8x.o
    0x10000010   0x00001400   Zero   RW            1    STACK               startup_lpc177x_8x.o


    Execution Region RW_IRAM2 (Base: 0x20000000, Size: 0x00000000, Max: 0x00008000, ABSOLUTE)

    **** No section assigned to this execution region ****


==============================================================================

Image component sizes


      Code (inc. data)   RO Data    RW Data    ZI Data      Debug   Object Name

       332         30          0          0          0       1671   lpc177x_8x_clkpwr.o
      1104         18          0          0          0       8589   lpc177x_8x_pinsel.o
      1122         24          0          0          0      10047   lpc177x_8x_pwm.o
       244          0          0          0          0       1020   pwm_singleedge.o
        48         16        228          0       5120       1284   startup_lpc177x_8x.o
       944         36          0         16          0      28247   system_lpc177x_8x.o

    ----------------------------------------------------------------------
      3796        124        260         16       5120      50858   Object Totals
         0          0         32          0          0          0   (incl. Generated)
         2          0          0          0          0          0   (incl. Padding)

    ----------------------------------------------------------------------

      Code (inc. data)   RO Data    RW Data    ZI Data      Debug   Library Member Name

         0          0          0          0          0          0   entry.o
         0          0          0          0          0          0   entry10a.o
         0          0          0          0          0          0   entry11a.o
         8          4          0          0          0          0   entry2.o
         4          0          0          0          0          0   entry5.o
         0          0          0          0          0          0   entry7b.o
         0          0          0          0          0          0   entry8b.o
         8          4          0          0          0          0   entry9a.o
        30          0          0          0          0          0   handlers.o
        36          8          0          0          0         68   init.o
        30          0          0          0          0         68   llshl.o
        32          0          0          0          0         68   llushr.o
        98          0          0          0          0         92   uldiv.o

    ----------------------------------------------------------------------
       256         16          0          0          0        296   Library Totals
        10          0          0          0          0          0   (incl. Padding)

    ----------------------------------------------------------------------

      Code (inc. data)   RO Data    RW Data    ZI Data      Debug   Library Name

       246         16          0          0          0        296   mc_w.l

    ----------------------------------------------------------------------
       256         16          0          0          0        296   Library Totals

    ----------------------------------------------------------------------

==============================================================================


      Code (inc. data)   RO Data    RW Data    ZI Data      Debug   

      4052        140        260         16       5120      50994   Grand Totals
      4052        140        260         16       5120      50994   ELF Image Totals
      4052        140        260         16          0          0   ROM Totals

==============================================================================

    Total RO  Size (Code + RO Data)                 4312 (   4.21kB)
    Total RW  Size (RW Data + ZI Data)              5136 (   5.02kB)
    Total ROM Size (Code + RO Data + RW Data)       4328 (   4.23kB)

==============================================================================

