<html>
<body>
<pre>
<h1>µVision Build Log</h1>
<h2>Tool Versions:</h2>
IDE-Version: µVision V5.12.0.0
Copyright (C) 2014 ARM Ltd and ARM Germany GmbH. All rights reserved.
License Information: srk erd, ns eng, LIC=6XJII-TL31B-SEHH0-BEHRV-XKRD9-4KBG8
 
Tool Versions:
Toolchain:       MDK-ARM Professional  Version: 5.12.0.0
Middleware:      RL-ARM Real-Time Library Version V4.13
Toolchain Path:  D:\KeilARM5.12\ARM\ARMCC\Bin
C Compiler:      Armcc.exe V5.05 (build 41)
Assembler:       Armasm.exe V5.05 (build 41)
Linker/Locator:  ArmLink.exe V5.05 (build 41)
Library Manager: ArmAr.exe V5.05 (build 41)
Hex Converter:   FromElf.exe V5.05 (build 41)
CPU DLL:         SARMCM3.DLL V5.12.0.0
Dialog DLL:      DCM.DLL V1.13.0.0
    Target DLL: Segger\JL2CM3.dll
Dialog DLL:      TCM.DLL V1.14.2.0
 
<h2>Project:</h2>
F:\UMD\SW_DESIGN\Firmware\Common\lpc177x.lpc178x.cmsis.driver.library_2012.8.13\Examples\DAC\Dac_SineWave\Keil\Dac_SineWave.uvprojx
Project File Date:  12/09/2015

<h2>Output:</h2>
Build target 'FLASH'
compiling Dac_SineWave.c...
..\Dac_SineWave.c(372): warning:  #111-D: statement is unreachable
        WAVE_Update_Tmr_Init(50);
..\Dac_SineWave.c(263): warning:  #177-D: variable "max" was declared but never referenced
        uint32_t cnt, max;
..\Dac_SineWave.c(110): warning:  #550-D: variable "DMA_LLI_Struct" was set but never used
  static GPDMA_LLI_Type DMA_LLI_Struct;
..\Dac_SineWave.c: 3 warnings, 0 errors
linking...
Program Size: Code=8776 RO-data=616 RW-data=284 ZI-data=5924  
FromELF: creating hex file...
".\Flash\Dac_SineWave.axf" - 0 Error(s), 3 Warning(s).

<h2>Collection of Component include folders:</h2>
  F:\UMD\SW_DESIGN\Firmware\Common\lpc177x.lpc178x.cmsis.driver.library_2012.8.13\Examples\DAC\Dac_SineWave\Keil\RTE
  D:\KeilARM5.12\ARM\PACK\Keil\LPC1700_DFP\2.1.0\Device\Include

<h2>Collection of Component Files used:</h2>
Load "F:\\UMD\\SW_DESIGN\\Firmware\\Common\\lpc177x.lpc178x.cmsis.driver.library_2012.8.13\\Examples\\DAC\\Dac_SineWave\\Keil\\Flash\\Dac_SineWave.axf" 
Set JLink Project File to "F:\UMD\SW_DESIGN\Firmware\Common\lpc177x.lpc178x.cmsis.driver.library_2012.8.13\Examples\DAC\Dac_SineWave\Keil\JLinkSettings.ini"
* JLink Info: Device "LPC1788" selected (512 KB flash, 64 KB RAM).
 
JLink info:
------------
DLL: V4.91b, compiled Sep 15 2014 09:17:56
Firmware: J-Link ARM-OB STM32 compiled Aug 22 2012 19:52:04
Hardware: V7.00
Feature(s) : RDI,FlashDL,FlashBP,JFlash,GDBFull 
 
* JLink Info: Found SWD-DP with ID 0x2BA01477
* JLink Info: Found Cortex-M3 r2p0, Little endian.
* JLink Info: FPUnit: 6 code (BP) slots and 2 literal slots
* JLink Info: TPIU fitted.
* JLink Info: ETM fitted.
ROMTableAddr = 0xE00FF003
 
Target info:
------------
Device: LPC1788
VTarget = 3.300V
State of Pins: 
TCK: 0, TDI: 0, TDO: 1, TMS: 0, TRES: 1, TRST: 0
Hardware-Breakpoints: 6
Software-Breakpoints: 8192
Watchpoints:          4
JTAG speed: 1000 kHz
 
Erase Done.
Programming Done.
Verify OK.
Application running ...
</pre>
</body>
</html>
oad failed  -  Target DLL has been cancelled
