Component: ARM Compiler 5.05 (build 41) Tool: armlink [4d0eb9]

==============================================================================

Section Cross References

    startup_lpc177x_8x.o(RESET) refers to startup_lpc177x_8x.o(STACK) for __initial_sp
    startup_lpc177x_8x.o(RESET) refers to startup_lpc177x_8x.o(.text) for Reset_Handler
    startup_lpc177x_8x.o(RESET) refers to dac_sinewave.o(.text) for TIMER2_IRQHandler
    startup_lpc177x_8x.o(.text) refers to system_lpc177x_8x.o(.text) for SystemInit
    startup_lpc177x_8x.o(.text) refers to dac_sinewave.o(.text) for __low_level_init
    startup_lpc177x_8x.o(.text) refers to entry.o(.ARM.Collect$$$$00000000) for __main
    system_lpc177x_8x.o(.text) refers to system_lpc177x_8x.o(.data) for SystemCoreClock
    debug_frmwrk.o(.text) refers to lpc177x_8x_uart.o(.text) for UART_Send
    debug_frmwrk.o(.text) refers to debug_frmwrk.o(.conststring) for .conststring
    debug_frmwrk.o(.text) refers to lpc177x_8x_pinsel.o(.text) for PINSEL_ConfigPin
    debug_frmwrk.o(.text) refers to debug_frmwrk.o(.data) for flag
    lpc177x_8x_dac.o(.text) refers to lpc177x_8x_pinsel.o(.text) for PINSEL_ConfigPin
    lpc177x_8x_dac.o(.text) refers to lpc177x_8x_dac.o(.data) for done
    lpc177x_8x_gpdma.o(.text) refers to lpc177x_8x_clkpwr.o(.text) for CLKPWR_ConfigPPWR
    lpc177x_8x_gpdma.o(.text) refers to lpc177x_8x_gpdma.o(.data) for global_init_done
    lpc177x_8x_gpdma.o(.text) refers to lpc177x_8x_gpdma.o(.constdata) for GPDMA_LUTPerBurst
    lpc177x_8x_uart.o(.text) refers to lpc177x_8x_clkpwr.o(.text) for CLKPWR_GetCLK
    lpc177x_8x_uart.o(.text) refers to uldiv.o(.text) for __aeabi_uldivmod
    lpc177x_8x_clkpwr.o(.text) refers to system_lpc177x_8x.o(.text) for SystemCoreClockUpdate
    lpc177x_8x_clkpwr.o(.text) refers to system_lpc177x_8x.o(.data) for SystemCoreClock
    lpc177x_8x_gpio.o(.text) refers to lpc177x_8x_clkpwr.o(.text) for CLKPWR_ConfigPPWR
    lpc177x_8x_timer.o(.text) refers to lpc177x_8x_clkpwr.o(.text) for CLKPWR_GetCLK
    lpc177x_8x_timer.o(.text) refers to uldiv.o(.text) for __aeabi_uldivmod
    dac_sinewave.o(.text) refers to lpc177x_8x_timer.o(.text) for TIM_GetIntStatus
    dac_sinewave.o(.text) refers to lpc177x_8x_gpdma.o(.text) for GPDMA_Setup
    dac_sinewave.o(.text) refers to dfltui.o(.text) for __aeabi_ui2d
    dac_sinewave.o(.text) refers to dmul.o(.text) for __aeabi_dmul
    dac_sinewave.o(.text) refers to ddiv.o(.text) for __aeabi_ddiv
    dac_sinewave.o(.text) refers to sin.o(i.sin) for sin
    dac_sinewave.o(.text) refers to dfixui.o(.text) for __aeabi_d2uiz
    dac_sinewave.o(.text) refers to lpc177x_8x_dac.o(.text) for DAC_Init
    dac_sinewave.o(.text) refers to lpc177x_8x_clkpwr.o(.text) for CLKPWR_GetCLK
    dac_sinewave.o(.text) refers to dac_sinewave.o(.bss) for dac_sine_lut
    dac_sinewave.o(.text) refers to dac_sinewave.o(.data) for sin_0_to_90_16_samples
    dac_sinewave.o(.data) refers to dac_sinewave.o(.bss) for amp_sine
    sin.o(i.__softfp_sin) refers (Special) to iusefp.o(.text) for __I$use$fp
    sin.o(i.__softfp_sin) refers to sin.o(i.sin) for sin
    sin.o(i.sin) refers (Special) to iusefp.o(.text) for __I$use$fp
    sin.o(i.sin) refers to errno.o(i.__set_errno) for __set_errno
    sin.o(i.sin) refers to dunder.o(i.__mathlib_dbl_invalid) for __mathlib_dbl_invalid
    sin.o(i.sin) refers to dunder.o(i.__mathlib_dbl_infnan) for __mathlib_dbl_infnan
    sin.o(i.sin) refers to rred.o(i.__ieee754_rem_pio2) for __ieee754_rem_pio2
    sin.o(i.sin) refers to cos_i.o(i.__kernel_cos) for __kernel_cos
    sin.o(i.sin) refers to sin_i.o(i.__kernel_sin) for __kernel_sin
    sin_x.o(i.____softfp_sin$lsc) refers (Special) to iusefp.o(.text) for __I$use$fp
    sin_x.o(i.____softfp_sin$lsc) refers to sin_x.o(i.__sin$lsc) for __sin$lsc
    sin_x.o(i.__sin$lsc) refers (Special) to iusefp.o(.text) for __I$use$fp
    sin_x.o(i.__sin$lsc) refers to errno.o(i.__set_errno) for __set_errno
    sin_x.o(i.__sin$lsc) refers to dunder.o(i.__mathlib_dbl_infnan) for __mathlib_dbl_infnan
    sin_x.o(i.__sin$lsc) refers to rred.o(i.__ieee754_rem_pio2) for __ieee754_rem_pio2
    sin_x.o(i.__sin$lsc) refers to cos_i.o(i.__kernel_cos) for __kernel_cos
    sin_x.o(i.__sin$lsc) refers to sin_i.o(i.__kernel_sin) for __kernel_sin
    entry.o(.ARM.Collect$$$$00000000) refers (Special) to entry10a.o(.ARM.Collect$$$$0000000D) for __rt_final_cpp
    entry.o(.ARM.Collect$$$$00000000) refers (Special) to entry11a.o(.ARM.Collect$$$$0000000F) for __rt_final_exit
    entry.o(.ARM.Collect$$$$00000000) refers (Special) to entry7b.o(.ARM.Collect$$$$00000008) for _main_clock
    entry.o(.ARM.Collect$$$$00000000) refers (Special) to entry8b.o(.ARM.Collect$$$$0000000A) for _main_cpp_init
    entry.o(.ARM.Collect$$$$00000000) refers (Special) to entry9a.o(.ARM.Collect$$$$0000000B) for _main_init
    entry.o(.ARM.Collect$$$$00000000) refers (Special) to entry5.o(.ARM.Collect$$$$00000004) for _main_scatterload
    entry.o(.ARM.Collect$$$$00000000) refers (Special) to entry2.o(.ARM.Collect$$$$00000001) for _main_stk
    uldiv.o(.text) refers to llushr.o(.text) for __aeabi_llsr
    uldiv.o(.text) refers to llshl.o(.text) for __aeabi_llsl
    dmul.o(.text) refers (Special) to iusefp.o(.text) for __I$use$fp
    dmul.o(.text) refers to depilogue.o(.text) for _double_epilogue
    ddiv.o(.text) refers (Special) to iusefp.o(.text) for __I$use$fp
    ddiv.o(.text) refers to depilogue.o(.text) for _double_round
    dfltui.o(.text) refers (Special) to iusefp.o(.text) for __I$use$fp
    dfltui.o(.text) refers to depilogue.o(.text) for _double_epilogue
    dfixui.o(.text) refers (Special) to iusefp.o(.text) for __I$use$fp
    dfixui.o(.text) refers to llushr.o(.text) for __aeabi_llsr
    cos_i.o(i.__kernel_cos) refers (Special) to iusefp.o(.text) for __I$use$fp
    cos_i.o(i.__kernel_cos) refers to dfixi.o(.text) for __aeabi_d2iz
    cos_i.o(i.__kernel_cos) refers to dmul.o(.text) for __aeabi_dmul
    cos_i.o(i.__kernel_cos) refers to poly.o(i.__kernel_poly) for __kernel_poly
    cos_i.o(i.__kernel_cos) refers to dadd.o(.text) for __aeabi_dsub
    cos_i.o(i.__kernel_cos) refers to dscalb.o(.text) for __ARM_scalbn
    cos_i.o(i.__kernel_cos) refers to cos_i.o(.constdata) for .constdata
    cos_i.o(.constdata) refers (Special) to iusefp.o(.text) for __I$use$fp
    dunder.o(i.__mathlib_dbl_divzero) refers to ddiv.o(.text) for __aeabi_ddiv
    dunder.o(i.__mathlib_dbl_infnan) refers to dscalb.o(.text) for __ARM_scalbn
    dunder.o(i.__mathlib_dbl_infnan2) refers to dadd.o(.text) for __aeabi_dadd
    dunder.o(i.__mathlib_dbl_invalid) refers to ddiv.o(.text) for __aeabi_ddiv
    dunder.o(i.__mathlib_dbl_overflow) refers to dscalb.o(.text) for __ARM_scalbn
    dunder.o(i.__mathlib_dbl_posinfnan) refers to dmul.o(.text) for __aeabi_dmul
    dunder.o(i.__mathlib_dbl_underflow) refers to dscalb.o(.text) for __ARM_scalbn
    rred.o(i.__ieee754_rem_pio2) refers (Special) to iusefp.o(.text) for __I$use$fp
    rred.o(i.__ieee754_rem_pio2) refers to dadd.o(.text) for __aeabi_dsub
    rred.o(i.__ieee754_rem_pio2) refers to dmul.o(.text) for __aeabi_dmul
    rred.o(i.__ieee754_rem_pio2) refers to dfixi.o(.text) for __aeabi_d2iz
    rred.o(i.__ieee754_rem_pio2) refers to dflti.o(.text) for __aeabi_i2d
    rred.o(i.__ieee754_rem_pio2) refers to dfltui.o(.text) for __aeabi_ui2d
    rred.o(i.__ieee754_rem_pio2) refers to dscalb.o(.text) for __ARM_scalbn
    rred.o(i.__ieee754_rem_pio2) refers to rred.o(.constdata) for .constdata
    rred.o(i.__use_accurate_range_reduction) refers (Special) to iusefp.o(.text) for __I$use$fp
    rred.o(.constdata) refers (Special) to iusefp.o(.text) for __I$use$fp
    sin_i.o(i.__kernel_sin) refers (Special) to iusefp.o(.text) for __I$use$fp
    sin_i.o(i.__kernel_sin) refers to fpclassify.o(i.__ARM_fpclassify) for __ARM_fpclassify
    sin_i.o(i.__kernel_sin) refers to dunder.o(i.__mathlib_dbl_underflow) for __mathlib_dbl_underflow
    sin_i.o(i.__kernel_sin) refers to dmul.o(.text) for __aeabi_dmul
    sin_i.o(i.__kernel_sin) refers to poly.o(i.__kernel_poly) for __kernel_poly
    sin_i.o(i.__kernel_sin) refers to dscalb.o(.text) for __ARM_scalbn
    sin_i.o(i.__kernel_sin) refers to dadd.o(.text) for __aeabi_dsub
    sin_i.o(i.__kernel_sin) refers to sin_i.o(.constdata) for .constdata
    sin_i.o(.constdata) refers (Special) to iusefp.o(.text) for __I$use$fp
    sin_i_x.o(i.____kernel_sin$lsc) refers (Special) to iusefp.o(.text) for __I$use$fp
    sin_i_x.o(i.____kernel_sin$lsc) refers to dmul.o(.text) for __aeabi_dmul
    sin_i_x.o(i.____kernel_sin$lsc) refers to poly.o(i.__kernel_poly) for __kernel_poly
    sin_i_x.o(i.____kernel_sin$lsc) refers to dscalb.o(.text) for __ARM_scalbn
    sin_i_x.o(i.____kernel_sin$lsc) refers to dadd.o(.text) for __aeabi_dsub
    sin_i_x.o(i.____kernel_sin$lsc) refers to sin_i_x.o(.constdata) for .constdata
    sin_i_x.o(.constdata) refers (Special) to iusefp.o(.text) for __I$use$fp
    entry2.o(.ARM.Collect$$$$00000001) refers to entry2.o(.ARM.Collect$$$$00002712) for __lit__00000000
    entry2.o(.ARM.Collect$$$$00002712) refers to startup_lpc177x_8x.o(STACK) for __initial_sp
    entry2.o(__vectab_stack_and_reset_area) refers to startup_lpc177x_8x.o(STACK) for __initial_sp
    entry2.o(__vectab_stack_and_reset_area) refers to entry.o(.ARM.Collect$$$$00000000) for __main
    entry5.o(.ARM.Collect$$$$00000004) refers to init.o(.text) for __scatterload
    entry9a.o(.ARM.Collect$$$$0000000B) refers to dac_sinewave.o(.text) for main
    entry9b.o(.ARM.Collect$$$$0000000C) refers to dac_sinewave.o(.text) for main
    errno.o(i.__aeabi_errno_addr) refers to errno.o(.data) for .data
    errno.o(i.__read_errno) refers to errno.o(.data) for .data
    errno.o(i.__set_errno) refers to errno.o(.data) for .data
    depilogue.o(.text) refers to llshl.o(.text) for __aeabi_llsl
    depilogue.o(.text) refers to llushr.o(.text) for __aeabi_llsr
    fpclassify.o(i.__ARM_fpclassify) refers (Special) to iusefp.o(.text) for __I$use$fp
    poly.o(i.__kernel_poly) refers (Special) to iusefp.o(.text) for __I$use$fp
    poly.o(i.__kernel_poly) refers to dmul.o(.text) for __aeabi_dmul
    poly.o(i.__kernel_poly) refers to dadd.o(.text) for __aeabi_dadd
    init.o(.text) refers to entry5.o(.ARM.Collect$$$$00000004) for __main_after_scatterload
    dadd.o(.text) refers to llshl.o(.text) for __aeabi_llsl
    dadd.o(.text) refers to llsshr.o(.text) for __aeabi_lasr
    dadd.o(.text) refers to depilogue.o(.text) for _double_epilogue
    dflti.o(.text) refers to depilogue.o(.text) for _double_epilogue
    dfixi.o(.text) refers to llushr.o(.text) for __aeabi_llsr


==============================================================================

Removing Unused input sections from the image.

    Removing startup_lpc177x_8x.o(HEAP), (4096 bytes).
    Removing system_lpc177x_8x.o(.emb_text), (8 bytes).
    Removing debug_frmwrk.o(.emb_text), (8 bytes).
    Removing debug_frmwrk.o(.text), (1884 bytes).
    Removing debug_frmwrk.o(.conststring), (89 bytes).
    Removing debug_frmwrk.o(.data), (61 bytes).
    Removing lpc177x_8x_dac.o(.emb_text), (8 bytes).
    Removing lpc177x_8x_pinsel.o(.emb_text), (8 bytes).
    Removing lpc177x_8x_gpdma.o(.emb_text), (8 bytes).
    Removing lpc177x_8x_uart.o(.emb_text), (8 bytes).
    Removing lpc177x_8x_uart.o(.text), (3460 bytes).
    Removing lpc177x_8x_clkpwr.o(.emb_text), (8 bytes).
    Removing lpc177x_8x_clkpwr.o(.data), (4 bytes).
    Removing lpc177x_8x_gpio.o(.emb_text), (8 bytes).
    Removing lpc177x_8x_gpio.o(.text), (1110 bytes).
    Removing lpc177x_8x_timer.o(.emb_text), (8 bytes).
    Removing dac_sinewave.o(.emb_text), (8 bytes).

17 unused section(s) (total 10784 bytes) removed from the image.

==============================================================================

Image Symbol Table

    Local Symbols

    Symbol Name                              Value     Ov Type        Size  Object(Section)

    RESET                                    0x00000000   Section      228  startup_lpc177x_8x.o(RESET)
    ../clib/microlib/division.c              0x00000000   Number         0  uldiv.o ABSOLUTE
    ../clib/microlib/errno.c                 0x00000000   Number         0  errno.o ABSOLUTE
    ../clib/microlib/init/entry.s            0x00000000   Number         0  entry11b.o ABSOLUTE
    ../clib/microlib/init/entry.s            0x00000000   Number         0  entry11a.o ABSOLUTE
    ../clib/microlib/init/entry.s            0x00000000   Number         0  entry10b.o ABSOLUTE
    ../clib/microlib/init/entry.s            0x00000000   Number         0  entry10a.o ABSOLUTE
    ../clib/microlib/init/entry.s            0x00000000   Number         0  entry9b.o ABSOLUTE
    ../clib/microlib/init/entry.s            0x00000000   Number         0  entry2.o ABSOLUTE
    ../clib/microlib/init/entry.s            0x00000000   Number         0  entry9a.o ABSOLUTE
    ../clib/microlib/init/entry.s            0x00000000   Number         0  entry.o ABSOLUTE
    ../clib/microlib/init/entry.s            0x00000000   Number         0  entry8b.o ABSOLUTE
    ../clib/microlib/init/entry.s            0x00000000   Number         0  entry8a.o ABSOLUTE
    ../clib/microlib/init/entry.s            0x00000000   Number         0  entry7b.o ABSOLUTE
    ../clib/microlib/init/entry.s            0x00000000   Number         0  entry7a.o ABSOLUTE
    ../clib/microlib/init/entry.s            0x00000000   Number         0  entry5.o ABSOLUTE
    ../clib/microlib/longlong.c              0x00000000   Number         0  llsshr.o ABSOLUTE
    ../clib/microlib/longlong.c              0x00000000   Number         0  llushr.o ABSOLUTE
    ../clib/microlib/longlong.c              0x00000000   Number         0  llshl.o ABSOLUTE
    ../clib/microlib/stubs.s                 0x00000000   Number         0  iusefp.o ABSOLUTE
    ../fplib/microlib/fpadd.c                0x00000000   Number         0  dadd.o ABSOLUTE
    ../fplib/microlib/fpdiv.c                0x00000000   Number         0  ddiv.o ABSOLUTE
    ../fplib/microlib/fpepilogue.c           0x00000000   Number         0  depilogue.o ABSOLUTE
    ../fplib/microlib/fpfix.c                0x00000000   Number         0  dfixui.o ABSOLUTE
    ../fplib/microlib/fpfix.c                0x00000000   Number         0  dfixi.o ABSOLUTE
    ../fplib/microlib/fpflt.c                0x00000000   Number         0  dflti.o ABSOLUTE
    ../fplib/microlib/fpflt.c                0x00000000   Number         0  dfltui.o ABSOLUTE
    ../fplib/microlib/fpmul.c                0x00000000   Number         0  dmul.o ABSOLUTE
    ../fplib/microlib/fpscalb.c              0x00000000   Number         0  dscalb.o ABSOLUTE
    ../mathlib/cos_i.c                       0x00000000   Number         0  cos_i.o ABSOLUTE
    ../mathlib/dunder.c                      0x00000000   Number         0  dunder.o ABSOLUTE
    ../mathlib/fpclassify.c                  0x00000000   Number         0  fpclassify.o ABSOLUTE
    ../mathlib/poly.c                        0x00000000   Number         0  poly.o ABSOLUTE
    ../mathlib/rred.c                        0x00000000   Number         0  rred.o ABSOLUTE
    ../mathlib/sin.c                         0x00000000   Number         0  sin_x.o ABSOLUTE
    ../mathlib/sin.c                         0x00000000   Number         0  sin.o ABSOLUTE
    ../mathlib/sin_i.c                       0x00000000   Number         0  sin_i_x.o ABSOLUTE
    ../mathlib/sin_i.c                       0x00000000   Number         0  sin_i.o ABSOLUTE
    ..\..\..\..\Core\Device\NXP\LPC177x_8x\Source\Templates\ARM\startup_LPC177x_8x.s 0x00000000   Number         0  startup_lpc177x_8x.o ABSOLUTE
    ..\..\..\..\Core\Device\NXP\LPC177x_8x\Source\Templates\system_LPC177x_8x.c 0x00000000   Number         0  system_lpc177x_8x.o ABSOLUTE
    ..\..\..\..\Drivers\source\debug_frmwrk.c 0x00000000   Number         0  debug_frmwrk.o ABSOLUTE
    ..\..\..\..\Drivers\source\lpc177x_8x_clkpwr.c 0x00000000   Number         0  lpc177x_8x_clkpwr.o ABSOLUTE
    ..\..\..\..\Drivers\source\lpc177x_8x_dac.c 0x00000000   Number         0  lpc177x_8x_dac.o ABSOLUTE
    ..\..\..\..\Drivers\source\lpc177x_8x_gpdma.c 0x00000000   Number         0  lpc177x_8x_gpdma.o ABSOLUTE
    ..\..\..\..\Drivers\source\lpc177x_8x_gpio.c 0x00000000   Number         0  lpc177x_8x_gpio.o ABSOLUTE
    ..\..\..\..\Drivers\source\lpc177x_8x_pinsel.c 0x00000000   Number         0  lpc177x_8x_pinsel.o ABSOLUTE
    ..\..\..\..\Drivers\source\lpc177x_8x_timer.c 0x00000000   Number         0  lpc177x_8x_timer.o ABSOLUTE
    ..\..\..\..\Drivers\source\lpc177x_8x_uart.c 0x00000000   Number         0  lpc177x_8x_uart.o ABSOLUTE
    ..\Dac_SineWave.c                        0x00000000   Number         0  dac_sinewave.o ABSOLUTE
    ..\\..\\..\\..\\Core\\Device\\NXP\\LPC177x_8x\\Source\\Templates\\system_LPC177x_8x.c 0x00000000   Number         0  system_lpc177x_8x.o ABSOLUTE
    ..\\..\\..\\..\\Drivers\\source\\debug_frmwrk.c 0x00000000   Number         0  debug_frmwrk.o ABSOLUTE
    ..\\..\\..\\..\\Drivers\\source\\lpc177x_8x_clkpwr.c 0x00000000   Number         0  lpc177x_8x_clkpwr.o ABSOLUTE
    ..\\..\\..\\..\\Drivers\\source\\lpc177x_8x_dac.c 0x00000000   Number         0  lpc177x_8x_dac.o ABSOLUTE
    ..\\..\\..\\..\\Drivers\\source\\lpc177x_8x_gpdma.c 0x00000000   Number         0  lpc177x_8x_gpdma.o ABSOLUTE
    ..\\..\\..\\..\\Drivers\\source\\lpc177x_8x_gpio.c 0x00000000   Number         0  lpc177x_8x_gpio.o ABSOLUTE
    ..\\..\\..\\..\\Drivers\\source\\lpc177x_8x_pinsel.c 0x00000000   Number         0  lpc177x_8x_pinsel.o ABSOLUTE
    ..\\..\\..\\..\\Drivers\\source\\lpc177x_8x_timer.c 0x00000000   Number         0  lpc177x_8x_timer.o ABSOLUTE
    ..\\..\\..\\..\\Drivers\\source\\lpc177x_8x_uart.c 0x00000000   Number         0  lpc177x_8x_uart.o ABSOLUTE
    ..\\Dac_SineWave.c                       0x00000000   Number         0  dac_sinewave.o ABSOLUTE
    dc.s                                     0x00000000   Number         0  dc.o ABSOLUTE
    handlers.s                               0x00000000   Number         0  handlers.o ABSOLUTE
    init.s                                   0x00000000   Number         0  init.o ABSOLUTE
    .ARM.Collect$$$$00000000                 0x000000e4   Section        0  entry.o(.ARM.Collect$$$$00000000)
    .ARM.Collect$$$$00000001                 0x000000e4   Section        4  entry2.o(.ARM.Collect$$$$00000001)
    .ARM.Collect$$$$00000004                 0x000000e8   Section        4  entry5.o(.ARM.Collect$$$$00000004)
    .ARM.Collect$$$$00000008                 0x000000ec   Section        0  entry7b.o(.ARM.Collect$$$$00000008)
    .ARM.Collect$$$$0000000A                 0x000000ec   Section        0  entry8b.o(.ARM.Collect$$$$0000000A)
    .ARM.Collect$$$$0000000B                 0x000000ec   Section        8  entry9a.o(.ARM.Collect$$$$0000000B)
    .ARM.Collect$$$$0000000D                 0x000000f4   Section        0  entry10a.o(.ARM.Collect$$$$0000000D)
    .ARM.Collect$$$$0000000F                 0x000000f4   Section        0  entry11a.o(.ARM.Collect$$$$0000000F)
    .ARM.Collect$$$$00002712                 0x000000f4   Section        4  entry2.o(.ARM.Collect$$$$00002712)
    __lit__00000000                          0x000000f4   Data           4  entry2.o(.ARM.Collect$$$$00002712)
    .text                                    0x000000f8   Section       44  startup_lpc177x_8x.o(.text)
    .text                                    0x00000124   Section        0  lpc177x_8x_dac.o(.text)
    DAC_GetPointer                           0x00000125   Thumb Code     6  lpc177x_8x_dac.o(.text)
    .text                                    0x0000021c   Section        0  uldiv.o(.text)
    .text                                    0x0000027e   Section        0  dfltui.o(.text)
    .text                                    0x00000298   Section        0  dfixui.o(.text)
    .text                                    0x000002ca   Section        0  llshl.o(.text)
    .text                                    0x000002e8   Section        0  iusefp.o(.text)
    i.__mathlib_dbl_infnan                   0x000002e8   Section        0  dunder.o(i.__mathlib_dbl_infnan)
    i.__mathlib_dbl_invalid                  0x000002ee   Section        0  dunder.o(i.__mathlib_dbl_invalid)
    i.__scatterload_null                     0x000002fa   Section        2  handlers.o(i.__scatterload_null)
    .ARM.__at_0x02FC                         0x000002fc   Section        4  startup_lpc177x_8x.o(.ARM.__at_0x02FC)
    .text                                    0x00000300   Section        0  system_lpc177x_8x.o(.text)
    .text                                    0x000006b0   Section        0  lpc177x_8x_pinsel.o(.text)
    .text                                    0x00000b00   Section        0  lpc177x_8x_gpdma.o(.text)
    .text                                    0x00000e98   Section        0  lpc177x_8x_clkpwr.o(.text)
    .text                                    0x00000fe4   Section        0  lpc177x_8x_timer.o(.text)
    getPClock                                0x00000fe5   Thumb Code    16  lpc177x_8x_timer.o(.text)
    converUSecToVal                          0x00000ff5   Thumb Code    50  lpc177x_8x_timer.o(.text)
    converPtrToTimeNum                       0x00001027   Thumb Code    46  lpc177x_8x_timer.o(.text)
    .text                                    0x00001384   Section        0  dac_sinewave.o(.text)
    __WAVE_Update_Amp                        0x00001385   Thumb Code   178  dac_sinewave.o(.text)
    .text                                    0x00001750   Section        0  dmul.o(.text)
    .text                                    0x00001834   Section        0  ddiv.o(.text)
    .text                                    0x00001912   Section        0  llushr.o(.text)
    .text                                    0x00001932   Section        0  depilogue.o(.text)
    .text                                    0x000019ec   Section       36  init.o(.text)
    .text                                    0x00001a10   Section        0  dadd.o(.text)
    .text                                    0x00001b5e   Section        0  dscalb.o(.text)
    .text                                    0x00001b8c   Section        0  dflti.o(.text)
    .text                                    0x00001bae   Section        0  dfixi.o(.text)
    .text                                    0x00001bec   Section        0  llsshr.o(.text)
    i.__ARM_fpclassify                       0x00001c10   Section        0  fpclassify.o(i.__ARM_fpclassify)
    i.__ieee754_rem_pio2                     0x00001c38   Section        0  rred.o(i.__ieee754_rem_pio2)
    i.__kernel_cos                           0x00001fc0   Section        0  cos_i.o(i.__kernel_cos)
    i.__kernel_poly                          0x000020bc   Section        0  poly.o(i.__kernel_poly)
    i.__kernel_sin                           0x00002168   Section        0  sin_i.o(i.__kernel_sin)
    i.__mathlib_dbl_underflow                0x00002254   Section        0  dunder.o(i.__mathlib_dbl_underflow)
    i.__scatterload_copy                     0x00002264   Section       14  handlers.o(i.__scatterload_copy)
    i.__scatterload_zeroinit                 0x00002272   Section       14  handlers.o(i.__scatterload_zeroinit)
    i.__set_errno                            0x00002280   Section        0  errno.o(i.__set_errno)
    i.sin                                    0x0000228c   Section        0  sin.o(i.sin)
    .constdata                               0x0000232c   Section       64  lpc177x_8x_gpdma.o(.constdata)
    .constdata                               0x00002370   Section       48  cos_i.o(.constdata)
    C                                        0x00002370   Data          48  cos_i.o(.constdata)
    .constdata                               0x000023a0   Section      200  rred.o(.constdata)
    pio2s                                    0x000023a0   Data          48  rred.o(.constdata)
    twooverpi                                0x000023d0   Data         152  rred.o(.constdata)
    .constdata                               0x00002468   Section       40  sin_i.o(.constdata)
    S                                        0x00002468   Data          40  sin_i.o(.constdata)
    .data                                    0x10000000   Section       16  system_lpc177x_8x.o(.data)
    .data                                    0x10000010   Section        1  lpc177x_8x_dac.o(.data)
    done                                     0x10000010   Data           1  lpc177x_8x_dac.o(.data)
    .data                                    0x10000014   Section      161  lpc177x_8x_gpdma.o(.data)
    global_init_done                         0x100000b4   Data           1  lpc177x_8x_gpdma.o(.data)
    .data                                    0x100000b8   Section       96  dac_sinewave.o(.data)
    DAC_ConverterConfigStruct                0x100000cc   Data           4  dac_sinewave.o(.data)
    sin_0_to_90_16_samples                   0x100000d0   Data          64  dac_sinewave.o(.data)
    TIM_ConfigStruct                         0x10000110   Data           8  dac_sinewave.o(.data)
    .data                                    0x10000118   Section        4  errno.o(.data)
    _errno                                   0x10000118   Data           4  errno.o(.data)
    .bss                                     0x1000011c   Section      800  dac_sinewave.o(.bss)
    DMA_LLI_Struct                           0x10000240   Data          16  dac_sinewave.o(.bss)
    dac_sine_lut                             0x10000250   Data         240  dac_sinewave.o(.bss)
    dac_sine_lut2                            0x10000340   Data         240  dac_sinewave.o(.bss)
    TIM_MatchConfigStruct                    0x10000430   Data          12  dac_sinewave.o(.bss)
    STACK                                    0x10000440   Section     5120  startup_lpc177x_8x.o(STACK)

    Global Symbols

    Symbol Name                              Value     Ov Type        Size  Object(Section)

    BuildAttributes$$THM_ISAv4$P$D$K$B$S$PE$A:L22UL41UL21$X:L11$S22US41US21$IEEE1$IW$USESV6$~STKCKD$USESV7$~SHL$OTIME$ROPI$IEEEX$EBA8$MICROLIB$REQ8$PRES8$EABIv2 0x00000000   Number         0  anon$$obj.o ABSOLUTE
    __ARM_use_no_argv                        0x00000000   Number         0  dac_sinewave.o ABSOLUTE
    __Vectors                                0x00000000   Data           4  startup_lpc177x_8x.o(RESET)
    __cpp_initialize__aeabi_                  - Undefined Weak Reference
    __cxa_finalize                            - Undefined Weak Reference
    __decompress                              - Undefined Weak Reference
    _clock_init                               - Undefined Weak Reference
    _microlib_exit                            - Undefined Weak Reference
    __main                                   0x000000e5   Thumb Code     0  entry.o(.ARM.Collect$$$$00000000)
    _main_stk                                0x000000e5   Thumb Code     0  entry2.o(.ARM.Collect$$$$00000001)
    _main_scatterload                        0x000000e9   Thumb Code     0  entry5.o(.ARM.Collect$$$$00000004)
    __main_after_scatterload                 0x000000ed   Thumb Code     0  entry5.o(.ARM.Collect$$$$00000004)
    _main_clock                              0x000000ed   Thumb Code     0  entry7b.o(.ARM.Collect$$$$00000008)
    _main_cpp_init                           0x000000ed   Thumb Code     0  entry8b.o(.ARM.Collect$$$$0000000A)
    _main_init                               0x000000ed   Thumb Code     0  entry9a.o(.ARM.Collect$$$$0000000B)
    __rt_final_cpp                           0x000000f5   Thumb Code     0  entry10a.o(.ARM.Collect$$$$0000000D)
    __rt_final_exit                          0x000000f5   Thumb Code     0  entry11a.o(.ARM.Collect$$$$0000000F)
    Reset_Handler                            0x000000f9   Thumb Code    12  startup_lpc177x_8x.o(.text)
    NMI_Handler                              0x00000105   Thumb Code     2  startup_lpc177x_8x.o(.text)
    HardFault_Handler                        0x00000107   Thumb Code     2  startup_lpc177x_8x.o(.text)
    MemManage_Handler                        0x00000109   Thumb Code     2  startup_lpc177x_8x.o(.text)
    BusFault_Handler                         0x0000010b   Thumb Code     2  startup_lpc177x_8x.o(.text)
    UsageFault_Handler                       0x0000010d   Thumb Code     2  startup_lpc177x_8x.o(.text)
    SVC_Handler                              0x0000010f   Thumb Code     2  startup_lpc177x_8x.o(.text)
    DebugMon_Handler                         0x00000111   Thumb Code     2  startup_lpc177x_8x.o(.text)
    PendSV_Handler                           0x00000113   Thumb Code     2  startup_lpc177x_8x.o(.text)
    SysTick_Handler                          0x00000115   Thumb Code     2  startup_lpc177x_8x.o(.text)
    ADC_IRQHandler                           0x00000117   Thumb Code     0  startup_lpc177x_8x.o(.text)
    BOD_IRQHandler                           0x00000117   Thumb Code     0  startup_lpc177x_8x.o(.text)
    CANActivity_IRQHandler                   0x00000117   Thumb Code     0  startup_lpc177x_8x.o(.text)
    CAN_IRQHandler                           0x00000117   Thumb Code     0  startup_lpc177x_8x.o(.text)
    DMA_IRQHandler                           0x00000117   Thumb Code     0  startup_lpc177x_8x.o(.text)
    EEPROM_IRQHandler                        0x00000117   Thumb Code     0  startup_lpc177x_8x.o(.text)
    EINT0_IRQHandler                         0x00000117   Thumb Code     0  startup_lpc177x_8x.o(.text)
    EINT1_IRQHandler                         0x00000117   Thumb Code     0  startup_lpc177x_8x.o(.text)
    EINT2_IRQHandler                         0x00000117   Thumb Code     0  startup_lpc177x_8x.o(.text)
    EINT3_IRQHandler                         0x00000117   Thumb Code     0  startup_lpc177x_8x.o(.text)
    ENET_IRQHandler                          0x00000117   Thumb Code     0  startup_lpc177x_8x.o(.text)
    GPIO_IRQHandler                          0x00000117   Thumb Code     0  startup_lpc177x_8x.o(.text)
    I2C0_IRQHandler                          0x00000117   Thumb Code     0  startup_lpc177x_8x.o(.text)
    I2C1_IRQHandler                          0x00000117   Thumb Code     0  startup_lpc177x_8x.o(.text)
    I2C2_IRQHandler                          0x00000117   Thumb Code     0  startup_lpc177x_8x.o(.text)
    I2S_IRQHandler                           0x00000117   Thumb Code     0  startup_lpc177x_8x.o(.text)
    LCD_IRQHandler                           0x00000117   Thumb Code     0  startup_lpc177x_8x.o(.text)
    MCI_IRQHandler                           0x00000117   Thumb Code     0  startup_lpc177x_8x.o(.text)
    MCPWM_IRQHandler                         0x00000117   Thumb Code     0  startup_lpc177x_8x.o(.text)
    PLL0_IRQHandler                          0x00000117   Thumb Code     0  startup_lpc177x_8x.o(.text)
    PLL1_IRQHandler                          0x00000117   Thumb Code     0  startup_lpc177x_8x.o(.text)
    PWM0_IRQHandler                          0x00000117   Thumb Code     0  startup_lpc177x_8x.o(.text)
    PWM1_IRQHandler                          0x00000117   Thumb Code     0  startup_lpc177x_8x.o(.text)
    QEI_IRQHandler                           0x00000117   Thumb Code     0  startup_lpc177x_8x.o(.text)
    RTC_IRQHandler                           0x00000117   Thumb Code     0  startup_lpc177x_8x.o(.text)
    SPIFI_IRQHandler                         0x00000117   Thumb Code     0  startup_lpc177x_8x.o(.text)
    SSP0_IRQHandler                          0x00000117   Thumb Code     0  startup_lpc177x_8x.o(.text)
    SSP1_IRQHandler                          0x00000117   Thumb Code     0  startup_lpc177x_8x.o(.text)
    SSP2_IRQHandler                          0x00000117   Thumb Code     0  startup_lpc177x_8x.o(.text)
    TIMER0_IRQHandler                        0x00000117   Thumb Code     0  startup_lpc177x_8x.o(.text)
    TIMER1_IRQHandler                        0x00000117   Thumb Code     0  startup_lpc177x_8x.o(.text)
    TIMER3_IRQHandler                        0x00000117   Thumb Code     0  startup_lpc177x_8x.o(.text)
    UART0_IRQHandler                         0x00000117   Thumb Code     0  startup_lpc177x_8x.o(.text)
    UART1_IRQHandler                         0x00000117   Thumb Code     0  startup_lpc177x_8x.o(.text)
    UART2_IRQHandler                         0x00000117   Thumb Code     0  startup_lpc177x_8x.o(.text)
    UART3_IRQHandler                         0x00000117   Thumb Code     0  startup_lpc177x_8x.o(.text)
    UART4_IRQHandler                         0x00000117   Thumb Code     0  startup_lpc177x_8x.o(.text)
    USBActivity_IRQHandler                   0x00000117   Thumb Code     0  startup_lpc177x_8x.o(.text)
    USB_IRQHandler                           0x00000117   Thumb Code     0  startup_lpc177x_8x.o(.text)
    WDT_IRQHandler                           0x00000117   Thumb Code     0  startup_lpc177x_8x.o(.text)
    DAC_SetBias                              0x0000012b   Thumb Code    36  lpc177x_8x_dac.o(.text)
    DAC_Init                                 0x0000014f   Thumb Code    62  lpc177x_8x_dac.o(.text)
    DAC_UpdateValue                          0x0000018d   Thumb Code    36  lpc177x_8x_dac.o(.text)
    DAC_ConfigDAConverterControl             0x000001b1   Thumb Code    60  lpc177x_8x_dac.o(.text)
    DAC_SetDMATimeOut                        0x000001ed   Thumb Code    20  lpc177x_8x_dac.o(.text)
    DAC_IsIntRequested                       0x00000201   Thumb Code    20  lpc177x_8x_dac.o(.text)
    __aeabi_uldivmod                         0x0000021d   Thumb Code    98  uldiv.o(.text)
    __aeabi_ui2d                             0x0000027f   Thumb Code    26  dfltui.o(.text)
    __aeabi_d2uiz                            0x00000299   Thumb Code    50  dfixui.o(.text)
    __aeabi_llsl                             0x000002cb   Thumb Code    30  llshl.o(.text)
    _ll_shift_l                              0x000002cb   Thumb Code     0  llshl.o(.text)
    __I$use$fp                               0x000002e9   Thumb Code     0  iusefp.o(.text)
    __mathlib_dbl_infnan                     0x000002e9   Thumb Code     6  dunder.o(i.__mathlib_dbl_infnan)
    __mathlib_dbl_invalid                    0x000002ef   Thumb Code    12  dunder.o(i.__mathlib_dbl_invalid)
    __scatterload_null                       0x000002fb   Thumb Code     2  handlers.o(i.__scatterload_null)
    SystemCoreClockUpdate                    0x00000301   Thumb Code   696  system_lpc177x_8x.o(.text)
    SystemInit                               0x000005b9   Thumb Code   212  system_lpc177x_8x.o(.text)
    PIN_GetPointer                           0x000006b1   Thumb Code    18  lpc177x_8x_pinsel.o(.text)
    PINSEL_GetPinType                        0x000006c3   Thumb Code   164  lpc177x_8x_pinsel.o(.text)
    PINSEL_ConfigPin                         0x00000767   Thumb Code    66  lpc177x_8x_pinsel.o(.text)
    PINSEL_SetPinMode                        0x000007a9   Thumb Code    82  lpc177x_8x_pinsel.o(.text)
    PINSEL_SetHysMode                        0x000007fb   Thumb Code    78  lpc177x_8x_pinsel.o(.text)
    PINSEL_SetInvertInput                    0x00000849   Thumb Code    76  lpc177x_8x_pinsel.o(.text)
    PINSEL_SetSlewMode                       0x00000895   Thumb Code    78  lpc177x_8x_pinsel.o(.text)
    PINSEL_SetI2CFilter                      0x000008e3   Thumb Code    76  lpc177x_8x_pinsel.o(.text)
    PINSEL_SetI2CMode                        0x0000092f   Thumb Code   136  lpc177x_8x_pinsel.o(.text)
    PINSEL_SetOpenDrainMode                  0x000009b7   Thumb Code    82  lpc177x_8x_pinsel.o(.text)
    PINSEL_SetAnalogPinMode                  0x00000a09   Thumb Code    76  lpc177x_8x_pinsel.o(.text)
    PINSEL_DacEnable                         0x00000a55   Thumb Code    88  lpc177x_8x_pinsel.o(.text)
    PINSEL_SetFilter                         0x00000aad   Thumb Code    80  lpc177x_8x_pinsel.o(.text)
    GPDMA_Init                               0x00000b01   Thumb Code    86  lpc177x_8x_gpdma.o(.text)
    GPDMA_Setup                              0x00000b57   Thumb Code   594  lpc177x_8x_gpdma.o(.text)
    GPDMA_ChannelCmd                         0x00000da9   Thumb Code    32  lpc177x_8x_gpdma.o(.text)
    GPDMA_IntGetStatus                       0x00000dc9   Thumb Code   148  lpc177x_8x_gpdma.o(.text)
    GPDMA_ClearIntPending                    0x00000e5d   Thumb Code    26  lpc177x_8x_gpdma.o(.text)
    CLKPWR_SetCLKDiv                         0x00000e99   Thumb Code   152  lpc177x_8x_clkpwr.o(.text)
    CLKPWR_GetCLK                            0x00000f31   Thumb Code    46  lpc177x_8x_clkpwr.o(.text)
    CLKPWR_ConfigPPWR                        0x00000f5f   Thumb Code    38  lpc177x_8x_clkpwr.o(.text)
    CLKPWR_Sleep                             0x00000f85   Thumb Code    12  lpc177x_8x_clkpwr.o(.text)
    CLKPWR_DeepSleep                         0x00000f91   Thumb Code    18  lpc177x_8x_clkpwr.o(.text)
    CLKPWR_PowerDown                         0x00000fa3   Thumb Code    18  lpc177x_8x_clkpwr.o(.text)
    CLKPWR_DeepPowerDown                     0x00000fb5   Thumb Code    18  lpc177x_8x_clkpwr.o(.text)
    TIM_GetIntStatus                         0x00001055   Thumb Code    24  lpc177x_8x_timer.o(.text)
    TIM_GetIntCaptureStatus                  0x0000106d   Thumb Code    24  lpc177x_8x_timer.o(.text)
    TIM_ClearIntPending                      0x00001085   Thumb Code     8  lpc177x_8x_timer.o(.text)
    TIM_ClearIntCapturePending               0x0000108d   Thumb Code     8  lpc177x_8x_timer.o(.text)
    TIM_ConfigStructInit                     0x00001095   Thumb Code    22  lpc177x_8x_timer.o(.text)
    TIM_Init                                 0x000010ab   Thumb Code   182  lpc177x_8x_timer.o(.text)
    TIM_DeInit                               0x00001161   Thumb Code    76  lpc177x_8x_timer.o(.text)
    TIM_Cmd                                  0x000011ad   Thumb Code    24  lpc177x_8x_timer.o(.text)
    TIM_ResetCounter                         0x000011c5   Thumb Code    18  lpc177x_8x_timer.o(.text)
    TIM_ConfigMatch                          0x000011d7   Thumb Code   172  lpc177x_8x_timer.o(.text)
    TIM_UpdateMatchValue                     0x00001283   Thumb Code    40  lpc177x_8x_timer.o(.text)
    TIM_ConfigCapture                        0x000012ab   Thumb Code    84  lpc177x_8x_timer.o(.text)
    TIM_GetCaptureValue                      0x000012ff   Thumb Code    12  lpc177x_8x_timer.o(.text)
    TIM_Waitus                               0x0000130b   Thumb Code    88  lpc177x_8x_timer.o(.text)
    TIM_Waitms                               0x00001363   Thumb Code    18  lpc177x_8x_timer.o(.text)
    Stack_Size                               0x00001400   Number         0  startup_lpc177x_8x.o ABSOLUTE
    TIMER2_IRQHandler                        0x00001437   Thumb Code   128  dac_sinewave.o(.text)
    WAVE_init_modulator_luts                 0x000014b7   Thumb Code   276  dac_sinewave.o(.text)
    WAVE_Update_Modulator_Freq               0x000015cb   Thumb Code    24  dac_sinewave.o(.text)
    WAVE_Update_Tmr_Init                     0x000015e3   Thumb Code    60  dac_sinewave.o(.text)
    WAVE_Update_Start                        0x0000161f   Thumb Code    48  dac_sinewave.o(.text)
    WAVE_Update_Stop                         0x0000164f   Thumb Code    28  dac_sinewave.o(.text)
    c_entry                                  0x0000166b   Thumb Code   120  dac_sinewave.o(.text)
    main                                     0x000016e3   Thumb Code     4  dac_sinewave.o(.text)
    __low_level_init                         0x000016e7   Thumb Code     2  dac_sinewave.o(.text)
    __aeabi_dmul                             0x00001751   Thumb Code   228  dmul.o(.text)
    __aeabi_ddiv                             0x00001835   Thumb Code   222  ddiv.o(.text)
    __aeabi_llsr                             0x00001913   Thumb Code    32  llushr.o(.text)
    _ll_ushift_r                             0x00001913   Thumb Code     0  llushr.o(.text)
    _double_round                            0x00001933   Thumb Code    30  depilogue.o(.text)
    _double_epilogue                         0x00001951   Thumb Code   156  depilogue.o(.text)
    __scatterload                            0x000019ed   Thumb Code    28  init.o(.text)
    __scatterload_rt2                        0x000019ed   Thumb Code     0  init.o(.text)
    __aeabi_dadd                             0x00001a11   Thumb Code   322  dadd.o(.text)
    __aeabi_dsub                             0x00001b53   Thumb Code     6  dadd.o(.text)
    __aeabi_drsub                            0x00001b59   Thumb Code     6  dadd.o(.text)
    __ARM_scalbn                             0x00001b5f   Thumb Code    46  dscalb.o(.text)
    scalbn                                   0x00001b5f   Thumb Code     0  dscalb.o(.text)
    __aeabi_i2d                              0x00001b8d   Thumb Code    34  dflti.o(.text)
    __aeabi_d2iz                             0x00001baf   Thumb Code    62  dfixi.o(.text)
    __aeabi_lasr                             0x00001bed   Thumb Code    36  llsshr.o(.text)
    _ll_sshift_r                             0x00001bed   Thumb Code     0  llsshr.o(.text)
    __ARM_fpclassify                         0x00001c11   Thumb Code    40  fpclassify.o(i.__ARM_fpclassify)
    __ieee754_rem_pio2                       0x00001c39   Thumb Code   828  rred.o(i.__ieee754_rem_pio2)
    __kernel_cos                             0x00001fc1   Thumb Code   230  cos_i.o(i.__kernel_cos)
    __kernel_poly                            0x000020bd   Thumb Code   170  poly.o(i.__kernel_poly)
    __kernel_sin                             0x00002169   Thumb Code   224  sin_i.o(i.__kernel_sin)
    __mathlib_dbl_underflow                  0x00002255   Thumb Code    10  dunder.o(i.__mathlib_dbl_underflow)
    __scatterload_copy                       0x00002265   Thumb Code    14  handlers.o(i.__scatterload_copy)
    __scatterload_zeroinit                   0x00002273   Thumb Code    14  handlers.o(i.__scatterload_zeroinit)
    __set_errno                              0x00002281   Thumb Code     6  errno.o(i.__set_errno)
    sin                                      0x0000228d   Thumb Code   150  sin.o(i.sin)
    GPDMA_LUTPerBurst                        0x0000232c   Data          32  lpc177x_8x_gpdma.o(.constdata)
    GPDMA_LUTPerWid                          0x0000234c   Data          32  lpc177x_8x_gpdma.o(.constdata)
    Region$$Table$$Base                      0x00002490   Number         0  anon$$obj.o(Region$$Table)
    Region$$Table$$Limit                     0x000024b0   Number         0  anon$$obj.o(Region$$Table)
    SystemCoreClock                          0x10000000   Data           4  system_lpc177x_8x.o(.data)
    PeripheralClock                          0x10000004   Data           4  system_lpc177x_8x.o(.data)
    EMCClock                                 0x10000008   Data           4  system_lpc177x_8x.o(.data)
    USBClock                                 0x1000000c   Data           4  system_lpc177x_8x.o(.data)
    GPDMA_LUTPerAddr                         0x10000014   Data         128  lpc177x_8x_gpdma.o(.data)
    pGPDMACh                                 0x10000094   Data          32  lpc177x_8x_gpdma.o(.data)
    amp_indx                                 0x100000b8   Data           1  dac_sinewave.o(.data)
    amp_type                                 0x100000b9   Data           1  dac_sinewave.o(.data)
    active_lut                               0x100000ba   Data           1  dac_sinewave.o(.data)
    amp_tables                               0x100000bc   Data          16  dac_sinewave.o(.data)
    GPDMACfg                                 0x1000011c   Data          36  dac_sinewave.o(.bss)
    amp_sine                                 0x10000140   Data          64  dac_sinewave.o(.bss)
    amp_square                               0x10000180   Data          64  dac_sinewave.o(.bss)
    amp_triangle                             0x100001c0   Data          64  dac_sinewave.o(.bss)
    amp_saw                                  0x10000200   Data          64  dac_sinewave.o(.bss)
    Stack_Mem                                0x10000440   Data        5120  startup_lpc177x_8x.o(STACK)
    Stack_Limit                              0x10001840   Data           0  startup_lpc177x_8x.o(STACK)
    __initial_sp                             0x10001840   Data           0  startup_lpc177x_8x.o(STACK)



==============================================================================

Memory Map of the image

  Image Entry point : 0x000000e5

  Load Region LR_IROM1 (Base: 0x00000000, Size: 0x000025cc, Max: 0x00080000, ABSOLUTE)

    Execution Region ER_IROM1 (Base: 0x00000000, Size: 0x000024b0, Max: 0x00080000, ABSOLUTE)

    Base Addr    Size         Type   Attr      Idx    E Section Name        Object

    0x00000000   0x000000e4   Data   RO            3    RESET               startup_lpc177x_8x.o
    0x000000e4   0x00000000   Code   RO          278  * .ARM.Collect$$$$00000000  mc_w.l(entry.o)
    0x000000e4   0x00000004   Code   RO          319    .ARM.Collect$$$$00000001  mc_w.l(entry2.o)
    0x000000e8   0x00000004   Code   RO          322    .ARM.Collect$$$$00000004  mc_w.l(entry5.o)
    0x000000ec   0x00000000   Code   RO          324    .ARM.Collect$$$$00000008  mc_w.l(entry7b.o)
    0x000000ec   0x00000000   Code   RO          326    .ARM.Collect$$$$0000000A  mc_w.l(entry8b.o)
    0x000000ec   0x00000008   Code   RO          327    .ARM.Collect$$$$0000000B  mc_w.l(entry9a.o)
    0x000000f4   0x00000000   Code   RO          329    .ARM.Collect$$$$0000000D  mc_w.l(entry10a.o)
    0x000000f4   0x00000000   Code   RO          331    .ARM.Collect$$$$0000000F  mc_w.l(entry11a.o)
    0x000000f4   0x00000004   Code   RO          320    .ARM.Collect$$$$00002712  mc_w.l(entry2.o)
    0x000000f8   0x0000002c   Code   RO            5    .text               startup_lpc177x_8x.o
    0x00000124   0x000000f8   Code   RO           94    .text               lpc177x_8x_dac.o
    0x0000021c   0x00000062   Code   RO          281    .text               mc_w.l(uldiv.o)
    0x0000027e   0x0000001a   Code   RO          287    .text               mf_w.l(dfltui.o)
    0x00000298   0x00000032   Code   RO          289    .text               mf_w.l(dfixui.o)
    0x000002ca   0x0000001e   Code   RO          333    .text               mc_w.l(llshl.o)
    0x000002e8   0x00000000   Code   RO          344    .text               mc_w.l(iusefp.o)
    0x000002e8   0x00000006   Code   RO          295    i.__mathlib_dbl_infnan  m_ws.l(dunder.o)
    0x000002ee   0x0000000c   Code   RO          297    i.__mathlib_dbl_invalid  m_ws.l(dunder.o)
    0x000002fa   0x00000002   Code   RO          366    i.__scatterload_null  mc_w.l(handlers.o)
    0x000002fc   0x00000004   Code   RO            4    .ARM.__at_0x02FC    startup_lpc177x_8x.o
    0x00000300   0x000003b0   Code   RO           14    .text               system_lpc177x_8x.o
    0x000006b0   0x00000450   Code   RO          121    .text               lpc177x_8x_pinsel.o
    0x00000b00   0x00000398   Code   RO          137    .text               lpc177x_8x_gpdma.o
    0x00000e98   0x0000014c   Code   RO          176    .text               lpc177x_8x_clkpwr.o
    0x00000fe4   0x000003a0   Code   RO          214    .text               lpc177x_8x_timer.o
    0x00001384   0x000003cc   Code   RO          233    .text               dac_sinewave.o
    0x00001750   0x000000e4   Code   RO          283    .text               mf_w.l(dmul.o)
    0x00001834   0x000000de   Code   RO          285    .text               mf_w.l(ddiv.o)
    0x00001912   0x00000020   Code   RO          335    .text               mc_w.l(llushr.o)
    0x00001932   0x000000ba   Code   RO          345    .text               mf_w.l(depilogue.o)
    0x000019ec   0x00000024   Code   RO          351    .text               mc_w.l(init.o)
    0x00001a10   0x0000014e   Code   RO          353    .text               mf_w.l(dadd.o)
    0x00001b5e   0x0000002e   Code   RO          355    .text               mf_w.l(dscalb.o)
    0x00001b8c   0x00000022   Code   RO          357    .text               mf_w.l(dflti.o)
    0x00001bae   0x0000003e   Code   RO          359    .text               mf_w.l(dfixi.o)
    0x00001bec   0x00000024   Code   RO          361    .text               mc_w.l(llsshr.o)
    0x00001c10   0x00000028   Code   RO          347    i.__ARM_fpclassify  m_ws.l(fpclassify.o)
    0x00001c38   0x00000388   Code   RO          308    i.__ieee754_rem_pio2  m_ws.l(rred.o)
    0x00001fc0   0x000000fc   Code   RO          291    i.__kernel_cos      m_ws.l(cos_i.o)
    0x000020bc   0x000000aa   Code   RO          349    i.__kernel_poly     m_ws.l(poly.o)
    0x00002166   0x00000002   PAD
    0x00002168   0x000000ec   Code   RO          313    i.__kernel_sin      m_ws.l(sin_i.o)
    0x00002254   0x00000010   Code   RO          300    i.__mathlib_dbl_underflow  m_ws.l(dunder.o)
    0x00002264   0x0000000e   Code   RO          365    i.__scatterload_copy  mc_w.l(handlers.o)
    0x00002272   0x0000000e   Code   RO          367    i.__scatterload_zeroinit  mc_w.l(handlers.o)
    0x00002280   0x0000000c   Code   RO          339    i.__set_errno       mc_w.l(errno.o)
    0x0000228c   0x000000a0   Code   RO          271    i.sin               m_ws.l(sin.o)
    0x0000232c   0x00000040   Data   RO          138    .constdata          lpc177x_8x_gpdma.o
    0x0000236c   0x00000004   PAD
    0x00002370   0x00000030   Data   RO          292    .constdata          m_ws.l(cos_i.o)
    0x000023a0   0x000000c8   Data   RO          310    .constdata          m_ws.l(rred.o)
    0x00002468   0x00000028   Data   RO          314    .constdata          m_ws.l(sin_i.o)
    0x00002490   0x00000020   Data   RO          363    Region$$Table       anon$$obj.o


    Execution Region RW_IRAM1 (Base: 0x10000000, Size: 0x00001840, Max: 0x00010000, ABSOLUTE)

    Base Addr    Size         Type   Attr      Idx    E Section Name        Object

    0x10000000   0x00000010   Data   RW           15    .data               system_lpc177x_8x.o
    0x10000010   0x00000001   Data   RW           95    .data               lpc177x_8x_dac.o
    0x10000011   0x00000003   PAD
    0x10000014   0x000000a1   Data   RW          139    .data               lpc177x_8x_gpdma.o
    0x100000b5   0x00000003   PAD
    0x100000b8   0x00000060   Data   RW          235    .data               dac_sinewave.o
    0x10000118   0x00000004   Data   RW          340    .data               mc_w.l(errno.o)
    0x1000011c   0x00000320   Zero   RW          234    .bss                dac_sinewave.o
    0x1000043c   0x00000004   PAD
    0x10000440   0x00001400   Zero   RW            1    STACK               startup_lpc177x_8x.o


    Execution Region RW_IRAM2 (Base: 0x20000000, Size: 0x00000000, Max: 0x00008000, ABSOLUTE)

    **** No section assigned to this execution region ****


==============================================================================

Image component sizes


      Code (inc. data)   RO Data    RW Data    ZI Data      Debug   Object Name

       972        104          0         96        800      20193   dac_sinewave.o
         0          0          0          0          0       3736   debug_frmwrk.o
       332         30          0          0          0       1671   lpc177x_8x_clkpwr.o
       248          8          0          1          0       3557   lpc177x_8x_dac.o
       920         48         64        161          0       7673   lpc177x_8x_gpdma.o
      1104         18          0          0          0       6169   lpc177x_8x_pinsel.o
       928         16          0          0          0       7941   lpc177x_8x_timer.o
        48         16        228          0       5120       1280   startup_lpc177x_8x.o
       944         36          0         16          0      28239   system_lpc177x_8x.o

    ----------------------------------------------------------------------
      5496        276        328        280       5924      80459   Object Totals
         0          0         32          0          0          0   (incl. Generated)
         0          0          4          6          4          0   (incl. Padding)

    ----------------------------------------------------------------------

      Code (inc. data)   RO Data    RW Data    ZI Data      Debug   Library Member Name

       252         22         48          0          0        124   cos_i.o
        34          6          0          0          0        204   dunder.o
        40          0          0          0          0         68   fpclassify.o
       170          0          0          0          0         96   poly.o
       904         76        200          0          0        140   rred.o
       160         10          0          0          0        108   sin.o
       236         12         40          0          0        128   sin_i.o
         0          0          0          0          0          0   entry.o
         0          0          0          0          0          0   entry10a.o
         0          0          0          0          0          0   entry11a.o
         8          4          0          0          0          0   entry2.o
         4          0          0          0          0          0   entry5.o
         0          0          0          0          0          0   entry7b.o
         0          0          0          0          0          0   entry8b.o
         8          4          0          0          0          0   entry9a.o
        12          6          0          4          0         68   errno.o
        30          0          0          0          0          0   handlers.o
        36          8          0          0          0         68   init.o
         0          0          0          0          0          0   iusefp.o
        30          0          0          0          0         68   llshl.o
        36          0          0          0          0         68   llsshr.o
        32          0          0          0          0         68   llushr.o
        98          0          0          0          0         92   uldiv.o
       334          0          0          0          0        148   dadd.o
       222          0          0          0          0        100   ddiv.o
       186          0          0          0          0        176   depilogue.o
        62          0          0          0          0         80   dfixi.o
        50          0          0          0          0         76   dfixui.o
        34          0          0          0          0         76   dflti.o
        26          0          0          0          0         76   dfltui.o
       228          0          0          0          0         96   dmul.o
        46          0          0          0          0         80   dscalb.o

    ----------------------------------------------------------------------
      3280        148        288          4          0       2208   Library Totals
         2          0          0          0          0          0   (incl. Padding)

    ----------------------------------------------------------------------

      Code (inc. data)   RO Data    RW Data    ZI Data      Debug   Library Name

      1796        126        288          0          0        868   m_ws.l
       294         22          0          4          0        432   mc_w.l
      1188          0          0          0          0        908   mf_w.l

    ----------------------------------------------------------------------
      3280        148        288          4          0       2208   Library Totals

    ----------------------------------------------------------------------

==============================================================================


      Code (inc. data)   RO Data    RW Data    ZI Data      Debug   

      8776        424        616        284       5924      81311   Grand Totals
      8776        424        616        284       5924      81311   ELF Image Totals
      8776        424        616        284          0          0   ROM Totals

==============================================================================

    Total RO  Size (Code + RO Data)                 9392 (   9.17kB)
    Total RW  Size (RW Data + ZI Data)              6208 (   6.06kB)
    Total ROM Size (Code + RO Data + RW Data)       9676 (   9.45kB)

==============================================================================

