ARM Linker, 5.03 [Build 24] [MDK-ARM Professional]

==============================================================================

Section Cross References

    system_lpc177x_8x.o(.text) refers to system_lpc177x_8x.o(.data) for SystemCoreClock
    usbhost_ms.o(.text) refers to lpc177x_8x_usbhost.o(.text) for WriteLE32U
    usbhost_ms.o(.text) refers to usbhost_uart.o(.text) for UART_Printf
    usbhost_ms.o(.text) refers to lpc177x_8x_usbhost.o(.data) for TDBuffer
    usbhost_ms.o(.text) refers to usbhost_ms.o(.data) for tag_cnt
    usbhost_ms.o(.text) refers to usbhost_ms.o(.constdata) for __FUNCTION__
    usbhost_main.o(.text) refers to usbhost_fat.o(.text) for DIR_ReadEntry
    usbhost_main.o(.text) refers to usbhost_uart.o(.text) for UART_Printf
    usbhost_main.o(.text) refers to debug_frmwrk.o(.text) for debug_frmwrk_init
    usbhost_main.o(.text) refers to lpc177x_8x_usbhost.o(.text) for Host_Init
    usbhost_main.o(.text) refers to usbhost_ms.o(.text) for MS_Init
    usbhost_main.o(.text) refers to usbhost_main.o(.data) for menu
    usbhost_main.o(.text) refers to debug_frmwrk.o(.data) for _db_msg_
    usbhost_main.o(.text) refers to usbhost_main.o(.bss) for file_w
    usbhost_main.o(.text) refers to lpc177x_8x_usbhost.o(.data) for UserBuffer
    startup_lpc177x_8x.o(RESET) refers to startup_lpc177x_8x.o(STACK) for __initial_sp
    startup_lpc177x_8x.o(RESET) refers to startup_lpc177x_8x.o(.text) for Reset_Handler
    startup_lpc177x_8x.o(RESET) refers to lpc177x_8x_usbhost.o(.text) for USB_IRQHandler
    startup_lpc177x_8x.o(.text) refers to system_lpc177x_8x.o(.text) for SystemInit
    startup_lpc177x_8x.o(.text) refers to usbhost_main.o(.text) for __low_level_init
    startup_lpc177x_8x.o(.text) refers to entry.o(.ARM.Collect$$$$00000000) for __main
    usbhost_fat.o(.text) refers to usbhost_ms.o(.text) for MS_BulkRecv
    usbhost_fat.o(.text) refers to lpc177x_8x_usbhost.o(.text) for ReadLE16U
    usbhost_fat.o(.text) refers to usbhost_fat.o(.bss) for FAT_BootSec
    usbhost_fat.o(.text) refers to lpc177x_8x_usbhost.o(.data) for FATBuffer
    usbhost_fat.o(.text) refers to usbhost_fat.o(.data) for g_fileSubLevel
    usbhost_fat.o(.text) refers to memcpya.o(.text) for __aeabi_memcpy4
    usbhost_uart.o(.text) refers to printfa.o(i.__0vsprintf) for __c89vsprintf
    usbhost_uart.o(.text) refers to debug_frmwrk.o(.data) for _db_char
    usbhost_uart.o(.text) refers to usbhost_uart.o(.bss) for buffer
    debug_frmwrk.o(.text) refers to lpc177x_8x_uart.o(.text) for UART_Send
    debug_frmwrk.o(.text) refers to debug_frmwrk.o(.constdata) for .constdata
    debug_frmwrk.o(.text) refers to lpc177x_8x_pinsel.o(.text) for PINSEL_ConfigPin
    debug_frmwrk.o(.text) refers to debug_frmwrk.o(.data) for _db_msg
    lpc177x_8x_uart.o(.text) refers to lpc177x_8x_clkpwr.o(.text) for CLKPWR_GetCLK
    lpc177x_8x_uart.o(.text) refers to uldiv.o(.text) for __aeabi_uldivmod
    lpc177x_8x_clkpwr.o(.text) refers to system_lpc177x_8x.o(.text) for SystemCoreClockUpdate
    lpc177x_8x_clkpwr.o(.text) refers to system_lpc177x_8x.o(.data) for SystemCoreClock
    lpc177x_8x_usbhost.o(.text) refers to lpc177x_8x_pinsel.o(.text) for PINSEL_ConfigPin
    lpc177x_8x_usbhost.o(.text) refers to lpc177x_8x_usbhost.o(.data) for Hcca
    entry.o(.ARM.Collect$$$$00000000) refers (Special) to entry10a.o(.ARM.Collect$$$$0000000D) for __rt_final_cpp
    entry.o(.ARM.Collect$$$$00000000) refers (Special) to entry11a.o(.ARM.Collect$$$$0000000F) for __rt_final_exit
    entry.o(.ARM.Collect$$$$00000000) refers (Special) to entry7b.o(.ARM.Collect$$$$00000008) for _main_clock
    entry.o(.ARM.Collect$$$$00000000) refers (Special) to entry8b.o(.ARM.Collect$$$$0000000A) for _main_cpp_init
    entry.o(.ARM.Collect$$$$00000000) refers (Special) to entry9a.o(.ARM.Collect$$$$0000000B) for _main_init
    entry.o(.ARM.Collect$$$$00000000) refers (Special) to entry5.o(.ARM.Collect$$$$00000004) for _main_scatterload
    entry.o(.ARM.Collect$$$$00000000) refers (Special) to entry2.o(.ARM.Collect$$$$00000001) for _main_stk
    uldiv.o(.text) refers to llushr.o(.text) for __aeabi_llsr
    uldiv.o(.text) refers to llshl.o(.text) for __aeabi_llsl
    printfa.o(i.__0fprintf) refers (Special) to iusefp.o(.text) for __I$use$fp
    printfa.o(i.__0fprintf) refers to printfa.o(i._printf_core) for _printf_core
    printfa.o(i.__0fprintf) refers to fputc.o(i.fputc) for fputc
    printfa.o(i.__0printf) refers (Special) to iusefp.o(.text) for __I$use$fp
    printfa.o(i.__0printf) refers to printfa.o(i._printf_core) for _printf_core
    printfa.o(i.__0printf) refers to fputc.o(i.fputc) for fputc
    printfa.o(i.__0printf) refers to stdout.o(.data) for __stdout
    printfa.o(i.__0snprintf) refers (Special) to iusefp.o(.text) for __I$use$fp
    printfa.o(i.__0snprintf) refers to printfa.o(i._printf_core) for _printf_core
    printfa.o(i.__0snprintf) refers to printfa.o(i._snputc) for _snputc
    printfa.o(i.__0sprintf) refers (Special) to iusefp.o(.text) for __I$use$fp
    printfa.o(i.__0sprintf) refers to printfa.o(i._printf_core) for _printf_core
    printfa.o(i.__0sprintf) refers to printfa.o(i._sputc) for _sputc
    printfa.o(i.__0vfprintf) refers (Special) to iusefp.o(.text) for __I$use$fp
    printfa.o(i.__0vfprintf) refers to printfa.o(i._printf_core) for _printf_core
    printfa.o(i.__0vfprintf) refers to fputc.o(i.fputc) for fputc
    printfa.o(i.__0vprintf) refers (Special) to iusefp.o(.text) for __I$use$fp
    printfa.o(i.__0vprintf) refers to printfa.o(i._printf_core) for _printf_core
    printfa.o(i.__0vprintf) refers to fputc.o(i.fputc) for fputc
    printfa.o(i.__0vprintf) refers to stdout.o(.data) for __stdout
    printfa.o(i.__0vsnprintf) refers (Special) to iusefp.o(.text) for __I$use$fp
    printfa.o(i.__0vsnprintf) refers to printfa.o(i._printf_core) for _printf_core
    printfa.o(i.__0vsnprintf) refers to printfa.o(i._snputc) for _snputc
    printfa.o(i.__0vsprintf) refers (Special) to iusefp.o(.text) for __I$use$fp
    printfa.o(i.__0vsprintf) refers to printfa.o(i._printf_core) for _printf_core
    printfa.o(i.__0vsprintf) refers to printfa.o(i._sputc) for _sputc
    printfa.o(i._fp_digits) refers (Special) to iusefp.o(.text) for __I$use$fp
    printfa.o(i._fp_digits) refers to dmul.o(.text) for __aeabi_dmul
    printfa.o(i._fp_digits) refers to ddiv.o(.text) for __aeabi_ddiv
    printfa.o(i._fp_digits) refers to cdrcmple.o(.text) for __aeabi_cdrcmple
    printfa.o(i._fp_digits) refers to dadd.o(.text) for __aeabi_dadd
    printfa.o(i._fp_digits) refers to dfixul.o(.text) for __aeabi_d2ulz
    printfa.o(i._fp_digits) refers to uldiv.o(.text) for __aeabi_uldivmod
    printfa.o(i._printf_core) refers (Special) to iusefp.o(.text) for __I$use$fp
    printfa.o(i._printf_core) refers to printfa.o(i._printf_pre_padding) for _printf_pre_padding
    printfa.o(i._printf_core) refers to uldiv.o(.text) for __aeabi_uldivmod
    printfa.o(i._printf_core) refers to printfa.o(i._printf_post_padding) for _printf_post_padding
    printfa.o(i._printf_core) refers to printfa.o(i._fp_digits) for _fp_digits
    printfa.o(i._printf_core) refers to uidiv.o(.text) for __aeabi_uidivmod
    printfa.o(i._printf_post_padding) refers (Special) to iusefp.o(.text) for __I$use$fp
    printfa.o(i._printf_pre_padding) refers (Special) to iusefp.o(.text) for __I$use$fp
    printfa.o(i._snputc) refers (Special) to iusefp.o(.text) for __I$use$fp
    printfa.o(i._sputc) refers (Special) to iusefp.o(.text) for __I$use$fp
    entry2.o(.ARM.Collect$$$$00000001) refers to entry2.o(.ARM.Collect$$$$00002712) for __lit__00000000
    entry2.o(.ARM.Collect$$$$00002712) refers to startup_lpc177x_8x.o(STACK) for __initial_sp
    entry2.o(__vectab_stack_and_reset_area) refers to startup_lpc177x_8x.o(STACK) for __initial_sp
    entry2.o(__vectab_stack_and_reset_area) refers to entry.o(.ARM.Collect$$$$00000000) for __main
    entry5.o(.ARM.Collect$$$$00000004) refers to init.o(.text) for __scatterload
    entry9a.o(.ARM.Collect$$$$0000000B) refers to usbhost_main.o(.text) for main
    entry9b.o(.ARM.Collect$$$$0000000C) refers to usbhost_main.o(.text) for main
    fputc.o(i.fputc) refers (Special) to iusesemip.o(.text) for __I$use$semihosting$fputc
    fputc.o(i.fputc) refers (Special) to semi.o(.text) for __semihosting_library_function
    dadd.o(.text) refers to llshl.o(.text) for __aeabi_llsl
    dadd.o(.text) refers to llsshr.o(.text) for __aeabi_lasr
    dadd.o(.text) refers to depilogue.o(.text) for _double_epilogue
    dmul.o(.text) refers to depilogue.o(.text) for _double_epilogue
    ddiv.o(.text) refers to depilogue.o(.text) for _double_round
    dfixul.o(.text) refers to llushr.o(.text) for __aeabi_llsr
    dfixul.o(.text) refers to llshl.o(.text) for __aeabi_llsl
    init.o(.text) refers to entry5.o(.ARM.Collect$$$$00000004) for __main_after_scatterload
    depilogue.o(.text) refers to llshl.o(.text) for __aeabi_llsl
    depilogue.o(.text) refers to llushr.o(.text) for __aeabi_llsr


==============================================================================

Removing Unused input sections from the image.

    Removing system_lpc177x_8x.o(.emb_text), (8 bytes).
    Removing usbhost_ms.o(.emb_text), (8 bytes).
    Removing usbhost_main.o(.emb_text), (8 bytes).
    Removing startup_lpc177x_8x.o(HEAP), (10752 bytes).
    Removing usbhost_fat.o(.emb_text), (8 bytes).
    Removing usbhost_uart.o(.emb_text), (8 bytes).
    Removing debug_frmwrk.o(.emb_text), (8 bytes).
    Removing lpc177x_8x_pinsel.o(.emb_text), (8 bytes).
    Removing lpc177x_8x_uart.o(.emb_text), (8 bytes).
    Removing lpc177x_8x_clkpwr.o(.emb_text), (8 bytes).
    Removing lpc177x_8x_clkpwr.o(.data), (4 bytes).
    Removing lpc177x_8x_usbhost.o(.emb_text), (8 bytes).

12 unused section(s) (total 10836 bytes) removed from the image.

==============================================================================

Image Symbol Table

    Local Symbols

    Symbol Name                              Value     Ov Type        Size  Object(Section)

    RESET                                    0x00000000   Section      228  startup_lpc177x_8x.o(RESET)
    ../clib/../cmprslib/zerorunl2.c          0x00000000   Number         0  __dczerorl2.o ABSOLUTE
    ../clib/microlib/division.c              0x00000000   Number         0  uldiv.o ABSOLUTE
    ../clib/microlib/division.c              0x00000000   Number         0  uidiv.o ABSOLUTE
    ../clib/microlib/init/entry.s            0x00000000   Number         0  entry8b.o ABSOLUTE
    ../clib/microlib/init/entry.s            0x00000000   Number         0  entry10a.o ABSOLUTE
    ../clib/microlib/init/entry.s            0x00000000   Number         0  entry9a.o ABSOLUTE
    ../clib/microlib/init/entry.s            0x00000000   Number         0  entry11a.o ABSOLUTE
    ../clib/microlib/init/entry.s            0x00000000   Number         0  entry10b.o ABSOLUTE
    ../clib/microlib/init/entry.s            0x00000000   Number         0  entry11b.o ABSOLUTE
    ../clib/microlib/init/entry.s            0x00000000   Number         0  entry9b.o ABSOLUTE
    ../clib/microlib/init/entry.s            0x00000000   Number         0  entry8a.o ABSOLUTE
    ../clib/microlib/init/entry.s            0x00000000   Number         0  entry.o ABSOLUTE
    ../clib/microlib/init/entry.s            0x00000000   Number         0  entry7b.o ABSOLUTE
    ../clib/microlib/init/entry.s            0x00000000   Number         0  entry7a.o ABSOLUTE
    ../clib/microlib/init/entry.s            0x00000000   Number         0  entry5.o ABSOLUTE
    ../clib/microlib/init/entry.s            0x00000000   Number         0  entry2.o ABSOLUTE
    ../clib/microlib/longlong.c              0x00000000   Number         0  llshl.o ABSOLUTE
    ../clib/microlib/longlong.c              0x00000000   Number         0  llushr.o ABSOLUTE
    ../clib/microlib/longlong.c              0x00000000   Number         0  llsshr.o ABSOLUTE
    ../clib/microlib/printf/printf.c         0x00000000   Number         0  printfa.o ABSOLUTE
    ../clib/microlib/stdio/fputc.c           0x00000000   Number         0  fputc.o ABSOLUTE
    ../clib/microlib/stdio/semi.s            0x00000000   Number         0  semi.o ABSOLUTE
    ../clib/microlib/stdio/streams.c         0x00000000   Number         0  stdout.o ABSOLUTE
    ../clib/microlib/string/memcpy.c         0x00000000   Number         0  memcpyb.o ABSOLUTE
    ../clib/microlib/string/memcpy.c         0x00000000   Number         0  memcpya.o ABSOLUTE
    ../clib/microlib/stubs.s                 0x00000000   Number         0  iusesemip.o ABSOLUTE
    ../clib/microlib/stubs.s                 0x00000000   Number         0  iusefp.o ABSOLUTE
    ../fplib/microlib/fpadd.c                0x00000000   Number         0  dadd.o ABSOLUTE
    ../fplib/microlib/fpdiv.c                0x00000000   Number         0  ddiv.o ABSOLUTE
    ../fplib/microlib/fpepilogue.c           0x00000000   Number         0  depilogue.o ABSOLUTE
    ../fplib/microlib/fpfix.c                0x00000000   Number         0  dfixul.o ABSOLUTE
    ../fplib/microlib/fpmul.c                0x00000000   Number         0  dmul.o ABSOLUTE
    ..\..\..\..\Core\Device\NXP\LPC177x_8x\Source\Templates\ARM\startup_LPC177x_8x.s 0x00000000   Number         0  startup_lpc177x_8x.o ABSOLUTE
    ..\..\..\..\Core\Device\NXP\LPC177x_8x\Source\Templates\system_LPC177x_8x.c 0x00000000   Number         0  system_lpc177x_8x.o ABSOLUTE
    ..\..\..\..\Drivers\source\debug_frmwrk.c 0x00000000   Number         0  debug_frmwrk.o ABSOLUTE
    ..\..\..\..\Drivers\source\lpc177x_8x_clkpwr.c 0x00000000   Number         0  lpc177x_8x_clkpwr.o ABSOLUTE
    ..\..\..\..\Drivers\source\lpc177x_8x_pinsel.c 0x00000000   Number         0  lpc177x_8x_pinsel.o ABSOLUTE
    ..\..\..\..\Drivers\source\lpc177x_8x_uart.c 0x00000000   Number         0  lpc177x_8x_uart.o ABSOLUTE
    ..\..\..\..\Drivers\source\lpc177x_8x_usbhost.c 0x00000000   Number         0  lpc177x_8x_usbhost.o ABSOLUTE
    ..\\..\\..\\..\\Core\\Device\\NXP\\LPC177x_8x\\Source\\Templates\\system_LPC177x_8x.c 0x00000000   Number         0  system_lpc177x_8x.o ABSOLUTE
    ..\\..\\..\\..\\Drivers\\source\\debug_frmwrk.c 0x00000000   Number         0  debug_frmwrk.o ABSOLUTE
    ..\\..\\..\\..\\Drivers\\source\\lpc177x_8x_clkpwr.c 0x00000000   Number         0  lpc177x_8x_clkpwr.o ABSOLUTE
    ..\\..\\..\\..\\Drivers\\source\\lpc177x_8x_pinsel.c 0x00000000   Number         0  lpc177x_8x_pinsel.o ABSOLUTE
    ..\\..\\..\\..\\Drivers\\source\\lpc177x_8x_uart.c 0x00000000   Number         0  lpc177x_8x_uart.o ABSOLUTE
    ..\\..\\..\\..\\Drivers\\source\\lpc177x_8x_usbhost.c 0x00000000   Number         0  lpc177x_8x_usbhost.o ABSOLUTE
    ..\\usbhost_fat.c                        0x00000000   Number         0  usbhost_fat.o ABSOLUTE
    ..\\usbhost_main.c                       0x00000000   Number         0  usbhost_main.o ABSOLUTE
    ..\\usbhost_ms.c                         0x00000000   Number         0  usbhost_ms.o ABSOLUTE
    ..\\usbhost_uart.c                       0x00000000   Number         0  usbhost_uart.o ABSOLUTE
    ..\usbhost_fat.c                         0x00000000   Number         0  usbhost_fat.o ABSOLUTE
    ..\usbhost_main.c                        0x00000000   Number         0  usbhost_main.o ABSOLUTE
    ..\usbhost_ms.c                          0x00000000   Number         0  usbhost_ms.o ABSOLUTE
    ..\usbhost_uart.c                        0x00000000   Number         0  usbhost_uart.o ABSOLUTE
    cdrcmple.s                               0x00000000   Number         0  cdrcmple.o ABSOLUTE
    dc.s                                     0x00000000   Number         0  dc.o ABSOLUTE
    handlers.s                               0x00000000   Number         0  handlers.o ABSOLUTE
    init.s                                   0x00000000   Number         0  init.o ABSOLUTE
    .ARM.Collect$$$$00000000                 0x000000e4   Section        0  entry.o(.ARM.Collect$$$$00000000)
    .ARM.Collect$$$$00000001                 0x000000e4   Section        4  entry2.o(.ARM.Collect$$$$00000001)
    .ARM.Collect$$$$00000004                 0x000000e8   Section        4  entry5.o(.ARM.Collect$$$$00000004)
    .ARM.Collect$$$$00000008                 0x000000ec   Section        0  entry7b.o(.ARM.Collect$$$$00000008)
    .ARM.Collect$$$$0000000A                 0x000000ec   Section        0  entry8b.o(.ARM.Collect$$$$0000000A)
    .ARM.Collect$$$$0000000B                 0x000000ec   Section        8  entry9a.o(.ARM.Collect$$$$0000000B)
    .ARM.Collect$$$$0000000D                 0x000000f4   Section        0  entry10a.o(.ARM.Collect$$$$0000000D)
    .ARM.Collect$$$$0000000F                 0x000000f4   Section        0  entry11a.o(.ARM.Collect$$$$0000000F)
    .ARM.Collect$$$$00002712                 0x000000f4   Section        4  entry2.o(.ARM.Collect$$$$00002712)
    __lit__00000000                          0x000000f4   Data           4  entry2.o(.ARM.Collect$$$$00002712)
    .text                                    0x000000f8   Section       44  startup_lpc177x_8x.o(.text)
    .text                                    0x00000124   Section        0  usbhost_uart.o(.text)
    .text                                    0x0000018c   Section        0  lpc177x_8x_clkpwr.o(.text)
    .text                                    0x000002e4   Section        0  iusefp.o(.text)
    i.__scatterload_copy                     0x000002e4   Section       14  handlers.o(i.__scatterload_copy)
    i.__scatterload_null                     0x000002f2   Section        2  handlers.o(i.__scatterload_null)
    .constdata                               0x000002f4   Section        8  usbhost_ms.o(.constdata)
    __FUNCTION__                             0x000002f4   Data           8  usbhost_ms.o(.constdata)
    .ARM.__at_0x02FC                         0x000002fc   Section        4  startup_lpc177x_8x.o(.ARM.__at_0x02FC)
    .text                                    0x00000300   Section        0  system_lpc177x_8x.o(.text)
    .text                                    0x000006bc   Section        0  usbhost_ms.o(.text)
    .text                                    0x00000b04   Section        0  usbhost_main.o(.text)
    get_objects                              0x00000b13   Thumb Code   222  usbhost_main.o(.text)
    .text                                    0x00000eec   Section        0  usbhost_fat.o(.text)
    .text                                    0x00002510   Section        0  debug_frmwrk.o(.text)
    .text                                    0x00002c54   Section        0  lpc177x_8x_pinsel.o(.text)
    PIN_GetPointer                           0x00002c55   Thumb Code    18  lpc177x_8x_pinsel.o(.text)
    .text                                    0x000030a4   Section        0  lpc177x_8x_uart.o(.text)
    uart_get_pointer                         0x000030a5   Thumb Code    34  lpc177x_8x_uart.o(.text)
    uart_set_divisors                        0x000030c7   Thumb Code   478  lpc177x_8x_uart.o(.text)
    .text                                    0x00003e0c   Section        0  lpc177x_8x_usbhost.o(.text)
    .text                                    0x000046bc   Section        0  uldiv.o(.text)
    .text                                    0x0000471e   Section        0  memcpya.o(.text)
    .text                                    0x00004742   Section        0  uidiv.o(.text)
    .text                                    0x0000476e   Section        0  llshl.o(.text)
    .text                                    0x0000478c   Section        0  llushr.o(.text)
    .text                                    0x000047ac   Section        0  dadd.o(.text)
    .text                                    0x000048fa   Section        0  dmul.o(.text)
    .text                                    0x000049de   Section        0  ddiv.o(.text)
    .text                                    0x00004abc   Section        0  dfixul.o(.text)
    .text                                    0x00004aec   Section       40  cdrcmple.o(.text)
    .text                                    0x00004b14   Section       36  init.o(.text)
    .text                                    0x00004b38   Section        0  llsshr.o(.text)
    .text                                    0x00004b5c   Section        0  depilogue.o(.text)
    .text                                    0x00004c1a   Section        0  __dczerorl2.o(.text)
    i.__0vsprintf                            0x00004c78   Section        0  printfa.o(i.__0vsprintf)
    i.__scatterload_zeroinit                 0x00004c9c   Section       14  handlers.o(i.__scatterload_zeroinit)
    i._fp_digits                             0x00004cac   Section        0  printfa.o(i._fp_digits)
    _fp_digits                               0x00004cad   Thumb Code   326  printfa.o(i._fp_digits)
    i._printf_core                           0x00004e08   Section        0  printfa.o(i._printf_core)
    _printf_core                             0x00004e09   Thumb Code  1762  printfa.o(i._printf_core)
    i._printf_post_padding                   0x000054f8   Section        0  printfa.o(i._printf_post_padding)
    _printf_post_padding                     0x000054f9   Thumb Code    38  printfa.o(i._printf_post_padding)
    i._printf_pre_padding                    0x0000551e   Section        0  printfa.o(i._printf_pre_padding)
    _printf_pre_padding                      0x0000551f   Thumb Code    48  printfa.o(i._printf_pre_padding)
    i._sputc                                 0x0000554e   Section        0  printfa.o(i._sputc)
    _sputc                                   0x0000554f   Thumb Code    10  printfa.o(i._sputc)
    .constdata                               0x00005558   Section       89  debug_frmwrk.o(.constdata)
    .data                                    0x10000000   Section       16  system_lpc177x_8x.o(.data)
    .data                                    0x10000010   Section        8  usbhost_ms.o(.data)
    tag_cnt                                  0x10000010   Data           4  usbhost_ms.o(.data)
    MS_BlkSize                               0x10000014   Data           4  usbhost_ms.o(.data)
    .data                                    0x10000018   Section      360  usbhost_main.o(.data)
    file_r                                   0x1000017c   Data           4  usbhost_main.o(.data)
    .data                                    0x10000180   Section        1  usbhost_fat.o(.data)
    g_fileSubLevel                           0x10000180   Data           1  usbhost_fat.o(.data)
    .data                                    0x10000184   Section       60  debug_frmwrk.o(.data)
    .data                                    0x100001c0   Section       76  lpc177x_8x_usbhost.o(.data)
    gUSBConnected                            0x100001c0   Data           4  lpc177x_8x_usbhost.o(.data)
    gUSBDeviceType                           0x100001c4   Data           1  lpc177x_8x_usbhost.o(.data)
    .bss                                     0x1000020c   Section       80  usbhost_main.o(.bss)
    file_w                                   0x1000020c   Data          80  usbhost_main.o(.bss)
    .bss                                     0x1000025c   Section    14300  usbhost_fat.o(.bss)
    name_tmp                                 0x1000385c   Data          80  usbhost_fat.o(.bss)
    FAT_BootSec                              0x100038ac   Data          64  usbhost_fat.o(.bss)
    FAT_FileEntry                            0x100038ec   Data          56  usbhost_fat.o(.bss)
    FAT_CurDirEntry                          0x10003924   Data          36  usbhost_fat.o(.bss)
    g_filePath                               0x10003948   Data         240  usbhost_fat.o(.bss)
    .bss                                     0x10003a38   Section       41  usbhost_uart.o(.bss)
    buffer                                   0x10003a38   Data          41  usbhost_uart.o(.bss)
    STACK                                    0x10003a68   Section     8192  startup_lpc177x_8x.o(STACK)

    Global Symbols

    Symbol Name                              Value     Ov Type        Size  Object(Section)

    BuildAttributes$$THM_ISAv4$P$D$K$B$S$PE$A:L22UL41UL21$X:L11$S22US41US21$IEEE1$IW$USESV6$~STKCKD$USESV7$~SHL$OSPACE$ROPI$EBA8$MICROLIB$REQ8$PRES8$EABIv2 0x00000000   Number         0  anon$$obj.o ABSOLUTE
    __ARM_use_no_argv                        0x00000000   Number         0  usbhost_main.o ABSOLUTE
    __Vectors                                0x00000000   Data           4  startup_lpc177x_8x.o(RESET)
    __cpp_initialize__aeabi_                  - Undefined Weak Reference
    __cxa_finalize                            - Undefined Weak Reference
    _clock_init                               - Undefined Weak Reference
    _microlib_exit                            - Undefined Weak Reference
    __main                                   0x000000e5   Thumb Code     0  entry.o(.ARM.Collect$$$$00000000)
    _main_stk                                0x000000e5   Thumb Code     0  entry2.o(.ARM.Collect$$$$00000001)
    _main_scatterload                        0x000000e9   Thumb Code     0  entry5.o(.ARM.Collect$$$$00000004)
    __main_after_scatterload                 0x000000ed   Thumb Code     0  entry5.o(.ARM.Collect$$$$00000004)
    _main_clock                              0x000000ed   Thumb Code     0  entry7b.o(.ARM.Collect$$$$00000008)
    _main_cpp_init                           0x000000ed   Thumb Code     0  entry8b.o(.ARM.Collect$$$$0000000A)
    _main_init                               0x000000ed   Thumb Code     0  entry9a.o(.ARM.Collect$$$$0000000B)
    __rt_final_cpp                           0x000000f5   Thumb Code     0  entry10a.o(.ARM.Collect$$$$0000000D)
    __rt_final_exit                          0x000000f5   Thumb Code     0  entry11a.o(.ARM.Collect$$$$0000000F)
    Reset_Handler                            0x000000f9   Thumb Code    12  startup_lpc177x_8x.o(.text)
    NMI_Handler                              0x00000105   Thumb Code     2  startup_lpc177x_8x.o(.text)
    HardFault_Handler                        0x00000107   Thumb Code     2  startup_lpc177x_8x.o(.text)
    MemManage_Handler                        0x00000109   Thumb Code     2  startup_lpc177x_8x.o(.text)
    BusFault_Handler                         0x0000010b   Thumb Code     2  startup_lpc177x_8x.o(.text)
    UsageFault_Handler                       0x0000010d   Thumb Code     2  startup_lpc177x_8x.o(.text)
    SVC_Handler                              0x0000010f   Thumb Code     2  startup_lpc177x_8x.o(.text)
    DebugMon_Handler                         0x00000111   Thumb Code     2  startup_lpc177x_8x.o(.text)
    PendSV_Handler                           0x00000113   Thumb Code     2  startup_lpc177x_8x.o(.text)
    SysTick_Handler                          0x00000115   Thumb Code     2  startup_lpc177x_8x.o(.text)
    ADC_IRQHandler                           0x00000117   Thumb Code     0  startup_lpc177x_8x.o(.text)
    BOD_IRQHandler                           0x00000117   Thumb Code     0  startup_lpc177x_8x.o(.text)
    CANActivity_IRQHandler                   0x00000117   Thumb Code     0  startup_lpc177x_8x.o(.text)
    CAN_IRQHandler                           0x00000117   Thumb Code     0  startup_lpc177x_8x.o(.text)
    DMA_IRQHandler                           0x00000117   Thumb Code     0  startup_lpc177x_8x.o(.text)
    EEPROM_IRQHandler                        0x00000117   Thumb Code     0  startup_lpc177x_8x.o(.text)
    EINT0_IRQHandler                         0x00000117   Thumb Code     0  startup_lpc177x_8x.o(.text)
    EINT1_IRQHandler                         0x00000117   Thumb Code     0  startup_lpc177x_8x.o(.text)
    EINT2_IRQHandler                         0x00000117   Thumb Code     0  startup_lpc177x_8x.o(.text)
    EINT3_IRQHandler                         0x00000117   Thumb Code     0  startup_lpc177x_8x.o(.text)
    ENET_IRQHandler                          0x00000117   Thumb Code     0  startup_lpc177x_8x.o(.text)
    GPIO_IRQHandler                          0x00000117   Thumb Code     0  startup_lpc177x_8x.o(.text)
    I2C0_IRQHandler                          0x00000117   Thumb Code     0  startup_lpc177x_8x.o(.text)
    I2C1_IRQHandler                          0x00000117   Thumb Code     0  startup_lpc177x_8x.o(.text)
    I2C2_IRQHandler                          0x00000117   Thumb Code     0  startup_lpc177x_8x.o(.text)
    I2S_IRQHandler                           0x00000117   Thumb Code     0  startup_lpc177x_8x.o(.text)
    LCD_IRQHandler                           0x00000117   Thumb Code     0  startup_lpc177x_8x.o(.text)
    MCI_IRQHandler                           0x00000117   Thumb Code     0  startup_lpc177x_8x.o(.text)
    MCPWM_IRQHandler                         0x00000117   Thumb Code     0  startup_lpc177x_8x.o(.text)
    PLL0_IRQHandler                          0x00000117   Thumb Code     0  startup_lpc177x_8x.o(.text)
    PLL1_IRQHandler                          0x00000117   Thumb Code     0  startup_lpc177x_8x.o(.text)
    PWM0_IRQHandler                          0x00000117   Thumb Code     0  startup_lpc177x_8x.o(.text)
    PWM1_IRQHandler                          0x00000117   Thumb Code     0  startup_lpc177x_8x.o(.text)
    QEI_IRQHandler                           0x00000117   Thumb Code     0  startup_lpc177x_8x.o(.text)
    RTC_IRQHandler                           0x00000117   Thumb Code     0  startup_lpc177x_8x.o(.text)
    SPIFI_IRQHandler                         0x00000117   Thumb Code     0  startup_lpc177x_8x.o(.text)
    SSP0_IRQHandler                          0x00000117   Thumb Code     0  startup_lpc177x_8x.o(.text)
    SSP1_IRQHandler                          0x00000117   Thumb Code     0  startup_lpc177x_8x.o(.text)
    SSP2_IRQHandler                          0x00000117   Thumb Code     0  startup_lpc177x_8x.o(.text)
    TIMER0_IRQHandler                        0x00000117   Thumb Code     0  startup_lpc177x_8x.o(.text)
    TIMER1_IRQHandler                        0x00000117   Thumb Code     0  startup_lpc177x_8x.o(.text)
    TIMER2_IRQHandler                        0x00000117   Thumb Code     0  startup_lpc177x_8x.o(.text)
    TIMER3_IRQHandler                        0x00000117   Thumb Code     0  startup_lpc177x_8x.o(.text)
    UART0_IRQHandler                         0x00000117   Thumb Code     0  startup_lpc177x_8x.o(.text)
    UART1_IRQHandler                         0x00000117   Thumb Code     0  startup_lpc177x_8x.o(.text)
    UART2_IRQHandler                         0x00000117   Thumb Code     0  startup_lpc177x_8x.o(.text)
    UART3_IRQHandler                         0x00000117   Thumb Code     0  startup_lpc177x_8x.o(.text)
    UART4_IRQHandler                         0x00000117   Thumb Code     0  startup_lpc177x_8x.o(.text)
    USBActivity_IRQHandler                   0x00000117   Thumb Code     0  startup_lpc177x_8x.o(.text)
    WDT_IRQHandler                           0x00000117   Thumb Code     0  startup_lpc177x_8x.o(.text)
    UART_PrintChar                           0x00000125   Thumb Code    16  usbhost_uart.o(.text)
    UART_PrintStr                            0x00000135   Thumb Code    44  usbhost_uart.o(.text)
    UART_Printf                              0x00000161   Thumb Code    34  usbhost_uart.o(.text)
    CLKPWR_SetCLKDiv                         0x0000018d   Thumb Code   154  lpc177x_8x_clkpwr.o(.text)
    CLKPWR_GetCLK                            0x00000227   Thumb Code    46  lpc177x_8x_clkpwr.o(.text)
    CLKPWR_ConfigPPWR                        0x00000255   Thumb Code    38  lpc177x_8x_clkpwr.o(.text)
    CLKPWR_Sleep                             0x0000027b   Thumb Code    10  lpc177x_8x_clkpwr.o(.text)
    CLKPWR_DeepSleep                         0x00000285   Thumb Code    16  lpc177x_8x_clkpwr.o(.text)
    CLKPWR_PowerDown                         0x00000295   Thumb Code    16  lpc177x_8x_clkpwr.o(.text)
    CLKPWR_DeepPowerDown                     0x000002a5   Thumb Code    16  lpc177x_8x_clkpwr.o(.text)
    __I$use$fp                               0x000002e5   Thumb Code     0  iusefp.o(.text)
    __scatterload_copy                       0x000002e5   Thumb Code    14  handlers.o(i.__scatterload_copy)
    __scatterload_null                       0x000002f3   Thumb Code     2  handlers.o(i.__scatterload_null)
    SystemCoreClockUpdate                    0x00000301   Thumb Code   664  system_lpc177x_8x.o(.text)
    SystemInit                               0x00000599   Thumb Code   202  system_lpc177x_8x.o(.text)
    Fill_MSCommand                           0x000006bd   Thumb Code   186  usbhost_ms.o(.text)
    MS_Inquire                               0x00000777   Thumb Code   138  usbhost_ms.o(.text)
    MS_ReadCapacity                          0x00000801   Thumb Code   132  usbhost_ms.o(.text)
    MS_GetSenseInfo                          0x00000885   Thumb Code   104  usbhost_ms.o(.text)
    MS_TestUnitReady                         0x000008ed   Thumb Code    80  usbhost_ms.o(.text)
    MS_GetMaxLUN                             0x0000093d   Thumb Code    30  usbhost_ms.o(.text)
    MS_Init                                  0x0000095b   Thumb Code    98  usbhost_ms.o(.text)
    MS_BulkRecv                              0x000009bd   Thumb Code   144  usbhost_ms.o(.text)
    MS_BulkSend                              0x00000a4d   Thumb Code   184  usbhost_ms.o(.text)
    print_menu                               0x00000b05   Thumb Code    14  usbhost_main.o(.text)
    Main_Copy                                0x00000bf1   Thumb Code   158  usbhost_main.o(.text)
    Main_ReadDir                             0x00000c8f   Thumb Code   120  usbhost_main.o(.text)
    main                                     0x00000d07   Thumb Code   106  usbhost_main.o(.text)
    __low_level_init                         0x00000d71   Thumb Code     2  usbhost_main.o(.text)
    FAT_GetFATType                           0x00000eed   Thumb Code    60  usbhost_fat.o(.text)
    FAT_Init                                 0x00000f29   Thumb Code   498  usbhost_fat.o(.text)
    FAT_GetFirstSectorOfCluster              0x0000111b   Thumb Code    18  usbhost_fat.o(.text)
    FAT_ReadFAT                              0x0000112d   Thumb Code    98  usbhost_fat.o(.text)
    FAT_GetNextClus                          0x0000118f   Thumb Code    70  usbhost_fat.o(.text)
    FAT_GetEndClus                           0x000011d5   Thumb Code    28  usbhost_fat.o(.text)
    FAT_GetFreeClus                          0x000011f1   Thumb Code   140  usbhost_fat.o(.text)
    FAT_UpdateFAT                            0x0000127d   Thumb Code   166  usbhost_fat.o(.text)
    FAT_LFN_ChkSum                           0x00001323   Thumb Code    44  usbhost_fat.o(.text)
    FAT_ChkEntType                           0x0000134f   Thumb Code    34  usbhost_fat.o(.text)
    FAT_GetSfnExt                            0x00001371   Thumb Code    52  usbhost_fat.o(.text)
    FAT_GetSfnName                           0x000013a5   Thumb Code    40  usbhost_fat.o(.text)
    FAT_GetSFN                               0x000013cd   Thumb Code    64  usbhost_fat.o(.text)
    FAT_StrCaseCmp                           0x0000140d   Thumb Code    72  usbhost_fat.o(.text)
    FAT_GetLfn                               0x00001455   Thumb Code   404  usbhost_fat.o(.text)
    FAT_FindEntryInSector                    0x000015e9   Thumb Code   346  usbhost_fat.o(.text)
    FAT_GetFilePath                          0x00001743   Thumb Code   152  usbhost_fat.o(.text)
    FAT_FindEntry                            0x000017db   Thumb Code   198  usbhost_fat.o(.text)
    FAT_FindFreeEntry                        0x000018a1   Thumb Code   180  usbhost_fat.o(.text)
    FAT_GetStringLen                         0x00001955   Thumb Code    20  usbhost_fat.o(.text)
    FAT_GetBasicName                         0x00001969   Thumb Code   204  usbhost_fat.o(.text)
    FAT_PutLFN                               0x00001a35   Thumb Code   486  usbhost_fat.o(.text)
    FAT_PutSFN                               0x00001c1b   Thumb Code   172  usbhost_fat.o(.text)
    FAT_CreateEntry                          0x00001cc7   Thumb Code   180  usbhost_fat.o(.text)
    FAT_UpdateEntry                          0x00001d7b   Thumb Code    86  usbhost_fat.o(.text)
    FAT_UpdateFileSize                       0x00001dd1   Thumb Code    50  usbhost_fat.o(.text)
    FAT_StrCopy                              0x00001e03   Thumb Code    26  usbhost_fat.o(.text)
    FILE_Open                                0x00001e1d   Thumb Code   104  usbhost_fat.o(.text)
    FAT_ClusRead                             0x00001e85   Thumb Code   286  usbhost_fat.o(.text)
    FILE_Read                                0x00001fa3   Thumb Code   222  usbhost_fat.o(.text)
    Stack_Size                               0x00002000   Number         0  startup_lpc177x_8x.o ABSOLUTE
    FAT_ClusWrite                            0x00002081   Thumb Code   278  usbhost_fat.o(.text)
    FILE_Write                               0x00002197   Thumb Code   272  usbhost_fat.o(.text)
    FILE_Close                               0x000022a7   Thumb Code    38  usbhost_fat.o(.text)
    DIR_Open                                 0x000022cd   Thumb Code   530  usbhost_fat.o(.text)
    DIR_ReadEntry                            0x000024df   Thumb Code    34  usbhost_fat.o(.text)
    UARTPutChar                              0x00002511   Thumb Code    18  debug_frmwrk.o(.text)
    UARTGetChar                              0x00002523   Thumb Code    26  debug_frmwrk.o(.text)
    UARTGetCharInNonBlock                    0x0000253d   Thumb Code    34  debug_frmwrk.o(.text)
    UARTPuts                                 0x0000255f   Thumb Code    28  debug_frmwrk.o(.text)
    UARTGetValue                             0x0000257b   Thumb Code   348  debug_frmwrk.o(.text)
    UARTPuts_                                0x000026d7   Thumb Code    24  debug_frmwrk.o(.text)
    UARTPutDec                               0x000026ef   Thumb Code    96  debug_frmwrk.o(.text)
    UARTPutDec16                             0x0000274f   Thumb Code   160  debug_frmwrk.o(.text)
    UARTPutDec32                             0x000027ef   Thumb Code   280  debug_frmwrk.o(.text)
    UARTPutHex_                              0x00002907   Thumb Code    58  debug_frmwrk.o(.text)
    UARTPutHex                               0x00002941   Thumb Code    66  debug_frmwrk.o(.text)
    UARTPutHex16_                            0x00002983   Thumb Code    58  debug_frmwrk.o(.text)
    UARTPutHex16                             0x000029bd   Thumb Code    66  debug_frmwrk.o(.text)
    UARTPutHex32_                            0x000029ff   Thumb Code   182  debug_frmwrk.o(.text)
    UARTPutHex32                             0x00002ab5   Thumb Code    68  debug_frmwrk.o(.text)
    Uart_PortPin_Init                        0x00002af9   Thumb Code   136  debug_frmwrk.o(.text)
    debug_frmwrk_init                        0x00002b81   Thumb Code   152  debug_frmwrk.o(.text)
    PINSEL_GetPinType                        0x00002c67   Thumb Code   164  lpc177x_8x_pinsel.o(.text)
    PINSEL_ConfigPin                         0x00002d0b   Thumb Code    66  lpc177x_8x_pinsel.o(.text)
    PINSEL_SetPinMode                        0x00002d4d   Thumb Code    82  lpc177x_8x_pinsel.o(.text)
    PINSEL_SetHysMode                        0x00002d9f   Thumb Code    78  lpc177x_8x_pinsel.o(.text)
    PINSEL_SetInvertInput                    0x00002ded   Thumb Code    76  lpc177x_8x_pinsel.o(.text)
    PINSEL_SetSlewMode                       0x00002e39   Thumb Code    78  lpc177x_8x_pinsel.o(.text)
    PINSEL_SetI2CFilter                      0x00002e87   Thumb Code    76  lpc177x_8x_pinsel.o(.text)
    PINSEL_SetI2CMode                        0x00002ed3   Thumb Code   136  lpc177x_8x_pinsel.o(.text)
    PINSEL_SetOpenDrainMode                  0x00002f5b   Thumb Code    82  lpc177x_8x_pinsel.o(.text)
    PINSEL_SetAnalogPinMode                  0x00002fad   Thumb Code    76  lpc177x_8x_pinsel.o(.text)
    PINSEL_DacEnable                         0x00002ff9   Thumb Code    88  lpc177x_8x_pinsel.o(.text)
    PINSEL_SetFilter                         0x00003051   Thumb Code    80  lpc177x_8x_pinsel.o(.text)
    UART_Init                                0x000032a5   Thumb Code   550  lpc177x_8x_uart.o(.text)
    UART_TxCmd                               0x000034cb   Thumb Code   128  lpc177x_8x_uart.o(.text)
    UART_DeInit                              0x0000354b   Thumb Code    82  lpc177x_8x_uart.o(.text)
    UART_ConfigStructInit                    0x0000359d   Thumb Code    18  lpc177x_8x_uart.o(.text)
    UART_SendByte                            0x000035af   Thumb Code    48  lpc177x_8x_uart.o(.text)
    UART_ReceiveByte                         0x000035df   Thumb Code    52  lpc177x_8x_uart.o(.text)
    UART_Send                                0x00003613   Thumb Code   218  lpc177x_8x_uart.o(.text)
    UART_Receive                             0x000036ed   Thumb Code   186  lpc177x_8x_uart.o(.text)
    UART_ForceBreak                          0x000037a7   Thumb Code    88  lpc177x_8x_uart.o(.text)
    UART_IntConfig                           0x000037ff   Thumb Code   178  lpc177x_8x_uart.o(.text)
    UART_GetLineStatus                       0x000038b1   Thumb Code    52  lpc177x_8x_uart.o(.text)
    UART_GetIntId                            0x000038e5   Thumb Code    80  lpc177x_8x_uart.o(.text)
    UART_CheckBusy                           0x00003935   Thumb Code    84  lpc177x_8x_uart.o(.text)
    UART_FIFOConfig                          0x00003989   Thumb Code   152  lpc177x_8x_uart.o(.text)
    UART_FIFOConfigStructInit                0x00003a21   Thumb Code    14  lpc177x_8x_uart.o(.text)
    UART_ABCmd                               0x00003a2f   Thumb Code   210  lpc177x_8x_uart.o(.text)
    UART_ABClearIntPending                   0x00003b01   Thumb Code    56  lpc177x_8x_uart.o(.text)
    UART_IrDAInvtInputCmd                    0x00003b39   Thumb Code    42  lpc177x_8x_uart.o(.text)
    UART_IrDACmd                             0x00003b63   Thumb Code    40  lpc177x_8x_uart.o(.text)
    UART_IrDAPulseDivConfig                  0x00003b8b   Thumb Code    38  lpc177x_8x_uart.o(.text)
    UART_FullModemForcePinState              0x00003bb1   Thumb Code    64  lpc177x_8x_uart.o(.text)
    UART_FullModemConfigMode                 0x00003bf1   Thumb Code    72  lpc177x_8x_uart.o(.text)
    UART_FullModemGetStatus                  0x00003c39   Thumb Code    16  lpc177x_8x_uart.o(.text)
    UART_RS485Config                         0x00003c49   Thumb Code   200  lpc177x_8x_uart.o(.text)
    UART_RS485ReceiverCmd                    0x00003d11   Thumb Code    64  lpc177x_8x_uart.o(.text)
    UART_RS485Send                           0x00003d51   Thumb Code   138  lpc177x_8x_uart.o(.text)
    UART_RS485SendSlvAddr                    0x00003ddb   Thumb Code    18  lpc177x_8x_uart.o(.text)
    UART_RS485SendData                       0x00003ded   Thumb Code    22  lpc177x_8x_uart.o(.text)
    Host_DelayUS                             0x00003e0d   Thumb Code    24  lpc177x_8x_usbhost.o(.text)
    Host_DelayMS                             0x00003e25   Thumb Code    32  lpc177x_8x_usbhost.o(.text)
    Host_HCCAInit                            0x00003e45   Thumb Code    26  lpc177x_8x_usbhost.o(.text)
    Host_TDInit                              0x00003e5f   Thumb Code    12  lpc177x_8x_usbhost.o(.text)
    Host_EDInit                              0x00003e6b   Thumb Code    12  lpc177x_8x_usbhost.o(.text)
    Host_CtrlInit                            0x00003e77   Thumb Code   208  lpc177x_8x_usbhost.o(.text)
    Host_Init                                0x00003f47   Thumb Code   214  lpc177x_8x_usbhost.o(.text)
    USB_IRQHandler                           0x0000401d   Thumb Code   308  lpc177x_8x_usbhost.o(.text)
    Host_WDHWait                             0x00004151   Thumb Code    18  lpc177x_8x_usbhost.o(.text)
    Host_ProcessTD                           0x00004163   Thumb Code   220  lpc177x_8x_usbhost.o(.text)
    WriteLE16U                               0x0000423f   Thumb Code    16  lpc177x_8x_usbhost.o(.text)
    Host_FillSetup                           0x0000424f   Thumb Code   192  lpc177x_8x_usbhost.o(.text)
    Host_CtrlSend                            0x0000430f   Thumb Code    96  lpc177x_8x_usbhost.o(.text)
    ReadLE16U                                0x0000436f   Thumb Code    22  lpc177x_8x_usbhost.o(.text)
    Host_ParseConfiguration                  0x00004385   Thumb Code   210  lpc177x_8x_usbhost.o(.text)
    Host_CtrlRecv                            0x00004457   Thumb Code    96  lpc177x_8x_usbhost.o(.text)
    Host_EnumDev                             0x000044b7   Thumb Code   312  lpc177x_8x_usbhost.o(.text)
    Host_GetDeviceType                       0x000045ef   Thumb Code     6  lpc177x_8x_usbhost.o(.text)
    ReadLE32U                                0x000045f5   Thumb Code    32  lpc177x_8x_usbhost.o(.text)
    WriteLE32U                               0x00004615   Thumb Code    28  lpc177x_8x_usbhost.o(.text)
    ReadBE32U                                0x00004631   Thumb Code    32  lpc177x_8x_usbhost.o(.text)
    WriteBE32U                               0x00004651   Thumb Code    28  lpc177x_8x_usbhost.o(.text)
    ReadBE16U                                0x0000466d   Thumb Code    22  lpc177x_8x_usbhost.o(.text)
    WriteBE16U                               0x00004683   Thumb Code    16  lpc177x_8x_usbhost.o(.text)
    __aeabi_uldivmod                         0x000046bd   Thumb Code    98  uldiv.o(.text)
    __aeabi_memcpy                           0x0000471f   Thumb Code    36  memcpya.o(.text)
    __aeabi_memcpy4                          0x0000471f   Thumb Code     0  memcpya.o(.text)
    __aeabi_memcpy8                          0x0000471f   Thumb Code     0  memcpya.o(.text)
    __aeabi_uidiv                            0x00004743   Thumb Code     0  uidiv.o(.text)
    __aeabi_uidivmod                         0x00004743   Thumb Code    44  uidiv.o(.text)
    __aeabi_llsl                             0x0000476f   Thumb Code    30  llshl.o(.text)
    _ll_shift_l                              0x0000476f   Thumb Code     0  llshl.o(.text)
    __aeabi_llsr                             0x0000478d   Thumb Code    32  llushr.o(.text)
    _ll_ushift_r                             0x0000478d   Thumb Code     0  llushr.o(.text)
    __aeabi_dadd                             0x000047ad   Thumb Code   322  dadd.o(.text)
    __aeabi_dsub                             0x000048ef   Thumb Code     6  dadd.o(.text)
    __aeabi_drsub                            0x000048f5   Thumb Code     6  dadd.o(.text)
    __aeabi_dmul                             0x000048fb   Thumb Code   228  dmul.o(.text)
    __aeabi_ddiv                             0x000049df   Thumb Code   222  ddiv.o(.text)
    __aeabi_d2ulz                            0x00004abd   Thumb Code    48  dfixul.o(.text)
    __aeabi_cdrcmple                         0x00004aed   Thumb Code    38  cdrcmple.o(.text)
    __scatterload                            0x00004b15   Thumb Code    28  init.o(.text)
    __scatterload_rt2                        0x00004b15   Thumb Code     0  init.o(.text)
    __aeabi_lasr                             0x00004b39   Thumb Code    36  llsshr.o(.text)
    _ll_sshift_r                             0x00004b39   Thumb Code     0  llsshr.o(.text)
    _double_round                            0x00004b5d   Thumb Code    26  depilogue.o(.text)
    _double_epilogue                         0x00004b77   Thumb Code   164  depilogue.o(.text)
    __decompress                             0x00004c1b   Thumb Code     0  __dczerorl2.o(.text)
    __decompress1                            0x00004c1b   Thumb Code    92  __dczerorl2.o(.text)
    __0vsprintf                              0x00004c79   Thumb Code    30  printfa.o(i.__0vsprintf)
    __1vsprintf                              0x00004c79   Thumb Code     0  printfa.o(i.__0vsprintf)
    __2vsprintf                              0x00004c79   Thumb Code     0  printfa.o(i.__0vsprintf)
    __c89vsprintf                            0x00004c79   Thumb Code     0  printfa.o(i.__0vsprintf)
    vsprintf                                 0x00004c79   Thumb Code     0  printfa.o(i.__0vsprintf)
    __scatterload_zeroinit                   0x00004c9d   Thumb Code    14  handlers.o(i.__scatterload_zeroinit)
    Region$$Table$$Base                      0x000055b4   Number         0  anon$$obj.o(Region$$Table)
    Region$$Table$$Limit                     0x000055d4   Number         0  anon$$obj.o(Region$$Table)
    SystemCoreClock                          0x10000000   Data           4  system_lpc177x_8x.o(.data)
    PeripheralClock                          0x10000004   Data           4  system_lpc177x_8x.o(.data)
    EMCClock                                 0x10000008   Data           4  system_lpc177x_8x.o(.data)
    USBClock                                 0x1000000c   Data           4  system_lpc177x_8x.o(.data)
    menu                                     0x10000018   Data         353  usbhost_main.o(.data)
    _db_msg                                  0x10000184   Data           4  debug_frmwrk.o(.data)
    _db_msg_                                 0x10000188   Data           4  debug_frmwrk.o(.data)
    _db_char                                 0x1000018c   Data           4  debug_frmwrk.o(.data)
    _db_dec                                  0x10000190   Data           4  debug_frmwrk.o(.data)
    _db_dec_16                               0x10000194   Data           4  debug_frmwrk.o(.data)
    _db_dec_32                               0x10000198   Data           4  debug_frmwrk.o(.data)
    _db_hex                                  0x1000019c   Data           4  debug_frmwrk.o(.data)
    _db_hex_16                               0x100001a0   Data           4  debug_frmwrk.o(.data)
    _db_hex_32                               0x100001a4   Data           4  debug_frmwrk.o(.data)
    _db_hex_                                 0x100001a8   Data           4  debug_frmwrk.o(.data)
    _db_hex_16_                              0x100001ac   Data           4  debug_frmwrk.o(.data)
    _db_hex_32_                              0x100001b0   Data           4  debug_frmwrk.o(.data)
    _db_get_char                             0x100001b4   Data           4  debug_frmwrk.o(.data)
    _db_get_char_nonblocking                 0x100001b8   Data           4  debug_frmwrk.o(.data)
    _db_get_val                              0x100001bc   Data           4  debug_frmwrk.o(.data)
    HOST_RhscIntr                            0x100001c8   Data           4  lpc177x_8x_usbhost.o(.data)
    HOST_WdhIntr                             0x100001cc   Data           4  lpc177x_8x_usbhost.o(.data)
    HOST_TDControlStatus                     0x100001d0   Data           1  lpc177x_8x_usbhost.o(.data)
    UnrecoverableIntCount                    0x100001d4   Data           4  lpc177x_8x_usbhost.o(.data)
    EDCtrl                                   0x100001d8   Data           4  lpc177x_8x_usbhost.o(.data)
    EDBulkIn                                 0x100001dc   Data           4  lpc177x_8x_usbhost.o(.data)
    EDBulkOut                                0x100001e0   Data           4  lpc177x_8x_usbhost.o(.data)
    TDHead                                   0x100001e4   Data           4  lpc177x_8x_usbhost.o(.data)
    TDTail                                   0x100001e8   Data           4  lpc177x_8x_usbhost.o(.data)
    Hcca                                     0x100001ec   Data           4  lpc177x_8x_usbhost.o(.data)
    TDBufNonVol                              0x100001f0   Data           4  lpc177x_8x_usbhost.o(.data)
    TDBuffer                                 0x100001f4   Data           4  lpc177x_8x_usbhost.o(.data)
    FATBuffer                                0x100001f8   Data           4  lpc177x_8x_usbhost.o(.data)
    UserBuffer                               0x100001fc   Data           4  lpc177x_8x_usbhost.o(.data)
    USB_DeviceDescriptor                     0x10000200   Data           4  lpc177x_8x_usbhost.o(.data)
    USB_ConfigDescriptor                     0x10000204   Data           4  lpc177x_8x_usbhost.o(.data)
    USB_InterfaceDescriptor                  0x10000208   Data           4  lpc177x_8x_usbhost.o(.data)
    DIR_Buffer                               0x1000025c   Data       13824  usbhost_fat.o(.bss)
    Stack_Mem                                0x10003a68   Data        8192  startup_lpc177x_8x.o(STACK)
    Stack_Limit                              0x10005a68   Data           0  startup_lpc177x_8x.o(STACK)
    __initial_sp                             0x10005a68   Data           0  startup_lpc177x_8x.o(STACK)



==============================================================================

Memory Map of the image

  Image Entry point : 0x000000e5

  Load Region LR_IROM1 (Base: 0x00000000, Size: 0x000057e0, Max: 0x00080000, ABSOLUTE, COMPRESSED[0x00005698])

    Execution Region ER_IROM1 (Base: 0x00000000, Size: 0x000055d4, Max: 0x00080000, ABSOLUTE)

    Base Addr    Size         Type   Attr      Idx    E Section Name        Object

    0x00000000   0x000000e4   Data   RO          136    RESET               startup_lpc177x_8x.o
    0x000000e4   0x00000000   Code   RO          320  * .ARM.Collect$$$$00000000  mc_w.l(entry.o)
    0x000000e4   0x00000004   Code   RO          357    .ARM.Collect$$$$00000001  mc_w.l(entry2.o)
    0x000000e8   0x00000004   Code   RO          360    .ARM.Collect$$$$00000004  mc_w.l(entry5.o)
    0x000000ec   0x00000000   Code   RO          362    .ARM.Collect$$$$00000008  mc_w.l(entry7b.o)
    0x000000ec   0x00000000   Code   RO          364    .ARM.Collect$$$$0000000A  mc_w.l(entry8b.o)
    0x000000ec   0x00000008   Code   RO          365    .ARM.Collect$$$$0000000B  mc_w.l(entry9a.o)
    0x000000f4   0x00000000   Code   RO          367    .ARM.Collect$$$$0000000D  mc_w.l(entry10a.o)
    0x000000f4   0x00000000   Code   RO          369    .ARM.Collect$$$$0000000F  mc_w.l(entry11a.o)
    0x000000f4   0x00000004   Code   RO          358    .ARM.Collect$$$$00002712  mc_w.l(entry2.o)
    0x000000f8   0x0000002c   Code   RO          138    .text               startup_lpc177x_8x.o
    0x00000124   0x00000068   Code   RO          165    .text               usbhost_uart.o
    0x0000018c   0x00000158   Code   RO          270    .text               lpc177x_8x_clkpwr.o
    0x000002e4   0x00000000   Code   RO          380    .text               mc_w.l(iusefp.o)
    0x000002e4   0x0000000e   Code   RO          401    i.__scatterload_copy  mc_w.l(handlers.o)
    0x000002f2   0x00000002   Code   RO          402    i.__scatterload_null  mc_w.l(handlers.o)
    0x000002f4   0x00000008   Data   RO           44    .constdata          usbhost_ms.o
    0x000002fc   0x00000004   Code   RO          137    .ARM.__at_0x02FC    startup_lpc177x_8x.o
    0x00000300   0x000003bc   Code   RO            2    .text               system_lpc177x_8x.o
    0x000006bc   0x00000448   Code   RO           43    .text               usbhost_ms.o
    0x00000b04   0x000003e8   Code   RO           88    .text               usbhost_main.o
    0x00000eec   0x00001624   Code   RO          145    .text               usbhost_fat.o
    0x00002510   0x00000744   Code   RO          203    .text               debug_frmwrk.o
    0x00002c54   0x00000450   Code   RO          235    .text               lpc177x_8x_pinsel.o
    0x000030a4   0x00000d68   Code   RO          251    .text               lpc177x_8x_uart.o
    0x00003e0c   0x000008b0   Code   RO          289    .text               lpc177x_8x_usbhost.o
    0x000046bc   0x00000062   Code   RO          323    .text               mc_w.l(uldiv.o)
    0x0000471e   0x00000024   Code   RO          325    .text               mc_w.l(memcpya.o)
    0x00004742   0x0000002c   Code   RO          374    .text               mc_w.l(uidiv.o)
    0x0000476e   0x0000001e   Code   RO          376    .text               mc_w.l(llshl.o)
    0x0000478c   0x00000020   Code   RO          378    .text               mc_w.l(llushr.o)
    0x000047ac   0x0000014e   Code   RO          381    .text               mf_w.l(dadd.o)
    0x000048fa   0x000000e4   Code   RO          383    .text               mf_w.l(dmul.o)
    0x000049de   0x000000de   Code   RO          385    .text               mf_w.l(ddiv.o)
    0x00004abc   0x00000030   Code   RO          387    .text               mf_w.l(dfixul.o)
    0x00004aec   0x00000028   Code   RO          389    .text               mf_w.l(cdrcmple.o)
    0x00004b14   0x00000024   Code   RO          391    .text               mc_w.l(init.o)
    0x00004b38   0x00000024   Code   RO          394    .text               mc_w.l(llsshr.o)
    0x00004b5c   0x000000be   Code   RO          397    .text               mf_w.l(depilogue.o)
    0x00004c1a   0x0000005c   Code   RO          407    .text               mc_w.l(__dczerorl2.o)
    0x00004c76   0x00000002   PAD
    0x00004c78   0x00000024   Code   RO          336    i.__0vsprintf       mc_w.l(printfa.o)
    0x00004c9c   0x0000000e   Code   RO          403    i.__scatterload_zeroinit  mc_w.l(handlers.o)
    0x00004caa   0x00000002   PAD
    0x00004cac   0x0000015c   Code   RO          337    i._fp_digits        mc_w.l(printfa.o)
    0x00004e08   0x000006f0   Code   RO          338    i._printf_core      mc_w.l(printfa.o)
    0x000054f8   0x00000026   Code   RO          339    i._printf_post_padding  mc_w.l(printfa.o)
    0x0000551e   0x00000030   Code   RO          340    i._printf_pre_padding  mc_w.l(printfa.o)
    0x0000554e   0x0000000a   Code   RO          342    i._sputc            mc_w.l(printfa.o)
    0x00005558   0x00000059   Data   RO          204    .constdata          debug_frmwrk.o
    0x000055b1   0x00000003   PAD
    0x000055b4   0x00000020   Data   RO          399    Region$$Table       anon$$obj.o


    Execution Region RW_IRAM1 (Base: 0x10000000, Size: 0x00005a68, Max: 0x00010000, ABSOLUTE, COMPRESSED[0x000000c4])

    Base Addr    Size         Type   Attr      Idx    E Section Name        Object

    0x10000000   0x00000010   Data   RW            3    .data               system_lpc177x_8x.o
    0x10000010   0x00000008   Data   RW           45    .data               usbhost_ms.o
    0x10000018   0x00000168   Data   RW           90    .data               usbhost_main.o
    0x10000180   0x00000001   Data   RW          147    .data               usbhost_fat.o
    0x10000181   0x00000003   PAD
    0x10000184   0x0000003c   Data   RW          205    .data               debug_frmwrk.o
    0x100001c0   0x0000004c   Data   RW          290    .data               lpc177x_8x_usbhost.o
    0x1000020c   0x00000050   Zero   RW           89    .bss                usbhost_main.o
    0x1000025c   0x000037dc   Zero   RW          146    .bss                usbhost_fat.o
    0x10003a38   0x00000029   Zero   RW          166    .bss                usbhost_uart.o
    0x10003a61   0x00000007   PAD
    0x10003a68   0x00002000   Zero   RW          134    STACK               startup_lpc177x_8x.o


    Execution Region RW_IRAM2 (Base: 0x20000000, Size: 0x00000000, Max: 0x00008000, ABSOLUTE)

    **** No section assigned to this execution region ****


==============================================================================

Image component sizes


      Code (inc. data)   RO Data    RW Data    ZI Data      Debug   Object Name

      1860        202         89         60          0      16501   debug_frmwrk.o
       344         48          0          0          0       1703   lpc177x_8x_clkpwr.o
      1104         18          0          0          0       6218   lpc177x_8x_pinsel.o
      3432        158          0          0          0      11829   lpc177x_8x_uart.o
      2224        148          0         76          0      27024   lpc177x_8x_usbhost.o
        48         16        228          0       8192       1304   startup_lpc177x_8x.o
       956         90          0         16          0      28083   system_lpc177x_8x.o
      5668        116          0          1      14300      17333   usbhost_fat.o
      1000        378          0        360         80       4501   usbhost_main.o
      1096         64          8          8          0       8286   usbhost_ms.o
       104         10          0          0         41       2035   usbhost_uart.o

    ----------------------------------------------------------------------
     17836       1248        360        524      22620     124817   Object Totals
         0          0         32          0          0          0   (incl. Generated)
         0          0          3          3          7          0   (incl. Padding)

    ----------------------------------------------------------------------

      Code (inc. data)   RO Data    RW Data    ZI Data      Debug   Library Member Name

        92          0          0          0          0          0   __dczerorl2.o
         0          0          0          0          0          0   entry.o
         0          0          0          0          0          0   entry10a.o
         0          0          0          0          0          0   entry11a.o
         8          4          0          0          0          0   entry2.o
         4          0          0          0          0          0   entry5.o
         0          0          0          0          0          0   entry7b.o
         0          0          0          0          0          0   entry8b.o
         8          4          0          0          0          0   entry9a.o
        30          0          0          0          0          0   handlers.o
        36          8          0          0          0         68   init.o
         0          0          0          0          0          0   iusefp.o
        30          0          0          0          0         68   llshl.o
        36          0          0          0          0         68   llsshr.o
        32          0          0          0          0         68   llushr.o
        36          0          0          0          0         68   memcpya.o
      2256         86          0          0          0        508   printfa.o
        44          0          0          0          0         80   uidiv.o
        98          0          0          0          0         92   uldiv.o
        40          2          0          0          0         68   cdrcmple.o
       334          0          0          0          0        144   dadd.o
       222          0          0          0          0        100   ddiv.o
       190          0          0          0          0        176   depilogue.o
        48          0          0          0          0         68   dfixul.o
       228          0          0          0          0         92   dmul.o

    ----------------------------------------------------------------------
      3776        104          0          0          0       1668   Library Totals
         4          0          0          0          0          0   (incl. Padding)

    ----------------------------------------------------------------------

      Code (inc. data)   RO Data    RW Data    ZI Data      Debug   Library Name

      2710        102          0          0          0       1020   mc_w.l
      1062          2          0          0          0        648   mf_w.l

    ----------------------------------------------------------------------
      3776        104          0          0          0       1668   Library Totals

    ----------------------------------------------------------------------

==============================================================================


      Code (inc. data)   RO Data    RW Data    ZI Data      Debug   

     21612       1352        360        524      22620     124769   Grand Totals
     21612       1352        360        196      22620     124769   ELF Image Totals (compressed)
     21612       1352        360        196          0          0   ROM Totals

==============================================================================

    Total RO  Size (Code + RO Data)                21972 (  21.46kB)
    Total RW  Size (RW Data + ZI Data)             23144 (  22.60kB)
    Total ROM Size (Code + RO Data + RW Data)      22168 (  21.65kB)

==============================================================================

