<html>
<body>
<pre>
<h1>µVision Build Log</h1>
<h2>Tool Versions:</h2>
IDE-Version: µVision V5.12.0.0
Copyright (C) 2014 ARM Ltd and ARM Germany GmbH. All rights reserved.
License Information: srk erd, ns_eng, LIC=V85II-THKX5-068QU-SYVJ4-EGB9I-R875W
 
Tool Versions:
Toolchain:       MDK-ARM Professional  Version: 5.12.0.0
Middleware:      RL-ARM Real-Time Library Version V4.13
Toolchain Path:  D:\Keil_v5arm\ARM\ARMCC\Bin
C Compiler:      Armcc.exe V5.05 (build 41)
Assembler:       Armasm.exe V5.05 (build 41)
Linker/Locator:  ArmLink.exe V5.05 (build 41)
Library Manager: ArmAr.exe V5.05 (build 41)
Hex Converter:   FromElf.exe V5.05 (build 41)
CPU DLL:         SARMCM3.DLL V5.12.0.0
Dialog DLL:      DARMP1.DLL V1.25.0.0
Target DLL:      UL2CM3.DLL V1.153.0.0
Dialog DLL:      TARMP1.DLL V1.24.0.0
 
<h2>Project:</h2>
F:\UMD\SW_DESIGN\HY-LPC1788-SDK Example V1.0 Beta version (2012.9.15)\Common\lpc177x.lpc178x.cmsis.driver.library_2012.8.13\Examples\TIMER\Timer_FreqMeasure\Keil\Timer_FreqMeasure.uvproj
Project File Date:  07/31/2012

<h2>Output:</h2>
Build target 'FLASH'
compiling Timer_FreqMeasure.c...
linking...
Program Size: Code=10056 RO-data=352 RW-data=544 ZI-data=5120  
FromELF: creating hex file...
".\Flash\Timer_FreqMeasure.axf" - 0 Error(s), 0 Warning(s).
</pre>
</body>
</html>
..\..\Drivers\source\debug_frmwrk.c: 1 warning, 0 errors
compiling lpc177x_8x_clkpwr.c...
compiling lpc177x_8x_gpdma.c...
compiling lpc177x_8x_gpio.c...
compiling lpc177x_8x_pinsel.c...
compiling lpc177x_8x_uart.c...
compiling lpc177x_8x_timer.c...
compiling Timer_FreqMeasure.c...
linking...
.\Flash\Timer_FreqMeasure.axf: Error: L6218E: Undefined symbol __low_level_init (referred from startup_lpc177x_8x.o).
Not enough information to list image symbols.
Finished: 1 information, 0 warning and 1 error messages.
".\Flash\Timer_FreqMeasure.axf" - 1 Error(s), 1 Warning(s).
Target not created.
