<html>
<body>
<pre>
<h1>µVision Build Log</h1>
<h2>Tool Versions:</h2>
IDE-Version: µVision V5.12.0.0
Copyright (C) 2014 ARM Ltd and ARM Germany GmbH. All rights reserved.
License Information: srk erd, ns_eng, LIC=V85II-THKX5-068QU-SYVJ4-EGB9I-R875W
 
Tool Versions:
Toolchain:       MDK-ARM Professional  Version: 5.12.0.0
Middleware:      RL-ARM Real-Time Library Version V4.13
Toolchain Path:  D:\Keil_v5arm\ARM\ARMCC\Bin
C Compiler:      Armcc.exe V5.05 (build 41)
Assembler:       Armasm.exe V5.05 (build 41)
Linker/Locator:  ArmLink.exe V5.05 (build 41)
Library Manager: ArmAr.exe V5.05 (build 41)
Hex Converter:   FromElf.exe V5.05 (build 41)
CPU DLL:         SARMCM3.DLL V5.12.0.0
Dialog DLL:      DCM.DLL V1.13.0.0
Target DLL:      UL2CM3.DLL V1.153.0.0
Dialog DLL:      TCM.DLL V1.14.2.0
 
<h2>Project:</h2>
F:\UMD\SW_DESIGN\HY-LPC1788-SDK Example V1.0 Beta version (2012.9.15)\Common\lpc177x.lpc178x.cmsis.driver.library_2012.8.13\Examples\DMA\DMA_Flash2Ram\Keil\Dma_Flash2Ram.uvproj
Project File Date:  01/28/2015

<h2>Output:</h2>
Build target 'FLASH'
assembling startup_LPC177x_8x.s...
compiling system_LPC177x_8x.c...
compiling debug_frmwrk.c...
..\..\..\..\Drivers\source\debug_frmwrk.c(598): warning:  #111-D: statement is unreachable
                        break;
..\..\..\..\Drivers\source\debug_frmwrk.c: 1 warning, 0 errors
compiling lpc177x_8x_clkpwr.c...
compiling lpc177x_8x_gpdma.c...
compiling lpc177x_8x_uart.c...
compiling lpc177x_8x_pinsel.c...
compiling Dma_Flash2Ram.c...
linking...
Program Size: Code=9458 RO-data=482 RW-data=708 ZI-data=5188  
FromELF: creating hex file...
".\Flash\Dma_Flash2Ram.axf" - 0 Error(s), 1 Warning(s).

<h2>Collection of Component include folders:</h2>
  F:\UMD\SW_DESIGN\HY-LPC1788-SDK Example V1.0 Beta version (2012.9.15)\Common\lpc177x.lpc178x.cmsis.driver.library_2012.8.13\Examples\DMA\DMA_Flash2Ram\Keil\RTE
  D:\Keil_v5arm\ARM\PACK\Keil\LPC1700_DFP\2.0.0\Device\Include

<h2>Collection of Component Files used:</h2>
</pre>
</body>
</html>
_Flash2Ram.sct: Error: L6372E: Image needs at least one load region.
Not enough information to list image symbols.
Not enough information to list the image map.
Finished: 2 information, 0 warning and 6 error messages.
".\Flash\Dma_Flash2Ram.axf" - 6 Error(s), 1 Warning(s).

<h2>Collection of Component include folders:</h2>
  F:\UMD\SW_DESIGN\HY-LPC1788-SDK Example V1.0 Beta version (2012.9.15)\Common\lpc177x.lpc178x.cmsis.driver.library_2012.8.13\Examples\DMA\DMA_Flash2Ram\Keil\RTE
  D:\Keil_v5arm\ARM\PACK\Keil\LPC1800_DFP\2.1.0\Device\Include

<h2>Collection of Component Files used:</h2>
Target not created.
