Component: ARM Compiler 5.05 (build 41) Tool: armlink [4d0eb9]

==============================================================================

Section Cross References

    startup_lpc177x_8x.o(RESET) refers to startup_lpc177x_8x.o(STACK) for __initial_sp
    startup_lpc177x_8x.o(RESET) refers to startup_lpc177x_8x.o(.text) for Reset_Handler
    startup_lpc177x_8x.o(RESET) refers to dma_flash2ram.o(.text) for DMA_IRQHandler
    startup_lpc177x_8x.o(.text) refers to system_lpc177x_8x.o(.text) for SystemInit
    startup_lpc177x_8x.o(.text) refers to dma_flash2ram.o(.text) for __low_level_init
    startup_lpc177x_8x.o(.text) refers to entry.o(.ARM.Collect$$$$00000000) for __main
    system_lpc177x_8x.o(.text) refers to system_lpc177x_8x.o(.data) for SystemCoreClock
    debug_frmwrk.o(.text) refers to lpc177x_8x_uart.o(.text) for UART_Send
    debug_frmwrk.o(.text) refers to debug_frmwrk.o(.conststring) for .conststring
    debug_frmwrk.o(.text) refers to lpc177x_8x_pinsel.o(.text) for PINSEL_ConfigPin
    debug_frmwrk.o(.text) refers to debug_frmwrk.o(.data) for flag
    lpc177x_8x_clkpwr.o(.text) refers to system_lpc177x_8x.o(.text) for SystemCoreClockUpdate
    lpc177x_8x_clkpwr.o(.text) refers to system_lpc177x_8x.o(.data) for SystemCoreClock
    lpc177x_8x_gpdma.o(.text) refers to lpc177x_8x_clkpwr.o(.text) for CLKPWR_ConfigPPWR
    lpc177x_8x_gpdma.o(.text) refers to lpc177x_8x_gpdma.o(.data) for pGPDMACh
    lpc177x_8x_gpdma.o(.text) refers to lpc177x_8x_gpdma.o(.constdata) for GPDMA_LUTPerBurst
    lpc177x_8x_uart.o(.text) refers to lpc177x_8x_clkpwr.o(.text) for CLKPWR_GetCLK
    lpc177x_8x_uart.o(.text) refers to uldiv.o(.text) for __aeabi_uldivmod
    dma_flash2ram.o(.text) refers to lpc177x_8x_gpdma.o(.text) for GPDMA_IntGetStatus
    dma_flash2ram.o(.text) refers to debug_frmwrk.o(.text) for debug_frmwrk_init
    dma_flash2ram.o(.text) refers to dma_flash2ram.o(.data) for Channel0_TC
    dma_flash2ram.o(.text) refers to debug_frmwrk.o(.data) for _db_msg
    dma_flash2ram.o(.text) refers to dma_flash2ram.o(.constdata) for DMASrc_Buffer
    dma_flash2ram.o(.text) refers to dma_flash2ram.o(.bss) for DMADest_Buffer
    entry.o(.ARM.Collect$$$$00000000) refers (Special) to entry10a.o(.ARM.Collect$$$$0000000D) for __rt_final_cpp
    entry.o(.ARM.Collect$$$$00000000) refers (Special) to entry11a.o(.ARM.Collect$$$$0000000F) for __rt_final_exit
    entry.o(.ARM.Collect$$$$00000000) refers (Special) to entry7b.o(.ARM.Collect$$$$00000008) for _main_clock
    entry.o(.ARM.Collect$$$$00000000) refers (Special) to entry8b.o(.ARM.Collect$$$$0000000A) for _main_cpp_init
    entry.o(.ARM.Collect$$$$00000000) refers (Special) to entry9a.o(.ARM.Collect$$$$0000000B) for _main_init
    entry.o(.ARM.Collect$$$$00000000) refers (Special) to entry5.o(.ARM.Collect$$$$00000004) for _main_scatterload
    entry.o(.ARM.Collect$$$$00000000) refers (Special) to entry2.o(.ARM.Collect$$$$00000001) for _main_stk
    uldiv.o(.text) refers to llushr.o(.text) for __aeabi_llsr
    uldiv.o(.text) refers to llshl.o(.text) for __aeabi_llsl
    entry2.o(.ARM.Collect$$$$00000001) refers to entry2.o(.ARM.Collect$$$$00002712) for __lit__00000000
    entry2.o(.ARM.Collect$$$$00002712) refers to startup_lpc177x_8x.o(STACK) for __initial_sp
    entry2.o(__vectab_stack_and_reset_area) refers to startup_lpc177x_8x.o(STACK) for __initial_sp
    entry2.o(__vectab_stack_and_reset_area) refers to entry.o(.ARM.Collect$$$$00000000) for __main
    entry5.o(.ARM.Collect$$$$00000004) refers to init.o(.text) for __scatterload
    entry9a.o(.ARM.Collect$$$$0000000B) refers to dma_flash2ram.o(.text) for main
    entry9b.o(.ARM.Collect$$$$0000000C) refers to dma_flash2ram.o(.text) for main
    init.o(.text) refers to entry5.o(.ARM.Collect$$$$00000004) for __main_after_scatterload


==============================================================================

Removing Unused input sections from the image.

    Removing startup_lpc177x_8x.o(HEAP), (4096 bytes).
    Removing system_lpc177x_8x.o(.emb_text), (8 bytes).
    Removing debug_frmwrk.o(.emb_text), (8 bytes).
    Removing lpc177x_8x_clkpwr.o(.emb_text), (8 bytes).
    Removing lpc177x_8x_clkpwr.o(.data), (4 bytes).
    Removing lpc177x_8x_gpdma.o(.emb_text), (8 bytes).
    Removing lpc177x_8x_uart.o(.emb_text), (8 bytes).
    Removing lpc177x_8x_pinsel.o(.emb_text), (8 bytes).
    Removing dma_flash2ram.o(.emb_text), (8 bytes).

9 unused section(s) (total 4156 bytes) removed from the image.

==============================================================================

Image Symbol Table

    Local Symbols

    Symbol Name                              Value     Ov Type        Size  Object(Section)

    RESET                                    0x00000000   Section      228  startup_lpc177x_8x.o(RESET)
    ../clib/../cmprslib/zerorunl2.c          0x00000000   Number         0  __dczerorl2.o ABSOLUTE
    ../clib/microlib/division.c              0x00000000   Number         0  uldiv.o ABSOLUTE
    ../clib/microlib/init/entry.s            0x00000000   Number         0  entry9b.o ABSOLUTE
    ../clib/microlib/init/entry.s            0x00000000   Number         0  entry9a.o ABSOLUTE
    ../clib/microlib/init/entry.s            0x00000000   Number         0  entry8b.o ABSOLUTE
    ../clib/microlib/init/entry.s            0x00000000   Number         0  entry8a.o ABSOLUTE
    ../clib/microlib/init/entry.s            0x00000000   Number         0  entry7b.o ABSOLUTE
    ../clib/microlib/init/entry.s            0x00000000   Number         0  entry7a.o ABSOLUTE
    ../clib/microlib/init/entry.s            0x00000000   Number         0  entry2.o ABSOLUTE
    ../clib/microlib/init/entry.s            0x00000000   Number         0  entry5.o ABSOLUTE
    ../clib/microlib/init/entry.s            0x00000000   Number         0  entry11b.o ABSOLUTE
    ../clib/microlib/init/entry.s            0x00000000   Number         0  entry11a.o ABSOLUTE
    ../clib/microlib/init/entry.s            0x00000000   Number         0  entry10b.o ABSOLUTE
    ../clib/microlib/init/entry.s            0x00000000   Number         0  entry10a.o ABSOLUTE
    ../clib/microlib/init/entry.s            0x00000000   Number         0  entry.o ABSOLUTE
    ../clib/microlib/longlong.c              0x00000000   Number         0  llushr.o ABSOLUTE
    ../clib/microlib/longlong.c              0x00000000   Number         0  llshl.o ABSOLUTE
    ..\..\..\..\Core\Device\NXP\LPC177x_8x\Source\Templates\ARM\startup_LPC177x_8x.s 0x00000000   Number         0  startup_lpc177x_8x.o ABSOLUTE
    ..\..\..\..\Core\Device\NXP\LPC177x_8x\Source\Templates\system_LPC177x_8x.c 0x00000000   Number         0  system_lpc177x_8x.o ABSOLUTE
    ..\..\..\..\Drivers\source\debug_frmwrk.c 0x00000000   Number         0  debug_frmwrk.o ABSOLUTE
    ..\..\..\..\Drivers\source\lpc177x_8x_clkpwr.c 0x00000000   Number         0  lpc177x_8x_clkpwr.o ABSOLUTE
    ..\..\..\..\Drivers\source\lpc177x_8x_gpdma.c 0x00000000   Number         0  lpc177x_8x_gpdma.o ABSOLUTE
    ..\..\..\..\Drivers\source\lpc177x_8x_pinsel.c 0x00000000   Number         0  lpc177x_8x_pinsel.o ABSOLUTE
    ..\..\..\..\Drivers\source\lpc177x_8x_uart.c 0x00000000   Number         0  lpc177x_8x_uart.o ABSOLUTE
    ..\Dma_Flash2Ram.c                       0x00000000   Number         0  dma_flash2ram.o ABSOLUTE
    ..\\..\\..\\..\\Core\\Device\\NXP\\LPC177x_8x\\Source\\Templates\\system_LPC177x_8x.c 0x00000000   Number         0  system_lpc177x_8x.o ABSOLUTE
    ..\\..\\..\\..\\Drivers\\source\\debug_frmwrk.c 0x00000000   Number         0  debug_frmwrk.o ABSOLUTE
    ..\\..\\..\\..\\Drivers\\source\\lpc177x_8x_clkpwr.c 0x00000000   Number         0  lpc177x_8x_clkpwr.o ABSOLUTE
    ..\\..\\..\\..\\Drivers\\source\\lpc177x_8x_gpdma.c 0x00000000   Number         0  lpc177x_8x_gpdma.o ABSOLUTE
    ..\\..\\..\\..\\Drivers\\source\\lpc177x_8x_pinsel.c 0x00000000   Number         0  lpc177x_8x_pinsel.o ABSOLUTE
    ..\\..\\..\\..\\Drivers\\source\\lpc177x_8x_uart.c 0x00000000   Number         0  lpc177x_8x_uart.o ABSOLUTE
    ..\\Dma_Flash2Ram.c                      0x00000000   Number         0  dma_flash2ram.o ABSOLUTE
    dc.s                                     0x00000000   Number         0  dc.o ABSOLUTE
    handlers.s                               0x00000000   Number         0  handlers.o ABSOLUTE
    init.s                                   0x00000000   Number         0  init.o ABSOLUTE
    .ARM.Collect$$$$00000000                 0x000000e4   Section        0  entry.o(.ARM.Collect$$$$00000000)
    .ARM.Collect$$$$00000001                 0x000000e4   Section        4  entry2.o(.ARM.Collect$$$$00000001)
    .ARM.Collect$$$$00000004                 0x000000e8   Section        4  entry5.o(.ARM.Collect$$$$00000004)
    .ARM.Collect$$$$00000008                 0x000000ec   Section        0  entry7b.o(.ARM.Collect$$$$00000008)
    .ARM.Collect$$$$0000000A                 0x000000ec   Section        0  entry8b.o(.ARM.Collect$$$$0000000A)
    .ARM.Collect$$$$0000000B                 0x000000ec   Section        8  entry9a.o(.ARM.Collect$$$$0000000B)
    .ARM.Collect$$$$0000000D                 0x000000f4   Section        0  entry10a.o(.ARM.Collect$$$$0000000D)
    .ARM.Collect$$$$0000000F                 0x000000f4   Section        0  entry11a.o(.ARM.Collect$$$$0000000F)
    .ARM.Collect$$$$00002712                 0x000000f4   Section        4  entry2.o(.ARM.Collect$$$$00002712)
    __lit__00000000                          0x000000f4   Data           4  entry2.o(.ARM.Collect$$$$00002712)
    .text                                    0x000000f8   Section       44  startup_lpc177x_8x.o(.text)
    .text                                    0x00000124   Section        0  lpc177x_8x_clkpwr.o(.text)
    .text                                    0x00000270   Section        0  uldiv.o(.text)
    .text                                    0x000002d2   Section        0  llshl.o(.text)
    i.__scatterload_null                     0x000002f0   Section        2  handlers.o(i.__scatterload_null)
    .ARM.__at_0x02FC                         0x000002fc   Section        4  startup_lpc177x_8x.o(.ARM.__at_0x02FC)
    .text                                    0x00000300   Section        0  system_lpc177x_8x.o(.text)
    .text                                    0x000006b0   Section        0  debug_frmwrk.o(.text)
    .text                                    0x00000e0c   Section        0  lpc177x_8x_gpdma.o(.text)
    .text                                    0x0000118c   Section        0  lpc177x_8x_uart.o(.text)
    uart_get_pointer                         0x0000118d   Thumb Code    34  lpc177x_8x_uart.o(.text)
    uart_set_divisors                        0x000011af   Thumb Code   478  lpc177x_8x_uart.o(.text)
    .text                                    0x00001f10   Section        0  lpc177x_8x_pinsel.o(.text)
    PIN_GetPointer                           0x00001f11   Thumb Code    18  lpc177x_8x_pinsel.o(.text)
    .text                                    0x00002360   Section        0  dma_flash2ram.o(.text)
    .text                                    0x00002520   Section        0  llushr.o(.text)
    .text                                    0x00002540   Section       36  init.o(.text)
    .text                                    0x00002564   Section        0  __dczerorl2.o(.text)
    i.__scatterload_copy                     0x000025ba   Section       14  handlers.o(i.__scatterload_copy)
    i.__scatterload_zeroinit                 0x000025c8   Section       14  handlers.o(i.__scatterload_zeroinit)
    .constdata                               0x000025d6   Section       64  lpc177x_8x_gpdma.o(.constdata)
    .constdata                               0x00002618   Section       64  dma_flash2ram.o(.constdata)
    .conststring                             0x00002658   Section       89  debug_frmwrk.o(.conststring)
    .data                                    0x10000000   Section       16  system_lpc177x_8x.o(.data)
    .data                                    0x10000010   Section       61  debug_frmwrk.o(.data)
    flag                                     0x1000004c   Data           1  debug_frmwrk.o(.data)
    .data                                    0x10000050   Section      160  lpc177x_8x_gpdma.o(.data)
    .data                                    0x100000f0   Section      468  dma_flash2ram.o(.data)
    .bss                                     0x100002c4   Section       64  dma_flash2ram.o(.bss)
    STACK                                    0x10000308   Section     5120  startup_lpc177x_8x.o(STACK)

    Global Symbols

    Symbol Name                              Value     Ov Type        Size  Object(Section)

    BuildAttributes$$THM_ISAv4$P$D$K$B$S$PE$A:L22UL41UL21$X:L11$S22US41US21$IEEE1$IW$USESV6$~STKCKD$USESV7$~SHL$OSPACE$EBA8$MICROLIB$REQ8$PRES8$EABIv2 0x00000000   Number         0  anon$$obj.o ABSOLUTE
    __ARM_use_no_argv                        0x00000000   Number         0  dma_flash2ram.o ABSOLUTE
    __Vectors                                0x00000000   Data           4  startup_lpc177x_8x.o(RESET)
    __cpp_initialize__aeabi_                  - Undefined Weak Reference
    __cxa_finalize                            - Undefined Weak Reference
    _clock_init                               - Undefined Weak Reference
    _microlib_exit                            - Undefined Weak Reference
    __main                                   0x000000e5   Thumb Code     0  entry.o(.ARM.Collect$$$$00000000)
    _main_stk                                0x000000e5   Thumb Code     0  entry2.o(.ARM.Collect$$$$00000001)
    _main_scatterload                        0x000000e9   Thumb Code     0  entry5.o(.ARM.Collect$$$$00000004)
    __main_after_scatterload                 0x000000ed   Thumb Code     0  entry5.o(.ARM.Collect$$$$00000004)
    _main_clock                              0x000000ed   Thumb Code     0  entry7b.o(.ARM.Collect$$$$00000008)
    _main_cpp_init                           0x000000ed   Thumb Code     0  entry8b.o(.ARM.Collect$$$$0000000A)
    _main_init                               0x000000ed   Thumb Code     0  entry9a.o(.ARM.Collect$$$$0000000B)
    __rt_final_cpp                           0x000000f5   Thumb Code     0  entry10a.o(.ARM.Collect$$$$0000000D)
    __rt_final_exit                          0x000000f5   Thumb Code     0  entry11a.o(.ARM.Collect$$$$0000000F)
    Reset_Handler                            0x000000f9   Thumb Code    12  startup_lpc177x_8x.o(.text)
    NMI_Handler                              0x00000105   Thumb Code     2  startup_lpc177x_8x.o(.text)
    HardFault_Handler                        0x00000107   Thumb Code     2  startup_lpc177x_8x.o(.text)
    MemManage_Handler                        0x00000109   Thumb Code     2  startup_lpc177x_8x.o(.text)
    BusFault_Handler                         0x0000010b   Thumb Code     2  startup_lpc177x_8x.o(.text)
    UsageFault_Handler                       0x0000010d   Thumb Code     2  startup_lpc177x_8x.o(.text)
    SVC_Handler                              0x0000010f   Thumb Code     2  startup_lpc177x_8x.o(.text)
    DebugMon_Handler                         0x00000111   Thumb Code     2  startup_lpc177x_8x.o(.text)
    PendSV_Handler                           0x00000113   Thumb Code     2  startup_lpc177x_8x.o(.text)
    SysTick_Handler                          0x00000115   Thumb Code     2  startup_lpc177x_8x.o(.text)
    ADC_IRQHandler                           0x00000117   Thumb Code     0  startup_lpc177x_8x.o(.text)
    BOD_IRQHandler                           0x00000117   Thumb Code     0  startup_lpc177x_8x.o(.text)
    CANActivity_IRQHandler                   0x00000117   Thumb Code     0  startup_lpc177x_8x.o(.text)
    CAN_IRQHandler                           0x00000117   Thumb Code     0  startup_lpc177x_8x.o(.text)
    EEPROM_IRQHandler                        0x00000117   Thumb Code     0  startup_lpc177x_8x.o(.text)
    EINT0_IRQHandler                         0x00000117   Thumb Code     0  startup_lpc177x_8x.o(.text)
    EINT1_IRQHandler                         0x00000117   Thumb Code     0  startup_lpc177x_8x.o(.text)
    EINT2_IRQHandler                         0x00000117   Thumb Code     0  startup_lpc177x_8x.o(.text)
    EINT3_IRQHandler                         0x00000117   Thumb Code     0  startup_lpc177x_8x.o(.text)
    ENET_IRQHandler                          0x00000117   Thumb Code     0  startup_lpc177x_8x.o(.text)
    GPIO_IRQHandler                          0x00000117   Thumb Code     0  startup_lpc177x_8x.o(.text)
    I2C0_IRQHandler                          0x00000117   Thumb Code     0  startup_lpc177x_8x.o(.text)
    I2C1_IRQHandler                          0x00000117   Thumb Code     0  startup_lpc177x_8x.o(.text)
    I2C2_IRQHandler                          0x00000117   Thumb Code     0  startup_lpc177x_8x.o(.text)
    I2S_IRQHandler                           0x00000117   Thumb Code     0  startup_lpc177x_8x.o(.text)
    LCD_IRQHandler                           0x00000117   Thumb Code     0  startup_lpc177x_8x.o(.text)
    MCI_IRQHandler                           0x00000117   Thumb Code     0  startup_lpc177x_8x.o(.text)
    MCPWM_IRQHandler                         0x00000117   Thumb Code     0  startup_lpc177x_8x.o(.text)
    PLL0_IRQHandler                          0x00000117   Thumb Code     0  startup_lpc177x_8x.o(.text)
    PLL1_IRQHandler                          0x00000117   Thumb Code     0  startup_lpc177x_8x.o(.text)
    PWM0_IRQHandler                          0x00000117   Thumb Code     0  startup_lpc177x_8x.o(.text)
    PWM1_IRQHandler                          0x00000117   Thumb Code     0  startup_lpc177x_8x.o(.text)
    QEI_IRQHandler                           0x00000117   Thumb Code     0  startup_lpc177x_8x.o(.text)
    RTC_IRQHandler                           0x00000117   Thumb Code     0  startup_lpc177x_8x.o(.text)
    SPIFI_IRQHandler                         0x00000117   Thumb Code     0  startup_lpc177x_8x.o(.text)
    SSP0_IRQHandler                          0x00000117   Thumb Code     0  startup_lpc177x_8x.o(.text)
    SSP1_IRQHandler                          0x00000117   Thumb Code     0  startup_lpc177x_8x.o(.text)
    SSP2_IRQHandler                          0x00000117   Thumb Code     0  startup_lpc177x_8x.o(.text)
    TIMER0_IRQHandler                        0x00000117   Thumb Code     0  startup_lpc177x_8x.o(.text)
    TIMER1_IRQHandler                        0x00000117   Thumb Code     0  startup_lpc177x_8x.o(.text)
    TIMER2_IRQHandler                        0x00000117   Thumb Code     0  startup_lpc177x_8x.o(.text)
    TIMER3_IRQHandler                        0x00000117   Thumb Code     0  startup_lpc177x_8x.o(.text)
    UART0_IRQHandler                         0x00000117   Thumb Code     0  startup_lpc177x_8x.o(.text)
    UART1_IRQHandler                         0x00000117   Thumb Code     0  startup_lpc177x_8x.o(.text)
    UART2_IRQHandler                         0x00000117   Thumb Code     0  startup_lpc177x_8x.o(.text)
    UART3_IRQHandler                         0x00000117   Thumb Code     0  startup_lpc177x_8x.o(.text)
    UART4_IRQHandler                         0x00000117   Thumb Code     0  startup_lpc177x_8x.o(.text)
    USBActivity_IRQHandler                   0x00000117   Thumb Code     0  startup_lpc177x_8x.o(.text)
    USB_IRQHandler                           0x00000117   Thumb Code     0  startup_lpc177x_8x.o(.text)
    WDT_IRQHandler                           0x00000117   Thumb Code     0  startup_lpc177x_8x.o(.text)
    CLKPWR_SetCLKDiv                         0x00000125   Thumb Code   152  lpc177x_8x_clkpwr.o(.text)
    CLKPWR_GetCLK                            0x000001bd   Thumb Code    46  lpc177x_8x_clkpwr.o(.text)
    CLKPWR_ConfigPPWR                        0x000001eb   Thumb Code    38  lpc177x_8x_clkpwr.o(.text)
    CLKPWR_Sleep                             0x00000211   Thumb Code    12  lpc177x_8x_clkpwr.o(.text)
    CLKPWR_DeepSleep                         0x0000021d   Thumb Code    18  lpc177x_8x_clkpwr.o(.text)
    CLKPWR_PowerDown                         0x0000022f   Thumb Code    18  lpc177x_8x_clkpwr.o(.text)
    CLKPWR_DeepPowerDown                     0x00000241   Thumb Code    18  lpc177x_8x_clkpwr.o(.text)
    __aeabi_uldivmod                         0x00000271   Thumb Code    98  uldiv.o(.text)
    __aeabi_llsl                             0x000002d3   Thumb Code    30  llshl.o(.text)
    _ll_shift_l                              0x000002d3   Thumb Code     0  llshl.o(.text)
    __scatterload_null                       0x000002f1   Thumb Code     2  handlers.o(i.__scatterload_null)
    SystemCoreClockUpdate                    0x00000301   Thumb Code   696  system_lpc177x_8x.o(.text)
    SystemInit                               0x000005b9   Thumb Code   212  system_lpc177x_8x.o(.text)
    UARTPutChar                              0x000006b1   Thumb Code    18  debug_frmwrk.o(.text)
    UARTGetChar                              0x000006c3   Thumb Code    26  debug_frmwrk.o(.text)
    UARTGetCharInNonBlock                    0x000006dd   Thumb Code    34  debug_frmwrk.o(.text)
    UARTPuts                                 0x000006ff   Thumb Code    28  debug_frmwrk.o(.text)
    UARTGetValue                             0x0000071b   Thumb Code   348  debug_frmwrk.o(.text)
    UARTPuts_                                0x00000877   Thumb Code    24  debug_frmwrk.o(.text)
    UARTPutDec                               0x0000088f   Thumb Code    96  debug_frmwrk.o(.text)
    UARTPutDec16                             0x000008ef   Thumb Code   160  debug_frmwrk.o(.text)
    UARTPutDec32                             0x0000098f   Thumb Code   280  debug_frmwrk.o(.text)
    UARTPutHex_                              0x00000aa7   Thumb Code    58  debug_frmwrk.o(.text)
    UARTPutHex                               0x00000ae1   Thumb Code    66  debug_frmwrk.o(.text)
    UARTPutHex16_                            0x00000b23   Thumb Code    58  debug_frmwrk.o(.text)
    UARTPutHex16                             0x00000b5d   Thumb Code    66  debug_frmwrk.o(.text)
    UARTPutHex32_                            0x00000b9f   Thumb Code   182  debug_frmwrk.o(.text)
    UARTPutHex32                             0x00000c55   Thumb Code    68  debug_frmwrk.o(.text)
    Uart_PortPin_Init                        0x00000c99   Thumb Code   136  debug_frmwrk.o(.text)
    debug_frmwrk_init                        0x00000d21   Thumb Code   170  debug_frmwrk.o(.text)
    GPDMA_Init                               0x00000e0d   Thumb Code    68  lpc177x_8x_gpdma.o(.text)
    GPDMA_Setup                              0x00000e51   Thumb Code   594  lpc177x_8x_gpdma.o(.text)
    GPDMA_ChannelCmd                         0x000010a3   Thumb Code    32  lpc177x_8x_gpdma.o(.text)
    GPDMA_IntGetStatus                       0x000010c3   Thumb Code   148  lpc177x_8x_gpdma.o(.text)
    GPDMA_ClearIntPending                    0x00001157   Thumb Code    26  lpc177x_8x_gpdma.o(.text)
    UART_Init                                0x0000138d   Thumb Code   560  lpc177x_8x_uart.o(.text)
    Stack_Size                               0x00001400   Number         0  startup_lpc177x_8x.o ABSOLUTE
    UART_TxCmd                               0x000015bd   Thumb Code   130  lpc177x_8x_uart.o(.text)
    UART_DeInit                              0x0000163f   Thumb Code    82  lpc177x_8x_uart.o(.text)
    UART_ConfigStructInit                    0x00001691   Thumb Code    18  lpc177x_8x_uart.o(.text)
    UART_SendByte                            0x000016a3   Thumb Code    50  lpc177x_8x_uart.o(.text)
    UART_ReceiveByte                         0x000016d5   Thumb Code    52  lpc177x_8x_uart.o(.text)
    UART_Send                                0x00001709   Thumb Code   220  lpc177x_8x_uart.o(.text)
    UART_Receive                             0x000017e5   Thumb Code   192  lpc177x_8x_uart.o(.text)
    UART_ForceBreak                          0x000018a5   Thumb Code    88  lpc177x_8x_uart.o(.text)
    UART_IntConfig                           0x000018fd   Thumb Code   178  lpc177x_8x_uart.o(.text)
    UART_GetLineStatus                       0x000019af   Thumb Code    52  lpc177x_8x_uart.o(.text)
    UART_GetIntId                            0x000019e3   Thumb Code    80  lpc177x_8x_uart.o(.text)
    UART_CheckBusy                           0x00001a33   Thumb Code    84  lpc177x_8x_uart.o(.text)
    UART_FIFOConfig                          0x00001a87   Thumb Code   152  lpc177x_8x_uart.o(.text)
    UART_FIFOConfigStructInit                0x00001b1f   Thumb Code    14  lpc177x_8x_uart.o(.text)
    UART_ABCmd                               0x00001b2d   Thumb Code   210  lpc177x_8x_uart.o(.text)
    UART_ABClearIntPending                   0x00001bff   Thumb Code    56  lpc177x_8x_uart.o(.text)
    UART_IrDAInvtInputCmd                    0x00001c37   Thumb Code    42  lpc177x_8x_uart.o(.text)
    UART_IrDACmd                             0x00001c61   Thumb Code    40  lpc177x_8x_uart.o(.text)
    UART_IrDAPulseDivConfig                  0x00001c89   Thumb Code    38  lpc177x_8x_uart.o(.text)
    UART_FullModemForcePinState              0x00001caf   Thumb Code    64  lpc177x_8x_uart.o(.text)
    UART_FullModemConfigMode                 0x00001cef   Thumb Code    72  lpc177x_8x_uart.o(.text)
    UART_FullModemGetStatus                  0x00001d37   Thumb Code    16  lpc177x_8x_uart.o(.text)
    UART_RS485Config                         0x00001d47   Thumb Code   204  lpc177x_8x_uart.o(.text)
    UART_RS485ReceiverCmd                    0x00001e13   Thumb Code    64  lpc177x_8x_uart.o(.text)
    UART_RS485Send                           0x00001e53   Thumb Code   142  lpc177x_8x_uart.o(.text)
    UART_RS485SendSlvAddr                    0x00001ee1   Thumb Code    18  lpc177x_8x_uart.o(.text)
    UART_RS485SendData                       0x00001ef3   Thumb Code    22  lpc177x_8x_uart.o(.text)
    PINSEL_GetPinType                        0x00001f23   Thumb Code   164  lpc177x_8x_pinsel.o(.text)
    PINSEL_ConfigPin                         0x00001fc7   Thumb Code    66  lpc177x_8x_pinsel.o(.text)
    PINSEL_SetPinMode                        0x00002009   Thumb Code    82  lpc177x_8x_pinsel.o(.text)
    PINSEL_SetHysMode                        0x0000205b   Thumb Code    78  lpc177x_8x_pinsel.o(.text)
    PINSEL_SetInvertInput                    0x000020a9   Thumb Code    76  lpc177x_8x_pinsel.o(.text)
    PINSEL_SetSlewMode                       0x000020f5   Thumb Code    78  lpc177x_8x_pinsel.o(.text)
    PINSEL_SetI2CFilter                      0x00002143   Thumb Code    76  lpc177x_8x_pinsel.o(.text)
    PINSEL_SetI2CMode                        0x0000218f   Thumb Code   136  lpc177x_8x_pinsel.o(.text)
    PINSEL_SetOpenDrainMode                  0x00002217   Thumb Code    82  lpc177x_8x_pinsel.o(.text)
    PINSEL_SetAnalogPinMode                  0x00002269   Thumb Code    76  lpc177x_8x_pinsel.o(.text)
    PINSEL_DacEnable                         0x000022b5   Thumb Code    88  lpc177x_8x_pinsel.o(.text)
    PINSEL_SetFilter                         0x0000230d   Thumb Code    80  lpc177x_8x_pinsel.o(.text)
    DMA_IRQHandler                           0x00002361   Thumb Code    70  dma_flash2ram.o(.text)
    print_menu                               0x000023a7   Thumb Code    14  dma_flash2ram.o(.text)
    Error_Loop                               0x000023b5   Thumb Code    14  dma_flash2ram.o(.text)
    Buffer_Verify                            0x000023c3   Thumb Code    32  dma_flash2ram.o(.text)
    c_entry                                  0x000023e3   Thumb Code   208  dma_flash2ram.o(.text)
    main                                     0x000024b3   Thumb Code     4  dma_flash2ram.o(.text)
    __low_level_init                         0x000024b7   Thumb Code     2  dma_flash2ram.o(.text)
    __aeabi_llsr                             0x00002521   Thumb Code    32  llushr.o(.text)
    _ll_ushift_r                             0x00002521   Thumb Code     0  llushr.o(.text)
    __scatterload                            0x00002541   Thumb Code    28  init.o(.text)
    __scatterload_rt2                        0x00002541   Thumb Code     0  init.o(.text)
    __decompress                             0x00002565   Thumb Code     0  __dczerorl2.o(.text)
    __decompress1                            0x00002565   Thumb Code    86  __dczerorl2.o(.text)
    __scatterload_copy                       0x000025bb   Thumb Code    14  handlers.o(i.__scatterload_copy)
    __scatterload_zeroinit                   0x000025c9   Thumb Code    14  handlers.o(i.__scatterload_zeroinit)
    GPDMA_LUTPerBurst                        0x000025d6   Data          32  lpc177x_8x_gpdma.o(.constdata)
    GPDMA_LUTPerWid                          0x000025f6   Data          32  lpc177x_8x_gpdma.o(.constdata)
    DMASrc_Buffer                            0x00002618   Data          64  dma_flash2ram.o(.constdata)
    Region$$Table$$Base                      0x000026b4   Number         0  anon$$obj.o(Region$$Table)
    Region$$Table$$Limit                     0x000026d4   Number         0  anon$$obj.o(Region$$Table)
    SystemCoreClock                          0x10000000   Data           4  system_lpc177x_8x.o(.data)
    PeripheralClock                          0x10000004   Data           4  system_lpc177x_8x.o(.data)
    EMCClock                                 0x10000008   Data           4  system_lpc177x_8x.o(.data)
    USBClock                                 0x1000000c   Data           4  system_lpc177x_8x.o(.data)
    _db_msg                                  0x10000010   Data           4  debug_frmwrk.o(.data)
    _db_msg_                                 0x10000014   Data           4  debug_frmwrk.o(.data)
    _db_char                                 0x10000018   Data           4  debug_frmwrk.o(.data)
    _db_dec                                  0x1000001c   Data           4  debug_frmwrk.o(.data)
    _db_dec_16                               0x10000020   Data           4  debug_frmwrk.o(.data)
    _db_dec_32                               0x10000024   Data           4  debug_frmwrk.o(.data)
    _db_hex                                  0x10000028   Data           4  debug_frmwrk.o(.data)
    _db_hex_16                               0x1000002c   Data           4  debug_frmwrk.o(.data)
    _db_hex_32                               0x10000030   Data           4  debug_frmwrk.o(.data)
    _db_hex_                                 0x10000034   Data           4  debug_frmwrk.o(.data)
    _db_hex_16_                              0x10000038   Data           4  debug_frmwrk.o(.data)
    _db_hex_32_                              0x1000003c   Data           4  debug_frmwrk.o(.data)
    _db_get_char                             0x10000040   Data           4  debug_frmwrk.o(.data)
    _db_get_char_nonblocking                 0x10000044   Data           4  debug_frmwrk.o(.data)
    _db_get_val                              0x10000048   Data           4  debug_frmwrk.o(.data)
    GPDMA_LUTPerAddr                         0x10000050   Data         128  lpc177x_8x_gpdma.o(.data)
    pGPDMACh                                 0x100000d0   Data          32  lpc177x_8x_gpdma.o(.data)
    menu                                     0x100000f0   Data         396  dma_flash2ram.o(.data)
    menu2                                    0x1000027c   Data          20  dma_flash2ram.o(.data)
    err_menu                                 0x10000290   Data          19  dma_flash2ram.o(.data)
    compl_menu                               0x100002a3   Data          22  dma_flash2ram.o(.data)
    Channel0_TC                              0x100002bc   Data           4  dma_flash2ram.o(.data)
    Channel0_Err                             0x100002c0   Data           4  dma_flash2ram.o(.data)
    DMADest_Buffer                           0x100002c4   Data          64  dma_flash2ram.o(.bss)
    Stack_Mem                                0x10000308   Data        5120  startup_lpc177x_8x.o(STACK)
    Stack_Limit                              0x10001708   Data           0  startup_lpc177x_8x.o(STACK)
    __initial_sp                             0x10001708   Data           0  startup_lpc177x_8x.o(STACK)



==============================================================================

Memory Map of the image

  Image Entry point : 0x000000e5

  Load Region LR_IROM1 (Base: 0x00000000, Size: 0x00002998, Max: 0x00080000, ABSOLUTE, COMPRESSED[0x00002854])

    Execution Region ER_IROM1 (Base: 0x00000000, Size: 0x000026d4, Max: 0x00080000, ABSOLUTE)

    Base Addr    Size         Type   Attr      Idx    E Section Name        Object

    0x00000000   0x000000e4   Data   RO            3    RESET               startup_lpc177x_8x.o
    0x000000e4   0x00000000   Code   RO          197  * .ARM.Collect$$$$00000000  mc_w.l(entry.o)
    0x000000e4   0x00000004   Code   RO          202    .ARM.Collect$$$$00000001  mc_w.l(entry2.o)
    0x000000e8   0x00000004   Code   RO          205    .ARM.Collect$$$$00000004  mc_w.l(entry5.o)
    0x000000ec   0x00000000   Code   RO          207    .ARM.Collect$$$$00000008  mc_w.l(entry7b.o)
    0x000000ec   0x00000000   Code   RO          209    .ARM.Collect$$$$0000000A  mc_w.l(entry8b.o)
    0x000000ec   0x00000008   Code   RO          210    .ARM.Collect$$$$0000000B  mc_w.l(entry9a.o)
    0x000000f4   0x00000000   Code   RO          212    .ARM.Collect$$$$0000000D  mc_w.l(entry10a.o)
    0x000000f4   0x00000000   Code   RO          214    .ARM.Collect$$$$0000000F  mc_w.l(entry11a.o)
    0x000000f4   0x00000004   Code   RO          203    .ARM.Collect$$$$00002712  mc_w.l(entry2.o)
    0x000000f8   0x0000002c   Code   RO            5    .text               startup_lpc177x_8x.o
    0x00000124   0x0000014c   Code   RO           88    .text               lpc177x_8x_clkpwr.o
    0x00000270   0x00000062   Code   RO          200    .text               mc_w.l(uldiv.o)
    0x000002d2   0x0000001e   Code   RO          216    .text               mc_w.l(llshl.o)
    0x000002f0   0x00000002   Code   RO          225    i.__scatterload_null  mc_w.l(handlers.o)
    0x000002f2   0x0000000a   PAD
    0x000002fc   0x00000004   Code   RO            4    .ARM.__at_0x02FC    startup_lpc177x_8x.o
    0x00000300   0x000003b0   Code   RO           14    .text               system_lpc177x_8x.o
    0x000006b0   0x0000075c   Code   RO           53    .text               debug_frmwrk.o
    0x00000e0c   0x00000380   Code   RO          114    .text               lpc177x_8x_gpdma.o
    0x0000118c   0x00000d84   Code   RO          137    .text               lpc177x_8x_uart.o
    0x00001f10   0x00000450   Code   RO          153    .text               lpc177x_8x_pinsel.o
    0x00002360   0x000001c0   Code   RO          169    .text               dma_flash2ram.o
    0x00002520   0x00000020   Code   RO          218    .text               mc_w.l(llushr.o)
    0x00002540   0x00000024   Code   RO          220    .text               mc_w.l(init.o)
    0x00002564   0x00000056   Code   RO          230    .text               mc_w.l(__dczerorl2.o)
    0x000025ba   0x0000000e   Code   RO          224    i.__scatterload_copy  mc_w.l(handlers.o)
    0x000025c8   0x0000000e   Code   RO          226    i.__scatterload_zeroinit  mc_w.l(handlers.o)
    0x000025d6   0x00000040   Data   RO          115    .constdata          lpc177x_8x_gpdma.o
    0x00002616   0x00000002   PAD
    0x00002618   0x00000040   Data   RO          171    .constdata          dma_flash2ram.o
    0x00002658   0x00000059   Data   RO           54    .conststring        debug_frmwrk.o
    0x000026b1   0x00000003   PAD
    0x000026b4   0x00000020   Data   RO          222    Region$$Table       anon$$obj.o


    Execution Region RW_IRAM1 (Base: 0x10000000, Size: 0x00001708, Max: 0x00010000, ABSOLUTE, COMPRESSED[0x00000180])

    Base Addr    Size         Type   Attr      Idx    E Section Name        Object

    0x10000000   0x00000010   Data   RW           15    .data               system_lpc177x_8x.o
    0x10000010   0x0000003d   Data   RW           55    .data               debug_frmwrk.o
    0x1000004d   0x00000003   PAD
    0x10000050   0x000000a0   Data   RW          116    .data               lpc177x_8x_gpdma.o
    0x100000f0   0x000001d4   Data   RW          172    .data               dma_flash2ram.o
    0x100002c4   0x00000040   Zero   RW          170    .bss                dma_flash2ram.o
    0x10000304   0x00000004   PAD
    0x10000308   0x00001400   Zero   RW            1    STACK               startup_lpc177x_8x.o


==============================================================================

Image component sizes


      Code (inc. data)   RO Data    RW Data    ZI Data      Debug   Object Name

      1884        208         89         61          0      17969   debug_frmwrk.o
       448        104         64        468         64      18381   dma_flash2ram.o
       332         30          0          0          0       1715   lpc177x_8x_clkpwr.o
       896         42         64        160          0       7805   lpc177x_8x_gpdma.o
      1104         18          0          0          0       6238   lpc177x_8x_pinsel.o
      3460        144          0          0          0      11869   lpc177x_8x_uart.o
        48         16        228          0       5120       1372   startup_lpc177x_8x.o
       944         36          0         16          0      28371   system_lpc177x_8x.o

    ----------------------------------------------------------------------
      9116        598        482        708       5188      93720   Object Totals
         0          0         32          0          0          0   (incl. Generated)
         0          0          5          3          4          0   (incl. Padding)

    ----------------------------------------------------------------------

      Code (inc. data)   RO Data    RW Data    ZI Data      Debug   Library Member Name

        86          0          0          0          0          0   __dczerorl2.o
         0          0          0          0          0          0   entry.o
         0          0          0          0          0          0   entry10a.o
         0          0          0          0          0          0   entry11a.o
         8          4          0          0          0          0   entry2.o
         4          0          0          0          0          0   entry5.o
         0          0          0          0          0          0   entry7b.o
         0          0          0          0          0          0   entry8b.o
         8          4          0          0          0          0   entry9a.o
        30          0          0          0          0          0   handlers.o
        36          8          0          0          0         68   init.o
        30          0          0          0          0         68   llshl.o
        32          0          0          0          0         68   llushr.o
        98          0          0          0          0         92   uldiv.o

    ----------------------------------------------------------------------
       342         16          0          0          0        296   Library Totals
        10          0          0          0          0          0   (incl. Padding)

    ----------------------------------------------------------------------

      Code (inc. data)   RO Data    RW Data    ZI Data      Debug   Library Name

       332         16          0          0          0        296   mc_w.l

    ----------------------------------------------------------------------
       342         16          0          0          0        296   Library Totals

    ----------------------------------------------------------------------

==============================================================================


      Code (inc. data)   RO Data    RW Data    ZI Data      Debug   

      9458        614        482        708       5188      93780   Grand Totals
      9458        614        482        384       5188      93780   ELF Image Totals (compressed)
      9458        614        482        384          0          0   ROM Totals

==============================================================================

    Total RO  Size (Code + RO Data)                 9940 (   9.71kB)
    Total RW  Size (RW Data + ZI Data)              5896 (   5.76kB)
    Total ROM Size (Code + RO Data + RW Data)      10324 (  10.08kB)

==============================================================================

