<html>
<body>
<pre>
<h1>µVision Build Log</h1>
<h2>Tool Versions:</h2>
IDE-Version: µVision V5.12.0.0
Copyright (C) 2014 ARM Ltd and ARM Germany GmbH. All rights reserved.
License Information: srk erd, ns_eng, LIC=V85II-THKX5-068QU-SYVJ4-EGB9I-R875W
 
Tool Versions:
Toolchain:       MDK-ARM Professional  Version: 5.12.0.0
Middleware:      RL-ARM Real-Time Library Version V4.13
Toolchain Path:  D:\Keil_v5arm\ARM\ARMCC\Bin
C Compiler:      Armcc.exe V5.05 (build 41)
Assembler:       Armasm.exe V5.05 (build 41)
Linker/Locator:  ArmLink.exe V5.05 (build 41)
Library Manager: ArmAr.exe V5.05 (build 41)
Hex Converter:   FromElf.exe V5.05 (build 41)
CPU DLL:         SARMCM3.DLL V5.12.0.0
Dialog DLL:      DARMP1.DLL V1.25.0.0
Target DLL:      UL2CM3.DLL V1.153.0.0
Dialog DLL:      TARMP1.DLL V1.24.0.0
 
<h2>Project:</h2>
F:\UMD\SW_DESIGN\HY-LPC1788-SDK Example V1.0 Beta version (2012.9.15)\Common\lpc177x.lpc178x.cmsis.driver.library_2012.8.13\Examples\GPIO\GPIO_Interrupt\Keil\Gpio_Interrupt.uvproj
Project File Date:  02/08/2015

<h2>Output:</h2>
Build target 'FLASH'
compiling system_LPC177x_8x.c...
linking...
Program Size: Code=2776 RO-data=300 RW-data=16 ZI-data=5120  
FromELF: creating hex file...
".\Flash\Gpio_Interrupt.axf" - 0 Error(s), 0 Warning(s).
</pre>
</body>
</html>
