Component: ARM Compiler 5.05 (build 41) Tool: armlink [4d0eb9]

==============================================================================

Section Cross References

    startup_lpc177x_8x.o(RESET) refers to startup_lpc177x_8x.o(STACK) for __initial_sp
    startup_lpc177x_8x.o(RESET) refers to startup_lpc177x_8x.o(.text) for Reset_Handler
    startup_lpc177x_8x.o(RESET) refers to dac_dma.o(.text) for DMA_IRQHandler
    startup_lpc177x_8x.o(.text) refers to system_lpc177x_8x.o(.text) for SystemInit
    startup_lpc177x_8x.o(.text) refers to dac_dma.o(.text) for __low_level_init
    startup_lpc177x_8x.o(.text) refers to entry.o(.ARM.Collect$$$$00000000) for __main
    system_lpc177x_8x.o(.text) refers to system_lpc177x_8x.o(.data) for SystemCoreClock
    debug_frmwrk.o(.text) refers to lpc177x_8x_uart.o(.text) for UART_Send
    debug_frmwrk.o(.text) refers to debug_frmwrk.o(.conststring) for .conststring
    debug_frmwrk.o(.text) refers to lpc177x_8x_pinsel.o(.text) for PINSEL_ConfigPin
    debug_frmwrk.o(.text) refers to debug_frmwrk.o(.data) for flag
    lpc177x_8x_dac.o(.text) refers to lpc177x_8x_pinsel.o(.text) for PINSEL_ConfigPin
    lpc177x_8x_gpdma.o(.text) refers to lpc177x_8x_clkpwr.o(.text) for CLKPWR_ConfigPPWR
    lpc177x_8x_gpdma.o(.text) refers to lpc177x_8x_gpdma.o(.data) for pGPDMACh
    lpc177x_8x_gpdma.o(.text) refers to lpc177x_8x_gpdma.o(.constdata) for GPDMA_LUTPerBurst
    lpc177x_8x_clkpwr.o(.text) refers to system_lpc177x_8x.o(.text) for SystemCoreClockUpdate
    lpc177x_8x_clkpwr.o(.text) refers to system_lpc177x_8x.o(.data) for SystemCoreClock
    lpc177x_8x_uart.o(.text) refers to lpc177x_8x_clkpwr.o(.text) for CLKPWR_GetCLK
    lpc177x_8x_uart.o(.text) refers to uldiv.o(.text) for __aeabi_uldivmod
    dac_dma.o(.text) refers to lpc177x_8x_gpdma.o(.text) for GPDMA_IntGetStatus
    dac_dma.o(.text) refers to lpc177x_8x_dac.o(.text) for DAC_Init
    dac_dma.o(.text) refers to dac_dma.o(.data) for Channel0_TC
    dac_dma.o(.text) refers to dac_dma.o(.bss) for GPDMACfg
    entry.o(.ARM.Collect$$$$00000000) refers (Special) to entry10a.o(.ARM.Collect$$$$0000000D) for __rt_final_cpp
    entry.o(.ARM.Collect$$$$00000000) refers (Special) to entry11a.o(.ARM.Collect$$$$0000000F) for __rt_final_exit
    entry.o(.ARM.Collect$$$$00000000) refers (Special) to entry7b.o(.ARM.Collect$$$$00000008) for _main_clock
    entry.o(.ARM.Collect$$$$00000000) refers (Special) to entry8b.o(.ARM.Collect$$$$0000000A) for _main_cpp_init
    entry.o(.ARM.Collect$$$$00000000) refers (Special) to entry9a.o(.ARM.Collect$$$$0000000B) for _main_init
    entry.o(.ARM.Collect$$$$00000000) refers (Special) to entry5.o(.ARM.Collect$$$$00000004) for _main_scatterload
    entry.o(.ARM.Collect$$$$00000000) refers (Special) to entry2.o(.ARM.Collect$$$$00000001) for _main_stk
    uldiv.o(.text) refers to llushr.o(.text) for __aeabi_llsr
    uldiv.o(.text) refers to llshl.o(.text) for __aeabi_llsl
    entry2.o(.ARM.Collect$$$$00000001) refers to entry2.o(.ARM.Collect$$$$00002712) for __lit__00000000
    entry2.o(.ARM.Collect$$$$00002712) refers to startup_lpc177x_8x.o(STACK) for __initial_sp
    entry2.o(__vectab_stack_and_reset_area) refers to startup_lpc177x_8x.o(STACK) for __initial_sp
    entry2.o(__vectab_stack_and_reset_area) refers to entry.o(.ARM.Collect$$$$00000000) for __main
    entry5.o(.ARM.Collect$$$$00000004) refers to init.o(.text) for __scatterload
    entry9a.o(.ARM.Collect$$$$0000000B) refers to dac_dma.o(.text) for main
    entry9b.o(.ARM.Collect$$$$0000000C) refers to dac_dma.o(.text) for main
    init.o(.text) refers to entry5.o(.ARM.Collect$$$$00000004) for __main_after_scatterload


==============================================================================

Removing Unused input sections from the image.

    Removing startup_lpc177x_8x.o(HEAP), (4096 bytes).
    Removing system_lpc177x_8x.o(.emb_text), (8 bytes).
    Removing debug_frmwrk.o(.emb_text), (8 bytes).
    Removing debug_frmwrk.o(.text), (1884 bytes).
    Removing debug_frmwrk.o(.conststring), (89 bytes).
    Removing debug_frmwrk.o(.data), (61 bytes).
    Removing lpc177x_8x_dac.o(.emb_text), (8 bytes).
    Removing lpc177x_8x_gpdma.o(.emb_text), (8 bytes).
    Removing lpc177x_8x_clkpwr.o(.emb_text), (8 bytes).
    Removing lpc177x_8x_clkpwr.o(.data), (4 bytes).
    Removing lpc177x_8x_pinsel.o(.emb_text), (8 bytes).
    Removing lpc177x_8x_uart.o(.emb_text), (8 bytes).
    Removing lpc177x_8x_uart.o(.text), (3460 bytes).
    Removing dac_dma.o(.emb_text), (8 bytes).

14 unused section(s) (total 9658 bytes) removed from the image.

==============================================================================

Image Symbol Table

    Local Symbols

    Symbol Name                              Value     Ov Type        Size  Object(Section)

    RESET                                    0x00000000   Section      228  startup_lpc177x_8x.o(RESET)
    ../clib/microlib/division.c              0x00000000   Number         0  uldiv.o ABSOLUTE
    ../clib/microlib/init/entry.s            0x00000000   Number         0  entry8b.o ABSOLUTE
    ../clib/microlib/init/entry.s            0x00000000   Number         0  entry9a.o ABSOLUTE
    ../clib/microlib/init/entry.s            0x00000000   Number         0  entry9b.o ABSOLUTE
    ../clib/microlib/init/entry.s            0x00000000   Number         0  entry10a.o ABSOLUTE
    ../clib/microlib/init/entry.s            0x00000000   Number         0  entry10b.o ABSOLUTE
    ../clib/microlib/init/entry.s            0x00000000   Number         0  entry11a.o ABSOLUTE
    ../clib/microlib/init/entry.s            0x00000000   Number         0  entry11b.o ABSOLUTE
    ../clib/microlib/init/entry.s            0x00000000   Number         0  entry5.o ABSOLUTE
    ../clib/microlib/init/entry.s            0x00000000   Number         0  entry2.o ABSOLUTE
    ../clib/microlib/init/entry.s            0x00000000   Number         0  entry7a.o ABSOLUTE
    ../clib/microlib/init/entry.s            0x00000000   Number         0  entry7b.o ABSOLUTE
    ../clib/microlib/init/entry.s            0x00000000   Number         0  entry8a.o ABSOLUTE
    ../clib/microlib/init/entry.s            0x00000000   Number         0  entry.o ABSOLUTE
    ../clib/microlib/longlong.c              0x00000000   Number         0  llushr.o ABSOLUTE
    ../clib/microlib/longlong.c              0x00000000   Number         0  llshl.o ABSOLUTE
    ..\..\..\..\Core\Device\NXP\LPC177x_8x\Source\Templates\ARM\startup_LPC177x_8x.s 0x00000000   Number         0  startup_lpc177x_8x.o ABSOLUTE
    ..\..\..\..\Core\Device\NXP\LPC177x_8x\Source\Templates\system_LPC177x_8x.c 0x00000000   Number         0  system_lpc177x_8x.o ABSOLUTE
    ..\..\..\..\Drivers\source\debug_frmwrk.c 0x00000000   Number         0  debug_frmwrk.o ABSOLUTE
    ..\..\..\..\Drivers\source\lpc177x_8x_clkpwr.c 0x00000000   Number         0  lpc177x_8x_clkpwr.o ABSOLUTE
    ..\..\..\..\Drivers\source\lpc177x_8x_dac.c 0x00000000   Number         0  lpc177x_8x_dac.o ABSOLUTE
    ..\..\..\..\Drivers\source\lpc177x_8x_gpdma.c 0x00000000   Number         0  lpc177x_8x_gpdma.o ABSOLUTE
    ..\..\..\..\Drivers\source\lpc177x_8x_pinsel.c 0x00000000   Number         0  lpc177x_8x_pinsel.o ABSOLUTE
    ..\..\..\..\Drivers\source\lpc177x_8x_uart.c 0x00000000   Number         0  lpc177x_8x_uart.o ABSOLUTE
    ..\Dac_Dma.c                             0x00000000   Number         0  dac_dma.o ABSOLUTE
    ..\\..\\..\\..\\Core\\Device\\NXP\\LPC177x_8x\\Source\\Templates\\system_LPC177x_8x.c 0x00000000   Number         0  system_lpc177x_8x.o ABSOLUTE
    ..\\..\\..\\..\\Drivers\\source\\debug_frmwrk.c 0x00000000   Number         0  debug_frmwrk.o ABSOLUTE
    ..\\..\\..\\..\\Drivers\\source\\lpc177x_8x_clkpwr.c 0x00000000   Number         0  lpc177x_8x_clkpwr.o ABSOLUTE
    ..\\..\\..\\..\\Drivers\\source\\lpc177x_8x_dac.c 0x00000000   Number         0  lpc177x_8x_dac.o ABSOLUTE
    ..\\..\\..\\..\\Drivers\\source\\lpc177x_8x_gpdma.c 0x00000000   Number         0  lpc177x_8x_gpdma.o ABSOLUTE
    ..\\..\\..\\..\\Drivers\\source\\lpc177x_8x_pinsel.c 0x00000000   Number         0  lpc177x_8x_pinsel.o ABSOLUTE
    ..\\..\\..\\..\\Drivers\\source\\lpc177x_8x_uart.c 0x00000000   Number         0  lpc177x_8x_uart.o ABSOLUTE
    ..\\Dac_Dma.c                            0x00000000   Number         0  dac_dma.o ABSOLUTE
    dc.s                                     0x00000000   Number         0  dc.o ABSOLUTE
    handlers.s                               0x00000000   Number         0  handlers.o ABSOLUTE
    init.s                                   0x00000000   Number         0  init.o ABSOLUTE
    .ARM.Collect$$$$00000000                 0x000000e4   Section        0  entry.o(.ARM.Collect$$$$00000000)
    .ARM.Collect$$$$00000001                 0x000000e4   Section        4  entry2.o(.ARM.Collect$$$$00000001)
    .ARM.Collect$$$$00000004                 0x000000e8   Section        4  entry5.o(.ARM.Collect$$$$00000004)
    .ARM.Collect$$$$00000008                 0x000000ec   Section        0  entry7b.o(.ARM.Collect$$$$00000008)
    .ARM.Collect$$$$0000000A                 0x000000ec   Section        0  entry8b.o(.ARM.Collect$$$$0000000A)
    .ARM.Collect$$$$0000000B                 0x000000ec   Section        8  entry9a.o(.ARM.Collect$$$$0000000B)
    .ARM.Collect$$$$0000000D                 0x000000f4   Section        0  entry10a.o(.ARM.Collect$$$$0000000D)
    .ARM.Collect$$$$0000000F                 0x000000f4   Section        0  entry11a.o(.ARM.Collect$$$$0000000F)
    .ARM.Collect$$$$00002712                 0x000000f4   Section        4  entry2.o(.ARM.Collect$$$$00002712)
    __lit__00000000                          0x000000f4   Data           4  entry2.o(.ARM.Collect$$$$00002712)
    .text                                    0x000000f8   Section       44  startup_lpc177x_8x.o(.text)
    .text                                    0x00000124   Section        0  lpc177x_8x_dac.o(.text)
    DAC_GetPointer                           0x00000125   Thumb Code     6  lpc177x_8x_dac.o(.text)
    .text                                    0x00000208   Section       36  init.o(.text)
    i.__scatterload_copy                     0x0000022c   Section       14  handlers.o(i.__scatterload_copy)
    i.__scatterload_null                     0x0000023a   Section        2  handlers.o(i.__scatterload_null)
    i.__scatterload_zeroinit                 0x0000023c   Section       14  handlers.o(i.__scatterload_zeroinit)
    .constdata                               0x0000024a   Section       64  lpc177x_8x_gpdma.o(.constdata)
    .ARM.__at_0x02FC                         0x000002fc   Section        4  startup_lpc177x_8x.o(.ARM.__at_0x02FC)
    .text                                    0x00000300   Section        0  system_lpc177x_8x.o(.text)
    .text                                    0x000006b0   Section        0  lpc177x_8x_gpdma.o(.text)
    .text                                    0x00000a30   Section        0  lpc177x_8x_clkpwr.o(.text)
    .text                                    0x00000b7c   Section        0  lpc177x_8x_pinsel.o(.text)
    .text                                    0x00000fcc   Section        0  dac_dma.o(.text)
    .data                                    0x10000000   Section       16  system_lpc177x_8x.o(.data)
    .data                                    0x10000010   Section      160  lpc177x_8x_gpdma.o(.data)
    .data                                    0x100000b0   Section        8  dac_dma.o(.data)
    .bss                                     0x100000b8   Section       36  dac_dma.o(.bss)
    STACK                                    0x100000e0   Section     5120  startup_lpc177x_8x.o(STACK)

    Global Symbols

    Symbol Name                              Value     Ov Type        Size  Object(Section)

    BuildAttributes$$THM_ISAv4$P$D$K$B$S$PE$A:L22UL41UL21$X:L11$S22US41US21$IEEE1$IW$USESV6$~STKCKD$USESV7$~SHL$OSPACE$EBA8$MICROLIB$REQ8$PRES8$EABIv2 0x00000000   Number         0  anon$$obj.o ABSOLUTE
    __ARM_use_no_argv                        0x00000000   Number         0  dac_dma.o ABSOLUTE
    __Vectors                                0x00000000   Data           4  startup_lpc177x_8x.o(RESET)
    __cpp_initialize__aeabi_                  - Undefined Weak Reference
    __cxa_finalize                            - Undefined Weak Reference
    __decompress                              - Undefined Weak Reference
    _clock_init                               - Undefined Weak Reference
    _microlib_exit                            - Undefined Weak Reference
    __main                                   0x000000e5   Thumb Code     0  entry.o(.ARM.Collect$$$$00000000)
    _main_stk                                0x000000e5   Thumb Code     0  entry2.o(.ARM.Collect$$$$00000001)
    _main_scatterload                        0x000000e9   Thumb Code     0  entry5.o(.ARM.Collect$$$$00000004)
    __main_after_scatterload                 0x000000ed   Thumb Code     0  entry5.o(.ARM.Collect$$$$00000004)
    _main_clock                              0x000000ed   Thumb Code     0  entry7b.o(.ARM.Collect$$$$00000008)
    _main_cpp_init                           0x000000ed   Thumb Code     0  entry8b.o(.ARM.Collect$$$$0000000A)
    _main_init                               0x000000ed   Thumb Code     0  entry9a.o(.ARM.Collect$$$$0000000B)
    __rt_final_cpp                           0x000000f5   Thumb Code     0  entry10a.o(.ARM.Collect$$$$0000000D)
    __rt_final_exit                          0x000000f5   Thumb Code     0  entry11a.o(.ARM.Collect$$$$0000000F)
    Reset_Handler                            0x000000f9   Thumb Code    12  startup_lpc177x_8x.o(.text)
    NMI_Handler                              0x00000105   Thumb Code     2  startup_lpc177x_8x.o(.text)
    HardFault_Handler                        0x00000107   Thumb Code     2  startup_lpc177x_8x.o(.text)
    MemManage_Handler                        0x00000109   Thumb Code     2  startup_lpc177x_8x.o(.text)
    BusFault_Handler                         0x0000010b   Thumb Code     2  startup_lpc177x_8x.o(.text)
    UsageFault_Handler                       0x0000010d   Thumb Code     2  startup_lpc177x_8x.o(.text)
    SVC_Handler                              0x0000010f   Thumb Code     2  startup_lpc177x_8x.o(.text)
    DebugMon_Handler                         0x00000111   Thumb Code     2  startup_lpc177x_8x.o(.text)
    PendSV_Handler                           0x00000113   Thumb Code     2  startup_lpc177x_8x.o(.text)
    SysTick_Handler                          0x00000115   Thumb Code     2  startup_lpc177x_8x.o(.text)
    ADC_IRQHandler                           0x00000117   Thumb Code     0  startup_lpc177x_8x.o(.text)
    BOD_IRQHandler                           0x00000117   Thumb Code     0  startup_lpc177x_8x.o(.text)
    CANActivity_IRQHandler                   0x00000117   Thumb Code     0  startup_lpc177x_8x.o(.text)
    CAN_IRQHandler                           0x00000117   Thumb Code     0  startup_lpc177x_8x.o(.text)
    EEPROM_IRQHandler                        0x00000117   Thumb Code     0  startup_lpc177x_8x.o(.text)
    EINT0_IRQHandler                         0x00000117   Thumb Code     0  startup_lpc177x_8x.o(.text)
    EINT1_IRQHandler                         0x00000117   Thumb Code     0  startup_lpc177x_8x.o(.text)
    EINT2_IRQHandler                         0x00000117   Thumb Code     0  startup_lpc177x_8x.o(.text)
    EINT3_IRQHandler                         0x00000117   Thumb Code     0  startup_lpc177x_8x.o(.text)
    ENET_IRQHandler                          0x00000117   Thumb Code     0  startup_lpc177x_8x.o(.text)
    GPIO_IRQHandler                          0x00000117   Thumb Code     0  startup_lpc177x_8x.o(.text)
    I2C0_IRQHandler                          0x00000117   Thumb Code     0  startup_lpc177x_8x.o(.text)
    I2C1_IRQHandler                          0x00000117   Thumb Code     0  startup_lpc177x_8x.o(.text)
    I2C2_IRQHandler                          0x00000117   Thumb Code     0  startup_lpc177x_8x.o(.text)
    I2S_IRQHandler                           0x00000117   Thumb Code     0  startup_lpc177x_8x.o(.text)
    LCD_IRQHandler                           0x00000117   Thumb Code     0  startup_lpc177x_8x.o(.text)
    MCI_IRQHandler                           0x00000117   Thumb Code     0  startup_lpc177x_8x.o(.text)
    MCPWM_IRQHandler                         0x00000117   Thumb Code     0  startup_lpc177x_8x.o(.text)
    PLL0_IRQHandler                          0x00000117   Thumb Code     0  startup_lpc177x_8x.o(.text)
    PLL1_IRQHandler                          0x00000117   Thumb Code     0  startup_lpc177x_8x.o(.text)
    PWM0_IRQHandler                          0x00000117   Thumb Code     0  startup_lpc177x_8x.o(.text)
    PWM1_IRQHandler                          0x00000117   Thumb Code     0  startup_lpc177x_8x.o(.text)
    QEI_IRQHandler                           0x00000117   Thumb Code     0  startup_lpc177x_8x.o(.text)
    RTC_IRQHandler                           0x00000117   Thumb Code     0  startup_lpc177x_8x.o(.text)
    SPIFI_IRQHandler                         0x00000117   Thumb Code     0  startup_lpc177x_8x.o(.text)
    SSP0_IRQHandler                          0x00000117   Thumb Code     0  startup_lpc177x_8x.o(.text)
    SSP1_IRQHandler                          0x00000117   Thumb Code     0  startup_lpc177x_8x.o(.text)
    SSP2_IRQHandler                          0x00000117   Thumb Code     0  startup_lpc177x_8x.o(.text)
    TIMER0_IRQHandler                        0x00000117   Thumb Code     0  startup_lpc177x_8x.o(.text)
    TIMER1_IRQHandler                        0x00000117   Thumb Code     0  startup_lpc177x_8x.o(.text)
    TIMER2_IRQHandler                        0x00000117   Thumb Code     0  startup_lpc177x_8x.o(.text)
    TIMER3_IRQHandler                        0x00000117   Thumb Code     0  startup_lpc177x_8x.o(.text)
    UART0_IRQHandler                         0x00000117   Thumb Code     0  startup_lpc177x_8x.o(.text)
    UART1_IRQHandler                         0x00000117   Thumb Code     0  startup_lpc177x_8x.o(.text)
    UART2_IRQHandler                         0x00000117   Thumb Code     0  startup_lpc177x_8x.o(.text)
    UART3_IRQHandler                         0x00000117   Thumb Code     0  startup_lpc177x_8x.o(.text)
    UART4_IRQHandler                         0x00000117   Thumb Code     0  startup_lpc177x_8x.o(.text)
    USBActivity_IRQHandler                   0x00000117   Thumb Code     0  startup_lpc177x_8x.o(.text)
    USB_IRQHandler                           0x00000117   Thumb Code     0  startup_lpc177x_8x.o(.text)
    WDT_IRQHandler                           0x00000117   Thumb Code     0  startup_lpc177x_8x.o(.text)
    DAC_SetBias                              0x0000012b   Thumb Code    36  lpc177x_8x_dac.o(.text)
    DAC_Init                                 0x0000014f   Thumb Code    44  lpc177x_8x_dac.o(.text)
    DAC_UpdateValue                          0x0000017b   Thumb Code    36  lpc177x_8x_dac.o(.text)
    DAC_ConfigDAConverterControl             0x0000019f   Thumb Code    60  lpc177x_8x_dac.o(.text)
    DAC_SetDMATimeOut                        0x000001db   Thumb Code    20  lpc177x_8x_dac.o(.text)
    DAC_IsIntRequested                       0x000001ef   Thumb Code    20  lpc177x_8x_dac.o(.text)
    __scatterload                            0x00000209   Thumb Code    28  init.o(.text)
    __scatterload_rt2                        0x00000209   Thumb Code     0  init.o(.text)
    __scatterload_copy                       0x0000022d   Thumb Code    14  handlers.o(i.__scatterload_copy)
    __scatterload_null                       0x0000023b   Thumb Code     2  handlers.o(i.__scatterload_null)
    __scatterload_zeroinit                   0x0000023d   Thumb Code    14  handlers.o(i.__scatterload_zeroinit)
    GPDMA_LUTPerBurst                        0x0000024a   Data          32  lpc177x_8x_gpdma.o(.constdata)
    GPDMA_LUTPerWid                          0x0000026a   Data          32  lpc177x_8x_gpdma.o(.constdata)
    Region$$Table$$Base                      0x0000028c   Number         0  anon$$obj.o(Region$$Table)
    Region$$Table$$Limit                     0x000002ac   Number         0  anon$$obj.o(Region$$Table)
    SystemCoreClockUpdate                    0x00000301   Thumb Code   696  system_lpc177x_8x.o(.text)
    SystemInit                               0x000005b9   Thumb Code   212  system_lpc177x_8x.o(.text)
    GPDMA_Init                               0x000006b1   Thumb Code    68  lpc177x_8x_gpdma.o(.text)
    GPDMA_Setup                              0x000006f5   Thumb Code   594  lpc177x_8x_gpdma.o(.text)
    GPDMA_ChannelCmd                         0x00000947   Thumb Code    32  lpc177x_8x_gpdma.o(.text)
    GPDMA_IntGetStatus                       0x00000967   Thumb Code   148  lpc177x_8x_gpdma.o(.text)
    GPDMA_ClearIntPending                    0x000009fb   Thumb Code    26  lpc177x_8x_gpdma.o(.text)
    CLKPWR_SetCLKDiv                         0x00000a31   Thumb Code   152  lpc177x_8x_clkpwr.o(.text)
    CLKPWR_GetCLK                            0x00000ac9   Thumb Code    46  lpc177x_8x_clkpwr.o(.text)
    CLKPWR_ConfigPPWR                        0x00000af7   Thumb Code    38  lpc177x_8x_clkpwr.o(.text)
    CLKPWR_Sleep                             0x00000b1d   Thumb Code    12  lpc177x_8x_clkpwr.o(.text)
    CLKPWR_DeepSleep                         0x00000b29   Thumb Code    18  lpc177x_8x_clkpwr.o(.text)
    CLKPWR_PowerDown                         0x00000b3b   Thumb Code    18  lpc177x_8x_clkpwr.o(.text)
    CLKPWR_DeepPowerDown                     0x00000b4d   Thumb Code    18  lpc177x_8x_clkpwr.o(.text)
    PIN_GetPointer                           0x00000b7d   Thumb Code    18  lpc177x_8x_pinsel.o(.text)
    PINSEL_GetPinType                        0x00000b8f   Thumb Code   164  lpc177x_8x_pinsel.o(.text)
    PINSEL_ConfigPin                         0x00000c33   Thumb Code    66  lpc177x_8x_pinsel.o(.text)
    PINSEL_SetPinMode                        0x00000c75   Thumb Code    82  lpc177x_8x_pinsel.o(.text)
    PINSEL_SetHysMode                        0x00000cc7   Thumb Code    78  lpc177x_8x_pinsel.o(.text)
    PINSEL_SetInvertInput                    0x00000d15   Thumb Code    76  lpc177x_8x_pinsel.o(.text)
    PINSEL_SetSlewMode                       0x00000d61   Thumb Code    78  lpc177x_8x_pinsel.o(.text)
    PINSEL_SetI2CFilter                      0x00000daf   Thumb Code    76  lpc177x_8x_pinsel.o(.text)
    PINSEL_SetI2CMode                        0x00000dfb   Thumb Code   136  lpc177x_8x_pinsel.o(.text)
    PINSEL_SetOpenDrainMode                  0x00000e83   Thumb Code    82  lpc177x_8x_pinsel.o(.text)
    PINSEL_SetAnalogPinMode                  0x00000ed5   Thumb Code    76  lpc177x_8x_pinsel.o(.text)
    PINSEL_DacEnable                         0x00000f21   Thumb Code    88  lpc177x_8x_pinsel.o(.text)
    PINSEL_SetFilter                         0x00000f79   Thumb Code    80  lpc177x_8x_pinsel.o(.text)
    DMA_IRQHandler                           0x00000fcd   Thumb Code    70  dac_dma.o(.text)
    c_entry                                  0x00001013   Thumb Code   248  dac_dma.o(.text)
    main                                     0x0000110b   Thumb Code     4  dac_dma.o(.text)
    __low_level_init                         0x0000110f   Thumb Code     2  dac_dma.o(.text)
    Stack_Size                               0x00001400   Number         0  startup_lpc177x_8x.o ABSOLUTE
    SystemCoreClock                          0x10000000   Data           4  system_lpc177x_8x.o(.data)
    PeripheralClock                          0x10000004   Data           4  system_lpc177x_8x.o(.data)
    EMCClock                                 0x10000008   Data           4  system_lpc177x_8x.o(.data)
    USBClock                                 0x1000000c   Data           4  system_lpc177x_8x.o(.data)
    GPDMA_LUTPerAddr                         0x10000010   Data         128  lpc177x_8x_gpdma.o(.data)
    pGPDMACh                                 0x10000090   Data          32  lpc177x_8x_gpdma.o(.data)
    Channel0_TC                              0x100000b0   Data           4  dac_dma.o(.data)
    Channel0_Err                             0x100000b4   Data           4  dac_dma.o(.data)
    GPDMACfg                                 0x100000b8   Data          36  dac_dma.o(.bss)
    Stack_Mem                                0x100000e0   Data        5120  startup_lpc177x_8x.o(STACK)
    Stack_Limit                              0x100014e0   Data           0  startup_lpc177x_8x.o(STACK)
    __initial_sp                             0x100014e0   Data           0  startup_lpc177x_8x.o(STACK)



==============================================================================

Memory Map of the image

  Image Entry point : 0x000000e5

  Load Region LR_IROM1 (Base: 0x00000000, Size: 0x000011e4, Max: 0x00080000, ABSOLUTE)

    Execution Region ER_IROM1 (Base: 0x00000000, Size: 0x0000112c, Max: 0x00080000, ABSOLUTE)

    Base Addr    Size         Type   Attr      Idx    E Section Name        Object

    0x00000000   0x000000e4   Data   RO            3    RESET               startup_lpc177x_8x.o
    0x000000e4   0x00000000   Code   RO          217  * .ARM.Collect$$$$00000000  mc_w.l(entry.o)
    0x000000e4   0x00000004   Code   RO          222    .ARM.Collect$$$$00000001  mc_w.l(entry2.o)
    0x000000e8   0x00000004   Code   RO          225    .ARM.Collect$$$$00000004  mc_w.l(entry5.o)
    0x000000ec   0x00000000   Code   RO          227    .ARM.Collect$$$$00000008  mc_w.l(entry7b.o)
    0x000000ec   0x00000000   Code   RO          229    .ARM.Collect$$$$0000000A  mc_w.l(entry8b.o)
    0x000000ec   0x00000008   Code   RO          230    .ARM.Collect$$$$0000000B  mc_w.l(entry9a.o)
    0x000000f4   0x00000000   Code   RO          232    .ARM.Collect$$$$0000000D  mc_w.l(entry10a.o)
    0x000000f4   0x00000000   Code   RO          234    .ARM.Collect$$$$0000000F  mc_w.l(entry11a.o)
    0x000000f4   0x00000004   Code   RO          223    .ARM.Collect$$$$00002712  mc_w.l(entry2.o)
    0x000000f8   0x0000002c   Code   RO            5    .text               startup_lpc177x_8x.o
    0x00000124   0x000000e4   Code   RO           94    .text               lpc177x_8x_dac.o
    0x00000208   0x00000024   Code   RO          240    .text               mc_w.l(init.o)
    0x0000022c   0x0000000e   Code   RO          244    i.__scatterload_copy  mc_w.l(handlers.o)
    0x0000023a   0x00000002   Code   RO          245    i.__scatterload_null  mc_w.l(handlers.o)
    0x0000023c   0x0000000e   Code   RO          246    i.__scatterload_zeroinit  mc_w.l(handlers.o)
    0x0000024a   0x00000040   Data   RO          121    .constdata          lpc177x_8x_gpdma.o
    0x0000028a   0x00000002   PAD
    0x0000028c   0x00000020   Data   RO          242    Region$$Table       anon$$obj.o
    0x000002ac   0x00000050   PAD
    0x000002fc   0x00000004   Code   RO            4    .ARM.__at_0x02FC    startup_lpc177x_8x.o
    0x00000300   0x000003b0   Code   RO           14    .text               system_lpc177x_8x.o
    0x000006b0   0x00000380   Code   RO          120    .text               lpc177x_8x_gpdma.o
    0x00000a30   0x0000014c   Code   RO          143    .text               lpc177x_8x_clkpwr.o
    0x00000b7c   0x00000450   Code   RO          162    .text               lpc177x_8x_pinsel.o
    0x00000fcc   0x00000160   Code   RO          194    .text               dac_dma.o


    Execution Region RW_IRAM1 (Base: 0x10000000, Size: 0x000014e0, Max: 0x00010000, ABSOLUTE)

    Base Addr    Size         Type   Attr      Idx    E Section Name        Object

    0x10000000   0x00000010   Data   RW           15    .data               system_lpc177x_8x.o
    0x10000010   0x000000a0   Data   RW          122    .data               lpc177x_8x_gpdma.o
    0x100000b0   0x00000008   Data   RW          196    .data               dac_dma.o
    0x100000b8   0x00000024   Zero   RW          195    .bss                dac_dma.o
    0x100000dc   0x00000004   PAD
    0x100000e0   0x00001400   Zero   RW            1    STACK               startup_lpc177x_8x.o


    Execution Region RW_IRAM2 (Base: 0x20000000, Size: 0x00000000, Max: 0x00008000, ABSOLUTE)

    **** No section assigned to this execution region ****


==============================================================================

Image component sizes


      Code (inc. data)   RO Data    RW Data    ZI Data      Debug   Object Name

       352         28          0          8         36      17558   dac_dma.o
         0          0          0          0          0       3728   debug_frmwrk.o
       332         30          0          0          0       1663   lpc177x_8x_clkpwr.o
       228          6          0          0          0       3509   lpc177x_8x_dac.o
       896         42         64        160          0       7601   lpc177x_8x_gpdma.o
      1104         18          0          0          0       6157   lpc177x_8x_pinsel.o
        48         16        228          0       5120       1268   startup_lpc177x_8x.o
       944         36          0         16          0      28227   system_lpc177x_8x.o

    ----------------------------------------------------------------------
      3904        176        406        184       5160      69711   Object Totals
         0          0         32          0          0          0   (incl. Generated)
         0          0         82          0          4          0   (incl. Padding)

    ----------------------------------------------------------------------

      Code (inc. data)   RO Data    RW Data    ZI Data      Debug   Library Member Name

         0          0          0          0          0          0   entry.o
         0          0          0          0          0          0   entry10a.o
         0          0          0          0          0          0   entry11a.o
         8          4          0          0          0          0   entry2.o
         4          0          0          0          0          0   entry5.o
         0          0          0          0          0          0   entry7b.o
         0          0          0          0          0          0   entry8b.o
         8          4          0          0          0          0   entry9a.o
        30          0          0          0          0          0   handlers.o
        36          8          0          0          0         68   init.o

    ----------------------------------------------------------------------
        86         16          0          0          0         68   Library Totals
         0          0          0          0          0          0   (incl. Padding)

    ----------------------------------------------------------------------

      Code (inc. data)   RO Data    RW Data    ZI Data      Debug   Library Name

        86         16          0          0          0         68   mc_w.l

    ----------------------------------------------------------------------
        86         16          0          0          0         68   Library Totals

    ----------------------------------------------------------------------

==============================================================================


      Code (inc. data)   RO Data    RW Data    ZI Data      Debug   

      3990        192        406        184       5160      69671   Grand Totals
      3990        192        406        184       5160      69671   ELF Image Totals
      3990        192        406        184          0          0   ROM Totals

==============================================================================

    Total RO  Size (Code + RO Data)                 4396 (   4.29kB)
    Total RW  Size (RW Data + ZI Data)              5344 (   5.22kB)
    Total ROM Size (Code + RO Data + RW Data)       4580 (   4.47kB)

==============================================================================

